NOTE from PE     0: MPP_DOMAINS_SET_STACK_SIZE: stack size set to    32768.
 &MPP_IO_NML
 HEADER_BUFFER_VAL       =       16384,
 GLOBAL_FIELD_ON_ROOT_PE = T,
 IO_CLOCKS_ON    = F,
 SHUFFLE =           0,
 DEFLATE_LEVEL   =          -1,
 CF_COMPLIANCE   = F
 /
NOTE from PE     0: MPP_IO_SET_STACK_SIZE: stack size set to     131072.
NOTE from PE     0: MPP_DOMAINS_SET_STACK_SIZE: stack size set to  4000000.
NOTE from PE     0: ======== Model being driven by MOM_driver ========
NOTE from PE     0: callTree: o Program MOM_main, MOM_driver.F90
NOTE from PE     0: open_param_file: MOM_input has been opened successfully.
NOTE from PE     0: open_param_file: MOM_override has been opened successfully.

WARNING from PE     0: MOM_file_parser : DT over-ridden.  Line: 'DT = 75' in file MOM_override.


WARNING from PE     0: MOM_file_parser : DT_THERM over-ridden.  Line: 'DT_THERM = 150' in file MOM_override.


WARNING from PE     0: MOM_file_parser : NIGLOBAL over-ridden.  Line: 'NIGLOBAL = 512' in file MOM_override.


WARNING from PE     0: MOM_file_parser : NJGLOBAL over-ridden.  Line: 'NJGLOBAL = 256' in file MOM_override.

 MOM_in domain decomposition
whalo =    4, ehalo =    4, shalo =    4, nhalo =    4
  X-AXIS =   32  32  32  32  32  32  32  32  32  32  32  32  32  32  32  32
  Y-AXIS =   32  32  32  32  32  32  32  32
 MOM_inc domain decomposition
whalo =    2, ehalo =    2, shalo =    2, nhalo =    2
  X-AXIS =   16  16  16  16  16  16  16  16  16  16  16  16  16  16  16  16
  Y-AXIS =   16  16  16  16  16  16  16  16
NOTE from PE     0: diag_manager_mod::diag_manager_init: diag_manager is using fms2_io
NOTE from PE     0: diag_manager_mod::diag_manager_init: prepend_date only supported when diag_manager_init is called with time_init present.
 MOM_in domain decomposition
whalo =    4, ehalo =    4, shalo =    4, nhalo =    4
  X-AXIS =   32  32  32  32  32  32  32  32  32  32  32  32  32  32  32  32
  Y-AXIS =   32  32  32  32  32  32  32  32
 MOM_in domain decomposition
whalo =    2, ehalo =    2, shalo =    2, nhalo =    2
  X-AXIS =   16  16  16  16  16  16  16  16  16  16  16  16  16  16  16  16
  Y-AXIS =   16  16  16  16  16  16  16  16

WARNING from PE     0: MOM_file_parser : NK over-ridden.  Line: 'NK = 100' in file MOM_override.

 MOM_in domain decomposition
whalo =    4, ehalo =    4, shalo =    4, nhalo =    4
  X-AXIS =   32  32  32  32  32  32  32  32  32  32  32  32  32  32  32  32
  Y-AXIS =   32  32  32  32  32  32  32  32
 MOM_in domain decomposition
whalo =    2, ehalo =    2, shalo =    2, nhalo =    2
  X-AXIS =   16  16  16  16  16  16  16  16  16  16  16  16  16  16  16  16
  Y-AXIS =   16  16  16  16  16  16  16  16

WARNING from PE     0: Open_file is appending .nc to the filename ./ocean_geometry


WARNING from PE     0: MOM_file_parser : COORD_CONFIG over-ridden.  Line: 'COORD_CONFIG = "linear"' in file MOM_override.

 MOM_in domain decomposition
whalo =    4, ehalo =    4, shalo =    4, nhalo =    4
  X-AXIS =   32  32  32  32  32  32  32  32  32  32  32  32  32  32  32  32
  Y-AXIS =   32  32  32  32  32  32  32  32
 MOM_in domain decomposition
whalo =    2, ehalo =    2, shalo =    2, nhalo =    2
  X-AXIS =   16  16  16  16  16  16  16  16  16  16  16  16  16  16  16  16
  Y-AXIS =   16  16  16  16  16  16  16  16
 MOM_in domain decomposition
whalo =    4, ehalo =    4, shalo =    4, nhalo =    4
  X-AXIS =   32  32  32  32  32  32  32  32  32  32  32  32  32  32  32  32
  Y-AXIS =   32  32  32  32  32  32  32  32
 MOM_in domain decomposition
whalo =    2, ehalo =    2, shalo =    2, nhalo =    2
  X-AXIS =   16  16  16  16  16  16  16  16  16  16  16  16  16  16  16  16
  Y-AXIS =   16  16  16  16  16  16  16  16

WARNING from PE     0: ./Depth_list.nc checksums do not match; updating file.


WARNING from PE     0: MOM_file_parser : DT_FORCING over-ridden.  Line: 'DT_FORCING = 150' in file MOM_override.


WARNING from PE     0: MOM_file_parser : DAYMAX over-ridden.  Line: 'DAYMAX = 150' in file MOM_override.


WARNING from PE     0: Unused line in MOM_input : GINT = 0.0098


WARNING from PE     0: open_ASCII_file: File ./CPU_stats opened WRITEONLY already exists!


WARNING from PE     0: open_ASCII_file: File ./ocean.stats opened WRITEONLY already exists!

MOM Time       0.000      0: En 9.167549E-12, MaxCFL  0.00000, Mass 5.286433166925E+18
    Total Energy: 41871BF8A5C2D8CF  4.8463636720140092E+07
    Total Mass:   5.2864331669247314E+18, Change:   0.0000000000000000E+00 Error:  0.00000E+00 ( 0.0E+00)
MOM Time      50.000     50: En 3.628256E-06, MaxCFL  0.00070, Mass 5.286433166925E+18
    Total Energy: 42B171D0E6EDD6D7  1.9180533771734840E+13
    Total Mass:   5.2864331669247314E+18, Change:   3.8542001586687874E+01 Error:  3.85420E+01 ( 7.3E-18)
MOM Time     100.000    100: En 1.302024E-05, MaxCFL  0.00126, Mass 5.286433166925E+18
    Total Energy: 42CF4CEFFF33E55F  6.8830608910282742E+13
    Total Mass:   5.2864331669247314E+18, Change:  -1.6131743553398912E+00 Error: -1.61317E+00 (-3.1E-19)
 MOM_in domain decomposition
whalo =    4, ehalo =    4, shalo =    4, nhalo =    4
  X-AXIS =   32  32  32  32  32  32  32  32  32  32  32  32  32  32  32  32
  Y-AXIS =   32  32  32  32  32  32  32  32
 MOM_in domain decomposition
whalo =    2, ehalo =    2, shalo =    2, nhalo =    2
  X-AXIS =   16  16  16  16  16  16  16  16  16  16  16  16  16  16  16  16
  Y-AXIS =   16  16  16  16  16  16  16  16
 MOM_in domain decomposition
whalo =    4, ehalo =    4, shalo =    4, nhalo =    4
  X-AXIS =   32  32  32  32  32  32  32  32  32  32  32  32  32  32  32  32
  Y-AXIS =   32  32  32  32  32  32  32  32
 MOM_in domain decomposition
whalo =    2, ehalo =    2, shalo =    2, nhalo =    2
  X-AXIS =   16  16  16  16  16  16  16  16  16  16  16  16  16  16  16  16
  Y-AXIS =   16  16  16  16  16  16  16  16
MOM Time     150.000    150: En 2.597818E-05, MaxCFL  0.00165, Mass 5.286433166925E+18
    Total Energy: 42DF39C52ABA152C  1.3733192603451669E+14
    Total Mass:   5.2864331669247314E+18, Change:   3.2047712272670115E-02 Error:  3.20477E-02 ( 6.1E-21)
 MOM_in domain decomposition
whalo =    4, ehalo =    4, shalo =    4, nhalo =    4
  X-AXIS =   32  32  32  32  32  32  32  32  32  32  32  32  32  32  32  32
  Y-AXIS =   32  32  32  32  32  32  32  32
 MOM_in domain decomposition
whalo =    2, ehalo =    2, shalo =    2, nhalo =    2
  X-AXIS =   16  16  16  16  16  16  16  16  16  16  16  16  16  16  16  16
  Y-AXIS =   16  16  16  16  16  16  16  16

WARNING from PE     0: open_ASCII_file: File RESTART/ocean_solo.res opened WRITEONLY already exists!


WARNING from PE     0: open_ASCII_file: File exitcode opened WRITEONLY already exists!

NOTE from PE     0: Potential error in diag_manager_end: u NOT available, check if output interval > runlength. Netcdf fill_values are written
NOTE from PE     0: Potential error in diag_manager_end: v NOT available, check if output interval > runlength. Netcdf fill_values are written
NOTE from PE     0: Potential error in diag_manager_end: h NOT available, check if output interval > runlength. Netcdf fill_values are written
NOTE from PE     0: Potential error in diag_manager_end: e NOT available, check if output interval > runlength. Netcdf fill_values are written
NOTE from PE     0: Potential error in diag_manager_end: u NOT available, check if output interval > runlength. Netcdf fill_values are written
NOTE from PE     0: Potential error in diag_manager_end: v NOT available, check if output interval > runlength. Netcdf fill_values are written
NOTE from PE     0: Potential error in diag_manager_end: h NOT available, check if output interval > runlength. Netcdf fill_values are written
NOTE from PE     0: Potential error in diag_manager_end: e NOT available, check if output interval > runlength. Netcdf fill_values are written
NOTE from PE     0: Potential error in diag_manager_end: uh NOT available, check if output interval > runlength. Netcdf fill_values are written
NOTE from PE     0: Potential error in diag_manager_end: vh NOT available, check if output interval > runlength. Netcdf fill_values are written
 MPP_DOMAINS_STACK high water mark=      275200

Tabulating mpp_clock statistics across    128 PEs...

                                      hits          tmin          tmax          tavg          tstd  tfrac grain pemin pemax
Total runtime                            1     45.945835     45.945839     45.945837      0.000001  1.000     0     0   127
Initialization                           1      0.421066      0.422046      0.421529      0.000254  0.009     0     0   127
Main loop                                1     42.837939     42.838578     42.838126      0.000099  0.932     0     0   127
Termination                              1      2.679156      2.679698      2.679636      0.000054  0.058     0     0   127
Ocean Initialization                     2      0.382273      0.413808      0.395808      0.007701  0.009    11     0   127
Ocean                                   75     40.037725     40.045360     40.042895      0.001628  0.872     1     0   127
Ocean dynamics                         300     37.830420     38.040885     37.953080      0.033843  0.826    11     0   127
Ocean thermodynamics and tracers       225      0.154450      0.213145      0.186503      0.013204  0.004    11     0   127
Ocean grid generation and remapp         0      0.000000      0.000000      0.000000      0.000000  0.000    11     0   127
Ocean Other                            450      1.262155      1.431553      1.339981      0.030831  0.029    11     0   127
(Ocean tracer advection)               150      0.102911      0.143506      0.122290      0.008482  0.003    21     0   127
(Ocean adiabatic driver)                75      0.043751      0.072175      0.064069      0.005773  0.001    21     0   127
(Ocean continuity equation *)            0      0.000000      0.000000      0.000000      0.000000  0.000    31     0   127
(Ocean set BBL viscosity)               75      0.337639      0.543476      0.419847      0.046061  0.009    31     0   127
(Ocean message passing *)              150      0.294171      0.726420      0.422228      0.073073  0.009    31     0   127
(Ocean MOM_initialize_state)             2      0.009803      0.012833      0.011840      0.000702  0.000    31     0   127
(Ocean init message passing *)           2      0.001227      0.005024      0.003336      0.000585  0.000    41     0   127
(Ocean mixed layer restrat)              0      0.000000      0.000000      0.000000      0.000000  0.000    31     0   127
(Ocean collective diagnostics)         375      1.018787      1.221787      1.159777      0.038237  0.025    31     0   127
(Ocean Z-space diagnostics)              0      0.000000      0.000000      0.000000      0.000000  0.000    31     0   127
(Ocean ALE)                              0      0.000000      0.000000      0.000000      0.000000  0.000    31     0   127
(Stochastic EOS)                       150      0.000017      0.000090      0.000034      0.000009  0.000    31     0   127
(SGS Temperature Variance)             150      0.000007      0.000010      0.000008      0.000000  0.000    31     0   127
(Ocean diagnostics framework)          600      1.420417      1.737438      1.634664      0.046929  0.036    31     0   127
(Ocean diagnostics remapping)            0      0.000000      0.000000      0.000000      0.000000  0.000    41     0   127
(Ocean diagnostics grid updates)       526      0.123245      0.193562      0.164313      0.018588  0.004    41     0   127
(Ocean init message passing)             4      0.005207      0.013893      0.009067      0.001406  0.000    41     0   127
(Ocean continuity reconstruction       902      1.176023      1.839385      1.612178      0.112016  0.035    41     0   127
(Ocean continuity update)              902      0.420631      0.987507      0.748967      0.120661  0.016    41     0   127
(Ocean continuity correction)          902      7.030301      9.568160      8.410567      0.609651  0.183    41     0   127
(Ocean BT pre-calcs only)             1200      3.219138      4.405769      3.836213      0.279998  0.083    41     0   127
(Ocean BT pre-step halo updates)      1200      0.237564      4.509564      1.548307      0.878552  0.034    41     0   127
(Ocean BT stepping calcs only)         600      0.060976      0.088574      0.073643      0.006494  0.002    41     0   127
(Ocean BT stepping halo updates)       300      0.015707      0.060265      0.028981      0.009016  0.001    41     0   127
(Ocean BT post-calcs only)             900      0.452133      0.574812      0.511746      0.025607  0.011    41     0   127
(Ocean BT post-step halo updates       600      0.028133      0.094508      0.056758      0.012528  0.001    41     0   127
(Ocean BT global synch)                  0      0.000000      0.000000      0.000000      0.000000  0.000    41     0   127
(Ocean Coriolis & mom advection)       300      1.213158      1.632372      1.437191      0.107674  0.031    31     0   127
(Ocean continuity equation)            450      8.900572     12.083175     10.763002      0.718289  0.234    31     0   127
(Ocean pressure force)                 150      2.636292      3.100146      2.938138      0.096771  0.064    31     0   127
(Ocean vertical viscosity)             450      5.992926      7.324703      6.515204      0.284874  0.142    31     0   127
(Ocean horizontal viscosity)           150      1.119539      1.357715      1.255716      0.059685  0.027    31     0   127
(Ocean momentum increments)            300      1.340299      1.396020      1.367988      0.013194  0.030    31     0   127
(Ocean message passing)               1350      1.699971      3.908983      3.072824      0.315593  0.067    31     0   127
(Ocean barotropic mode calc)           300      0.050756      0.103267      0.085308      0.011248  0.002    31     0   127
(Ocean barotropic mode stepping)       300      4.425661      8.963080      6.061905      0.997809  0.132    31     0   127
(Ocean barotropic forcing calc)        300      0.919182      1.501091      1.285467      0.128748  0.028    31     0   127
(Ocean advect tracer)                    0      0.000000      0.000000      0.000000      0.000000  0.000    31     0   127
(Ocean tracer halo updates)              0      0.000000      0.000000      0.000000      0.000000  0.000    41     0   127
(Ocean tracer global synch)              0      0.000000      0.000000      0.000000      0.000000  0.000    41     0   127
(Ocean diffuse tracer)                   0      0.000000      0.000000      0.000000      0.000000  0.000    31     0   127
(Ocean epipycnal diffuse tracer)         0      0.000000      0.000000      0.000000      0.000000  0.000    31     0   127
(Ocean surface forcing)                 76      0.001264      0.002426      0.001668      0.000145  0.000    31     0   127
(Ocean forcing diagnostics)            150      0.000303      0.001312      0.000660      0.000263  0.000    41     0   127
 MPP_STACK high water mark=           0
