NOTE from PE     0: MPP_DOMAINS_SET_STACK_SIZE: stack size set to    32768.
 &MPP_IO_NML
 HEADER_BUFFER_VAL       =       16384,
 GLOBAL_FIELD_ON_ROOT_PE = T,
 IO_CLOCKS_ON    = F,
 SHUFFLE =           0,
 DEFLATE_LEVEL   =          -1,
 CF_COMPLIANCE   = F
 /
NOTE from PE     0: MPP_IO_SET_STACK_SIZE: stack size set to     131072.
NOTE from PE     0: MPP_DOMAINS_SET_STACK_SIZE: stack size set to  4000000.
NOTE from PE     0: ======== Model being driven by MOM_driver ========
NOTE from PE     0: callTree: o Program MOM_main, MOM_driver.F90
NOTE from PE     0: open_param_file: MOM_input has been opened successfully.
NOTE from PE     0: open_param_file: MOM_override has been opened successfully.

WARNING from PE     0: MOM_file_parser : DT over-ridden.  Line: 'DT = 75' in file MOM_override.


WARNING from PE     0: MOM_file_parser : DT_THERM over-ridden.  Line: 'DT_THERM = 150' in file MOM_override.


WARNING from PE     0: MOM_file_parser : NIGLOBAL over-ridden.  Line: 'NIGLOBAL = 512' in file MOM_override.


WARNING from PE     0: MOM_file_parser : NJGLOBAL over-ridden.  Line: 'NJGLOBAL = 512' in file MOM_override.

 MOM_in domain decomposition
whalo =    4, ehalo =    4, shalo =    4, nhalo =    4
  X-AXIS =   32  32  32  32  32  32  32  32  32  32  32  32  32  32  32  32
  Y-AXIS =   64  64  64  64  64  64  64  64
 MOM_inc domain decomposition
whalo =    2, ehalo =    2, shalo =    2, nhalo =    2
  X-AXIS =   16  16  16  16  16  16  16  16  16  16  16  16  16  16  16  16
  Y-AXIS =   32  32  32  32  32  32  32  32
NOTE from PE     0: diag_manager_mod::diag_manager_init: diag_manager is using fms2_io
NOTE from PE     0: diag_manager_mod::diag_manager_init: prepend_date only supported when diag_manager_init is called with time_init present.
 MOM_in domain decomposition
whalo =    4, ehalo =    4, shalo =    4, nhalo =    4
  X-AXIS =   32  32  32  32  32  32  32  32  32  32  32  32  32  32  32  32
  Y-AXIS =   64  64  64  64  64  64  64  64
 MOM_in domain decomposition
whalo =    2, ehalo =    2, shalo =    2, nhalo =    2
  X-AXIS =   16  16  16  16  16  16  16  16  16  16  16  16  16  16  16  16
  Y-AXIS =   32  32  32  32  32  32  32  32

WARNING from PE     0: MOM_file_parser : NK over-ridden.  Line: 'NK = 100' in file MOM_override.

 MOM_in domain decomposition
whalo =    4, ehalo =    4, shalo =    4, nhalo =    4
  X-AXIS =   32  32  32  32  32  32  32  32  32  32  32  32  32  32  32  32
  Y-AXIS =   64  64  64  64  64  64  64  64
 MOM_in domain decomposition
whalo =    2, ehalo =    2, shalo =    2, nhalo =    2
  X-AXIS =   16  16  16  16  16  16  16  16  16  16  16  16  16  16  16  16
  Y-AXIS =   32  32  32  32  32  32  32  32

WARNING from PE     0: Open_file is appending .nc to the filename ./ocean_geometry


WARNING from PE     0: MOM_file_parser : COORD_CONFIG over-ridden.  Line: 'COORD_CONFIG = "linear"' in file MOM_override.

 MOM_in domain decomposition
whalo =    4, ehalo =    4, shalo =    4, nhalo =    4
  X-AXIS =   32  32  32  32  32  32  32  32  32  32  32  32  32  32  32  32
  Y-AXIS =   64  64  64  64  64  64  64  64
 MOM_in domain decomposition
whalo =    2, ehalo =    2, shalo =    2, nhalo =    2
  X-AXIS =   16  16  16  16  16  16  16  16  16  16  16  16  16  16  16  16
  Y-AXIS =   32  32  32  32  32  32  32  32
 MOM_in domain decomposition
whalo =    4, ehalo =    4, shalo =    4, nhalo =    4
  X-AXIS =   32  32  32  32  32  32  32  32  32  32  32  32  32  32  32  32
  Y-AXIS =   64  64  64  64  64  64  64  64
 MOM_in domain decomposition
whalo =    2, ehalo =    2, shalo =    2, nhalo =    2
  X-AXIS =   16  16  16  16  16  16  16  16  16  16  16  16  16  16  16  16
  Y-AXIS =   32  32  32  32  32  32  32  32

WARNING from PE     0: ./Depth_list.nc checksums do not match; updating file.


WARNING from PE     0: MOM_file_parser : DT_FORCING over-ridden.  Line: 'DT_FORCING = 150' in file MOM_override.


WARNING from PE     0: MOM_file_parser : DAYMAX over-ridden.  Line: 'DAYMAX = 150' in file MOM_override.


WARNING from PE     0: Unused line in MOM_input : GINT = 0.0098


WARNING from PE     0: open_ASCII_file: File ./CPU_stats opened WRITEONLY already exists!


WARNING from PE     0: open_ASCII_file: File ./ocean.stats opened WRITEONLY already exists!

MOM Time       0.000      0: En 9.167783E-12, MaxCFL  0.00000, Mass 5.286420478077E+18
    Total Energy: 41871C1BAD58F240  4.8464757668430805E+07
    Total Mass:   5.2864204780768635E+18, Change:   0.0000000000000000E+00 Error:  0.00000E+00 ( 0.0E+00)
MOM Time      50.000     50: En 3.628263E-06, MaxCFL  0.00070, Mass 5.286420478077E+18
    Total Energy: 42B171D0738888E9  1.9180526209160910E+13
    Total Mass:   5.2864204780768635E+18, Change:   7.1780468352983942E+00 Error:  7.17805E+00 ( 1.4E-18)
MOM Time     100.000    100: En 1.302025E-05, MaxCFL  0.00126, Mass 5.286420478077E+18
    Total Energy: 42CF4CECC79D4AE5  6.8830500960917789E+13
    Total Mass:   5.2864204780768635E+18, Change:  -2.1363446711552134E+00 Error: -2.13634E+00 (-4.0E-19)
 MOM_in domain decomposition
whalo =    4, ehalo =    4, shalo =    4, nhalo =    4
  X-AXIS =   32  32  32  32  32  32  32  32  32  32  32  32  32  32  32  32
  Y-AXIS =   64  64  64  64  64  64  64  64
 MOM_in domain decomposition
whalo =    2, ehalo =    2, shalo =    2, nhalo =    2
  X-AXIS =   16  16  16  16  16  16  16  16  16  16  16  16  16  16  16  16
  Y-AXIS =   32  32  32  32  32  32  32  32
 MOM_in domain decomposition
whalo =    4, ehalo =    4, shalo =    4, nhalo =    4
  X-AXIS =   32  32  32  32  32  32  32  32  32  32  32  32  32  32  32  32
  Y-AXIS =   64  64  64  64  64  64  64  64
 MOM_in domain decomposition
whalo =    2, ehalo =    2, shalo =    2, nhalo =    2
  X-AXIS =   16  16  16  16  16  16  16  16  16  16  16  16  16  16  16  16
  Y-AXIS =   32  32  32  32  32  32  32  32
MOM Time     150.000    150: En 2.597815E-05, MaxCFL  0.00165, Mass 5.286420478077E+18
    Total Energy: 42DF39BDF15585F6  1.3733144122728784E+14
    Total Mass:   5.2864204780768635E+18, Change:   9.7919776764202382E-02 Error:  9.79198E-02 ( 1.9E-20)
 MOM_in domain decomposition
whalo =    4, ehalo =    4, shalo =    4, nhalo =    4
  X-AXIS =   32  32  32  32  32  32  32  32  32  32  32  32  32  32  32  32
  Y-AXIS =   64  64  64  64  64  64  64  64
 MOM_in domain decomposition
whalo =    2, ehalo =    2, shalo =    2, nhalo =    2
  X-AXIS =   16  16  16  16  16  16  16  16  16  16  16  16  16  16  16  16
  Y-AXIS =   32  32  32  32  32  32  32  32

WARNING from PE     0: open_ASCII_file: File RESTART/ocean_solo.res opened WRITEONLY already exists!


WARNING from PE     0: open_ASCII_file: File exitcode opened WRITEONLY already exists!

NOTE from PE     0: Potential error in diag_manager_end: u NOT available, check if output interval > runlength. Netcdf fill_values are written
NOTE from PE     0: Potential error in diag_manager_end: v NOT available, check if output interval > runlength. Netcdf fill_values are written
NOTE from PE     0: Potential error in diag_manager_end: h NOT available, check if output interval > runlength. Netcdf fill_values are written
NOTE from PE     0: Potential error in diag_manager_end: e NOT available, check if output interval > runlength. Netcdf fill_values are written
NOTE from PE     0: Potential error in diag_manager_end: u NOT available, check if output interval > runlength. Netcdf fill_values are written
NOTE from PE     0: Potential error in diag_manager_end: v NOT available, check if output interval > runlength. Netcdf fill_values are written
NOTE from PE     0: Potential error in diag_manager_end: h NOT available, check if output interval > runlength. Netcdf fill_values are written
NOTE from PE     0: Potential error in diag_manager_end: e NOT available, check if output interval > runlength. Netcdf fill_values are written
NOTE from PE     0: Potential error in diag_manager_end: uh NOT available, check if output interval > runlength. Netcdf fill_values are written
NOTE from PE     0: Potential error in diag_manager_end: vh NOT available, check if output interval > runlength. Netcdf fill_values are written
 MPP_DOMAINS_STACK high water mark=      403200

Tabulating mpp_clock statistics across    128 PEs...

                                      hits          tmin          tmax          tavg          tstd  tfrac grain pemin pemax
Total runtime                            1     94.044341     94.044348     94.044343      0.000002  1.000     0     0   127
Initialization                           1      0.596393      0.597327      0.596793      0.000208  0.006     0     0   127
Main loop                                1     87.686555     87.687233     87.686771      0.000107  0.932     0     0   127
Termination                              1      5.753733      5.754342      5.754274      0.000059  0.061     0     0   127
Ocean Initialization                     2      0.568069      0.600867      0.581022      0.007643  0.006    11     0   127
Ocean                                   75     81.699237     81.728759     81.718441      0.006400  0.869     1     0   127
Ocean dynamics                         300     76.755700     77.304830     77.069949      0.084970  0.820    11     0   127
Ocean thermodynamics and tracers       225      0.223785      0.431023      0.362334      0.048340  0.004    11     0   127
Ocean grid generation and remapp         0      0.000000      0.000000      0.000000      0.000000  0.000    11     0   127
Ocean Other                            450      3.111366      3.429216      3.259913      0.064561  0.035    11     0   127
(Ocean tracer advection)               150      0.155770      0.282034      0.232909      0.029109  0.002    21     0   127
(Ocean adiabatic driver)                75      0.067909      0.154080      0.129231      0.021408  0.001    21     0   127
(Ocean continuity equation *)            0      0.000000      0.000000      0.000000      0.000000  0.000    31     0   127
(Ocean set BBL viscosity)               75      0.700777      1.107667      0.865173      0.097843  0.009    31     0   127
(Ocean message passing *)              150      0.558069      1.616061      0.770136      0.205710  0.008    31     0   127
(Ocean MOM_initialize_state)             2      0.015866      0.021367      0.019567      0.001242  0.000    31     0   127
(Ocean init message passing *)           2      0.002590      0.007274      0.005759      0.000928  0.000    41     0   127
(Ocean mixed layer restrat)              0      0.000000      0.000000      0.000000      0.000000  0.000    31     0   127
(Ocean collective diagnostics)         375      2.499307      3.015631      2.867924      0.103866  0.030    31     0   127
(Ocean Z-space diagnostics)              0      0.000000      0.000000      0.000000      0.000000  0.000    31     0   127
(Ocean ALE)                              0      0.000000      0.000000      0.000000      0.000000  0.000    31     0   127
(Stochastic EOS)                       150      0.000030      0.000115      0.000052      0.000011  0.000    31     0   127
(SGS Temperature Variance)             150      0.000008      0.000014      0.000009      0.000001  0.000    31     0   127
(Ocean diagnostics framework)          600      3.414041      4.247382      4.096932      0.142683  0.044    31     0   127
(Ocean diagnostics remapping)            0      0.000000      0.000000      0.000000      0.000000  0.000    41     0   127
(Ocean diagnostics grid updates)       526      0.221450      0.389529      0.311860      0.049385  0.003    41     0   127
(Ocean init message passing)             4      0.007618      0.020145      0.015344      0.002066  0.000    41     0   127
(Ocean continuity reconstruction       902      2.567833      3.928319      3.431078      0.289963  0.036    41     0   127
(Ocean continuity update)              902      0.813803      2.292973      1.759377      0.307757  0.019    41     0   127
(Ocean continuity correction)          902     13.790147     18.312714     16.343387      1.034093  0.174    41     0   127
(Ocean BT pre-calcs only)             1200      7.069723      9.149546      8.097689      0.556383  0.086    41     0   127
(Ocean BT pre-step halo updates)      1200      0.269495      9.335355      2.964486      1.925305  0.032    41     0   127
(Ocean BT stepping calcs only)         600      0.090501      0.195887      0.137857      0.027020  0.001    41     0   127
(Ocean BT stepping halo updates)       300      0.017224      0.156537      0.052794      0.032332  0.001    41     0   127
(Ocean BT post-calcs only)             900      1.042170      1.662943      1.410794      0.148906  0.015    41     0   127
(Ocean BT post-step halo updates       600      0.049793      0.278791      0.123089      0.055265  0.001    41     0   127
(Ocean BT global synch)                  0      0.000000      0.000000      0.000000      0.000000  0.000    41     0   127
(Ocean Coriolis & mom advection)       300      2.269680      3.099545      2.691230      0.194121  0.029    31     0   127
(Ocean continuity equation)            450     17.521000     23.765586     21.510034      1.413853  0.229    31     0   127
(Ocean pressure force)                 150      5.024132      6.242776      5.915255      0.210282  0.063    31     0   127
(Ocean vertical viscosity)             450     12.692798     15.569226     13.968907      0.680695  0.149    31     0   127
(Ocean horizontal viscosity)           150      2.077821      2.432293      2.310864      0.083868  0.025    31     0   127
(Ocean momentum increments)            300      2.522833      2.677579      2.605419      0.041181  0.028    31     0   127
(Ocean message passing)               1350      3.796709      8.017274      6.162339      0.639680  0.066    31     0   127
(Ocean barotropic mode calc)           300      0.105589      0.272292      0.211693      0.038511  0.002    31     0   127
(Ocean barotropic mode stepping)       300      9.706486     18.838992     12.797697      2.166206  0.136    31     0   127
(Ocean barotropic forcing calc)        300      1.769507      2.932703      2.492023      0.287462  0.026    31     0   127
(Ocean advect tracer)                    0      0.000000      0.000000      0.000000      0.000000  0.000    31     0   127
(Ocean tracer halo updates)              0      0.000000      0.000000      0.000000      0.000000  0.000    41     0   127
(Ocean tracer global synch)              0      0.000000      0.000000      0.000000      0.000000  0.000    41     0   127
(Ocean diffuse tracer)                   0      0.000000      0.000000      0.000000      0.000000  0.000    31     0   127
(Ocean epipycnal diffuse tracer)         0      0.000000      0.000000      0.000000      0.000000  0.000    31     0   127
(Ocean surface forcing)                 76      0.001374      0.002457      0.001725      0.000144  0.000    31     0   127
(Ocean forcing diagnostics)            150      0.000255      0.001353      0.000579      0.000247  0.000    41     0   127
 MPP_STACK high water mark=           0
