NOTE from PE     0: MPP_DOMAINS_SET_STACK_SIZE: stack size set to    32768.
 &MPP_IO_NML
 HEADER_BUFFER_VAL       =       16384,
 GLOBAL_FIELD_ON_ROOT_PE = T,
 IO_CLOCKS_ON    = F,
 SHUFFLE =           0,
 DEFLATE_LEVEL   =          -1,
 CF_COMPLIANCE   = F
 /
NOTE from PE     0: MPP_IO_SET_STACK_SIZE: stack size set to     131072.
NOTE from PE     0: MPP_DOMAINS_SET_STACK_SIZE: stack size set to  4000000.
NOTE from PE     0: ======== Model being driven by MOM_driver ========
NOTE from PE     0: callTree: o Program MOM_main, MOM_driver.F90
NOTE from PE     0: open_param_file: MOM_input has been opened successfully.
NOTE from PE     0: open_param_file: MOM_override has been opened successfully.

WARNING from PE     0: MOM_file_parser : DT over-ridden.  Line: 'DT = 300' in file MOM_override.


WARNING from PE     0: MOM_file_parser : DT_THERM over-ridden.  Line: 'DT_THERM = 600' in file MOM_override.


WARNING from PE     0: MOM_file_parser : NIGLOBAL over-ridden.  Line: 'NIGLOBAL = 128' in file MOM_override.


WARNING from PE     0: MOM_file_parser : NJGLOBAL over-ridden.  Line: 'NJGLOBAL = 64' in file MOM_override.

 MOM_in domain decomposition
whalo =    4, ehalo =    4, shalo =    4, nhalo =    4
  X-AXIS =   32  32  32  32
  Y-AXIS =   32  32
 MOM_inc domain decomposition
whalo =    2, ehalo =    2, shalo =    2, nhalo =    2
  X-AXIS =   16  16  16  16
  Y-AXIS =   16  16
NOTE from PE     0: diag_manager_mod::diag_manager_init: diag_manager is using fms2_io
NOTE from PE     0: diag_manager_mod::diag_manager_init: prepend_date only supported when diag_manager_init is called with time_init present.
 MOM_in domain decomposition
whalo =    4, ehalo =    4, shalo =    4, nhalo =    4
  X-AXIS =   32  32  32  32
  Y-AXIS =   32  32
 MOM_in domain decomposition
whalo =    2, ehalo =    2, shalo =    2, nhalo =    2
  X-AXIS =   16  16  16  16
  Y-AXIS =   16  16

WARNING from PE     0: MOM_file_parser : NK over-ridden.  Line: 'NK = 100' in file MOM_override.

 MOM_in domain decomposition
whalo =    4, ehalo =    4, shalo =    4, nhalo =    4
  X-AXIS =   32  32  32  32
  Y-AXIS =   32  32
 MOM_in domain decomposition
whalo =    2, ehalo =    2, shalo =    2, nhalo =    2
  X-AXIS =   16  16  16  16
  Y-AXIS =   16  16

WARNING from PE     0: Open_file is appending .nc to the filename ./ocean_geometry


WARNING from PE     0: MOM_file_parser : COORD_CONFIG over-ridden.  Line: 'COORD_CONFIG = "linear"' in file MOM_override.

 MOM_in domain decomposition
whalo =    4, ehalo =    4, shalo =    4, nhalo =    4
  X-AXIS =   32  32  32  32
  Y-AXIS =   32  32
 MOM_in domain decomposition
whalo =    2, ehalo =    2, shalo =    2, nhalo =    2
  X-AXIS =   16  16  16  16
  Y-AXIS =   16  16
 MOM_in domain decomposition
whalo =    4, ehalo =    4, shalo =    4, nhalo =    4
  X-AXIS =   32  32  32  32
  Y-AXIS =   32  32
 MOM_in domain decomposition
whalo =    2, ehalo =    2, shalo =    2, nhalo =    2
  X-AXIS =   16  16  16  16
  Y-AXIS =   16  16

WARNING from PE     0: ./Depth_list.nc checksums do not match; updating file.


WARNING from PE     0: MOM_file_parser : DT_FORCING over-ridden.  Line: 'DT_FORCING = 600' in file MOM_override.


WARNING from PE     0: MOM_file_parser : DAYMAX over-ridden.  Line: 'DAYMAX = 150' in file MOM_override.


WARNING from PE     0: Unused line in MOM_input : GINT = 0.0098


WARNING from PE     0: open_ASCII_file: File ./CPU_stats opened WRITEONLY already exists!


WARNING from PE     0: open_ASCII_file: File ./ocean.stats opened WRITEONLY already exists!

MOM Time       0.000      0: En 9.160879E-12, MaxCFL  0.00000, Mass 5.286809263738E+18
    Total Energy: 418718166E5EEB78  4.8431821796347558E+07
    Total Mass:   5.2868092637381335E+18, Change:   0.0000000000000000E+00 Error:  0.00000E+00 ( 0.0E+00)
MOM Time      50.000     50: En 4.018446E-05, MaxCFL  0.00184, Mass 5.286809263738E+18
    Total Energy: 42E82709D4BFD8A2  2.1244758183085306E+14
    Total Mass:   5.2868092637381345E+18, Change:   2.2713983681277128E+01 Error:  2.27140E+01 ( 4.3E-18)
MOM Time     100.000    100: En 8.025215E-05, MaxCFL  0.00128, Mass 5.286809263738E+18
    Total Energy: 42F81E0E08A01F30  4.2427781650891500E+14
    Total Mass:   5.2868092637381345E+18, Change:  -3.5439539931495290E-01 Error: -3.54395E-01 (-6.7E-20)
 MOM_in domain decomposition
whalo =    4, ehalo =    4, shalo =    4, nhalo =    4
  X-AXIS =   32  32  32  32
  Y-AXIS =   32  32
 MOM_in domain decomposition
whalo =    2, ehalo =    2, shalo =    2, nhalo =    2
  X-AXIS =   16  16  16  16
  Y-AXIS =   16  16
 MOM_in domain decomposition
whalo =    4, ehalo =    4, shalo =    4, nhalo =    4
  X-AXIS =   32  32  32  32
  Y-AXIS =   32  32
 MOM_in domain decomposition
whalo =    2, ehalo =    2, shalo =    2, nhalo =    2
  X-AXIS =   16  16  16  16
  Y-AXIS =   16  16
MOM Time     150.000    150: En 6.205042E-05, MaxCFL  0.00121, Mass 5.286809263738E+18
    Total Energy: 42F2A5BCDCC8BF43  3.2804875983563619E+14
    Total Mass:   5.2868092637381335E+18, Change:  -7.4420766284204376E-01 Error: -7.44208E-01 (-1.4E-19)
 MOM_in domain decomposition
whalo =    4, ehalo =    4, shalo =    4, nhalo =    4
  X-AXIS =   32  32  32  32
  Y-AXIS =   32  32
 MOM_in domain decomposition
whalo =    2, ehalo =    2, shalo =    2, nhalo =    2
  X-AXIS =   16  16  16  16
  Y-AXIS =   16  16

WARNING from PE     0: open_ASCII_file: File RESTART/ocean_solo.res opened WRITEONLY already exists!


WARNING from PE     0: open_ASCII_file: File exitcode opened WRITEONLY already exists!

NOTE from PE     0: Potential error in diag_manager_end: u NOT available, check if output interval > runlength. Netcdf fill_values are written
NOTE from PE     0: Potential error in diag_manager_end: v NOT available, check if output interval > runlength. Netcdf fill_values are written
NOTE from PE     0: Potential error in diag_manager_end: h NOT available, check if output interval > runlength. Netcdf fill_values are written
NOTE from PE     0: Potential error in diag_manager_end: e NOT available, check if output interval > runlength. Netcdf fill_values are written
NOTE from PE     0: Potential error in diag_manager_end: u NOT available, check if output interval > runlength. Netcdf fill_values are written
NOTE from PE     0: Potential error in diag_manager_end: v NOT available, check if output interval > runlength. Netcdf fill_values are written
NOTE from PE     0: Potential error in diag_manager_end: h NOT available, check if output interval > runlength. Netcdf fill_values are written
NOTE from PE     0: Potential error in diag_manager_end: e NOT available, check if output interval > runlength. Netcdf fill_values are written
NOTE from PE     0: Potential error in diag_manager_end: uh NOT available, check if output interval > runlength. Netcdf fill_values are written
NOTE from PE     0: Potential error in diag_manager_end: vh NOT available, check if output interval > runlength. Netcdf fill_values are written
 MPP_DOMAINS_STACK high water mark=      202400

Tabulating mpp_clock statistics across      8 PEs...

                                      hits          tmin          tmax          tavg          tstd  tfrac grain pemin pemax
Total runtime                            1     13.566236     13.566236     13.566236      0.000000  1.000     0     0     7
Initialization                           1      0.174315      0.174691      0.174606      0.000112  0.013     0     0     7
Main loop                                1     13.187195     13.187264     13.187247      0.000021  0.972     0     0     7
Termination                              1      0.200959      0.201100      0.201074      0.000044  0.015     0     0     7
Ocean Initialization                     2      0.170729      0.172997      0.171284      0.000670  0.013    11     0     7
Ocean                                   75     12.988799     12.989645     12.989206      0.000276  0.957     1     0     7
Ocean dynamics                         300     12.605987     12.617962     12.611925      0.004871  0.930    11     0     7
Ocean thermodynamics and tracers       225      0.019840      0.020994      0.020522      0.000305  0.002    11     0     7
Ocean grid generation and remapp         0      0.000000      0.000000      0.000000      0.000000  0.000    11     0     7
Ocean Other                            450      0.266969      0.279783      0.273582      0.004640  0.020    11     0     7
(Ocean tracer advection)               150      0.013444      0.014325      0.014018      0.000255  0.001    21     0     7
(Ocean adiabatic driver)                75      0.006301      0.006621      0.006449      0.000112  0.000    21     0     7
(Ocean continuity equation *)            0      0.000000      0.000000      0.000000      0.000000  0.000    31     0     7
(Ocean set BBL viscosity)               75      0.183973      0.215909      0.202154      0.010726  0.015    31     0     7
(Ocean message passing *)              150      0.059671      0.072039      0.065426      0.004195  0.005    31     0     7
(Ocean MOM_initialize_state)             2      0.004701      0.006574      0.005138      0.000560  0.000    31     0     7
(Ocean init message passing *)           2      0.000735      0.001119      0.000971      0.000141  0.000    41     0     7
(Ocean mixed layer restrat)              0      0.000000      0.000000      0.000000      0.000000  0.000    31     0     7
(Ocean collective diagnostics)         375      0.206826      0.209618      0.208333      0.001008  0.015    31     0     7
(Ocean Z-space diagnostics)              0      0.000000      0.000000      0.000000      0.000000  0.000    31     0     7
(Ocean ALE)                              0      0.000000      0.000000      0.000000      0.000000  0.000    31     0     7
(Stochastic EOS)                       150      0.000010      0.000011      0.000010      0.000000  0.000    31     0     7
(SGS Temperature Variance)             150      0.000007      0.000008      0.000008      0.000000  0.000    31     0     7
(Ocean diagnostics framework)          600      0.321374      0.324821      0.323614      0.001212  0.024    31     0     7
(Ocean diagnostics remapping)            0      0.000000      0.000000      0.000000      0.000000  0.000    41     0     7
(Ocean diagnostics grid updates)       526      0.019694      0.020650      0.020141      0.000315  0.001    41     0     7
(Ocean init message passing)             4      0.001498      0.003310      0.002381      0.000802  0.000    41     0     7
(Ocean continuity reconstruction       902      0.491151      0.507793      0.502195      0.005742  0.037    41     0     7
(Ocean continuity update)              902      0.063548      0.067537      0.065847      0.001137  0.005    41     0     7
(Ocean continuity correction)          902      3.752694      4.013230      3.875807      0.081910  0.286    41     0     7
(Ocean BT pre-calcs only)             1200      1.212843      1.292056      1.265029      0.026075  0.093    41     0     7
(Ocean BT pre-step halo updates)      1200      0.087106      0.147863      0.122457      0.023373  0.009    41     0     7
(Ocean BT stepping calcs only)         600      0.033110      0.039247      0.036045      0.002461  0.003    41     0     7
(Ocean BT stepping halo updates)       300      0.004587      0.007122      0.005443      0.000768  0.000    41     0     7
(Ocean BT post-calcs only)             900      0.197861      0.202880      0.201020      0.001440  0.015    41     0     7
(Ocean BT post-step halo updates       600      0.010660      0.015664      0.013232      0.001988  0.001    41     0     7
(Ocean BT global synch)                  0      0.000000      0.000000      0.000000      0.000000  0.000    41     0     7
(Ocean Coriolis & mom advection)       300      0.476436      0.481081      0.477707      0.001435  0.035    31     0     7
(Ocean continuity equation)            450      4.312425      4.575637      4.442694      0.081837  0.327    31     0     7
(Ocean pressure force)                 150      0.194248      0.200376      0.197199      0.001904  0.015    31     0     7
(Ocean vertical viscosity)             450      3.351441      3.471494      3.404879      0.041180  0.251    31     0     7
(Ocean horizontal viscosity)           150      0.889417      0.901071      0.892054      0.003653  0.066    31     0     7
(Ocean momentum increments)            300      0.195757      0.198615      0.197161      0.000964  0.015    31     0     7
(Ocean message passing)               1350      0.426689      0.699564      0.539193      0.087701  0.040    31     0     7
(Ocean barotropic mode calc)           300      0.012162      0.013083      0.012792      0.000298  0.001    31     0     7
(Ocean barotropic mode stepping)       300      1.620770      1.676768      1.645794      0.019822  0.121    31     0     7
(Ocean barotropic forcing calc)        300      0.147493      0.152456      0.150033      0.001486  0.011    31     0     7
(Ocean advect tracer)                    0      0.000000      0.000000      0.000000      0.000000  0.000    31     0     7
(Ocean tracer halo updates)              0      0.000000      0.000000      0.000000      0.000000  0.000    41     0     7
(Ocean tracer global synch)              0      0.000000      0.000000      0.000000      0.000000  0.000    41     0     7
(Ocean diffuse tracer)                   0      0.000000      0.000000      0.000000      0.000000  0.000    31     0     7
(Ocean epipycnal diffuse tracer)         0      0.000000      0.000000      0.000000      0.000000  0.000    31     0     7
(Ocean surface forcing)                 76      0.001324      0.002092      0.001456      0.000242  0.000    31     0     7
(Ocean forcing diagnostics)            150      0.000420      0.000808      0.000619      0.000164  0.000    41     0     7
 MPP_STACK high water mark=           0
