NOTE from PE     0: MPP_DOMAINS_SET_STACK_SIZE: stack size set to    32768.
 &MPP_IO_NML
 HEADER_BUFFER_VAL       =       16384,
 GLOBAL_FIELD_ON_ROOT_PE = T,
 IO_CLOCKS_ON    = F,
 SHUFFLE =           0,
 DEFLATE_LEVEL   =          -1,
 CF_COMPLIANCE   = F
 /
NOTE from PE     0: MPP_IO_SET_STACK_SIZE: stack size set to     131072.
NOTE from PE     0: MPP_DOMAINS_SET_STACK_SIZE: stack size set to  4000000.
NOTE from PE     0: ======== Model being driven by MOM_driver ========
NOTE from PE     0: callTree: o Program MOM_main, MOM_driver.F90
NOTE from PE     0: open_param_file: MOM_input has been opened successfully.
NOTE from PE     0: open_param_file: MOM_override has been opened successfully.

WARNING from PE     0: MOM_file_parser : DT over-ridden.  Line: 'DT = 37' in file MOM_override.


WARNING from PE     0: MOM_file_parser : DT_THERM over-ridden.  Line: 'DT_THERM = 75' in file MOM_override.


WARNING from PE     0: MOM_file_parser : NIGLOBAL over-ridden.  Line: 'NIGLOBAL = 1024' in file MOM_override.


WARNING from PE     0: MOM_file_parser : NJGLOBAL over-ridden.  Line: 'NJGLOBAL = 512' in file MOM_override.

 MOM_in domain decomposition
whalo =    4, ehalo =    4, shalo =    4, nhalo =    4
  X-AXIS =   64  64  64  64  64  64  64  64  64  64  64  64  64  64  64  64
  Y-AXIS =   64  64  64  64  64  64  64  64
 MOM_inc domain decomposition
whalo =    2, ehalo =    2, shalo =    2, nhalo =    2
  X-AXIS =   32  32  32  32  32  32  32  32  32  32  32  32  32  32  32  32
  Y-AXIS =   32  32  32  32  32  32  32  32
NOTE from PE     0: diag_manager_mod::diag_manager_init: diag_manager is using fms2_io
NOTE from PE     0: diag_manager_mod::diag_manager_init: prepend_date only supported when diag_manager_init is called with time_init present.
 MOM_in domain decomposition
whalo =    4, ehalo =    4, shalo =    4, nhalo =    4
  X-AXIS =   64  64  64  64  64  64  64  64  64  64  64  64  64  64  64  64
  Y-AXIS =   64  64  64  64  64  64  64  64
 MOM_in domain decomposition
whalo =    2, ehalo =    2, shalo =    2, nhalo =    2
  X-AXIS =   32  32  32  32  32  32  32  32  32  32  32  32  32  32  32  32
  Y-AXIS =   32  32  32  32  32  32  32  32

WARNING from PE     0: MOM_file_parser : NK over-ridden.  Line: 'NK = 100' in file MOM_override.

 MOM_in domain decomposition
whalo =    4, ehalo =    4, shalo =    4, nhalo =    4
  X-AXIS =   64  64  64  64  64  64  64  64  64  64  64  64  64  64  64  64
  Y-AXIS =   64  64  64  64  64  64  64  64
 MOM_in domain decomposition
whalo =    2, ehalo =    2, shalo =    2, nhalo =    2
  X-AXIS =   32  32  32  32  32  32  32  32  32  32  32  32  32  32  32  32
  Y-AXIS =   32  32  32  32  32  32  32  32

WARNING from PE     0: Open_file is appending .nc to the filename ./ocean_geometry


WARNING from PE     0: MOM_file_parser : COORD_CONFIG over-ridden.  Line: 'COORD_CONFIG = "linear"' in file MOM_override.

 MOM_in domain decomposition
whalo =    4, ehalo =    4, shalo =    4, nhalo =    4
  X-AXIS =   64  64  64  64  64  64  64  64  64  64  64  64  64  64  64  64
  Y-AXIS =   64  64  64  64  64  64  64  64
 MOM_in domain decomposition
whalo =    2, ehalo =    2, shalo =    2, nhalo =    2
  X-AXIS =   32  32  32  32  32  32  32  32  32  32  32  32  32  32  32  32
  Y-AXIS =   32  32  32  32  32  32  32  32
 MOM_in domain decomposition
whalo =    4, ehalo =    4, shalo =    4, nhalo =    4
  X-AXIS =   64  64  64  64  64  64  64  64  64  64  64  64  64  64  64  64
  Y-AXIS =   64  64  64  64  64  64  64  64
 MOM_in domain decomposition
whalo =    2, ehalo =    2, shalo =    2, nhalo =    2
  X-AXIS =   32  32  32  32  32  32  32  32  32  32  32  32  32  32  32  32
  Y-AXIS =   32  32  32  32  32  32  32  32

WARNING from PE     0: ./Depth_list.nc checksums do not match; updating file.


WARNING from PE     0: MOM_file_parser : DT_FORCING over-ridden.  Line: 'DT_FORCING = 75' in file MOM_override.


WARNING from PE     0: MOM_file_parser : DAYMAX over-ridden.  Line: 'DAYMAX = 150' in file MOM_override.


WARNING from PE     0: Unused line in MOM_input : GINT = 0.0098


WARNING from PE     0: open_ASCII_file: File ./CPU_stats opened WRITEONLY already exists!


WARNING from PE     0: open_ASCII_file: File ./ocean.stats opened WRITEONLY already exists!

MOM Time       0.000      0: En 9.167888E-12, MaxCFL  0.00000, Mass 5.286414704261E+18
    Total Energy: 41871C2B449BC643  4.8465256576061748E+07
    Total Mass:   5.2864147042613893E+18, Change:   0.0000000000000000E+00 Error:  0.00000E+00 ( 0.0E+00)
MOM Time      50.676     75: En 9.561082E-07, MaxCFL  0.00036, Mass 5.286414704261E+18
    Total Energy: 429263431CDDF87F  5.0543842568941240E+12
    Total Mass:   5.2864147042613893E+18, Change:   1.9284378983489918E+00 Error:  1.92844E+00 ( 3.6E-19)
MOM Time      99.324    147: En 3.499934E-06, MaxCFL  0.00068, Mass 5.286414704261E+18
    Total Energy: 42B0D3DB48496C7A  1.8502103091564477E+13
    Total Mass:   5.2864147042613893E+18, Change:  -1.2734449781469603E-01 Error: -1.27344E-01 (-2.4E-20)
 MOM_in domain decomposition
whalo =    4, ehalo =    4, shalo =    4, nhalo =    4
  X-AXIS =   64  64  64  64  64  64  64  64  64  64  64  64  64  64  64  64
  Y-AXIS =   64  64  64  64  64  64  64  64
 MOM_in domain decomposition
whalo =    2, ehalo =    2, shalo =    2, nhalo =    2
  X-AXIS =   32  32  32  32  32  32  32  32  32  32  32  32  32  32  32  32
  Y-AXIS =   32  32  32  32  32  32  32  32
 MOM_in domain decomposition
whalo =    4, ehalo =    4, shalo =    4, nhalo =    4
  X-AXIS =   64  64  64  64  64  64  64  64  64  64  64  64  64  64  64  64
  Y-AXIS =   64  64  64  64  64  64  64  64
 MOM_in domain decomposition
whalo =    2, ehalo =    2, shalo =    2, nhalo =    2
  X-AXIS =   32  32  32  32  32  32  32  32  32  32  32  32  32  32  32  32
  Y-AXIS =   32  32  32  32  32  32  32  32
MOM Time     150.000    222: En 7.572478E-06, MaxCFL  0.00098, Mass 5.286414704261E+18
    Total Energy: 42C23440762825E8  4.0031258169419812E+13
    Total Mass:   5.2864147042613893E+18, Change:   3.2626456428597350E-01 Error:  3.26265E-01 ( 6.2E-20)
 MOM_in domain decomposition
whalo =    4, ehalo =    4, shalo =    4, nhalo =    4
  X-AXIS =   64  64  64  64  64  64  64  64  64  64  64  64  64  64  64  64
  Y-AXIS =   64  64  64  64  64  64  64  64
 MOM_in domain decomposition
whalo =    2, ehalo =    2, shalo =    2, nhalo =    2
  X-AXIS =   32  32  32  32  32  32  32  32  32  32  32  32  32  32  32  32
  Y-AXIS =   32  32  32  32  32  32  32  32

WARNING from PE     0: open_ASCII_file: File RESTART/ocean_solo.res opened WRITEONLY already exists!


WARNING from PE     0: open_ASCII_file: File exitcode opened WRITEONLY already exists!

NOTE from PE     0: Potential error in diag_manager_end: u NOT available, check if output interval > runlength. Netcdf fill_values are written
NOTE from PE     0: Potential error in diag_manager_end: v NOT available, check if output interval > runlength. Netcdf fill_values are written
NOTE from PE     0: Potential error in diag_manager_end: h NOT available, check if output interval > runlength. Netcdf fill_values are written
NOTE from PE     0: Potential error in diag_manager_end: e NOT available, check if output interval > runlength. Netcdf fill_values are written
NOTE from PE     0: Potential error in diag_manager_end: u NOT available, check if output interval > runlength. Netcdf fill_values are written
NOTE from PE     0: Potential error in diag_manager_end: v NOT available, check if output interval > runlength. Netcdf fill_values are written
NOTE from PE     0: Potential error in diag_manager_end: h NOT available, check if output interval > runlength. Netcdf fill_values are written
NOTE from PE     0: Potential error in diag_manager_end: e NOT available, check if output interval > runlength. Netcdf fill_values are written
NOTE from PE     0: Potential error in diag_manager_end: uh NOT available, check if output interval > runlength. Netcdf fill_values are written
NOTE from PE     0: Potential error in diag_manager_end: vh NOT available, check if output interval > runlength. Netcdf fill_values are written
 MPP_DOMAINS_STACK high water mark=      531200

Tabulating mpp_clock statistics across    128 PEs...

                                      hits          tmin          tmax          tavg          tstd  tfrac grain pemin pemax
Total runtime                            1    244.514414    244.514422    244.514418      0.000002  1.000     0     0   127
Initialization                           1      1.039918      1.040894      1.040357      0.000193  0.004     0     0   127
Main loop                                1    227.081103    227.082012    227.081353      0.000123  0.929     0     0   127
Termination                              1     16.385083     16.385915     16.385830      0.000083  0.067     0     0   127
Ocean Initialization                     2      1.024572      1.059749      1.038447      0.007665  0.004    11     0   127
Ocean                                   74    213.913774    213.940445    213.934314      0.003806  0.875     1     0   127
Ocean dynamics                         444    204.681273    205.307081    205.002419      0.125604  0.838    11     0   127
Ocean thermodynamics and tracers       222      0.549311      0.780750      0.712435      0.053520  0.003    11     0   127
Ocean grid generation and remapp         0      0.000000      0.000000      0.000000      0.000000  0.000    11     0   127
Ocean Other                            518      6.021622      6.343154      6.195073      0.077104  0.025    11     0   127
(Ocean tracer advection)               148      0.363080      0.530822      0.473745      0.041987  0.002    21     0   127
(Ocean adiabatic driver)                74      0.153413      0.262859      0.238413      0.021705  0.001    21     0   127
(Ocean continuity equation *)            0      0.000000      0.000000      0.000000      0.000000  0.000    31     0   127
(Ocean set BBL viscosity)               74      1.334497      2.127351      1.655036      0.195646  0.007    31     0   127
(Ocean message passing *)              148      0.693835      1.773211      0.934236      0.189931  0.004    31     0   127
(Ocean MOM_initialize_state)             2      0.024511      0.033066      0.030366      0.002047  0.000    31     0   127
(Ocean init message passing *)           2      0.004386      0.011032      0.007706      0.001545  0.000    41     0   127
(Ocean mixed layer restrat)              0      0.000000      0.000000      0.000000      0.000000  0.000    31     0   127
(Ocean collective diagnostics)         444      5.283053      5.722488      5.600943      0.076566  0.023    31     0   127
(Ocean Z-space diagnostics)              0      0.000000      0.000000      0.000000      0.000000  0.000    31     0   127
(Ocean ALE)                              0      0.000000      0.000000      0.000000      0.000000  0.000    31     0   127
(Stochastic EOS)                       222      0.000057      0.000132      0.000087      0.000014  0.000    31     0   127
(SGS Temperature Variance)             222      0.000011      0.000018      0.000012      0.000001  0.000    31     0   127
(Ocean diagnostics framework)          740      8.336651      9.670142      9.275290      0.184002  0.038    31     0   127
(Ocean diagnostics remapping)            0      0.000000      0.000000      0.000000      0.000000  0.000    41     0   127
(Ocean diagnostics grid updates)       741      0.780744      1.121571      0.976208      0.093186  0.004    41     0   127
(Ocean init message passing)             4      0.011702      0.029412      0.020132      0.003155  0.000    41     0   127
(Ocean continuity reconstruction      1334      8.663394     10.907227     10.070228      0.393662  0.041    41     0   127
(Ocean continuity update)             1334      4.251103      6.371507      5.648552      0.489518  0.023    41     0   127
(Ocean continuity correction)         1334     36.032314     47.524193     43.379434      2.907016  0.177    41     0   127
(Ocean BT pre-calcs only)             1776     19.367266     25.213642     21.894853      1.137455  0.090    41     0   127
(Ocean BT pre-step halo updates)      1776      0.970212     19.605592      7.142619      4.400030  0.029    41     0   127
(Ocean BT stepping calcs only)         888      0.183835      0.504866      0.340891      0.080900  0.001    41     0   127
(Ocean BT stepping halo updates)       444      0.062277      0.482894      0.157594      0.088910  0.001    41     0   127
(Ocean BT post-calcs only)            1332      3.554062      4.391439      4.105429      0.181508  0.017    41     0   127
(Ocean BT post-step halo updates       888      0.214284      0.742178      0.350545      0.112314  0.001    41     0   127
(Ocean BT global synch)                  0      0.000000      0.000000      0.000000      0.000000  0.000    41     0   127
(Ocean Coriolis & mom advection)       444      5.778486      7.930667      6.973208      0.552162  0.029    31     0   127
(Ocean continuity equation)            666     51.124471     63.258306     59.053215      3.259108  0.242    31     0   127
(Ocean pressure force)                 222     14.873893     16.527154     16.005824      0.311267  0.065    31     0   127
(Ocean vertical viscosity)             666     36.542335     42.072896     39.279997      1.749278  0.161    31     0   127
(Ocean horizontal viscosity)           222      5.455584      6.075678      5.752022      0.119897  0.024    31     0   127
(Ocean momentum increments)            444      6.586954      6.832098      6.731850      0.053713  0.028    31     0   127
(Ocean message passing)               1998      6.084251     18.089831     12.733133      2.062307  0.052    31     0   127
(Ocean barotropic mode calc)           444      0.411681      0.863026      0.716275      0.115556  0.003    31     0   127
(Ocean barotropic mode stepping)       444     28.135305     44.992805     34.013219      4.648945  0.139    31     0   127
(Ocean barotropic forcing calc)        444      4.789992      7.560525      6.690824      0.686480  0.027    31     0   127
(Ocean advect tracer)                    0      0.000000      0.000000      0.000000      0.000000  0.000    31     0   127
(Ocean tracer halo updates)              0      0.000000      0.000000      0.000000      0.000000  0.000    41     0   127
(Ocean tracer global synch)              0      0.000000      0.000000      0.000000      0.000000  0.000    41     0   127
(Ocean diffuse tracer)                   0      0.000000      0.000000      0.000000      0.000000  0.000    31     0   127
(Ocean epipycnal diffuse tracer)         0      0.000000      0.000000      0.000000      0.000000  0.000    31     0   127
(Ocean surface forcing)                 75      0.001355      0.002545      0.001651      0.000130  0.000    31     0   127
(Ocean forcing diagnostics)            148      0.000336      0.001472      0.000661      0.000251  0.000    41     0   127
 MPP_STACK high water mark=           0
