NOTE from PE     0: MPP_DOMAINS_SET_STACK_SIZE: stack size set to    32768.
 &MPP_IO_NML
 HEADER_BUFFER_VAL       =       16384,
 GLOBAL_FIELD_ON_ROOT_PE = T,
 IO_CLOCKS_ON    = F,
 SHUFFLE =           0,
 DEFLATE_LEVEL   =          -1,
 CF_COMPLIANCE   = F
 /
NOTE from PE     0: MPP_IO_SET_STACK_SIZE: stack size set to     131072.
NOTE from PE     0: MPP_DOMAINS_SET_STACK_SIZE: stack size set to  4000000.
NOTE from PE     0: ======== Model being driven by MOM_driver ========
NOTE from PE     0: callTree: o Program MOM_main, MOM_driver.F90
NOTE from PE     0: open_param_file: MOM_input has been opened successfully.
NOTE from PE     0: open_param_file: MOM_override has been opened successfully.

WARNING from PE     0: MOM_file_parser : DT over-ridden.  Line: 'DT = 600' in file MOM_override.


WARNING from PE     0: MOM_file_parser : DT_THERM over-ridden.  Line: 'DT_THERM = 1200' in file MOM_override.


WARNING from PE     0: MOM_file_parser : NIGLOBAL over-ridden.  Line: 'NIGLOBAL = 64' in file MOM_override.


WARNING from PE     0: MOM_file_parser : NJGLOBAL over-ridden.  Line: 'NJGLOBAL = 32' in file MOM_override.

 MOM_in domain decomposition
whalo =    4, ehalo =    4, shalo =    4, nhalo =    4
  X-AXIS =   32  32
  Y-AXIS =   32
 MOM_inc domain decomposition
whalo =    2, ehalo =    2, shalo =    2, nhalo =    2
  X-AXIS =   16  16
  Y-AXIS =   16
NOTE from PE     0: diag_manager_mod::diag_manager_init: diag_manager is using fms2_io
NOTE from PE     0: diag_manager_mod::diag_manager_init: prepend_date only supported when diag_manager_init is called with time_init present.
 MOM_in domain decomposition
whalo =    4, ehalo =    4, shalo =    4, nhalo =    4
  X-AXIS =   32  32
  Y-AXIS =   32
 MOM_in domain decomposition
whalo =    2, ehalo =    2, shalo =    2, nhalo =    2
  X-AXIS =   16  16
  Y-AXIS =   16

WARNING from PE     0: MOM_file_parser : NK over-ridden.  Line: 'NK = 100' in file MOM_override.

 MOM_in domain decomposition
whalo =    4, ehalo =    4, shalo =    4, nhalo =    4
  X-AXIS =   32  32
  Y-AXIS =   32
 MOM_in domain decomposition
whalo =    2, ehalo =    2, shalo =    2, nhalo =    2
  X-AXIS =   16  16
  Y-AXIS =   16

WARNING from PE     0: Open_file is appending .nc to the filename ./ocean_geometry


WARNING from PE     0: MOM_file_parser : COORD_CONFIG over-ridden.  Line: 'COORD_CONFIG = "linear"' in file MOM_override.

 MOM_in domain decomposition
whalo =    4, ehalo =    4, shalo =    4, nhalo =    4
  X-AXIS =   32  32
  Y-AXIS =   32
 MOM_in domain decomposition
whalo =    2, ehalo =    2, shalo =    2, nhalo =    2
  X-AXIS =   16  16
  Y-AXIS =   16
 MOM_in domain decomposition
whalo =    4, ehalo =    4, shalo =    4, nhalo =    4
  X-AXIS =   32  32
  Y-AXIS =   32
 MOM_in domain decomposition
whalo =    2, ehalo =    2, shalo =    2, nhalo =    2
  X-AXIS =   16  16
  Y-AXIS =   16

WARNING from PE     0: ./Depth_list.nc checksums do not match; updating file.


WARNING from PE     0: MOM_file_parser : DT_FORCING over-ridden.  Line: 'DT_FORCING = 1200' in file MOM_override.


WARNING from PE     0: MOM_file_parser : DAYMAX over-ridden.  Line: 'DAYMAX = 150' in file MOM_override.


WARNING from PE     0: Unused line in MOM_input : GINT = 0.0098


WARNING from PE     0: open_ASCII_file: File ./CPU_stats opened WRITEONLY already exists!


WARNING from PE     0: open_ASCII_file: File ./ocean.stats opened WRITEONLY already exists!

MOM Time       0.000      0: En 9.139699E-12, MaxCFL  0.00000, Mass 5.287973820617E+18
    Total Energy: 41870BB7DD6907DB  4.8330491676284514E+07
    Total Mass:   5.2879738206166886E+18, Change:   0.0000000000000000E+00 Error:  0.00000E+00 ( 0.0E+00)
MOM Time      50.000     50: En 7.975875E-05, MaxCFL  0.00128, Mass 5.287973820617E+18
    Total Energy: 42F7F9727FFF9F81  4.2176216458700006E+14
    Total Mass:   5.2879738206166886E+18, Change:   1.3719951855014500E+01 Error:  1.37200E+01 ( 2.6E-18)
MOM Time     100.000    100: En 2.355779E-05, MaxCFL  0.00105, Mass 5.287973820617E+18
    Total Energy: 42DC5319E3AF5EDF  1.2457296886105148E+14
    Total Mass:   5.2879738206166886E+18, Change:  -1.3262606677387794E+01 Error: -1.32626E+01 (-2.5E-18)
 MOM_in domain decomposition
whalo =    4, ehalo =    4, shalo =    4, nhalo =    4
  X-AXIS =   32  32
  Y-AXIS =   32
 MOM_in domain decomposition
whalo =    2, ehalo =    2, shalo =    2, nhalo =    2
  X-AXIS =   16  16
  Y-AXIS =   16
 MOM_in domain decomposition
whalo =    4, ehalo =    4, shalo =    4, nhalo =    4
  X-AXIS =   32  32
  Y-AXIS =   32
 MOM_in domain decomposition
whalo =    2, ehalo =    2, shalo =    2, nhalo =    2
  X-AXIS =   16  16
  Y-AXIS =   16
MOM Time     150.000    150: En 5.690616E-05, MaxCFL  0.00134, Mass 5.287973820617E+18
    Total Energy: 42F11AEFDF0227E2  3.0091825906547012E+14
    Total Mass:   5.2879738206166886E+18, Change:   1.0462328883304593E+01 Error:  1.04623E+01 ( 2.0E-18)
 MOM_in domain decomposition
whalo =    4, ehalo =    4, shalo =    4, nhalo =    4
  X-AXIS =   32  32
  Y-AXIS =   32
 MOM_in domain decomposition
whalo =    2, ehalo =    2, shalo =    2, nhalo =    2
  X-AXIS =   16  16
  Y-AXIS =   16

WARNING from PE     0: open_ASCII_file: File RESTART/ocean_solo.res opened WRITEONLY already exists!


WARNING from PE     0: open_ASCII_file: File exitcode opened WRITEONLY already exists!

NOTE from PE     0: Potential error in diag_manager_end: u NOT available, check if output interval > runlength. Netcdf fill_values are written
NOTE from PE     0: Potential error in diag_manager_end: v NOT available, check if output interval > runlength. Netcdf fill_values are written
NOTE from PE     0: Potential error in diag_manager_end: h NOT available, check if output interval > runlength. Netcdf fill_values are written
NOTE from PE     0: Potential error in diag_manager_end: e NOT available, check if output interval > runlength. Netcdf fill_values are written
NOTE from PE     0: Potential error in diag_manager_end: u NOT available, check if output interval > runlength. Netcdf fill_values are written
NOTE from PE     0: Potential error in diag_manager_end: v NOT available, check if output interval > runlength. Netcdf fill_values are written
NOTE from PE     0: Potential error in diag_manager_end: h NOT available, check if output interval > runlength. Netcdf fill_values are written
NOTE from PE     0: Potential error in diag_manager_end: e NOT available, check if output interval > runlength. Netcdf fill_values are written
NOTE from PE     0: Potential error in diag_manager_end: uh NOT available, check if output interval > runlength. Netcdf fill_values are written
NOTE from PE     0: Potential error in diag_manager_end: vh NOT available, check if output interval > runlength. Netcdf fill_values are written
 MPP_DOMAINS_STACK high water mark=       64800

Tabulating mpp_clock statistics across      2 PEs...

                                      hits          tmin          tmax          tavg          tstd  tfrac grain pemin pemax
Total runtime                            1     12.755257     12.755257     12.755257      0.000000  1.000     0     0     1
Initialization                           1      0.182125      0.182456      0.182290      0.000166  0.014     0     0     1
Main loop                                1     12.505485     12.505527     12.505506      0.000021  0.980     0     0     1
Termination                              1      0.064206      0.064374      0.064290      0.000084  0.005     0     0     1
Ocean Initialization                     2      0.178711      0.181177      0.179944      0.001233  0.014    11     0     1
Ocean                                   75     12.428764     12.429125     12.428944      0.000180  0.974     1     0     1
Ocean dynamics                         300     12.088265     12.089398     12.088831      0.000567  0.948    11     0     1
Ocean thermodynamics and tracers       225      0.020301      0.020727      0.020514      0.000213  0.002    11     0     1
Ocean grid generation and remapp         0      0.000000      0.000000      0.000000      0.000000  0.000    11     0     1
Ocean Other                            450      0.269208      0.269397      0.269303      0.000094  0.021    11     0     1
(Ocean tracer advection)               150      0.013851      0.014256      0.014054      0.000202  0.001    21     0     1
(Ocean adiabatic driver)                75      0.006405      0.006417      0.006411      0.000006  0.001    21     0     1
(Ocean continuity equation *)            0      0.000000      0.000000      0.000000      0.000000  0.000    31     0     1
(Ocean set BBL viscosity)               75      0.202682      0.203469      0.203075      0.000394  0.016    31     0     1
(Ocean message passing *)              150      0.026625      0.027069      0.026847      0.000222  0.002    31     0     1
(Ocean MOM_initialize_state)             2      0.004016      0.006037      0.005026      0.001011  0.000    31     0     1
(Ocean init message passing *)           2      0.000324      0.000363      0.000343      0.000019  0.000    41     0     1
(Ocean mixed layer restrat)              0      0.000000      0.000000      0.000000      0.000000  0.000    31     0     1
(Ocean collective diagnostics)         375      0.212137      0.212946      0.212542      0.000404  0.017    31     0     1
(Ocean Z-space diagnostics)              0      0.000000      0.000000      0.000000      0.000000  0.000    31     0     1
(Ocean ALE)                              0      0.000000      0.000000      0.000000      0.000000  0.000    31     0     1
(Stochastic EOS)                       150      0.000010      0.000011      0.000010      0.000000  0.000    31     0     1
(SGS Temperature Variance)             150      0.000007      0.000007      0.000007      0.000000  0.000    31     0     1
(Ocean diagnostics framework)          600      0.329500      0.330643      0.330071      0.000571  0.026    31     0     1
(Ocean diagnostics remapping)            0      0.000000      0.000000      0.000000      0.000000  0.000    41     0     1
(Ocean diagnostics grid updates)       526      0.019412      0.019448      0.019430      0.000018  0.002    41     0     1
(Ocean init message passing)             4      0.000433      0.000495      0.000464      0.000031  0.000    41     0     1
(Ocean continuity reconstruction       902      0.481743      0.491699      0.486721      0.004978  0.038    41     0     1
(Ocean continuity update)              902      0.063843      0.067674      0.065759      0.001915  0.005    41     0     1
(Ocean continuity correction)          902      3.842743      3.889551      3.866147      0.023404  0.303    41     0     1
(Ocean BT pre-calcs only)             1200      1.259813      1.280514      1.270163      0.010351  0.100    41     0     1
(Ocean BT pre-step halo updates)      1200      0.026844      0.067639      0.047241      0.020398  0.004    41     0     1
(Ocean BT stepping calcs only)         600      0.034368      0.035412      0.034890      0.000522  0.003    41     0     1
(Ocean BT stepping halo updates)       300      0.001279      0.001481      0.001380      0.000101  0.000    41     0     1
(Ocean BT post-calcs only)             900      0.199275      0.199696      0.199486      0.000210  0.016    41     0     1
(Ocean BT post-step halo updates       600      0.002557      0.003240      0.002899      0.000341  0.000    41     0     1
(Ocean BT global synch)                  0      0.000000      0.000000      0.000000      0.000000  0.000    41     0     1
(Ocean Coriolis & mom advection)       300      0.476321      0.476490      0.476405      0.000084  0.037    31     0     1
(Ocean continuity equation)            450      4.400770      4.433667      4.417218      0.016448  0.346    31     0     1
(Ocean pressure force)                 150      0.194288      0.195073      0.194681      0.000392  0.015    31     0     1
(Ocean vertical viscosity)             450      3.338990      3.355592      3.347291      0.008301  0.262    31     0     1
(Ocean horizontal viscosity)           150      0.889958      0.894305      0.892132      0.002174  0.070    31     0     1
(Ocean momentum increments)            300      0.196179      0.196570      0.196374      0.000195  0.015    31     0     1
(Ocean message passing)               1350      0.184319      0.197488      0.190903      0.006585  0.015    31     0     1
(Ocean barotropic mode calc)           300      0.011717      0.012574      0.012145      0.000429  0.001    31     0     1
(Ocean barotropic mode stepping)       300      1.548315      1.567951      1.558133      0.009818  0.122    31     0     1
(Ocean barotropic forcing calc)        300      0.147362      0.149774      0.148568      0.001206  0.012    31     0     1
(Ocean advect tracer)                    0      0.000000      0.000000      0.000000      0.000000  0.000    31     0     1
(Ocean tracer halo updates)              0      0.000000      0.000000      0.000000      0.000000  0.000    41     0     1
(Ocean tracer global synch)              0      0.000000      0.000000      0.000000      0.000000  0.000    41     0     1
(Ocean diffuse tracer)                   0      0.000000      0.000000      0.000000      0.000000  0.000    31     0     1
(Ocean epipycnal diffuse tracer)         0      0.000000      0.000000      0.000000      0.000000  0.000    31     0     1
(Ocean surface forcing)                 76      0.001315      0.002098      0.001706      0.000391  0.000    31     0     1
(Ocean forcing diagnostics)            150      0.000420      0.000422      0.000421      0.000001  0.000    41     0     1
 MPP_STACK high water mark=           0
