NOTE from PE     0: MPP_DOMAINS_SET_STACK_SIZE: stack size set to    32768.
 &MPP_IO_NML
 HEADER_BUFFER_VAL       =       16384,
 GLOBAL_FIELD_ON_ROOT_PE = T,
 IO_CLOCKS_ON    = F,
 SHUFFLE =           0,
 DEFLATE_LEVEL   =          -1,
 CF_COMPLIANCE   = F
 /
NOTE from PE     0: MPP_IO_SET_STACK_SIZE: stack size set to     131072.
NOTE from PE     0: MPP_DOMAINS_SET_STACK_SIZE: stack size set to  4000000.
NOTE from PE     0: ======== Model being driven by MOM_driver ========
NOTE from PE     0: callTree: o Program MOM_main, MOM_driver.F90
NOTE from PE     0: open_param_file: MOM_input has been opened successfully.
NOTE from PE     0: open_param_file: MOM_override has been opened successfully.

WARNING from PE     0: MOM_file_parser : DT over-ridden.  Line: 'DT = 600' in file MOM_override.


WARNING from PE     0: MOM_file_parser : DT_THERM over-ridden.  Line: 'DT_THERM = 1200' in file MOM_override.


WARNING from PE     0: MOM_file_parser : NIGLOBAL over-ridden.  Line: 'NIGLOBAL = 64' in file MOM_override.


WARNING from PE     0: MOM_file_parser : NJGLOBAL over-ridden.  Line: 'NJGLOBAL = 64' in file MOM_override.

 MOM_in domain decomposition
whalo =    4, ehalo =    4, shalo =    4, nhalo =    4
  X-AXIS =   32  32
  Y-AXIS =   32  32
 MOM_inc domain decomposition
whalo =    2, ehalo =    2, shalo =    2, nhalo =    2
  X-AXIS =   16  16
  Y-AXIS =   16  16
NOTE from PE     0: diag_manager_mod::diag_manager_init: diag_manager is using fms2_io
NOTE from PE     0: diag_manager_mod::diag_manager_init: prepend_date only supported when diag_manager_init is called with time_init present.
 MOM_in domain decomposition
whalo =    4, ehalo =    4, shalo =    4, nhalo =    4
  X-AXIS =   32  32
  Y-AXIS =   32  32
 MOM_in domain decomposition
whalo =    2, ehalo =    2, shalo =    2, nhalo =    2
  X-AXIS =   16  16
  Y-AXIS =   16  16

WARNING from PE     0: MOM_file_parser : NK over-ridden.  Line: 'NK = 100' in file MOM_override.

 MOM_in domain decomposition
whalo =    4, ehalo =    4, shalo =    4, nhalo =    4
  X-AXIS =   32  32
  Y-AXIS =   32  32
 MOM_in domain decomposition
whalo =    2, ehalo =    2, shalo =    2, nhalo =    2
  X-AXIS =   16  16
  Y-AXIS =   16  16

WARNING from PE     0: Open_file is appending .nc to the filename ./ocean_geometry


WARNING from PE     0: MOM_file_parser : COORD_CONFIG over-ridden.  Line: 'COORD_CONFIG = "linear"' in file MOM_override.

 MOM_in domain decomposition
whalo =    4, ehalo =    4, shalo =    4, nhalo =    4
  X-AXIS =   32  32
  Y-AXIS =   32  32
 MOM_in domain decomposition
whalo =    2, ehalo =    2, shalo =    2, nhalo =    2
  X-AXIS =   16  16
  Y-AXIS =   16  16
 MOM_in domain decomposition
whalo =    4, ehalo =    4, shalo =    4, nhalo =    4
  X-AXIS =   32  32
  Y-AXIS =   32  32
 MOM_in domain decomposition
whalo =    2, ehalo =    2, shalo =    2, nhalo =    2
  X-AXIS =   16  16
  Y-AXIS =   16  16

WARNING from PE     0: ./Depth_list.nc checksums do not match; updating file.


WARNING from PE     0: MOM_file_parser : DT_FORCING over-ridden.  Line: 'DT_FORCING = 1200' in file MOM_override.


WARNING from PE     0: MOM_file_parser : DAYMAX over-ridden.  Line: 'DAYMAX = 150' in file MOM_override.


WARNING from PE     0: Unused line in MOM_input : GINT = 0.0098


WARNING from PE     0: open_ASCII_file: File ./CPU_stats opened WRITEONLY already exists!


WARNING from PE     0: open_ASCII_file: File ./ocean.stats opened WRITEONLY already exists!

MOM Time       0.000      0: En 9.154260E-12, MaxCFL  0.00000, Mass 5.287164009544E+18
    Total Energy: 41871436564B0B29  4.8400074786642380E+07
    Total Mass:   5.2871640095440794E+18, Change:   0.0000000000000000E+00 Error:  0.00000E+00 ( 0.0E+00)
MOM Time      50.000     50: En 7.963171E-05, MaxCFL  0.00255, Mass 5.287164009544E+18
    Total Energy: 42F7EEBBD3874374  4.2102593371858325E+14
    Total Mass:   5.2871640095440794E+18, Change:   7.6306966094775817E+00 Error:  7.63070E+00 ( 1.4E-18)
MOM Time     100.000    100: En 2.338658E-05, MaxCFL  0.00134, Mass 5.287164009544E+18
    Total Energy: 42DC1D4CDD00B02A  1.2364867672544066E+14
    Total Mass:   5.2871640095440794E+18, Change:   1.7030794227331825E+00 Error:  1.70308E+00 ( 3.2E-19)
 MOM_in domain decomposition
whalo =    4, ehalo =    4, shalo =    4, nhalo =    4
  X-AXIS =   32  32
  Y-AXIS =   32  32
 MOM_in domain decomposition
whalo =    2, ehalo =    2, shalo =    2, nhalo =    2
  X-AXIS =   16  16
  Y-AXIS =   16  16
 MOM_in domain decomposition
whalo =    4, ehalo =    4, shalo =    4, nhalo =    4
  X-AXIS =   32  32
  Y-AXIS =   32  32
 MOM_in domain decomposition
whalo =    2, ehalo =    2, shalo =    2, nhalo =    2
  X-AXIS =   16  16
  Y-AXIS =   16  16
MOM Time     150.000    150: En 5.699787E-05, MaxCFL  0.00205, Mass 5.287164009544E+18
    Total Energy: 42F12152AA28128C  3.0135709561680875E+14
    Total Mass:   5.2871640095440794E+18, Change:  -3.8524427216333379E+00 Error: -3.85244E+00 (-7.3E-19)
 MOM_in domain decomposition
whalo =    4, ehalo =    4, shalo =    4, nhalo =    4
  X-AXIS =   32  32
  Y-AXIS =   32  32
 MOM_in domain decomposition
whalo =    2, ehalo =    2, shalo =    2, nhalo =    2
  X-AXIS =   16  16
  Y-AXIS =   16  16

WARNING from PE     0: open_ASCII_file: File RESTART/ocean_solo.res opened WRITEONLY already exists!


WARNING from PE     0: open_ASCII_file: File exitcode opened WRITEONLY already exists!

NOTE from PE     0: Potential error in diag_manager_end: u NOT available, check if output interval > runlength. Netcdf fill_values are written
NOTE from PE     0: Potential error in diag_manager_end: v NOT available, check if output interval > runlength. Netcdf fill_values are written
NOTE from PE     0: Potential error in diag_manager_end: h NOT available, check if output interval > runlength. Netcdf fill_values are written
NOTE from PE     0: Potential error in diag_manager_end: e NOT available, check if output interval > runlength. Netcdf fill_values are written
NOTE from PE     0: Potential error in diag_manager_end: u NOT available, check if output interval > runlength. Netcdf fill_values are written
NOTE from PE     0: Potential error in diag_manager_end: v NOT available, check if output interval > runlength. Netcdf fill_values are written
NOTE from PE     0: Potential error in diag_manager_end: h NOT available, check if output interval > runlength. Netcdf fill_values are written
NOTE from PE     0: Potential error in diag_manager_end: e NOT available, check if output interval > runlength. Netcdf fill_values are written
NOTE from PE     0: Potential error in diag_manager_end: uh NOT available, check if output interval > runlength. Netcdf fill_values are written
NOTE from PE     0: Potential error in diag_manager_end: vh NOT available, check if output interval > runlength. Netcdf fill_values are written
 MPP_DOMAINS_STACK high water mark=      133600

Tabulating mpp_clock statistics across      4 PEs...

                                      hits          tmin          tmax          tavg          tstd  tfrac grain pemin pemax
Total runtime                            1     13.266672     13.266672     13.266672      0.000000  1.000     0     0     3
Initialization                           1      0.171475      0.171881      0.171773      0.000172  0.013     0     0     3
Main loop                                1     12.977342     12.977415     12.977392      0.000029  0.978     0     0     3
Termination                              1      0.114087      0.114239      0.114199      0.000065  0.009     0     0     3
Ocean Initialization                     2      0.167672      0.170806      0.168482      0.001342  0.013    11     0     3
Ocean                                   75     12.860324     12.861243     12.860954      0.000367  0.969     1     0     3
Ocean dynamics                         300     12.508596     12.512234     12.510207      0.001341  0.943    11     0     3
Ocean thermodynamics and tracers       225      0.020327      0.021078      0.020753      0.000283  0.002    11     0     3
Ocean grid generation and remapp         0      0.000000      0.000000      0.000000      0.000000  0.000    11     0     3
Ocean Other                            450      0.267845      0.270535      0.269034      0.001027  0.020    11     0     3
(Ocean tracer advection)               150      0.013601      0.014396      0.013991      0.000297  0.001    21     0     3
(Ocean adiabatic driver)                75      0.006508      0.007038      0.006716      0.000197  0.001    21     0     3
(Ocean continuity equation *)            0      0.000000      0.000000      0.000000      0.000000  0.000    31     0     3
(Ocean set BBL viscosity)               75      0.195773      0.210735      0.203888      0.006717  0.015    31     0     3
(Ocean message passing *)              150      0.037191      0.041892      0.039868      0.001826  0.003    31     0     3
(Ocean MOM_initialize_state)             2      0.004647      0.006199      0.005043      0.000667  0.000    31     0     3
(Ocean init message passing *)           2      0.000537      0.000598      0.000567      0.000030  0.000    41     0     3
(Ocean mixed layer restrat)              0      0.000000      0.000000      0.000000      0.000000  0.000    31     0     3
(Ocean collective diagnostics)         375      0.206627      0.209768      0.208806      0.001279  0.016    31     0     3
(Ocean Z-space diagnostics)              0      0.000000      0.000000      0.000000      0.000000  0.000    31     0     3
(Ocean ALE)                              0      0.000000      0.000000      0.000000      0.000000  0.000    31     0     3
(Stochastic EOS)                       150      0.000009      0.000011      0.000010      0.000001  0.000    31     0     3
(SGS Temperature Variance)             150      0.000007      0.000008      0.000008      0.000000  0.000    31     0     3
(Ocean diagnostics framework)          600      0.322101      0.325777      0.324014      0.001323  0.024    31     0     3
(Ocean diagnostics remapping)            0      0.000000      0.000000      0.000000      0.000000  0.000    41     0     3
(Ocean diagnostics grid updates)       526      0.019584      0.019914      0.019715      0.000122  0.001    41     0     3
(Ocean init message passing)             4      0.001010      0.001628      0.001247      0.000256  0.000    41     0     3
(Ocean continuity reconstruction       902      0.490579      0.518637      0.501267      0.010585  0.038    41     0     3
(Ocean continuity update)              902      0.063964      0.066342      0.065287      0.000927  0.005    41     0     3
(Ocean continuity correction)          902      3.898390      4.037842      3.967676      0.051273  0.299    41     0     3
(Ocean BT pre-calcs only)             1200      1.258833      1.277615      1.269461      0.007227  0.096    41     0     3
(Ocean BT pre-step halo updates)      1200      0.041956      0.119527      0.080518      0.028838  0.006    41     0     3
(Ocean BT stepping calcs only)         600      0.033113      0.037401      0.035166      0.001957  0.003    41     0     3
(Ocean BT stepping halo updates)       300      0.002692      0.003210      0.003002      0.000219  0.000    41     0     3
(Ocean BT post-calcs only)             900      0.200439      0.203171      0.201695      0.001135  0.015    41     0     3
(Ocean BT post-step halo updates       600      0.005648      0.009856      0.007890      0.001855  0.001    41     0     3
(Ocean BT global synch)                  0      0.000000      0.000000      0.000000      0.000000  0.000    41     0     3
(Ocean Coriolis & mom advection)       300      0.475276      0.478429      0.477004      0.001295  0.036    31     0     3
(Ocean continuity equation)            450      4.456279      4.601109      4.532739      0.056814  0.342    31     0     3
(Ocean pressure force)                 150      0.194750      0.198712      0.196504      0.001434  0.015    31     0     3
(Ocean vertical viscosity)             450      3.321212      3.473424      3.403816      0.054218  0.257    31     0     3
(Ocean horizontal viscosity)           150      0.887794      0.897330      0.893192      0.003441  0.067    31     0     3
(Ocean momentum increments)            300      0.195128      0.197107      0.196015      0.000724  0.015    31     0     3
(Ocean message passing)               1350      0.278047      0.527464      0.393441      0.092042  0.030    31     0     3
(Ocean barotropic mode calc)           300      0.011724      0.012281      0.012093      0.000217  0.001    31     0     3
(Ocean barotropic mode stepping)       300      1.569868      1.635534      1.599789      0.023520  0.121    31     0     3
(Ocean barotropic forcing calc)        300      0.148253      0.149990      0.149297      0.000663  0.011    31     0     3
(Ocean advect tracer)                    0      0.000000      0.000000      0.000000      0.000000  0.000    31     0     3
(Ocean tracer halo updates)              0      0.000000      0.000000      0.000000      0.000000  0.000    41     0     3
(Ocean tracer global synch)              0      0.000000      0.000000      0.000000      0.000000  0.000    41     0     3
(Ocean diffuse tracer)                   0      0.000000      0.000000      0.000000      0.000000  0.000    31     0     3
(Ocean epipycnal diffuse tracer)         0      0.000000      0.000000      0.000000      0.000000  0.000    31     0     3
(Ocean surface forcing)                 76      0.001300      0.002081      0.001508      0.000331  0.000    31     0     3
(Ocean forcing diagnostics)            150      0.000425      0.000581      0.000478      0.000064  0.000    41     0     3
 MPP_STACK high water mark=           0
