NOTE from PE     0: MPP_DOMAINS_SET_STACK_SIZE: stack size set to    32768.
 &MPP_IO_NML
 HEADER_BUFFER_VAL       =       16384,
 GLOBAL_FIELD_ON_ROOT_PE = T,
 IO_CLOCKS_ON    = F,
 SHUFFLE =           0,
 DEFLATE_LEVEL   =          -1,
 CF_COMPLIANCE   = F
 /
NOTE from PE     0: MPP_IO_SET_STACK_SIZE: stack size set to     131072.
NOTE from PE     0: MPP_DOMAINS_SET_STACK_SIZE: stack size set to  4000000.
NOTE from PE     0: ======== Model being driven by MOM_driver ========
NOTE from PE     0: callTree: o Program MOM_main, MOM_driver.F90
NOTE from PE     0: open_param_file: MOM_input has been opened successfully.
NOTE from PE     0: open_param_file: MOM_override has been opened successfully.

WARNING from PE     0: MOM_file_parser : DT over-ridden.  Line: 'DT = 300' in file MOM_override.


WARNING from PE     0: MOM_file_parser : DT_THERM over-ridden.  Line: 'DT_THERM = 600' in file MOM_override.


WARNING from PE     0: MOM_file_parser : NIGLOBAL over-ridden.  Line: 'NIGLOBAL = 128' in file MOM_override.


WARNING from PE     0: MOM_file_parser : NJGLOBAL over-ridden.  Line: 'NJGLOBAL = 128' in file MOM_override.

 MOM_in domain decomposition
whalo =    4, ehalo =    4, shalo =    4, nhalo =    4
  X-AXIS =   32  32  32  32
  Y-AXIS =   32  32  32  32
 MOM_inc domain decomposition
whalo =    2, ehalo =    2, shalo =    2, nhalo =    2
  X-AXIS =   16  16  16  16
  Y-AXIS =   16  16  16  16
NOTE from PE     0: diag_manager_mod::diag_manager_init: diag_manager is using fms2_io
NOTE from PE     0: diag_manager_mod::diag_manager_init: prepend_date only supported when diag_manager_init is called with time_init present.
 MOM_in domain decomposition
whalo =    4, ehalo =    4, shalo =    4, nhalo =    4
  X-AXIS =   32  32  32  32
  Y-AXIS =   32  32  32  32
 MOM_in domain decomposition
whalo =    2, ehalo =    2, shalo =    2, nhalo =    2
  X-AXIS =   16  16  16  16
  Y-AXIS =   16  16  16  16

WARNING from PE     0: MOM_file_parser : NK over-ridden.  Line: 'NK = 100' in file MOM_override.

 MOM_in domain decomposition
whalo =    4, ehalo =    4, shalo =    4, nhalo =    4
  X-AXIS =   32  32  32  32
  Y-AXIS =   32  32  32  32
 MOM_in domain decomposition
whalo =    2, ehalo =    2, shalo =    2, nhalo =    2
  X-AXIS =   16  16  16  16
  Y-AXIS =   16  16  16  16

WARNING from PE     0: Open_file is appending .nc to the filename ./ocean_geometry


WARNING from PE     0: MOM_file_parser : COORD_CONFIG over-ridden.  Line: 'COORD_CONFIG = "linear"' in file MOM_override.

 MOM_in domain decomposition
whalo =    4, ehalo =    4, shalo =    4, nhalo =    4
  X-AXIS =   32  32  32  32
  Y-AXIS =   32  32  32  32
 MOM_in domain decomposition
whalo =    2, ehalo =    2, shalo =    2, nhalo =    2
  X-AXIS =   16  16  16  16
  Y-AXIS =   16  16  16  16
 MOM_in domain decomposition
whalo =    4, ehalo =    4, shalo =    4, nhalo =    4
  X-AXIS =   32  32  32  32
  Y-AXIS =   32  32  32  32
 MOM_in domain decomposition
whalo =    2, ehalo =    2, shalo =    2, nhalo =    2
  X-AXIS =   16  16  16  16
  Y-AXIS =   16  16  16  16

WARNING from PE     0: ./Depth_list.nc checksums do not match; updating file.


WARNING from PE     0: MOM_file_parser : DT_FORCING over-ridden.  Line: 'DT_FORCING = 600' in file MOM_override.


WARNING from PE     0: MOM_file_parser : DAYMAX over-ridden.  Line: 'DAYMAX = 150' in file MOM_override.


WARNING from PE     0: Unused line in MOM_input : GINT = 0.0098


WARNING from PE     0: open_ASCII_file: File ./CPU_stats opened WRITEONLY already exists!


WARNING from PE     0: open_ASCII_file: File ./ocean.stats opened WRITEONLY already exists!

MOM Time       0.000      0: En 9.164543E-12, MaxCFL  0.00000, Mass 5.286601636954E+18
    Total Energy: 41871A3836B4B9A0  4.8449286838244677E+07
    Total Mass:   5.2866016369539963E+18, Change:   0.0000000000000000E+00 Error:  0.00000E+00 ( 0.0E+00)
MOM Time      50.000     50: En 4.018195E-05, MaxCFL  0.00184, Mass 5.286601636954E+18
    Total Energy: 42E82668C99FE913  2.1242596694407259E+14
    Total Mass:   5.2866016369539973E+18, Change:   8.3915425168483580E+01 Error:  8.39154E+01 ( 1.6E-17)
MOM Time     100.000    100: En 8.022032E-05, MaxCFL  0.00256, Mass 5.286601636954E+18
    Total Energy: 42F81B5D01E85E5B  4.2409285743562169E+14
    Total Mass:   5.2866016369539973E+18, Change:  -2.1515463451400763E-01 Error: -2.15155E-01 (-4.1E-20)
 MOM_in domain decomposition
whalo =    4, ehalo =    4, shalo =    4, nhalo =    4
  X-AXIS =   32  32  32  32
  Y-AXIS =   32  32  32  32
 MOM_in domain decomposition
whalo =    2, ehalo =    2, shalo =    2, nhalo =    2
  X-AXIS =   16  16  16  16
  Y-AXIS =   16  16  16  16
 MOM_in domain decomposition
whalo =    4, ehalo =    4, shalo =    4, nhalo =    4
  X-AXIS =   32  32  32  32
  Y-AXIS =   32  32  32  32
 MOM_in domain decomposition
whalo =    2, ehalo =    2, shalo =    2, nhalo =    2
  X-AXIS =   16  16  16  16
  Y-AXIS =   16  16  16  16
MOM Time     150.000    150: En 6.198263E-05, MaxCFL  0.00212, Mass 5.286601636954E+18
    Total Energy: 42F2A055AF047FA9  3.2767746561023456E+14
    Total Mass:   5.2866016369539963E+18, Change:  -1.9861590571453114E+00 Error: -1.98616E+00 (-3.8E-19)
 MOM_in domain decomposition
whalo =    4, ehalo =    4, shalo =    4, nhalo =    4
  X-AXIS =   32  32  32  32
  Y-AXIS =   32  32  32  32
 MOM_in domain decomposition
whalo =    2, ehalo =    2, shalo =    2, nhalo =    2
  X-AXIS =   16  16  16  16
  Y-AXIS =   16  16  16  16

WARNING from PE     0: open_ASCII_file: File RESTART/ocean_solo.res opened WRITEONLY already exists!


WARNING from PE     0: open_ASCII_file: File exitcode opened WRITEONLY already exists!

NOTE from PE     0: Potential error in diag_manager_end: u NOT available, check if output interval > runlength. Netcdf fill_values are written
NOTE from PE     0: Potential error in diag_manager_end: v NOT available, check if output interval > runlength. Netcdf fill_values are written
NOTE from PE     0: Potential error in diag_manager_end: h NOT available, check if output interval > runlength. Netcdf fill_values are written
NOTE from PE     0: Potential error in diag_manager_end: e NOT available, check if output interval > runlength. Netcdf fill_values are written
NOTE from PE     0: Potential error in diag_manager_end: u NOT available, check if output interval > runlength. Netcdf fill_values are written
NOTE from PE     0: Potential error in diag_manager_end: v NOT available, check if output interval > runlength. Netcdf fill_values are written
NOTE from PE     0: Potential error in diag_manager_end: h NOT available, check if output interval > runlength. Netcdf fill_values are written
NOTE from PE     0: Potential error in diag_manager_end: e NOT available, check if output interval > runlength. Netcdf fill_values are written
NOTE from PE     0: Potential error in diag_manager_end: uh NOT available, check if output interval > runlength. Netcdf fill_values are written
NOTE from PE     0: Potential error in diag_manager_end: vh NOT available, check if output interval > runlength. Netcdf fill_values are written
 MPP_DOMAINS_STACK high water mark=      275200

Tabulating mpp_clock statistics across     16 PEs...

                                      hits          tmin          tmax          tavg          tstd  tfrac grain pemin pemax
Total runtime                            1     15.866622     15.866623     15.866623      0.000000  1.000     0     0    15
Initialization                           1      0.188087      0.188486      0.188435      0.000092  0.012     0     0    15
Main loop                                1     15.321795     15.321837     15.321814      0.000011  0.966     0     0    15
Termination                              1      0.352803      0.352967      0.352946      0.000038  0.022     0     0    15
Ocean Initialization                     2      0.181620      0.184321      0.182782      0.000922  0.012    11     0    15
Ocean                                   75     14.920133     14.921232     14.920748      0.000380  0.940     1     0    15
Ocean dynamics                         300     14.446268     14.474952     14.462085      0.009660  0.911    11     0    15
Ocean thermodynamics and tracers       225      0.025936      0.028114      0.026780      0.000599  0.002    11     0    15
Ocean grid generation and remapp         0      0.000000      0.000000      0.000000      0.000000  0.000    11     0    15
Ocean Other                            450      0.299926      0.332176      0.315578      0.009000  0.020    11     0    15
(Ocean tracer advection)               150      0.017645      0.019660      0.018551      0.000545  0.001    21     0    15
(Ocean adiabatic driver)                75      0.007482      0.008498      0.008179      0.000304  0.001    21     0    15
(Ocean continuity equation *)            0      0.000000      0.000000      0.000000      0.000000  0.000    31     0    15
(Ocean set BBL viscosity)               75      0.211150      0.252157      0.236002      0.012429  0.015    31     0    15
(Ocean message passing *)              150      0.067067      0.111581      0.093568      0.009895  0.006    31     0    15
(Ocean MOM_initialize_state)             2      0.005116      0.007290      0.005605      0.000472  0.000    31     0    15
(Ocean init message passing *)           2      0.000956      0.001844      0.001431      0.000256  0.000    41     0    15
(Ocean mixed layer restrat)              0      0.000000      0.000000      0.000000      0.000000  0.000    31     0    15
(Ocean collective diagnostics)         375      0.236188      0.260223      0.243230      0.006444  0.015    31     0    15
(Ocean Z-space diagnostics)              0      0.000000      0.000000      0.000000      0.000000  0.000    31     0    15
(Ocean ALE)                              0      0.000000      0.000000      0.000000      0.000000  0.000    31     0    15
(Stochastic EOS)                       150      0.000011      0.000018      0.000013      0.000002  0.000    31     0    15
(SGS Temperature Variance)             150      0.000007      0.000009      0.000008      0.000000  0.000    31     0    15
(Ocean diagnostics framework)          600      0.363645      0.406544      0.373511      0.010101  0.024    31     0    15
(Ocean diagnostics remapping)            0      0.000000      0.000000      0.000000      0.000000  0.000    41     0    15
(Ocean diagnostics grid updates)       526      0.024597      0.029117      0.027587      0.001379  0.002    41     0    15
(Ocean init message passing)             4      0.001671      0.004534      0.003598      0.000717  0.000    41     0    15
(Ocean continuity reconstruction       902      0.524589      0.565585      0.540597      0.012651  0.034    41     0    15
(Ocean continuity update)              902      0.092537      0.123432      0.107676      0.010074  0.007    41     0    15
(Ocean continuity correction)          902      3.906367      4.368802      4.193795      0.132414  0.264    41     0    15
(Ocean BT pre-calcs only)             1200      1.472913      1.557291      1.511207      0.029837  0.095    41     0    15
(Ocean BT pre-step halo updates)      1200      0.060959      0.356218      0.267044      0.064532  0.017    41     0    15
(Ocean BT stepping calcs only)         600      0.034924      0.043056      0.038225      0.002756  0.002    41     0    15
(Ocean BT stepping halo updates)       300      0.005064      0.035205      0.016791      0.012219  0.001    41     0    15
(Ocean BT post-calcs only)             900      0.206622      0.215555      0.208958      0.002248  0.013    41     0    15
(Ocean BT post-step halo updates       600      0.011930      0.018019      0.015893      0.001854  0.001    41     0    15
(Ocean BT global synch)                  0      0.000000      0.000000      0.000000      0.000000  0.000    41     0    15
(Ocean Coriolis & mom advection)       300      0.500063      0.527996      0.507762      0.006732  0.032    31     0    15
(Ocean continuity equation)            450      4.524892      5.053468      4.840736      0.143654  0.305    31     0    15
(Ocean pressure force)                 150      0.372676      0.417493      0.392191      0.010166  0.025    31     0    15
(Ocean vertical viscosity)             450      3.540258      3.734031      3.640103      0.064487  0.229    31     0    15
(Ocean horizontal viscosity)           150      0.888642      0.948110      0.902659      0.014828  0.057    31     0    15
(Ocean momentum increments)            300      0.233102      0.244813      0.237370      0.003451  0.015    31     0    15
(Ocean message passing)               1350      0.595939      1.228482      0.869856      0.147546  0.055    31     0    15
(Ocean barotropic mode calc)           300      0.022044      0.025418      0.023977      0.001030  0.002    31     0    15
(Ocean barotropic mode stepping)       300      1.893885      2.177572      2.060164      0.076470  0.130    31     0    15
(Ocean barotropic forcing calc)        300      0.176978      0.211665      0.201503      0.007791  0.013    31     0    15
(Ocean advect tracer)                    0      0.000000      0.000000      0.000000      0.000000  0.000    31     0    15
(Ocean tracer halo updates)              0      0.000000      0.000000      0.000000      0.000000  0.000    41     0    15
(Ocean tracer global synch)              0      0.000000      0.000000      0.000000      0.000000  0.000    41     0    15
(Ocean diffuse tracer)                   0      0.000000      0.000000      0.000000      0.000000  0.000    31     0    15
(Ocean epipycnal diffuse tracer)         0      0.000000      0.000000      0.000000      0.000000  0.000    31     0    15
(Ocean surface forcing)                 76      0.001318      0.002172      0.001408      0.000199  0.000    31     0    15
(Ocean forcing diagnostics)            150      0.000187      0.000737      0.000421      0.000185  0.000    41     0    15
 MPP_STACK high water mark=           0
