NOTE: MPP_DOMAINS_SET_STACK_SIZE: stack size set to    32768.
NOTE: MPP_DOMAINS_SET_STACK_SIZE: stack size set to  4000000.
NOTE: ======== Model being driven by MOM_driver ========
NOTE: callTree: o Program MOM_main, MOM_driver.F90
NOTE: fms_affinity_set: OCEAN affinity assumes hyper-threading hardware disabled
 MOM_domains_mod OMPthreading             0            0            1
NOTE: open_param_file: MOM_input has been opened successfully.
NOTE: open_param_file: MOM_override has been opened successfully.

WARNING: MOM_file_parser : DT over-ridden.  Line: 'DT = 37' in file MOM_override.


WARNING: MOM_file_parser : DT_THERM over-ridden.  Line: 'DT_THERM = 75' in file MOM_override.

NOTE: fms_affinity_set: OCEAN affinity assumes hyper-threading hardware disabled
 MOM_domains_mod OMPthreading             0            0            1

WARNING: MOM_file_parser : NIGLOBAL over-ridden.  Line: 'NIGLOBAL = 1024' in file MOM_override.


WARNING: MOM_file_parser : NJGLOBAL over-ridden.  Line: 'NJGLOBAL = 1024' in file MOM_override.

 MOM_in domain decomposition
whalo =    4, ehalo =    4, shalo =    4, nhalo =    4
  X-AXIS = 1024
  Y-AXIS = 1024
 MOM_inc domain decomposition
whalo =    2, ehalo =    2, shalo =    2, nhalo =    2
  X-AXIS =  512
  Y-AXIS =  512
NOTE: diag_manager_mod::diag_manager_init: prepend_date only supported when diag_manager_init is called with time_init present.
NOTE: diag_manager_mod::diag_manager_init: You are using the legacy version of the diag table
 MOM_in domain decomposition
whalo =    4, ehalo =    4, shalo =    4, nhalo =    4
  X-AXIS = 1024
  Y-AXIS = 1024
 MOM_in domain decomposition
whalo =    2, ehalo =    2, shalo =    2, nhalo =    2
  X-AXIS =  512
  Y-AXIS =  512

WARNING: MOM_file_parser : NK over-ridden.  Line: 'NK = 100' in file MOM_override.

 MOM_in domain decomposition
whalo =    4, ehalo =    4, shalo =    4, nhalo =    4
  X-AXIS = 1024
  Y-AXIS = 1024
 MOM_in domain decomposition
whalo =    2, ehalo =    2, shalo =    2, nhalo =    2
  X-AXIS =  512
  Y-AXIS =  512

WARNING: Open_file is appending .nc to the filename ./ocean_geometry


WARNING: MOM_file_parser : COORD_CONFIG over-ridden.  Line: 'COORD_CONFIG = "linear"' in file MOM_override.

 MOM_in domain decomposition
whalo =    4, ehalo =    4, shalo =    4, nhalo =    4
  X-AXIS = 1024
  Y-AXIS = 1024
 MOM_in domain decomposition
whalo =    2, ehalo =    2, shalo =    2, nhalo =    2
  X-AXIS =  512
  Y-AXIS =  512
 MOM_in domain decomposition
whalo =    4, ehalo =    4, shalo =    4, nhalo =    4
  X-AXIS = 1024
  Y-AXIS = 1024
 MOM_in domain decomposition
whalo =    2, ehalo =    2, shalo =    2, nhalo =    2
  X-AXIS =  512
  Y-AXIS =  512

WARNING: ./Depth_list.nc checksums do not match; updating file.


WARNING: MOM_file_parser : DT_FORCING over-ridden.  Line: 'DT_FORCING = 75' in file MOM_override.


WARNING: MOM_file_parser : DAYMAX over-ridden.  Line: 'DAYMAX = 150' in file MOM_override.


WARNING: Unused line in MOM_input : GINT = 0.0098


WARNING: open_ASCII_file: File ./CPU_stats opened WRITEONLY already exists!


WARNING: open_ASCII_file: File ./ocean.stats opened WRITEONLY already exists!

MOM Time       0.000      0: En 9.167942E-12, MaxCFL  0.00000, Mass 5.286411564124E+18
    Total Energy: 41871C3366D4AF1F  4.8465516853849642E+07
    Total Mass:   5.2864115641239173E+18, Change:   0.0000000000000000E+00 Error:  0.00000E+00 ( 0.0E+00)
MOM Time      50.676     75: En 9.561068E-07, MaxCFL  0.00036, Mass 5.286411564124E+18
    Total Energy: 42926340A17B04FF  5.0543738467212490E+12
    Total Mass:   5.2864115641239173E+18, Change:   1.3339277409400465E+01 Error:  1.33393E+01 ( 2.5E-18)
MOM Time      99.324    147: En 3.499944E-06, MaxCFL  0.00068, Mass 5.286411564124E+18
    Total Energy: 42B0D3DDE234390C  1.8502146733113047E+13
    Total Mass:   5.2864115641239173E+18, Change:  -4.4102129870301088E+00 Error: -4.41021E+00 (-8.3E-19)
 MOM_in domain decomposition
whalo =    4, ehalo =    4, shalo =    4, nhalo =    4
  X-AXIS = 1024
  Y-AXIS = 1024
 MOM_in domain decomposition
whalo =    2, ehalo =    2, shalo =    2, nhalo =    2
  X-AXIS =  512
  Y-AXIS =  512
 MOM_in domain decomposition
whalo =    4, ehalo =    4, shalo =    4, nhalo =    4
  X-AXIS = 1024
  Y-AXIS = 1024
 MOM_in domain decomposition
whalo =    2, ehalo =    2, shalo =    2, nhalo =    2
  X-AXIS =  512
  Y-AXIS =  512
 MOM_in domain decomposition
whalo =    4, ehalo =    4, shalo =    4, nhalo =    4
  X-AXIS = 1024
  Y-AXIS = 1024
 MOM_in domain decomposition
whalo =    2, ehalo =    2, shalo =    2, nhalo =    2
  X-AXIS =  512
  Y-AXIS =  512
 MOM_in domain decomposition
whalo =    4, ehalo =    4, shalo =    4, nhalo =    4
  X-AXIS = 1024
  Y-AXIS = 1024
 MOM_in domain decomposition
whalo =    2, ehalo =    2, shalo =    2, nhalo =    2
  X-AXIS =  512
  Y-AXIS =  512
MOM Time     150.000    222: En 7.572532E-06, MaxCFL  0.00098, Mass 5.286411564124E+18
    Total Energy: 42C234483CF979F8  4.0031519109875938E+13
    Total Mass:   5.2864115641239173E+18, Change:  -1.3212364828618328E+00 Error: -1.32124E+00 (-2.5E-19)
 MOM_in domain decomposition
whalo =    4, ehalo =    4, shalo =    4, nhalo =    4
  X-AXIS = 1024
  Y-AXIS = 1024
 MOM_in domain decomposition
whalo =    2, ehalo =    2, shalo =    2, nhalo =    2
  X-AXIS =  512
  Y-AXIS =  512
 MOM_in domain decomposition
whalo =    4, ehalo =    4, shalo =    4, nhalo =    4
  X-AXIS = 1024
  Y-AXIS = 1024
 MOM_in domain decomposition
whalo =    2, ehalo =    2, shalo =    2, nhalo =    2
  X-AXIS =  512
  Y-AXIS =  512

WARNING: open_ASCII_file: File RESTART/ocean_solo.res opened WRITEONLY already exists!


WARNING: open_ASCII_file: File exitcode opened WRITEONLY already exists!

 MPP_DOMAINS_STACK high water mark=            0

Tabulating mpp_clock statistics across      1 PEs...

                                      hits          tmin          tmax          tavg          tstd  tfrac grain pemin pemax
Total runtime                            1    806.563143    806.563143    806.563143      0.000000  1.000     0     0     0
Initialization                           1     38.547994     38.547994     38.547994      0.000000  0.048     0     0     0
Main loop                                1    713.626902    713.626902    713.626902      0.000000  0.885     0     0     0
Termination                              1     54.113502     54.113502     54.113502      0.000000  0.067     0     0     0
Ocean Initialization                     2     42.827672     42.827672     42.827672      0.000000  0.053    11     0     0
Ocean                                   74    600.788706    600.788706    600.788706      0.000000  0.745     1     0     0
Ocean dynamics                         444    382.735684    382.735684    382.735684      0.000000  0.475    11     0     0
Ocean thermodynamics and tracers       222     42.317703     42.317703     42.317703      0.000000  0.052    11     0     0
Ocean grid generation and remapp         0      0.000000      0.000000      0.000000      0.000000  0.000    11     0     0
Ocean Other                            518     93.520338     93.520338     93.520338      0.000000  0.116    11     0     0
(Ocean tracer advection)               148     14.447083     14.447083     14.447083      0.000000  0.018    21     0     0
(Ocean adiabatic driver)                74     27.870069     27.870069     27.870069      0.000000  0.035    21     0     0
(Ocean continuity equation *)            0      0.000000      0.000000      0.000000      0.000000  0.000    31     0     0
(Ocean set BBL viscosity)               74    107.066389    107.066389    107.066389      0.000000  0.133    31     0     0
(Ocean message passing *)              148      0.011597      0.011597      0.011597      0.000000  0.000    31     0     0
(Ocean MOM_initialize_state)             2      1.055942      1.055942      1.055942      0.000000  0.001    31     0     0
(Ocean init message passing *)           2      0.004370      0.004370      0.004370      0.000000  0.000    41     0     0
(Ocean mixed layer restrat)              0      0.000000      0.000000      0.000000      0.000000  0.000    31     0     0
(Ocean collective diagnostics)         444     47.163583     47.163583     47.163583      0.000000  0.058    31     0     0
(Ocean Z-space diagnostics)              0      0.000000      0.000000      0.000000      0.000000  0.000    31     0     0
(Ocean ALE)                              0      0.000000      0.000000      0.000000      0.000000  0.000    31     0     0
(Stochastic EOS)                       222      0.000021      0.000021      0.000021      0.000000  0.000    31     0     0
(SGS Temperature Variance)             222      0.000009      0.000009      0.000009      0.000000  0.000    31     0     0
(Ocean diagnostics framework)            0      0.000000      0.000000      0.000000      0.000000  0.000    31     0     0
(Ocean diagnostics remapping)            0      0.000000      0.000000      0.000000      0.000000  0.000    41     0     0
(Ocean diagnostics grid updates)       741     64.684990     64.684990     64.684990      0.000000  0.080    41     0     0
(Ocean init message passing)             4      0.004991      0.004991      0.004991      0.000000  0.000    41     0     0
(Ocean continuity reconstruction      1334      5.493488      5.493488      5.493488      0.000000  0.007    41     0     0
(Ocean continuity update)             1334      3.174297      3.174297      3.174297      0.000000  0.004    41     0     0
(Ocean continuity correction)         1334     37.654605     37.654605     37.654605      0.000000  0.047    41     0     0
(Ocean BT pre-calcs only)             1776      4.880156      4.880156      4.880156      0.000000  0.006    41     0     0
(Ocean BT pre-step halo updates)      1776      0.046349      0.046349      0.046349      0.000000  0.000    41     0     0
(Ocean BT stepping calcs only)         888      0.828400      0.828400      0.828400      0.000000  0.001    41     0     0
(Ocean BT stepping halo updates)       444      0.001717      0.001717      0.001717      0.000000  0.000    41     0     0
(Ocean BT post-calcs only)            1332      1.752561      1.752561      1.752561      0.000000  0.002    41     0     0
(Ocean BT post-step halo updates       888      0.002742      0.002742      0.002742      0.000000  0.000    41     0     0
(Ocean BT global synch)                  0      0.000000      0.000000      0.000000      0.000000  0.000    41     0     0
(Ocean Coriolis & mom advection)       444     22.637335     22.637335     22.637335      0.000000  0.028    31     0     0
(Ocean continuity equation)            666     44.153669     44.153669     44.153669      0.000000  0.055    31     0     0
(Ocean pressure force)                 222      4.315854      4.315854      4.315854      0.000000  0.005    31     0     0
(Ocean vertical viscosity)             666     47.537233     47.537233     47.537233      0.000000  0.059    31     0     0
(Ocean horizontal viscosity)           222     12.718465     12.718465     12.718465      0.000000  0.016    31     0     0
(Ocean momentum increments)            444      1.151000      1.151000      1.151000      0.000000  0.001    31     0     0
(Ocean message passing)               1998      0.015511      0.015511      0.015511      0.000000  0.000    31     0     0
(Ocean barotropic mode calc)           444      0.213017      0.213017      0.213017      0.000000  0.000    31     0     0
(Ocean barotropic mode stepping)       444      7.836002      7.836002      7.836002      0.000000  0.010    31     0     0
(Ocean barotropic forcing calc)        444      1.108963      1.108963      1.108963      0.000000  0.001    31     0     0
(Ocean advect tracer)                    0      0.000000      0.000000      0.000000      0.000000  0.000    31     0     0
(Ocean tracer halo updates)              0      0.000000      0.000000      0.000000      0.000000  0.000    41     0     0
(Ocean tracer global synch)              0      0.000000      0.000000      0.000000      0.000000  0.000    41     0     0
(Ocean diffuse tracer)                   0      0.000000      0.000000      0.000000      0.000000  0.000    31     0     0
(Ocean epipycnal diffuse tracer)         0      0.000000      0.000000      0.000000      0.000000  0.000    31     0     0
(Ocean surface forcing)                 75      0.074583      0.074583      0.074583      0.000000  0.000    31     0     0
(Ocean forcing diagnostics)            148      0.001115      0.001115      0.001115      0.000000  0.000    41     0     0
 MPP_STACK high water mark=            0
