NOTE: MPP_DOMAINS_SET_STACK_SIZE: stack size set to    32768.
NOTE: MPP_DOMAINS_SET_STACK_SIZE: stack size set to  4000000.
NOTE: ======== Model being driven by MOM_driver ========
NOTE: callTree: o Program MOM_main, MOM_driver.F90
NOTE: fms_affinity_set: OCEAN affinity assumes hyper-threading hardware disabled
 MOM_domains_mod OMPthreading             0            0            1
NOTE: open_param_file: MOM_input has been opened successfully.
NOTE: open_param_file: MOM_override has been opened successfully.

WARNING: MOM_file_parser : DT over-ridden.  Line: 'DT = 1200' in file MOM_override.


WARNING: MOM_file_parser : DT_THERM over-ridden.  Line: 'DT_THERM = 2400' in file MOM_override.

NOTE: fms_affinity_set: OCEAN affinity assumes hyper-threading hardware disabled
 MOM_domains_mod OMPthreading             0            0            1

WARNING: MOM_file_parser : NIGLOBAL over-ridden.  Line: 'NIGLOBAL = 32' in file MOM_override.


WARNING: MOM_file_parser : NJGLOBAL over-ridden.  Line: 'NJGLOBAL = 32' in file MOM_override.

 MOM_in domain decomposition
whalo =    4, ehalo =    4, shalo =    4, nhalo =    4
  X-AXIS =   32
  Y-AXIS =   32
 MOM_inc domain decomposition
whalo =    2, ehalo =    2, shalo =    2, nhalo =    2
  X-AXIS =   16
  Y-AXIS =   16
NOTE: diag_manager_mod::diag_manager_init: prepend_date only supported when diag_manager_init is called with time_init present.
NOTE: diag_manager_mod::diag_manager_init: You are using the legacy version of the diag table
 MOM_in domain decomposition
whalo =    4, ehalo =    4, shalo =    4, nhalo =    4
  X-AXIS =   32
  Y-AXIS =   32
 MOM_in domain decomposition
whalo =    2, ehalo =    2, shalo =    2, nhalo =    2
  X-AXIS =   16
  Y-AXIS =   16

WARNING: MOM_file_parser : NK over-ridden.  Line: 'NK = 100' in file MOM_override.

 MOM_in domain decomposition
whalo =    4, ehalo =    4, shalo =    4, nhalo =    4
  X-AXIS =   32
  Y-AXIS =   32
 MOM_in domain decomposition
whalo =    2, ehalo =    2, shalo =    2, nhalo =    2
  X-AXIS =   16
  Y-AXIS =   16

WARNING: Open_file is appending .nc to the filename ./ocean_geometry


WARNING: MOM_file_parser : COORD_CONFIG over-ridden.  Line: 'COORD_CONFIG = "linear"' in file MOM_override.

 MOM_in domain decomposition
whalo =    4, ehalo =    4, shalo =    4, nhalo =    4
  X-AXIS =   32
  Y-AXIS =   32
 MOM_in domain decomposition
whalo =    2, ehalo =    2, shalo =    2, nhalo =    2
  X-AXIS =   16
  Y-AXIS =   16
 MOM_in domain decomposition
whalo =    4, ehalo =    4, shalo =    4, nhalo =    4
  X-AXIS =   32
  Y-AXIS =   32
 MOM_in domain decomposition
whalo =    2, ehalo =    2, shalo =    2, nhalo =    2
  X-AXIS =   16
  Y-AXIS =   16

WARNING: ./Depth_list.nc checksums do not match; updating file.


WARNING: MOM_file_parser : DT_FORCING over-ridden.  Line: 'DT_FORCING = 2400' in file MOM_override.


WARNING: MOM_file_parser : DAYMAX over-ridden.  Line: 'DAYMAX = 150' in file MOM_override.


WARNING: Unused line in MOM_input : GINT = 0.0098


WARNING: open_ASCII_file: File ./CPU_stats opened WRITEONLY already exists!


WARNING: open_ASCII_file: File ./ocean.stats opened WRITEONLY already exists!

MOM Time       0.000      0: En 9.113220E-12, MaxCFL  0.00000, Mass 5.289326887310E+18
    Total Energy: 4186FC216CCDC25B  4.8202797600468360E+07
    Total Mass:   5.2893268873103186E+18, Change:   0.0000000000000000E+00 Error:  0.00000E+00 ( 0.0E+00)
MOM Time      50.000     50: En 2.415596E-05, MaxCFL  0.00149, Mass 5.289326887310E+18
    Total Energy: 42DD0D1F2A29D9E5  1.2776877854909558E+14
    Total Mass:   5.2893268873103186E+18, Change:  -3.2489718101283984E+01 Error: -3.24897E+01 (-6.1E-18)
MOM Time     100.000    100: En 4.397203E-05, MaxCFL  0.00199, Mass 5.289326887310E+18
    Total Energy: 42EA710A0C2A259E  2.3258241756804494E+14
    Total Mass:   5.2893268873103186E+18, Change:  -1.6667922669287236E+00 Error: -1.66679E+00 (-3.2E-19)
 MOM_in domain decomposition
whalo =    4, ehalo =    4, shalo =    4, nhalo =    4
  X-AXIS =   32
  Y-AXIS =   32
 MOM_in domain decomposition
whalo =    2, ehalo =    2, shalo =    2, nhalo =    2
  X-AXIS =   16
  Y-AXIS =   16
 MOM_in domain decomposition
whalo =    4, ehalo =    4, shalo =    4, nhalo =    4
  X-AXIS =   32
  Y-AXIS =   32
 MOM_in domain decomposition
whalo =    2, ehalo =    2, shalo =    2, nhalo =    2
  X-AXIS =   16
  Y-AXIS =   16
MOM Time     150.000    150: En 5.361893E-05, MaxCFL  0.00234, Mass 5.289326887310E+18
    Total Energy: 42F01F0A513CFEBD  2.8360805002852381E+14
    Total Mass:   5.2893268873103176E+18, Change:  -6.9955885128125033E+00 Error: -6.99559E+00 (-1.3E-18)
 MOM_in domain decomposition
whalo =    4, ehalo =    4, shalo =    4, nhalo =    4
  X-AXIS =   32
  Y-AXIS =   32
 MOM_in domain decomposition
whalo =    2, ehalo =    2, shalo =    2, nhalo =    2
  X-AXIS =   16
  Y-AXIS =   16

WARNING: open_ASCII_file: File RESTART/ocean_solo.res opened WRITEONLY already exists!


WARNING: open_ASCII_file: File exitcode opened WRITEONLY already exists!

 MPP_DOMAINS_STACK high water mark=            0

Tabulating mpp_clock statistics across      1 PEs...

                                      hits          tmin          tmax          tavg          tstd  tfrac grain pemin pemax
Total runtime                            1      8.535947      8.535947      8.535947      0.000000  1.000     0     0     0
Initialization                           1      0.617030      0.617030      0.617030      0.000000  0.072     0     0     0
Main loop                                1      7.851557      7.851557      7.851557      0.000000  0.920     0     0     0
Termination                              1      0.052052      0.052052      0.052052      0.000000  0.006     0     0     0
Ocean Initialization                     2      0.589304      0.589304      0.589304      0.000000  0.069    11     0     0
Ocean                                   75      7.674682      7.674682      7.674682      0.000000  0.899     1     0     0
Ocean dynamics                         300      7.518195      7.518195      7.518195      0.000000  0.881    11     0     0
Ocean thermodynamics and tracers       225      0.027148      0.027148      0.027148      0.000000  0.003    11     0     0
Ocean grid generation and remapp         0      0.000000      0.000000      0.000000      0.000000  0.000    11     0     0
Ocean Other                            450      0.059773      0.059773      0.059773      0.000000  0.007    11     0     0
(Ocean tracer advection)               150      0.023797      0.023797      0.023797      0.000000  0.003    21     0     0
(Ocean adiabatic driver)                75      0.003013      0.003013      0.003013      0.000000  0.000    21     0     0
(Ocean continuity equation *)            0      0.000000      0.000000      0.000000      0.000000  0.000    31     0     0
(Ocean set BBL viscosity)               75      0.110589      0.110589      0.110589      0.000000  0.013    31     0     0
(Ocean message passing *)              150      0.001635      0.001635      0.001635      0.000000  0.000    31     0     0
(Ocean MOM_initialize_state)             2      0.018038      0.018038      0.018038      0.000000  0.002    31     0     0
(Ocean init message passing *)           2      0.003814      0.003814      0.003814      0.000000  0.000    41     0     0
(Ocean mixed layer restrat)              0      0.000000      0.000000      0.000000      0.000000  0.000    31     0     0
(Ocean collective diagnostics)         375      0.014484      0.014484      0.014484      0.000000  0.002    31     0     0
(Ocean Z-space diagnostics)              0      0.000000      0.000000      0.000000      0.000000  0.000    31     0     0
(Ocean ALE)                              0      0.000000      0.000000      0.000000      0.000000  0.000    31     0     0
(Stochastic EOS)                       150      0.000011      0.000011      0.000011      0.000000  0.000    31     0     0
(SGS Temperature Variance)             150      0.000006      0.000006      0.000006      0.000000  0.000    31     0     0
(Ocean diagnostics framework)            0      0.000000      0.000000      0.000000      0.000000  0.000    31     0     0
(Ocean diagnostics remapping)            0      0.000000      0.000000      0.000000      0.000000  0.000    41     0     0
(Ocean diagnostics grid updates)       526      0.064467      0.064467      0.064467      0.000000  0.008    41     0     0
(Ocean init message passing)             4      0.000061      0.000061      0.000061      0.000000  0.000    41     0     0
(Ocean continuity reconstruction       902      0.051845      0.051845      0.051845      0.000000  0.006    41     0     0
(Ocean continuity update)              902      0.061404      0.061404      0.061404      0.000000  0.007    41     0     0
(Ocean continuity correction)          902      0.701098      0.701098      0.701098      0.000000  0.082    41     0     0
(Ocean BT pre-calcs only)             1200      0.207857      0.207857      0.207857      0.000000  0.024    41     0     0
(Ocean BT pre-step halo updates)      1200      0.016512      0.016512      0.016512      0.000000  0.002    41     0     0
(Ocean BT stepping calcs only)         600      0.193645      0.193645      0.193645      0.000000  0.023    41     0     0
(Ocean BT stepping halo updates)       300      0.000906      0.000906      0.000906      0.000000  0.000    41     0     0
(Ocean BT post-calcs only)             900      0.018009      0.018009      0.018009      0.000000  0.002    41     0     0
(Ocean BT post-step halo updates       600      0.001523      0.001523      0.001523      0.000000  0.000    41     0     0
(Ocean BT global synch)                  0      0.000000      0.000000      0.000000      0.000000  0.000    41     0     0
(Ocean Coriolis & mom advection)       300      0.154463      0.154463      0.154463      0.000000  0.018    31     0     0
(Ocean continuity equation)            450      0.755115      0.755115      0.755115      0.000000  0.088    31     0     0
(Ocean pressure force)                 150      0.862905      0.862905      0.862905      0.000000  0.101    31     0     0
(Ocean vertical viscosity)             450      1.154309      1.154309      1.154309      0.000000  0.135    31     0     0
(Ocean horizontal viscosity)           150      3.825663      3.825663      3.825663      0.000000  0.448    31     0     0
(Ocean momentum increments)            300      0.008137      0.008137      0.008137      0.000000  0.001    31     0     0
(Ocean message passing)               1350      0.004354      0.004354      0.004354      0.000000  0.001    31     0     0
(Ocean barotropic mode calc)           300      0.007766      0.007766      0.007766      0.000000  0.001    31     0     0
(Ocean barotropic mode stepping)       300      0.452795      0.452795      0.452795      0.000000  0.053    31     0     0
(Ocean barotropic forcing calc)        300      0.007390      0.007390      0.007390      0.000000  0.001    31     0     0
(Ocean advect tracer)                    0      0.000000      0.000000      0.000000      0.000000  0.000    31     0     0
(Ocean tracer halo updates)              0      0.000000      0.000000      0.000000      0.000000  0.000    41     0     0
(Ocean tracer global synch)              0      0.000000      0.000000      0.000000      0.000000  0.000    41     0     0
(Ocean diffuse tracer)                   0      0.000000      0.000000      0.000000      0.000000  0.000    31     0     0
(Ocean epipycnal diffuse tracer)         0      0.000000      0.000000      0.000000      0.000000  0.000    31     0     0
(Ocean surface forcing)                 76      0.010683      0.010683      0.010683      0.000000  0.001    31     0     0
(Ocean forcing diagnostics)            150      0.000995      0.000995      0.000995      0.000000  0.000    41     0     0
 MPP_STACK high water mark=            0
