NOTE: MPP_DOMAINS_SET_STACK_SIZE: stack size set to    32768.
NOTE: MPP_DOMAINS_SET_STACK_SIZE: stack size set to  4000000.
NOTE: ======== Model being driven by MOM_driver ========
NOTE: callTree: o Program MOM_main, MOM_driver.F90
NOTE: fms_affinity_set: OCEAN affinity assumes hyper-threading hardware disabled
 MOM_domains_mod OMPthreading             0            0            1
NOTE: open_param_file: MOM_input has been opened successfully.
NOTE: open_param_file: MOM_override has been opened successfully.

WARNING: MOM_file_parser : DT over-ridden.  Line: 'DT = 600' in file MOM_override.


WARNING: MOM_file_parser : DT_THERM over-ridden.  Line: 'DT_THERM = 1200' in file MOM_override.

NOTE: fms_affinity_set: OCEAN affinity assumes hyper-threading hardware disabled
 MOM_domains_mod OMPthreading             0            0            1

WARNING: MOM_file_parser : NIGLOBAL over-ridden.  Line: 'NIGLOBAL = 64' in file MOM_override.


WARNING: MOM_file_parser : NJGLOBAL over-ridden.  Line: 'NJGLOBAL = 64' in file MOM_override.

 MOM_in domain decomposition
whalo =    4, ehalo =    4, shalo =    4, nhalo =    4
  X-AXIS =   64
  Y-AXIS =   64
 MOM_inc domain decomposition
whalo =    2, ehalo =    2, shalo =    2, nhalo =    2
  X-AXIS =   32
  Y-AXIS =   32
NOTE: diag_manager_mod::diag_manager_init: prepend_date only supported when diag_manager_init is called with time_init present.
NOTE: diag_manager_mod::diag_manager_init: You are using the legacy version of the diag table
 MOM_in domain decomposition
whalo =    4, ehalo =    4, shalo =    4, nhalo =    4
  X-AXIS =   64
  Y-AXIS =   64
 MOM_in domain decomposition
whalo =    2, ehalo =    2, shalo =    2, nhalo =    2
  X-AXIS =   32
  Y-AXIS =   32

WARNING: MOM_file_parser : NK over-ridden.  Line: 'NK = 100' in file MOM_override.

 MOM_in domain decomposition
whalo =    4, ehalo =    4, shalo =    4, nhalo =    4
  X-AXIS =   64
  Y-AXIS =   64
 MOM_in domain decomposition
whalo =    2, ehalo =    2, shalo =    2, nhalo =    2
  X-AXIS =   32
  Y-AXIS =   32

WARNING: Open_file is appending .nc to the filename ./ocean_geometry


WARNING: MOM_file_parser : COORD_CONFIG over-ridden.  Line: 'COORD_CONFIG = "linear"' in file MOM_override.

 MOM_in domain decomposition
whalo =    4, ehalo =    4, shalo =    4, nhalo =    4
  X-AXIS =   64
  Y-AXIS =   64
 MOM_in domain decomposition
whalo =    2, ehalo =    2, shalo =    2, nhalo =    2
  X-AXIS =   32
  Y-AXIS =   32
 MOM_in domain decomposition
whalo =    4, ehalo =    4, shalo =    4, nhalo =    4
  X-AXIS =   64
  Y-AXIS =   64
 MOM_in domain decomposition
whalo =    2, ehalo =    2, shalo =    2, nhalo =    2
  X-AXIS =   32
  Y-AXIS =   32

WARNING: ./Depth_list.nc checksums do not match; updating file.


WARNING: MOM_file_parser : DT_FORCING over-ridden.  Line: 'DT_FORCING = 1200' in file MOM_override.


WARNING: MOM_file_parser : DAYMAX over-ridden.  Line: 'DAYMAX = 150' in file MOM_override.


WARNING: Unused line in MOM_input : GINT = 0.0098


WARNING: open_ASCII_file: File ./CPU_stats opened WRITEONLY already exists!


WARNING: open_ASCII_file: File ./ocean.stats opened WRITEONLY already exists!

MOM Time       0.000      0: En 9.154261E-12, MaxCFL  0.00000, Mass 5.287164009544E+18
    Total Energy: 418714367417D6D3  4.8400078511640213E+07
    Total Mass:   5.2871640095440794E+18, Change:   0.0000000000000000E+00 Error:  0.00000E+00 ( 0.0E+00)
MOM Time      50.000     50: En 7.965248E-05, MaxCFL  0.00255, Mass 5.287164009544E+18
    Total Energy: 42F7F054BEF41139  4.2113570224565156E+14
    Total Mass:   5.2871640095440794E+18, Change:   3.5508025229738436E+01 Error:  3.55080E+01 ( 6.7E-18)
MOM Time     100.000    100: En 2.341340E-05, MaxCFL  0.00134, Mass 5.287164009544E+18
    Total Energy: 42DC258DE04E9D81  1.2379047862130202E+14
    Total Mass:   5.2871640095440794E+18, Change:  -1.5851498452006183E+00 Error: -1.58515E+00 (-3.0E-19)
 MOM_in domain decomposition
whalo =    4, ehalo =    4, shalo =    4, nhalo =    4
  X-AXIS =   64
  Y-AXIS =   64
 MOM_in domain decomposition
whalo =    2, ehalo =    2, shalo =    2, nhalo =    2
  X-AXIS =   32
  Y-AXIS =   32
 MOM_in domain decomposition
whalo =    4, ehalo =    4, shalo =    4, nhalo =    4
  X-AXIS =   64
  Y-AXIS =   64
 MOM_in domain decomposition
whalo =    2, ehalo =    2, shalo =    2, nhalo =    2
  X-AXIS =   32
  Y-AXIS =   32
MOM Time     150.000    150: En 5.699715E-05, MaxCFL  0.00205, Mass 5.287164009544E+18
    Total Energy: 42F121447F07CAB8  3.0135329229943550E+14
    Total Mass:   5.2871640095440794E+18, Change:   6.1137131861701874E+00 Error:  6.11371E+00 ( 1.2E-18)
 MOM_in domain decomposition
whalo =    4, ehalo =    4, shalo =    4, nhalo =    4
  X-AXIS =   64
  Y-AXIS =   64
 MOM_in domain decomposition
whalo =    2, ehalo =    2, shalo =    2, nhalo =    2
  X-AXIS =   32
  Y-AXIS =   32

WARNING: open_ASCII_file: File RESTART/ocean_solo.res opened WRITEONLY already exists!


WARNING: open_ASCII_file: File exitcode opened WRITEONLY already exists!

 MPP_DOMAINS_STACK high water mark=            0

Tabulating mpp_clock statistics across      1 PEs...

                                      hits          tmin          tmax          tavg          tstd  tfrac grain pemin pemax
Total runtime                            1      9.857647      9.857647      9.857647      0.000000  1.000     0     0     0
Initialization                           1      0.444972      0.444972      0.444972      0.000000  0.045     0     0     0
Main loop                                1      9.253727      9.253727      9.253727      0.000000  0.939     0     0     0
Termination                              1      0.157377      0.157377      0.157377      0.000000  0.016     0     0     0
Ocean Initialization                     2      0.463666      0.463666      0.463666      0.000000  0.047    11     0     0
Ocean                                   75      8.918237      8.918237      8.918237      0.000000  0.905     1     0     0
Ocean dynamics                         300      8.416980      8.416980      8.416980      0.000000  0.854    11     0     0
Ocean thermodynamics and tracers       225      0.077174      0.077174      0.077174      0.000000  0.008    11     0     0
Ocean grid generation and remapp         0      0.000000      0.000000      0.000000      0.000000  0.000    11     0     0
Ocean Other                            450      0.204184      0.204184      0.204184      0.000000  0.021    11     0     0
(Ocean tracer advection)               150      0.068869      0.068869      0.068869      0.000000  0.007    21     0     0
(Ocean adiabatic driver)                75      0.008248      0.008248      0.008248      0.000000  0.001    21     0     0
(Ocean continuity equation *)            0      0.000000      0.000000      0.000000      0.000000  0.000    31     0     0
(Ocean set BBL viscosity)               75      0.372743      0.372743      0.372743      0.000000  0.038    31     0     0
(Ocean message passing *)              150      0.001768      0.001768      0.001768      0.000000  0.000    31     0     0
(Ocean MOM_initialize_state)             2      0.008652      0.008652      0.008652      0.000000  0.001    31     0     0
(Ocean init message passing *)           2      0.000047      0.000047      0.000047      0.000000  0.000    41     0     0
(Ocean mixed layer restrat)              0      0.000000      0.000000      0.000000      0.000000  0.000    31     0     0
(Ocean collective diagnostics)         375      0.039674      0.039674      0.039674      0.000000  0.004    31     0     0
(Ocean Z-space diagnostics)              0      0.000000      0.000000      0.000000      0.000000  0.000    31     0     0
(Ocean ALE)                              0      0.000000      0.000000      0.000000      0.000000  0.000    31     0     0
(Stochastic EOS)                       150      0.000010      0.000010      0.000010      0.000000  0.000    31     0     0
(SGS Temperature Variance)             150      0.000006      0.000006      0.000006      0.000000  0.000    31     0     0
(Ocean diagnostics framework)            0      0.000000      0.000000      0.000000      0.000000  0.000    31     0     0
(Ocean diagnostics remapping)            0      0.000000      0.000000      0.000000      0.000000  0.000    41     0     0
(Ocean diagnostics grid updates)       526      0.206269      0.206269      0.206269      0.000000  0.021    41     0     0
(Ocean init message passing)             4      0.000037      0.000037      0.000037      0.000000  0.000    41     0     0
(Ocean continuity reconstruction       902      0.074034      0.074034      0.074034      0.000000  0.008    41     0     0
(Ocean continuity update)              902      0.106278      0.106278      0.106278      0.000000  0.011    41     0     0
(Ocean continuity correction)          902      0.787767      0.787767      0.787767      0.000000  0.080    41     0     0
(Ocean BT pre-calcs only)             1200      0.216707      0.216707      0.216707      0.000000  0.022    41     0     0
(Ocean BT pre-step halo updates)      1200      0.015905      0.015905      0.015905      0.000000  0.002    41     0     0
(Ocean BT stepping calcs only)         600      0.196422      0.196422      0.196422      0.000000  0.020    41     0     0
(Ocean BT stepping halo updates)       300      0.000948      0.000948      0.000948      0.000000  0.000    41     0     0
(Ocean BT post-calcs only)             900      0.019999      0.019999      0.019999      0.000000  0.002    41     0     0
(Ocean BT post-step halo updates       600      0.001547      0.001547      0.001547      0.000000  0.000    41     0     0
(Ocean BT global synch)                  0      0.000000      0.000000      0.000000      0.000000  0.000    41     0     0
(Ocean Coriolis & mom advection)       300      0.268855      0.268855      0.268855      0.000000  0.027    31     0     0
(Ocean continuity equation)            450      0.853809      0.853809      0.853809      0.000000  0.087    31     0     0
(Ocean pressure force)                 150      0.879547      0.879547      0.879547      0.000000  0.089    31     0     0
(Ocean vertical viscosity)             450      1.220123      1.220123      1.220123      0.000000  0.124    31     0     0
(Ocean horizontal viscosity)           150      3.911529      3.911529      3.911529      0.000000  0.397    31     0     0
(Ocean momentum increments)            300      0.009486      0.009486      0.009486      0.000000  0.001    31     0     0
(Ocean message passing)               1350      0.004259      0.004259      0.004259      0.000000  0.000    31     0     0
(Ocean barotropic mode calc)           300      0.008300      0.008300      0.008300      0.000000  0.001    31     0     0
(Ocean barotropic mode stepping)       300      0.466487      0.466487      0.466487      0.000000  0.047    31     0     0
(Ocean barotropic forcing calc)        300      0.009773      0.009773      0.009773      0.000000  0.001    31     0     0
(Ocean advect tracer)                    0      0.000000      0.000000      0.000000      0.000000  0.000    31     0     0
(Ocean tracer halo updates)              0      0.000000      0.000000      0.000000      0.000000  0.000    41     0     0
(Ocean tracer global synch)              0      0.000000      0.000000      0.000000      0.000000  0.000    41     0     0
(Ocean diffuse tracer)                   0      0.000000      0.000000      0.000000      0.000000  0.000    31     0     0
(Ocean epipycnal diffuse tracer)         0      0.000000      0.000000      0.000000      0.000000  0.000    31     0     0
(Ocean surface forcing)                 76      0.002438      0.002438      0.002438      0.000000  0.000    31     0     0
(Ocean forcing diagnostics)            150      0.000260      0.000260      0.000260      0.000000  0.000    41     0     0
 MPP_STACK high water mark=            0
