NOTE: MPP_DOMAINS_SET_STACK_SIZE: stack size set to    32768.
NOTE: MPP_DOMAINS_SET_STACK_SIZE: stack size set to  4000000.
NOTE: ======== Model being driven by MOM_driver ========
NOTE: callTree: o Program MOM_main, MOM_driver.F90
NOTE: fms_affinity_set: OCEAN affinity assumes hyper-threading hardware disabled
 MOM_domains_mod OMPthreading             0            0            1
NOTE: open_param_file: MOM_input has been opened successfully.
NOTE: open_param_file: MOM_override has been opened successfully.

WARNING: MOM_file_parser : DT over-ridden.  Line: 'DT = 300' in file MOM_override.


WARNING: MOM_file_parser : DT_THERM over-ridden.  Line: 'DT_THERM = 600' in file MOM_override.

NOTE: fms_affinity_set: OCEAN affinity assumes hyper-threading hardware disabled
 MOM_domains_mod OMPthreading             0            0            1

WARNING: MOM_file_parser : NIGLOBAL over-ridden.  Line: 'NIGLOBAL = 128' in file MOM_override.


WARNING: MOM_file_parser : NJGLOBAL over-ridden.  Line: 'NJGLOBAL = 64' in file MOM_override.

 MOM_in domain decomposition
whalo =    4, ehalo =    4, shalo =    4, nhalo =    4
  X-AXIS =  128
  Y-AXIS =   64
 MOM_inc domain decomposition
whalo =    2, ehalo =    2, shalo =    2, nhalo =    2
  X-AXIS =   64
  Y-AXIS =   32
NOTE: diag_manager_mod::diag_manager_init: prepend_date only supported when diag_manager_init is called with time_init present.
NOTE: diag_manager_mod::diag_manager_init: You are using the legacy version of the diag table
 MOM_in domain decomposition
whalo =    4, ehalo =    4, shalo =    4, nhalo =    4
  X-AXIS =  128
  Y-AXIS =   64
 MOM_in domain decomposition
whalo =    2, ehalo =    2, shalo =    2, nhalo =    2
  X-AXIS =   64
  Y-AXIS =   32

WARNING: MOM_file_parser : NK over-ridden.  Line: 'NK = 100' in file MOM_override.

 MOM_in domain decomposition
whalo =    4, ehalo =    4, shalo =    4, nhalo =    4
  X-AXIS =  128
  Y-AXIS =   64
 MOM_in domain decomposition
whalo =    2, ehalo =    2, shalo =    2, nhalo =    2
  X-AXIS =   64
  Y-AXIS =   32

WARNING: Open_file is appending .nc to the filename ./ocean_geometry


WARNING: MOM_file_parser : COORD_CONFIG over-ridden.  Line: 'COORD_CONFIG = "linear"' in file MOM_override.

 MOM_in domain decomposition
whalo =    4, ehalo =    4, shalo =    4, nhalo =    4
  X-AXIS =  128
  Y-AXIS =   64
 MOM_in domain decomposition
whalo =    2, ehalo =    2, shalo =    2, nhalo =    2
  X-AXIS =   64
  Y-AXIS =   32
 MOM_in domain decomposition
whalo =    4, ehalo =    4, shalo =    4, nhalo =    4
  X-AXIS =  128
  Y-AXIS =   64
 MOM_in domain decomposition
whalo =    2, ehalo =    2, shalo =    2, nhalo =    2
  X-AXIS =   64
  Y-AXIS =   32

WARNING: ./Depth_list.nc checksums do not match; updating file.


WARNING: MOM_file_parser : DT_FORCING over-ridden.  Line: 'DT_FORCING = 600' in file MOM_override.


WARNING: MOM_file_parser : DAYMAX over-ridden.  Line: 'DAYMAX = 150' in file MOM_override.


WARNING: Unused line in MOM_input : GINT = 0.0098


WARNING: open_ASCII_file: File ./CPU_stats opened WRITEONLY already exists!


WARNING: open_ASCII_file: File ./ocean.stats opened WRITEONLY already exists!

MOM Time       0.000      0: En 9.160879E-12, MaxCFL  0.00000, Mass 5.286809263738E+18
    Total Energy: 418718166E7BA898  4.8431821810380161E+07
    Total Mass:   5.2868092637381345E+18, Change:   0.0000000000000000E+00 Error:  0.00000E+00 ( 0.0E+00)
MOM Time      50.000     50: En 4.018526E-05, MaxCFL  0.00184, Mass 5.286809263738E+18
    Total Energy: 42E82729545346A7  2.1245180946693322E+14
    Total Mass:   5.2868092637381345E+18, Change:   4.2940571039367164E+01 Error:  4.29406E+01 ( 8.1E-18)
MOM Time     100.000    100: En 8.026506E-05, MaxCFL  0.00128, Mass 5.286809263738E+18
    Total Energy: 42F81F0C3D41A601  4.2434605430230406E+14
    Total Mass:   5.2868092637381345E+18, Change:   8.8766025202281185E-01 Error:  8.87660E-01 ( 1.7E-19)
 MOM_in domain decomposition
whalo =    4, ehalo =    4, shalo =    4, nhalo =    4
  X-AXIS =  128
  Y-AXIS =   64
 MOM_in domain decomposition
whalo =    2, ehalo =    2, shalo =    2, nhalo =    2
  X-AXIS =   64
  Y-AXIS =   32
 MOM_in domain decomposition
whalo =    4, ehalo =    4, shalo =    4, nhalo =    4
  X-AXIS =  128
  Y-AXIS =   64
 MOM_in domain decomposition
whalo =    2, ehalo =    2, shalo =    2, nhalo =    2
  X-AXIS =   64
  Y-AXIS =   32
MOM Time     150.000    150: En 6.207426E-05, MaxCFL  0.00121, Mass 5.286809263738E+18
    Total Energy: 42F2A7924B525E96  3.2817477197156138E+14
    Total Mass:   5.2868092637381345E+18, Change:   1.5013875978257687E+00 Error:  1.50139E+00 ( 2.8E-19)
 MOM_in domain decomposition
whalo =    4, ehalo =    4, shalo =    4, nhalo =    4
  X-AXIS =  128
  Y-AXIS =   64
 MOM_in domain decomposition
whalo =    2, ehalo =    2, shalo =    2, nhalo =    2
  X-AXIS =   64
  Y-AXIS =   32

WARNING: open_ASCII_file: File RESTART/ocean_solo.res opened WRITEONLY already exists!


WARNING: open_ASCII_file: File exitcode opened WRITEONLY already exists!

 MPP_DOMAINS_STACK high water mark=            0

Tabulating mpp_clock statistics across      1 PEs...

                                      hits          tmin          tmax          tavg          tstd  tfrac grain pemin pemax
Total runtime                            1     12.635653     12.635653     12.635653      0.000000  1.000     0     0     0
Initialization                           1      0.617606      0.617606      0.617606      0.000000  0.049     0     0     0
Main loop                                1     11.728961     11.728961     11.728961      0.000000  0.928     0     0     0
Termination                              1      0.287508      0.287508      0.287508      0.000000  0.023     0     0     0
Ocean Initialization                     2      0.650871      0.650871      0.650871      0.000000  0.052    11     0     0
Ocean                                   75     11.060424     11.060424     11.060424      0.000000  0.875     1     0     0
Ocean dynamics                         300      9.701671      9.701671      9.701671      0.000000  0.768    11     0     0
Ocean thermodynamics and tracers       225      0.317000      0.317000      0.317000      0.000000  0.025    11     0     0
Ocean grid generation and remapp         0      0.000000      0.000000      0.000000      0.000000  0.000    11     0     0
Ocean Other                            450      0.620982      0.620982      0.620982      0.000000  0.049    11     0     0
(Ocean tracer advection)               150      0.156234      0.156234      0.156234      0.000000  0.012    21     0     0
(Ocean adiabatic driver)                75      0.160700      0.160700      0.160700      0.000000  0.013    21     0     0
(Ocean continuity equation *)            0      0.000000      0.000000      0.000000      0.000000  0.000    31     0     0
(Ocean set BBL viscosity)               75      0.681829      0.681829      0.681829      0.000000  0.054    31     0     0
(Ocean message passing *)              150      0.002050      0.002050      0.002050      0.000000  0.000    31     0     0
(Ocean MOM_initialize_state)             2      0.011031      0.011031      0.011031      0.000000  0.001    31     0     0
(Ocean init message passing *)           2      0.000048      0.000048      0.000048      0.000000  0.000    41     0     0
(Ocean mixed layer restrat)              0      0.000000      0.000000      0.000000      0.000000  0.000    31     0     0
(Ocean collective diagnostics)         375      0.287993      0.287993      0.287993      0.000000  0.023    31     0     0
(Ocean Z-space diagnostics)              0      0.000000      0.000000      0.000000      0.000000  0.000    31     0     0
(Ocean ALE)                              0      0.000000      0.000000      0.000000      0.000000  0.000    31     0     0
(Stochastic EOS)                       150      0.000011      0.000011      0.000011      0.000000  0.000    31     0     0
(SGS Temperature Variance)             150      0.000006      0.000006      0.000006      0.000000  0.000    31     0     0
(Ocean diagnostics framework)            0      0.000000      0.000000      0.000000      0.000000  0.000    31     0     0
(Ocean diagnostics remapping)            0      0.000000      0.000000      0.000000      0.000000  0.000    41     0     0
(Ocean diagnostics grid updates)       526      0.390078      0.390078      0.390078      0.000000  0.031    41     0     0
(Ocean init message passing)             4      0.000056      0.000056      0.000056      0.000000  0.000    41     0     0
(Ocean continuity reconstruction       902      0.092708      0.092708      0.092708      0.000000  0.007    41     0     0
(Ocean continuity update)              902      0.116786      0.116786      0.116786      0.000000  0.009    41     0     0
(Ocean continuity correction)          902      1.253591      1.253591      1.253591      0.000000  0.099    41     0     0
(Ocean BT pre-calcs only)             1200      0.230870      0.230870      0.230870      0.000000  0.018    41     0     0
(Ocean BT pre-step halo updates)      1200      0.016572      0.016572      0.016572      0.000000  0.001    41     0     0
(Ocean BT stepping calcs only)         600      0.203302      0.203302      0.203302      0.000000  0.016    41     0     0
(Ocean BT stepping halo updates)       300      0.000985      0.000985      0.000985      0.000000  0.000    41     0     0
(Ocean BT post-calcs only)             900      0.022484      0.022484      0.022484      0.000000  0.002    41     0     0
(Ocean BT post-step halo updates       600      0.001561      0.001561      0.001561      0.000000  0.000    41     0     0
(Ocean BT global synch)                  0      0.000000      0.000000      0.000000      0.000000  0.000    41     0     0
(Ocean Coriolis & mom advection)       300      0.312895      0.312895      0.312895      0.000000  0.025    31     0     0
(Ocean continuity equation)            450      1.362158      1.362158      1.362158      0.000000  0.108    31     0     0
(Ocean pressure force)                 150      0.903874      0.903874      0.903874      0.000000  0.072    31     0     0
(Ocean vertical viscosity)             450      1.312974      1.312974      1.312974      0.000000  0.104    31     0     0
(Ocean horizontal viscosity)           150      3.875349      3.875349      3.875349      0.000000  0.307    31     0     0
(Ocean momentum increments)            300      0.012204      0.012204      0.012204      0.000000  0.001    31     0     0
(Ocean message passing)               1350      0.004909      0.004909      0.004909      0.000000  0.000    31     0     0
(Ocean barotropic mode calc)           300      0.008867      0.008867      0.008867      0.000000  0.001    31     0     0
(Ocean barotropic mode stepping)       300      0.496818      0.496818      0.496818      0.000000  0.039    31     0     0
(Ocean barotropic forcing calc)        300      0.012801      0.012801      0.012801      0.000000  0.001    31     0     0
(Ocean advect tracer)                    0      0.000000      0.000000      0.000000      0.000000  0.000    31     0     0
(Ocean tracer halo updates)              0      0.000000      0.000000      0.000000      0.000000  0.000    41     0     0
(Ocean tracer global synch)              0      0.000000      0.000000      0.000000      0.000000  0.000    41     0     0
(Ocean diffuse tracer)                   0      0.000000      0.000000      0.000000      0.000000  0.000    31     0     0
(Ocean epipycnal diffuse tracer)         0      0.000000      0.000000      0.000000      0.000000  0.000    31     0     0
(Ocean surface forcing)                 76      0.002622      0.002622      0.002622      0.000000  0.000    31     0     0
(Ocean forcing diagnostics)            150      0.000264      0.000264      0.000264      0.000000  0.000    41     0     0
 MPP_STACK high water mark=            0
