NOTE: MPP_DOMAINS_SET_STACK_SIZE: stack size set to    32768.
NOTE: MPP_DOMAINS_SET_STACK_SIZE: stack size set to  4000000.
NOTE: ======== Model being driven by MOM_driver ========
NOTE: callTree: o Program MOM_main, MOM_driver.F90
NOTE: fms_affinity_set: OCEAN affinity assumes hyper-threading hardware disabled
 MOM_domains_mod OMPthreading             0            0            1
NOTE: open_param_file: MOM_input has been opened successfully.
NOTE: open_param_file: MOM_override has been opened successfully.

WARNING: MOM_file_parser : DT over-ridden.  Line: 'DT = 300' in file MOM_override.


WARNING: MOM_file_parser : DT_THERM over-ridden.  Line: 'DT_THERM = 600' in file MOM_override.

NOTE: fms_affinity_set: OCEAN affinity assumes hyper-threading hardware disabled
 MOM_domains_mod OMPthreading             0            0            1

WARNING: MOM_file_parser : NIGLOBAL over-ridden.  Line: 'NIGLOBAL = 128' in file MOM_override.


WARNING: MOM_file_parser : NJGLOBAL over-ridden.  Line: 'NJGLOBAL = 128' in file MOM_override.

 MOM_in domain decomposition
whalo =    4, ehalo =    4, shalo =    4, nhalo =    4
  X-AXIS =  128
  Y-AXIS =  128
 MOM_inc domain decomposition
whalo =    2, ehalo =    2, shalo =    2, nhalo =    2
  X-AXIS =   64
  Y-AXIS =   64
NOTE: diag_manager_mod::diag_manager_init: prepend_date only supported when diag_manager_init is called with time_init present.
NOTE: diag_manager_mod::diag_manager_init: You are using the legacy version of the diag table
 MOM_in domain decomposition
whalo =    4, ehalo =    4, shalo =    4, nhalo =    4
  X-AXIS =  128
  Y-AXIS =  128
 MOM_in domain decomposition
whalo =    2, ehalo =    2, shalo =    2, nhalo =    2
  X-AXIS =   64
  Y-AXIS =   64

WARNING: MOM_file_parser : NK over-ridden.  Line: 'NK = 100' in file MOM_override.

 MOM_in domain decomposition
whalo =    4, ehalo =    4, shalo =    4, nhalo =    4
  X-AXIS =  128
  Y-AXIS =  128
 MOM_in domain decomposition
whalo =    2, ehalo =    2, shalo =    2, nhalo =    2
  X-AXIS =   64
  Y-AXIS =   64

WARNING: Open_file is appending .nc to the filename ./ocean_geometry


WARNING: MOM_file_parser : COORD_CONFIG over-ridden.  Line: 'COORD_CONFIG = "linear"' in file MOM_override.

 MOM_in domain decomposition
whalo =    4, ehalo =    4, shalo =    4, nhalo =    4
  X-AXIS =  128
  Y-AXIS =  128
 MOM_in domain decomposition
whalo =    2, ehalo =    2, shalo =    2, nhalo =    2
  X-AXIS =   64
  Y-AXIS =   64
 MOM_in domain decomposition
whalo =    4, ehalo =    4, shalo =    4, nhalo =    4
  X-AXIS =  128
  Y-AXIS =  128
 MOM_in domain decomposition
whalo =    2, ehalo =    2, shalo =    2, nhalo =    2
  X-AXIS =   64
  Y-AXIS =   64

WARNING: ./Depth_list.nc checksums do not match; updating file.


WARNING: MOM_file_parser : DT_FORCING over-ridden.  Line: 'DT_FORCING = 600' in file MOM_override.


WARNING: MOM_file_parser : DAYMAX over-ridden.  Line: 'DAYMAX = 150' in file MOM_override.


WARNING: Unused line in MOM_input : GINT = 0.0098


WARNING: open_ASCII_file: File ./CPU_stats opened WRITEONLY already exists!


WARNING: open_ASCII_file: File ./ocean.stats opened WRITEONLY already exists!

MOM Time       0.000      0: En 9.164543E-12, MaxCFL  0.00000, Mass 5.286601636954E+18
    Total Energy: 41871A38398144CF  4.8449287188119523E+07
    Total Mass:   5.2866016369539973E+18, Change:   0.0000000000000000E+00 Error:  0.00000E+00 ( 0.0E+00)
MOM Time      50.000     50: En 4.018298E-05, MaxCFL  0.00184, Mass 5.286601636954E+18
    Total Energy: 42E8269128E9E5C9  2.1243138561207828E+14
    Total Mass:   5.2866016369539973E+18, Change:   2.2485196989685406E+01 Error:  2.24852E+01 ( 4.3E-18)
MOM Time     100.000    100: En 8.023362E-05, MaxCFL  0.00256, Mass 5.286601636954E+18
    Total Energy: 42F81C630E8CAE6F  4.2416320078103094E+14
    Total Mass:   5.2866016369539973E+18, Change:   4.2170616782072479E+00 Error:  4.21706E+00 ( 8.0E-19)
 MOM_in domain decomposition
whalo =    4, ehalo =    4, shalo =    4, nhalo =    4
  X-AXIS =  128
  Y-AXIS =  128
 MOM_in domain decomposition
whalo =    2, ehalo =    2, shalo =    2, nhalo =    2
  X-AXIS =   64
  Y-AXIS =   64
 MOM_in domain decomposition
whalo =    4, ehalo =    4, shalo =    4, nhalo =    4
  X-AXIS =  128
  Y-AXIS =  128
 MOM_in domain decomposition
whalo =    2, ehalo =    2, shalo =    2, nhalo =    2
  X-AXIS =   64
  Y-AXIS =   64
MOM Time     150.000    150: En 6.200584E-05, MaxCFL  0.00212, Mass 5.286601636954E+18
    Total Energy: 42F2A21EE89A1006  3.2780020099507238E+14
    Total Mass:   5.2866016369539973E+18, Change:  -1.7656764745708209E+00 Error: -1.76568E+00 (-3.3E-19)
 MOM_in domain decomposition
whalo =    4, ehalo =    4, shalo =    4, nhalo =    4
  X-AXIS =  128
  Y-AXIS =  128
 MOM_in domain decomposition
whalo =    2, ehalo =    2, shalo =    2, nhalo =    2
  X-AXIS =   64
  Y-AXIS =   64

WARNING: open_ASCII_file: File RESTART/ocean_solo.res opened WRITEONLY already exists!


WARNING: open_ASCII_file: File exitcode opened WRITEONLY already exists!

 MPP_DOMAINS_STACK high water mark=            0

Tabulating mpp_clock statistics across      1 PEs...

                                      hits          tmin          tmax          tavg          tstd  tfrac grain pemin pemax
Total runtime                            1     17.308767     17.308767     17.308767      0.000000  1.000     0     0     0
Initialization                           1      1.042182      1.042182      1.042182      0.000000  0.060     0     0     0
Main loop                                1     15.553313     15.553313     15.553313      0.000000  0.899     0     0     0
Termination                              1      0.711650      0.711650      0.711650      0.000000  0.041     0     0     0
Ocean Initialization                     2      1.100746      1.100746      1.100746      0.000000  0.064    11     0     0
Ocean                                   75     14.342784     14.342784     14.342784      0.000000  0.829     1     0     0
Ocean dynamics                         300     11.902147     11.902147     11.902147      0.000000  0.688    11     0     0
Ocean thermodynamics and tracers       225      0.468873      0.468873      0.468873      0.000000  0.027    11     0     0
Ocean grid generation and remapp         0      0.000000      0.000000      0.000000      0.000000  0.000    11     0     0
Ocean Other                            450      1.178168      1.178168      1.178168      0.000000  0.068    11     0     0
(Ocean tracer advection)               150      0.262605      0.262605      0.262605      0.000000  0.015    21     0     0
(Ocean adiabatic driver)                75      0.206197      0.206197      0.206197      0.000000  0.012    21     0     0
(Ocean continuity equation *)            0      0.000000      0.000000      0.000000      0.000000  0.000    31     0     0
(Ocean set BBL viscosity)               75      1.474616      1.474616      1.474616      0.000000  0.085    31     0     0
(Ocean message passing *)              150      0.002235      0.002235      0.002235      0.000000  0.000    31     0     0
(Ocean MOM_initialize_state)             2      0.014921      0.014921      0.014921      0.000000  0.001    31     0     0
(Ocean init message passing *)           2      0.000054      0.000054      0.000054      0.000000  0.000    41     0     0
(Ocean mixed layer restrat)              0      0.000000      0.000000      0.000000      0.000000  0.000    31     0     0
(Ocean collective diagnostics)         375      0.436958      0.436958      0.436958      0.000000  0.025    31     0     0
(Ocean Z-space diagnostics)              0      0.000000      0.000000      0.000000      0.000000  0.000    31     0     0
(Ocean ALE)                              0      0.000000      0.000000      0.000000      0.000000  0.000    31     0     0
(Stochastic EOS)                       150      0.000011      0.000011      0.000011      0.000000  0.000    31     0     0
(SGS Temperature Variance)             150      0.000006      0.000006      0.000006      0.000000  0.000    31     0     0
(Ocean diagnostics framework)            0      0.000000      0.000000      0.000000      0.000000  0.000    31     0     0
(Ocean diagnostics remapping)            0      0.000000      0.000000      0.000000      0.000000  0.000    41     0     0
(Ocean diagnostics grid updates)       526      0.734539      0.734539      0.734539      0.000000  0.042    41     0     0
(Ocean init message passing)             4      0.000056      0.000056      0.000056      0.000000  0.000    41     0     0
(Ocean continuity reconstruction       902      0.149261      0.149261      0.149261      0.000000  0.009    41     0     0
(Ocean continuity update)              902      0.215288      0.215288      0.215288      0.000000  0.012    41     0     0
(Ocean continuity correction)          902      1.405335      1.405335      1.405335      0.000000  0.081    41     0     0
(Ocean BT pre-calcs only)             1200      0.256772      0.256772      0.256772      0.000000  0.015    41     0     0
(Ocean BT pre-step halo updates)      1200      0.016904      0.016904      0.016904      0.000000  0.001    41     0     0
(Ocean BT stepping calcs only)         600      0.207764      0.207764      0.207764      0.000000  0.012    41     0     0
(Ocean BT stepping halo updates)       300      0.000962      0.000962      0.000962      0.000000  0.000    41     0     0
(Ocean BT post-calcs only)             900      0.028182      0.028182      0.028182      0.000000  0.002    41     0     0
(Ocean BT post-step halo updates       600      0.001521      0.001521      0.001521      0.000000  0.000    41     0     0
(Ocean BT global synch)                  0      0.000000      0.000000      0.000000      0.000000  0.000    41     0     0
(Ocean Coriolis & mom advection)       300      0.545085      0.545085      0.545085      0.000000  0.031    31     0     0
(Ocean continuity equation)            450      1.548012      1.548012      1.548012      0.000000  0.089    31     0     0
(Ocean pressure force)                 150      0.940357      0.940357      0.940357      0.000000  0.054    31     0     0
(Ocean vertical viscosity)             450      1.545694      1.545694      1.545694      0.000000  0.089    31     0     0
(Ocean horizontal viscosity)           150      3.975256      3.975256      3.975256      0.000000  0.230    31     0     0
(Ocean momentum increments)            300      0.017974      0.017974      0.017974      0.000000  0.001    31     0     0
(Ocean message passing)               1350      0.005058      0.005058      0.005058      0.000000  0.000    31     0     0
(Ocean barotropic mode calc)           300      0.010438      0.010438      0.010438      0.000000  0.001    31     0     0
(Ocean barotropic mode stepping)       300      0.534198      0.534198      0.534198      0.000000  0.031    31     0     0
(Ocean barotropic forcing calc)        300      0.019496      0.019496      0.019496      0.000000  0.001    31     0     0
(Ocean advect tracer)                    0      0.000000      0.000000      0.000000      0.000000  0.000    31     0     0
(Ocean tracer halo updates)              0      0.000000      0.000000      0.000000      0.000000  0.000    41     0     0
(Ocean tracer global synch)              0      0.000000      0.000000      0.000000      0.000000  0.000    41     0     0
(Ocean diffuse tracer)                   0      0.000000      0.000000      0.000000      0.000000  0.000    31     0     0
(Ocean epipycnal diffuse tracer)         0      0.000000      0.000000      0.000000      0.000000  0.000    31     0     0
(Ocean surface forcing)                 76      0.002901      0.002901      0.002901      0.000000  0.000    31     0     0
(Ocean forcing diagnostics)            150      0.000269      0.000269      0.000269      0.000000  0.000    41     0     0
 MPP_STACK high water mark=            0
