NOTE: MPP_DOMAINS_SET_STACK_SIZE: stack size set to    32768.
NOTE: MPP_DOMAINS_SET_STACK_SIZE: stack size set to  4000000.
NOTE: ======== Model being driven by MOM_driver ========
NOTE: callTree: o Program MOM_main, MOM_driver.F90
NOTE: fms_affinity_set: OCEAN affinity assumes hyper-threading hardware disabled
 MOM_domains_mod OMPthreading             0            0            1
NOTE: open_param_file: MOM_input has been opened successfully.
NOTE: open_param_file: MOM_override has been opened successfully.

WARNING: MOM_file_parser : DT over-ridden.  Line: 'DT = 150' in file MOM_override.


WARNING: MOM_file_parser : DT_THERM over-ridden.  Line: 'DT_THERM = 300' in file MOM_override.

NOTE: fms_affinity_set: OCEAN affinity assumes hyper-threading hardware disabled
 MOM_domains_mod OMPthreading             0            0            1

WARNING: MOM_file_parser : NIGLOBAL over-ridden.  Line: 'NIGLOBAL = 256' in file MOM_override.


WARNING: MOM_file_parser : NJGLOBAL over-ridden.  Line: 'NJGLOBAL = 128' in file MOM_override.

 MOM_in domain decomposition
whalo =    4, ehalo =    4, shalo =    4, nhalo =    4
  X-AXIS =  256
  Y-AXIS =  128
 MOM_inc domain decomposition
whalo =    2, ehalo =    2, shalo =    2, nhalo =    2
  X-AXIS =  128
  Y-AXIS =   64
NOTE: diag_manager_mod::diag_manager_init: prepend_date only supported when diag_manager_init is called with time_init present.
NOTE: diag_manager_mod::diag_manager_init: You are using the legacy version of the diag table
 MOM_in domain decomposition
whalo =    4, ehalo =    4, shalo =    4, nhalo =    4
  X-AXIS =  256
  Y-AXIS =  128
 MOM_in domain decomposition
whalo =    2, ehalo =    2, shalo =    2, nhalo =    2
  X-AXIS =  128
  Y-AXIS =   64

WARNING: MOM_file_parser : NK over-ridden.  Line: 'NK = 100' in file MOM_override.

 MOM_in domain decomposition
whalo =    4, ehalo =    4, shalo =    4, nhalo =    4
  X-AXIS =  256
  Y-AXIS =  128
 MOM_in domain decomposition
whalo =    2, ehalo =    2, shalo =    2, nhalo =    2
  X-AXIS =  128
  Y-AXIS =   64

WARNING: Open_file is appending .nc to the filename ./ocean_geometry


WARNING: MOM_file_parser : COORD_CONFIG over-ridden.  Line: 'COORD_CONFIG = "linear"' in file MOM_override.

 MOM_in domain decomposition
whalo =    4, ehalo =    4, shalo =    4, nhalo =    4
  X-AXIS =  256
  Y-AXIS =  128
 MOM_in domain decomposition
whalo =    2, ehalo =    2, shalo =    2, nhalo =    2
  X-AXIS =  128
  Y-AXIS =   64
 MOM_in domain decomposition
whalo =    4, ehalo =    4, shalo =    4, nhalo =    4
  X-AXIS =  256
  Y-AXIS =  128
 MOM_in domain decomposition
whalo =    2, ehalo =    2, shalo =    2, nhalo =    2
  X-AXIS =  128
  Y-AXIS =   64

WARNING: ./Depth_list.nc checksums do not match; updating file.


WARNING: MOM_file_parser : DT_FORCING over-ridden.  Line: 'DT_FORCING = 300' in file MOM_override.


WARNING: MOM_file_parser : DAYMAX over-ridden.  Line: 'DAYMAX = 150' in file MOM_override.


WARNING: Unused line in MOM_input : GINT = 0.0098


WARNING: open_ASCII_file: File ./CPU_stats opened WRITEONLY already exists!


WARNING: open_ASCII_file: File ./ocean.stats opened WRITEONLY already exists!

MOM Time       0.000      0: En 9.166220E-12, MaxCFL  0.00000, Mass 5.286507716715E+18
    Total Energy: 41871B327A267CD1  4.8457295268792756E+07
    Total Mass:   5.2865077167146557E+18, Change:   0.0000000000000000E+00 Error:  0.00000E+00 ( 0.0E+00)
MOM Time      50.000     50: En 1.299122E-05, MaxCFL  0.00126, Mass 5.286507716715E+18
    Total Energy: 42CF3B316471883A  6.8678184395536453E+13
    Total Mass:   5.2865077167146557E+18, Change:   1.9908447589694720E+01 Error:  1.99084E+01 ( 3.8E-18)
MOM Time     100.000    100: En 4.033958E-05, MaxCFL  0.00184, Mass 5.286507716715E+18
    Total Energy: 42E83E8D3D1F307F  2.1325549305689997E+14
    Total Mass:   5.2865077167146557E+18, Change:  -9.9226848277938728E-01 Error: -9.92268E-01 (-1.9E-19)
 MOM_in domain decomposition
whalo =    4, ehalo =    4, shalo =    4, nhalo =    4
  X-AXIS =  256
  Y-AXIS =  128
 MOM_in domain decomposition
whalo =    2, ehalo =    2, shalo =    2, nhalo =    2
  X-AXIS =  128
  Y-AXIS =   64
 MOM_in domain decomposition
whalo =    4, ehalo =    4, shalo =    4, nhalo =    4
  X-AXIS =  256
  Y-AXIS =  128
 MOM_in domain decomposition
whalo =    2, ehalo =    2, shalo =    2, nhalo =    2
  X-AXIS =  128
  Y-AXIS =   64
MOM Time     150.000    150: En 6.648306E-05, MaxCFL  0.00167, Mass 5.286507716715E+18
    Total Energy: 42F3FA7682813D7A  3.5146321625595963E+14
    Total Mass:   5.2865077167146557E+18, Change:   1.3654740816097686E+00 Error:  1.36547E+00 ( 2.6E-19)
 MOM_in domain decomposition
whalo =    4, ehalo =    4, shalo =    4, nhalo =    4
  X-AXIS =  256
  Y-AXIS =  128
 MOM_in domain decomposition
whalo =    2, ehalo =    2, shalo =    2, nhalo =    2
  X-AXIS =  128
  Y-AXIS =   64

WARNING: open_ASCII_file: File RESTART/ocean_solo.res opened WRITEONLY already exists!


WARNING: open_ASCII_file: File exitcode opened WRITEONLY already exists!

 MPP_DOMAINS_STACK high water mark=            0

Tabulating mpp_clock statistics across      1 PEs...

                                      hits          tmin          tmax          tavg          tstd  tfrac grain pemin pemax
Total runtime                            1     26.893377     26.893377     26.893377      0.000000  1.000     0     0     0
Initialization                           1      1.634094      1.634094      1.634094      0.000000  0.061     0     0     0
Main loop                                1     23.713937     23.713937     23.713937      0.000000  0.882     0     0     0
Termination                              1      1.543726      1.543726      1.543726      0.000000  0.057     0     0     0
Ocean Initialization                     2      1.765982      1.765982      1.765982      0.000000  0.066    11     0     0
Ocean                                   75     21.166459     21.166459     21.166459      0.000000  0.787     1     0     0
Ocean dynamics                         300     16.166772     16.166772     16.166772      0.000000  0.601    11     0     0
Ocean thermodynamics and tracers       225      0.975813      0.975813      0.975813      0.000000  0.036    11     0     0
Ocean grid generation and remapp         0      0.000000      0.000000      0.000000      0.000000  0.000    11     0     0
Ocean Other                            450      2.418841      2.418841      2.418841      0.000000  0.090    11     0     0
(Ocean tracer advection)               150      0.530661      0.530661      0.530661      0.000000  0.020    21     0     0
(Ocean adiabatic driver)                75      0.445060      0.445060      0.445060      0.000000  0.017    21     0     0
(Ocean continuity equation *)            0      0.000000      0.000000      0.000000      0.000000  0.000    31     0     0
(Ocean set BBL viscosity)               75      2.879716      2.879716      2.879716      0.000000  0.107    31     0     0
(Ocean message passing *)              150      0.002924      0.002924      0.002924      0.000000  0.000    31     0     0
(Ocean MOM_initialize_state)             2      0.024727      0.024727      0.024727      0.000000  0.001    31     0     0
(Ocean init message passing *)           2      0.000055      0.000055      0.000055      0.000000  0.000    41     0     0
(Ocean mixed layer restrat)              0      0.000000      0.000000      0.000000      0.000000  0.000    31     0     0
(Ocean collective diagnostics)         375      0.992071      0.992071      0.992071      0.000000  0.037    31     0     0
(Ocean Z-space diagnostics)              0      0.000000      0.000000      0.000000      0.000000  0.000    31     0     0
(Ocean ALE)                              0      0.000000      0.000000      0.000000      0.000000  0.000    31     0     0
(Stochastic EOS)                       150      0.000012      0.000012      0.000012      0.000000  0.000    31     0     0
(SGS Temperature Variance)             150      0.000006      0.000006      0.000006      0.000000  0.000    31     0     0
(Ocean diagnostics framework)            0      0.000000      0.000000      0.000000      0.000000  0.000    31     0     0
(Ocean diagnostics remapping)            0      0.000000      0.000000      0.000000      0.000000  0.000    41     0     0
(Ocean diagnostics grid updates)       526      1.464601      1.464601      1.464601      0.000000  0.054    41     0     0
(Ocean init message passing)             4      0.000054      0.000054      0.000054      0.000000  0.000    41     0     0
(Ocean continuity reconstruction       902      0.199404      0.199404      0.199404      0.000000  0.007    41     0     0
(Ocean continuity update)              902      0.232966      0.232966      0.232966      0.000000  0.009    41     0     0
(Ocean continuity correction)          902      2.393260      2.393260      2.393260      0.000000  0.089    41     0     0
(Ocean BT pre-calcs only)             1200      0.307922      0.307922      0.307922      0.000000  0.011    41     0     0
(Ocean BT pre-step halo updates)      1200      0.017317      0.017317      0.017317      0.000000  0.001    41     0     0
(Ocean BT stepping calcs only)         600      0.212199      0.212199      0.212199      0.000000  0.008    41     0     0
(Ocean BT stepping halo updates)       300      0.001011      0.001011      0.001011      0.000000  0.000    41     0     0
(Ocean BT post-calcs only)             900      0.039883      0.039883      0.039883      0.000000  0.001    41     0     0
(Ocean BT post-step halo updates       600      0.001545      0.001545      0.001545      0.000000  0.000    41     0     0
(Ocean BT global synch)                  0      0.000000      0.000000      0.000000      0.000000  0.000    41     0     0
(Ocean Coriolis & mom advection)       300      0.663326      0.663326      0.663326      0.000000  0.025    31     0     0
(Ocean continuity equation)            450      2.602094      2.602094      2.602094      0.000000  0.097    31     0     0
(Ocean pressure force)                 150      0.966385      0.966385      0.966385      0.000000  0.036    31     0     0
(Ocean vertical viscosity)             450      1.875291      1.875291      1.875291      0.000000  0.070    31     0     0
(Ocean horizontal viscosity)           150      3.962851      3.962851      3.962851      0.000000  0.147    31     0     0
(Ocean momentum increments)            300      0.028102      0.028102      0.028102      0.000000  0.001    31     0     0
(Ocean message passing)               1350      0.005326      0.005326      0.005326      0.000000  0.000    31     0     0
(Ocean barotropic mode calc)           300      0.012181      0.012181      0.012181      0.000000  0.000    31     0     0
(Ocean barotropic mode stepping)       300      0.612593      0.612593      0.612593      0.000000  0.023    31     0     0
(Ocean barotropic forcing calc)        300      0.030506      0.030506      0.030506      0.000000  0.001    31     0     0
(Ocean advect tracer)                    0      0.000000      0.000000      0.000000      0.000000  0.000    31     0     0
(Ocean tracer halo updates)              0      0.000000      0.000000      0.000000      0.000000  0.000    41     0     0
(Ocean tracer global synch)              0      0.000000      0.000000      0.000000      0.000000  0.000    41     0     0
(Ocean diffuse tracer)                   0      0.000000      0.000000      0.000000      0.000000  0.000    31     0     0
(Ocean epipycnal diffuse tracer)         0      0.000000      0.000000      0.000000      0.000000  0.000    31     0     0
(Ocean surface forcing)                 76      0.003464      0.003464      0.003464      0.000000  0.000    31     0     0
(Ocean forcing diagnostics)            150      0.000278      0.000278      0.000278      0.000000  0.000    41     0     0
 MPP_STACK high water mark=            0
