NOTE: MPP_DOMAINS_SET_STACK_SIZE: stack size set to    32768.
NOTE: MPP_DOMAINS_SET_STACK_SIZE: stack size set to  4000000.
NOTE: ======== Model being driven by MOM_driver ========
NOTE: callTree: o Program MOM_main, MOM_driver.F90
NOTE: fms_affinity_set: OCEAN affinity assumes hyper-threading hardware disabled
 MOM_domains_mod OMPthreading             0            0            1
NOTE: open_param_file: MOM_input has been opened successfully.
NOTE: open_param_file: MOM_override has been opened successfully.

WARNING: MOM_file_parser : DT over-ridden.  Line: 'DT = 600' in file MOM_override.


WARNING: MOM_file_parser : DT_THERM over-ridden.  Line: 'DT_THERM = 1200' in file MOM_override.

NOTE: fms_affinity_set: OCEAN affinity assumes hyper-threading hardware disabled
 MOM_domains_mod OMPthreading             0            0            1

WARNING: MOM_file_parser : NIGLOBAL over-ridden.  Line: 'NIGLOBAL = 64' in file MOM_override.


WARNING: MOM_file_parser : NJGLOBAL over-ridden.  Line: 'NJGLOBAL = 32' in file MOM_override.

 MOM_in domain decomposition
whalo =    4, ehalo =    4, shalo =    4, nhalo =    4
  X-AXIS =   64
  Y-AXIS =   32
 MOM_inc domain decomposition
whalo =    2, ehalo =    2, shalo =    2, nhalo =    2
  X-AXIS =   32
  Y-AXIS =   16
NOTE: diag_manager_mod::diag_manager_init: prepend_date only supported when diag_manager_init is called with time_init present.
NOTE: diag_manager_mod::diag_manager_init: You are using the legacy version of the diag table
 MOM_in domain decomposition
whalo =    4, ehalo =    4, shalo =    4, nhalo =    4
  X-AXIS =   64
  Y-AXIS =   32
 MOM_in domain decomposition
whalo =    2, ehalo =    2, shalo =    2, nhalo =    2
  X-AXIS =   32
  Y-AXIS =   16

WARNING: MOM_file_parser : NK over-ridden.  Line: 'NK = 100' in file MOM_override.

 MOM_in domain decomposition
whalo =    4, ehalo =    4, shalo =    4, nhalo =    4
  X-AXIS =   64
  Y-AXIS =   32
 MOM_in domain decomposition
whalo =    2, ehalo =    2, shalo =    2, nhalo =    2
  X-AXIS =   32
  Y-AXIS =   16

WARNING: Open_file is appending .nc to the filename ./ocean_geometry


WARNING: MOM_file_parser : COORD_CONFIG over-ridden.  Line: 'COORD_CONFIG = "linear"' in file MOM_override.

 MOM_in domain decomposition
whalo =    4, ehalo =    4, shalo =    4, nhalo =    4
  X-AXIS =   64
  Y-AXIS =   32
 MOM_in domain decomposition
whalo =    2, ehalo =    2, shalo =    2, nhalo =    2
  X-AXIS =   32
  Y-AXIS =   16
 MOM_in domain decomposition
whalo =    4, ehalo =    4, shalo =    4, nhalo =    4
  X-AXIS =   64
  Y-AXIS =   32
 MOM_in domain decomposition
whalo =    2, ehalo =    2, shalo =    2, nhalo =    2
  X-AXIS =   32
  Y-AXIS =   16

WARNING: ./Depth_list.nc checksums do not match; updating file.


WARNING: MOM_file_parser : DT_FORCING over-ridden.  Line: 'DT_FORCING = 1200' in file MOM_override.


WARNING: MOM_file_parser : DAYMAX over-ridden.  Line: 'DAYMAX = 150' in file MOM_override.


WARNING: Unused line in MOM_input : GINT = 0.0098


WARNING: open_ASCII_file: File ./CPU_stats opened WRITEONLY already exists!


WARNING: open_ASCII_file: File ./ocean.stats opened WRITEONLY already exists!

MOM Time       0.000      0: En 9.139696E-12, MaxCFL  0.00000, Mass 5.287973820617E+18
    Total Energy: 41870BB74E3AA8F6  4.8330473778642580E+07
    Total Mass:   5.2879738206166886E+18, Change:   0.0000000000000000E+00 Error:  0.00000E+00 ( 0.0E+00)
MOM Time      50.000     50: En 7.977865E-05, MaxCFL  0.00128, Mass 5.287973820617E+18
    Total Energy: 42F7FAFA94559671  4.2186741260938306E+14
    Total Mass:   5.2879738206166886E+18, Change:  -6.2759043757891675E+01 Error: -6.27590E+01 (-1.2E-17)
MOM Time     100.000    100: En 2.358514E-05, MaxCFL  0.00105, Mass 5.287973820617E+18
    Total Energy: 42DC5B8529DB98DE  1.2471760685833947E+14
    Total Mass:   5.2879738206166886E+18, Change:   6.6448239418949129E+00 Error:  6.64482E+00 ( 1.3E-18)
 MOM_in domain decomposition
whalo =    4, ehalo =    4, shalo =    4, nhalo =    4
  X-AXIS =   64
  Y-AXIS =   32
 MOM_in domain decomposition
whalo =    2, ehalo =    2, shalo =    2, nhalo =    2
  X-AXIS =   32
  Y-AXIS =   16
 MOM_in domain decomposition
whalo =    4, ehalo =    4, shalo =    4, nhalo =    4
  X-AXIS =   64
  Y-AXIS =   32
 MOM_in domain decomposition
whalo =    2, ehalo =    2, shalo =    2, nhalo =    2
  X-AXIS =   32
  Y-AXIS =   16
MOM Time     150.000    150: En 5.690344E-05, MaxCFL  0.00134, Mass 5.287973820617E+18
    Total Energy: 42F11ABA5DFD309F  3.0090389669965794E+14
    Total Mass:   5.2879738206166886E+18, Change:  -9.5799684055359648E+00 Error: -9.57997E+00 (-1.8E-18)
 MOM_in domain decomposition
whalo =    4, ehalo =    4, shalo =    4, nhalo =    4
  X-AXIS =   64
  Y-AXIS =   32
 MOM_in domain decomposition
whalo =    2, ehalo =    2, shalo =    2, nhalo =    2
  X-AXIS =   32
  Y-AXIS =   16

WARNING: open_ASCII_file: File RESTART/ocean_solo.res opened WRITEONLY already exists!


WARNING: open_ASCII_file: File exitcode opened WRITEONLY already exists!

 MPP_DOMAINS_STACK high water mark=            0

Tabulating mpp_clock statistics across      1 PEs...

                                      hits          tmin          tmax          tavg          tstd  tfrac grain pemin pemax
Total runtime                            1      8.810170      8.810170      8.810170      0.000000  1.000     0     0     0
Initialization                           1      0.315412      0.315412      0.315412      0.000000  0.036     0     0     0
Main loop                                1      8.411279      8.411279      8.411279      0.000000  0.955     0     0     0
Termination                              1      0.081809      0.081809      0.081809      0.000000  0.009     0     0     0
Ocean Initialization                     2      0.319521      0.319521      0.319521      0.000000  0.036    11     0     0
Ocean                                   75      8.122684      8.122684      8.122684      0.000000  0.922     1     0     0
Ocean dynamics                         300      7.847340      7.847340      7.847340      0.000000  0.891    11     0     0
Ocean thermodynamics and tracers       225      0.043258      0.043258      0.043258      0.000000  0.005    11     0     0
Ocean grid generation and remapp         0      0.000000      0.000000      0.000000      0.000000  0.000    11     0     0
Ocean Other                            450      0.107449      0.107449      0.107449      0.000000  0.012    11     0     0
(Ocean tracer advection)               150      0.038508      0.038508      0.038508      0.000000  0.004    21     0     0
(Ocean adiabatic driver)                75      0.004700      0.004700      0.004700      0.000000  0.001    21     0     0
(Ocean continuity equation *)            0      0.000000      0.000000      0.000000      0.000000  0.000    31     0     0
(Ocean set BBL viscosity)               75      0.188594      0.188594      0.188594      0.000000  0.021    31     0     0
(Ocean message passing *)              150      0.001559      0.001559      0.001559      0.000000  0.000    31     0     0
(Ocean MOM_initialize_state)             2      0.008096      0.008096      0.008096      0.000000  0.001    31     0     0
(Ocean init message passing *)           2      0.000048      0.000048      0.000048      0.000000  0.000    41     0     0
(Ocean mixed layer restrat)              0      0.000000      0.000000      0.000000      0.000000  0.000    31     0     0
(Ocean collective diagnostics)         375      0.025183      0.025183      0.025183      0.000000  0.003    31     0     0
(Ocean Z-space diagnostics)              0      0.000000      0.000000      0.000000      0.000000  0.000    31     0     0
(Ocean ALE)                              0      0.000000      0.000000      0.000000      0.000000  0.000    31     0     0
(Stochastic EOS)                       150      0.000010      0.000010      0.000010      0.000000  0.000    31     0     0
(SGS Temperature Variance)             150      0.000006      0.000006      0.000006      0.000000  0.000    31     0     0
(Ocean diagnostics framework)            0      0.000000      0.000000      0.000000      0.000000  0.000    31     0     0
(Ocean diagnostics remapping)            0      0.000000      0.000000      0.000000      0.000000  0.000    41     0     0
(Ocean diagnostics grid updates)       526      0.115165      0.115165      0.115165      0.000000  0.013    41     0     0
(Ocean init message passing)             4      0.000037      0.000037      0.000037      0.000000  0.000    41     0     0
(Ocean continuity reconstruction       902      0.057895      0.057895      0.057895      0.000000  0.007    41     0     0
(Ocean continuity update)              902      0.060980      0.060980      0.060980      0.000000  0.007    41     0     0
(Ocean continuity correction)          902      0.758090      0.758090      0.758090      0.000000  0.086    41     0     0
(Ocean BT pre-calcs only)             1200      0.211028      0.211028      0.211028      0.000000  0.024    41     0     0
(Ocean BT pre-step halo updates)      1200      0.015539      0.015539      0.015539      0.000000  0.002    41     0     0
(Ocean BT stepping calcs only)         600      0.196296      0.196296      0.196296      0.000000  0.022    41     0     0
(Ocean BT stepping halo updates)       300      0.000874      0.000874      0.000874      0.000000  0.000    41     0     0
(Ocean BT post-calcs only)             900      0.018386      0.018386      0.018386      0.000000  0.002    41     0     0
(Ocean BT post-step halo updates       600      0.001510      0.001510      0.001510      0.000000  0.000    41     0     0
(Ocean BT global synch)                  0      0.000000      0.000000      0.000000      0.000000  0.000    41     0     0
(Ocean Coriolis & mom advection)       300      0.168073      0.168073      0.168073      0.000000  0.019    31     0     0
(Ocean continuity equation)            450      0.823102      0.823102      0.823102      0.000000  0.093    31     0     0
(Ocean pressure force)                 150      0.875974      0.875974      0.875974      0.000000  0.099    31     0     0
(Ocean vertical viscosity)             450      1.178227      1.178227      1.178227      0.000000  0.134    31     0     0
(Ocean horizontal viscosity)           150      3.868408      3.868408      3.868408      0.000000  0.439    31     0     0
(Ocean momentum increments)            300      0.008222      0.008222      0.008222      0.000000  0.001    31     0     0
(Ocean message passing)               1350      0.004082      0.004082      0.004082      0.000000  0.000    31     0     0
(Ocean barotropic mode calc)           300      0.007916      0.007916      0.007916      0.000000  0.001    31     0     0
(Ocean barotropic mode stepping)       300      0.459007      0.459007      0.459007      0.000000  0.052    31     0     0
(Ocean barotropic forcing calc)        300      0.008355      0.008355      0.008355      0.000000  0.001    31     0     0
(Ocean advect tracer)                    0      0.000000      0.000000      0.000000      0.000000  0.000    31     0     0
(Ocean tracer halo updates)              0      0.000000      0.000000      0.000000      0.000000  0.000    41     0     0
(Ocean tracer global synch)              0      0.000000      0.000000      0.000000      0.000000  0.000    41     0     0
(Ocean diffuse tracer)                   0      0.000000      0.000000      0.000000      0.000000  0.000    31     0     0
(Ocean epipycnal diffuse tracer)         0      0.000000      0.000000      0.000000      0.000000  0.000    31     0     0
(Ocean surface forcing)                 76      0.002350      0.002350      0.002350      0.000000  0.000    31     0     0
(Ocean forcing diagnostics)            150      0.000270      0.000270      0.000270      0.000000  0.000    41     0     0
 MPP_STACK high water mark=            0
