NOTE: MPP_DOMAINS_SET_STACK_SIZE: stack size set to    32768.
NOTE: MPP_DOMAINS_SET_STACK_SIZE: stack size set to  4000000.
NOTE: ======== Model being driven by MOM_driver ========
NOTE: callTree: o Program MOM_main, MOM_driver.F90
NOTE: fms_affinity_set: OCEAN affinity assumes hyper-threading hardware disabled
 MOM_domains_mod OMPthreading             0            0            1
NOTE: open_param_file: MOM_input has been opened successfully.
NOTE: open_param_file: MOM_override has been opened successfully.

WARNING: MOM_file_parser : DT over-ridden.  Line: 'DT = 75' in file MOM_override.


WARNING: MOM_file_parser : DT_THERM over-ridden.  Line: 'DT_THERM = 150' in file MOM_override.

NOTE: fms_affinity_set: OCEAN affinity assumes hyper-threading hardware disabled
 MOM_domains_mod OMPthreading             0            0            1

WARNING: MOM_file_parser : NIGLOBAL over-ridden.  Line: 'NIGLOBAL = 512' in file MOM_override.


WARNING: MOM_file_parser : NJGLOBAL over-ridden.  Line: 'NJGLOBAL = 512' in file MOM_override.

 MOM_in domain decomposition
whalo =    4, ehalo =    4, shalo =    4, nhalo =    4
  X-AXIS =  512
  Y-AXIS =  512
 MOM_inc domain decomposition
whalo =    2, ehalo =    2, shalo =    2, nhalo =    2
  X-AXIS =  256
  Y-AXIS =  256
NOTE: diag_manager_mod::diag_manager_init: prepend_date only supported when diag_manager_init is called with time_init present.
NOTE: diag_manager_mod::diag_manager_init: You are using the legacy version of the diag table
 MOM_in domain decomposition
whalo =    4, ehalo =    4, shalo =    4, nhalo =    4
  X-AXIS =  512
  Y-AXIS =  512
 MOM_in domain decomposition
whalo =    2, ehalo =    2, shalo =    2, nhalo =    2
  X-AXIS =  256
  Y-AXIS =  256

WARNING: MOM_file_parser : NK over-ridden.  Line: 'NK = 100' in file MOM_override.

 MOM_in domain decomposition
whalo =    4, ehalo =    4, shalo =    4, nhalo =    4
  X-AXIS =  512
  Y-AXIS =  512
 MOM_in domain decomposition
whalo =    2, ehalo =    2, shalo =    2, nhalo =    2
  X-AXIS =  256
  Y-AXIS =  256

WARNING: Open_file is appending .nc to the filename ./ocean_geometry


WARNING: MOM_file_parser : COORD_CONFIG over-ridden.  Line: 'COORD_CONFIG = "linear"' in file MOM_override.

 MOM_in domain decomposition
whalo =    4, ehalo =    4, shalo =    4, nhalo =    4
  X-AXIS =  512
  Y-AXIS =  512
 MOM_in domain decomposition
whalo =    2, ehalo =    2, shalo =    2, nhalo =    2
  X-AXIS =  256
  Y-AXIS =  256
 MOM_in domain decomposition
whalo =    4, ehalo =    4, shalo =    4, nhalo =    4
  X-AXIS =  512
  Y-AXIS =  512
 MOM_in domain decomposition
whalo =    2, ehalo =    2, shalo =    2, nhalo =    2
  X-AXIS =  256
  Y-AXIS =  256

WARNING: ./Depth_list.nc checksums do not match; updating file.


WARNING: MOM_file_parser : DT_FORCING over-ridden.  Line: 'DT_FORCING = 150' in file MOM_override.


WARNING: MOM_file_parser : DAYMAX over-ridden.  Line: 'DAYMAX = 150' in file MOM_override.


WARNING: Unused line in MOM_input : GINT = 0.0098


WARNING: open_ASCII_file: File ./CPU_stats opened WRITEONLY already exists!


WARNING: open_ASCII_file: File ./ocean.stats opened WRITEONLY already exists!

MOM Time       0.000      0: En 9.167783E-12, MaxCFL  0.00000, Mass 5.286420478077E+18
    Total Energy: 41871C1BB355D5A8  4.8464758416911423E+07
    Total Mass:   5.2864204780768635E+18, Change:   0.0000000000000000E+00 Error:  0.00000E+00 ( 0.0E+00)
MOM Time      50.000     50: En 3.628264E-06, MaxCFL  0.00070, Mass 5.286420478077E+18
    Total Energy: 42B171D08A603669  1.9180527706166410E+13
    Total Mass:   5.2864204780768635E+18, Change:  -1.6828061883991285E+01 Error: -1.68281E+01 (-3.2E-18)
MOM Time     100.000    100: En 1.302026E-05, MaxCFL  0.00126, Mass 5.286420478077E+18
    Total Energy: 42CF4CEEA7AE5407  6.8830563884200055E+13
    Total Mass:   5.2864204780768635E+18, Change:   1.9729749657292039E-01 Error:  1.97297E-01 ( 3.7E-20)
 MOM_in domain decomposition
whalo =    4, ehalo =    4, shalo =    4, nhalo =    4
  X-AXIS =  512
  Y-AXIS =  512
 MOM_in domain decomposition
whalo =    2, ehalo =    2, shalo =    2, nhalo =    2
  X-AXIS =  256
  Y-AXIS =  256
 MOM_in domain decomposition
whalo =    4, ehalo =    4, shalo =    4, nhalo =    4
  X-AXIS =  512
  Y-AXIS =  512
 MOM_in domain decomposition
whalo =    2, ehalo =    2, shalo =    2, nhalo =    2
  X-AXIS =  256
  Y-AXIS =  256
MOM Time     150.000    150: En 2.597824E-05, MaxCFL  0.00165, Mass 5.286420478077E+18
    Total Energy: 42DF39C514636EBC  1.3733192017861894E+14
    Total Mass:   5.2864204780768635E+18, Change:  -1.2991000582595691E+00 Error: -1.29910E+00 (-2.5E-19)
 MOM_in domain decomposition
whalo =    4, ehalo =    4, shalo =    4, nhalo =    4
  X-AXIS =  512
  Y-AXIS =  512
 MOM_in domain decomposition
whalo =    2, ehalo =    2, shalo =    2, nhalo =    2
  X-AXIS =  256
  Y-AXIS =  256

WARNING: open_ASCII_file: File RESTART/ocean_solo.res opened WRITEONLY already exists!


WARNING: open_ASCII_file: File exitcode opened WRITEONLY already exists!

 MPP_DOMAINS_STACK high water mark=            0

Tabulating mpp_clock statistics across      1 PEs...

                                      hits          tmin          tmax          tavg          tstd  tfrac grain pemin pemax
Total runtime                            1    166.315618    166.315618    166.315618      0.000000  1.000     0     0     0
Initialization                           1     10.403908     10.403908     10.403908      0.000000  0.063     0     0     0
Main loop                                1    142.870971    142.870971    142.870971      0.000000  0.859     0     0     0
Termination                              1     13.035324     13.035324     13.035324      0.000000  0.078     0     0     0
Ocean Initialization                     2     11.451700     11.451700     11.451700      0.000000  0.069    11     0     0
Ocean                                   75    116.812193    116.812193    116.812193      0.000000  0.702     1     0     0
Ocean dynamics                         300     74.110066     74.110066     74.110066      0.000000  0.446    11     0     0
Ocean thermodynamics and tracers       225      9.877414      9.877414      9.877414      0.000000  0.059    11     0     0
Ocean grid generation and remapp         0      0.000000      0.000000      0.000000      0.000000  0.000    11     0     0
Ocean Other                            450     20.877708     20.877708     20.877708      0.000000  0.126    11     0     0
(Ocean tracer advection)               150      3.506431      3.506431      3.506431      0.000000  0.021    21     0     0
(Ocean adiabatic driver)                75      6.370845      6.370845      6.370845      0.000000  0.038    21     0     0
(Ocean continuity equation *)            0      0.000000      0.000000      0.000000      0.000000  0.000    31     0     0
(Ocean set BBL viscosity)               75     25.474835     25.474835     25.474835      0.000000  0.153    31     0     0
(Ocean message passing *)              150      0.003230      0.003230      0.003230      0.000000  0.000    31     0     0
(Ocean MOM_initialize_state)             2      0.279422      0.279422      0.279422      0.000000  0.002    31     0     0
(Ocean init message passing *)           2      0.000060      0.000060      0.000060      0.000000  0.000    41     0     0
(Ocean mixed layer restrat)              0      0.000000      0.000000      0.000000      0.000000  0.000    31     0     0
(Ocean collective diagnostics)         375      7.510914      7.510914      7.510914      0.000000  0.045    31     0     0
(Ocean Z-space diagnostics)              0      0.000000      0.000000      0.000000      0.000000  0.000    31     0     0
(Ocean ALE)                              0      0.000000      0.000000      0.000000      0.000000  0.000    31     0     0
(Stochastic EOS)                       150      0.000024      0.000024      0.000024      0.000000  0.000    31     0     0
(SGS Temperature Variance)             150      0.000006      0.000006      0.000006      0.000000  0.000    31     0     0
(Ocean diagnostics framework)            0      0.000000      0.000000      0.000000      0.000000  0.000    31     0     0
(Ocean diagnostics remapping)            0      0.000000      0.000000      0.000000      0.000000  0.000    41     0     0
(Ocean diagnostics grid updates)       526     10.985112     10.985112     10.985112      0.000000  0.066    41     0     0
(Ocean init message passing)             4      0.000059      0.000059      0.000059      0.000000  0.000    41     0     0
(Ocean continuity reconstruction       902      1.127948      1.127948      1.127948      0.000000  0.007    41     0     0
(Ocean continuity update)              902      1.045617      1.045617      1.045617      0.000000  0.006    41     0     0
(Ocean continuity correction)          902      7.002384      7.002384      7.002384      0.000000  0.042    41     0     0
(Ocean BT pre-calcs only)             1200      0.992308      0.992308      0.992308      0.000000  0.006    41     0     0
(Ocean BT pre-step halo updates)      1200      0.020153      0.020153      0.020153      0.000000  0.000    41     0     0
(Ocean BT stepping calcs only)         600      0.319856      0.319856      0.319856      0.000000  0.002    41     0     0
(Ocean BT stepping halo updates)       300      0.001113      0.001113      0.001113      0.000000  0.000    41     0     0
(Ocean BT post-calcs only)             900      0.204255      0.204255      0.204255      0.000000  0.001    41     0     0
(Ocean BT post-step halo updates       600      0.001851      0.001851      0.001851      0.000000  0.000    41     0     0
(Ocean BT global synch)                  0      0.000000      0.000000      0.000000      0.000000  0.000    41     0     0
(Ocean Coriolis & mom advection)       300      4.230048      4.230048      4.230048      0.000000  0.025    31     0     0
(Ocean continuity equation)            450      8.139523      8.139523      8.139523      0.000000  0.049    31     0     0
(Ocean pressure force)                 150      1.429698      1.429698      1.429698      0.000000  0.009    31     0     0
(Ocean vertical viscosity)             450      8.766616      8.766616      8.766616      0.000000  0.053    31     0     0
(Ocean horizontal viscosity)           150      5.113872      5.113872      5.113872      0.000000  0.031    31     0     0
(Ocean momentum increments)            300      0.181186      0.181186      0.181186      0.000000  0.001    31     0     0
(Ocean message passing)               1350      0.005994      0.005994      0.005994      0.000000  0.000    31     0     0
(Ocean barotropic mode calc)           300      0.036901      0.036901      0.036901      0.000000  0.000    31     0     0
(Ocean barotropic mode stepping)       300      1.687388      1.687388      1.687388      0.000000  0.010    31     0     0
(Ocean barotropic forcing calc)        300      0.189043      0.189043      0.189043      0.000000  0.001    31     0     0
(Ocean advect tracer)                    0      0.000000      0.000000      0.000000      0.000000  0.000    31     0     0
(Ocean tracer halo updates)              0      0.000000      0.000000      0.000000      0.000000  0.000    41     0     0
(Ocean tracer global synch)              0      0.000000      0.000000      0.000000      0.000000  0.000    41     0     0
(Ocean diffuse tracer)                   0      0.000000      0.000000      0.000000      0.000000  0.000    31     0     0
(Ocean epipycnal diffuse tracer)         0      0.000000      0.000000      0.000000      0.000000  0.000    31     0     0
(Ocean surface forcing)                 76      0.018363      0.018363      0.018363      0.000000  0.000    31     0     0
(Ocean forcing diagnostics)            150      0.000266      0.000266      0.000266      0.000000  0.000    41     0     0
 MPP_STACK high water mark=            0
