NOTE from PE     0: MPP_DOMAINS_SET_STACK_SIZE: stack size set to    32768.
NOTE from PE     0: MPP_DOMAINS_SET_STACK_SIZE: stack size set to  4000000.
NOTE from PE     0: ======== Model being driven by MOM_driver ========
NOTE from PE     0: callTree: o Program MOM_main, MOM_driver.F90
 MOM_domains_mod OMPthreading             1            0            1
NOTE from PE     0: fms_affinity_set: OCEAN affinity assumes hyper-threading hardware disabled
 MOM_domains_mod OMPthreading             0            0            1
NOTE from PE     0: open_param_file: MOM_input has been opened successfully.
NOTE from PE     0: open_param_file: MOM_override has been opened successfully.
 MOM_domains_mod OMPthreading             1            0            1

WARNING from PE     0: MOM_file_parser : DT over-ridden.  Line: 'DT = 150' in file MOM_override.


WARNING from PE     0: MOM_file_parser : DT_THERM over-ridden.  Line: 'DT_THERM = 300' in file MOM_override.

NOTE from PE     0: fms_affinity_set: OCEAN affinity assumes hyper-threading hardware disabled
 MOM_domains_mod OMPthreading             0            0            1

WARNING from PE     0: MOM_file_parser : NIGLOBAL over-ridden.  Line: 'NIGLOBAL = 256' in file MOM_override.


WARNING from PE     0: MOM_file_parser : NJGLOBAL over-ridden.  Line: 'NJGLOBAL = 256' in file MOM_override.

 MOM_in domain decomposition
whalo =    4, ehalo =    4, shalo =    4, nhalo =    4
  X-AXIS =  128 128
  Y-AXIS =  256
 MOM_inc domain decomposition
whalo =    2, ehalo =    2, shalo =    2, nhalo =    2
  X-AXIS =   64  64
  Y-AXIS =  128
NOTE from PE     0: diag_manager_mod::diag_manager_init: prepend_date only supported when diag_manager_init is called with time_init present.
NOTE from PE     0: diag_manager_mod::diag_manager_init: You are using the legacy version of the diag table
 MOM_in domain decomposition
whalo =    4, ehalo =    4, shalo =    4, nhalo =    4
  X-AXIS =  128 128
  Y-AXIS =  256
 MOM_in domain decomposition
whalo =    2, ehalo =    2, shalo =    2, nhalo =    2
  X-AXIS =   64  64
  Y-AXIS =  128

WARNING from PE     0: MOM_file_parser : NK over-ridden.  Line: 'NK = 100' in file MOM_override.

 MOM_in domain decomposition
whalo =    4, ehalo =    4, shalo =    4, nhalo =    4
  X-AXIS =  128 128
  Y-AXIS =  256
 MOM_in domain decomposition
whalo =    2, ehalo =    2, shalo =    2, nhalo =    2
  X-AXIS =   64  64
  Y-AXIS =  128

WARNING from PE     0: Open_file is appending .nc to the filename ./ocean_geometry


WARNING from PE     0: MOM_file_parser : COORD_CONFIG over-ridden.  Line: 'COORD_CONFIG = "linear"' in file MOM_override.

 MOM_in domain decomposition
whalo =    4, ehalo =    4, shalo =    4, nhalo =    4
  X-AXIS =  128 128
  Y-AXIS =  256
 MOM_in domain decomposition
whalo =    2, ehalo =    2, shalo =    2, nhalo =    2
  X-AXIS =   64  64
  Y-AXIS =  128
 MOM_in domain decomposition
whalo =    4, ehalo =    4, shalo =    4, nhalo =    4
  X-AXIS =  128 128
  Y-AXIS =  256
 MOM_in domain decomposition
whalo =    2, ehalo =    2, shalo =    2, nhalo =    2
  X-AXIS =   64  64
  Y-AXIS =  128

WARNING from PE     0: ./Depth_list.nc checksums do not match; updating file.


WARNING from PE     0: MOM_file_parser : DT_FORCING over-ridden.  Line: 'DT_FORCING = 300' in file MOM_override.


WARNING from PE     0: MOM_file_parser : DAYMAX over-ridden.  Line: 'DAYMAX = 150' in file MOM_override.


WARNING from PE     0: Unused line in MOM_input : GINT = 0.0098


WARNING from PE     0: open_ASCII_file: File ./CPU_stats opened WRITEONLY already exists!


WARNING from PE     0: open_ASCII_file: File ./ocean.stats opened WRITEONLY already exists!

MOM Time       0.000      0: En 9.167136E-12, MaxCFL  0.00000, Mass 5.286457540076E+18
    Total Energy: 41871BBB6CBE4AD6  4.8461677592916176E+07
    Total Mass:   5.2864575400760177E+18, Change:   0.0000000000000000E+00 Error:  0.00000E+00 ( 0.0E+00)
MOM Time      50.000     50: En 1.299125E-05, MaxCFL  0.00126, Mass 5.286457540076E+18
    Total Energy: 42CF3B228AE34090  6.8677686118017125E+13
    Total Mass:   5.2864575400760177E+18, Change:   2.3494412522268384E+01 Error:  2.34944E+01 ( 4.4E-18)
MOM Time     100.000    100: En 4.033843E-05, MaxCFL  0.00184, Mass 5.286457540076E+18
    Total Energy: 42E83E50EE1C7174  2.1324739856884363E+14
    Total Mass:   5.2864575400760177E+18, Change:   7.1716054848639743E-02 Error:  7.17161E-02 ( 1.4E-20)
 MOM_in domain decomposition
whalo =    4, ehalo =    4, shalo =    4, nhalo =    4
  X-AXIS =  128 128
  Y-AXIS =  256
 MOM_in domain decomposition
whalo =    2, ehalo =    2, shalo =    2, nhalo =    2
  X-AXIS =   64  64
  Y-AXIS =  128
 MOM_in domain decomposition
whalo =    4, ehalo =    4, shalo =    4, nhalo =    4
  X-AXIS =  128 128
  Y-AXIS =  256
 MOM_in domain decomposition
whalo =    2, ehalo =    2, shalo =    2, nhalo =    2
  X-AXIS =   64  64
  Y-AXIS =  128
MOM Time     150.000    150: En 6.647693E-05, MaxCFL  0.00207, Mass 5.286457540076E+18
    Total Energy: 42F3F9F1600EDE6A  3.5142747822026263E+14
    Total Mass:   5.2864575400760177E+18, Change:   5.3218839134091755E-01 Error:  5.32188E-01 ( 1.0E-19)
 MOM_in domain decomposition
whalo =    4, ehalo =    4, shalo =    4, nhalo =    4
  X-AXIS =  128 128
  Y-AXIS =  256
 MOM_in domain decomposition
whalo =    2, ehalo =    2, shalo =    2, nhalo =    2
  X-AXIS =   64  64
  Y-AXIS =  128

WARNING from PE     0: open_ASCII_file: File RESTART/ocean_solo.res opened WRITEONLY already exists!


WARNING from PE     0: open_ASCII_file: File exitcode opened WRITEONLY already exists!

 MPP_DOMAINS_STACK high water mark=       512800

Tabulating mpp_clock statistics across      2 PEs...

                                      hits          tmin          tmax          tavg          tstd  tfrac grain pemin pemax
Total runtime                            1     33.185351     33.185351     33.185351      0.000000  1.000     0     0     1
Initialization                           1      1.596243      1.597001      1.596622      0.000379  0.048     0     0     1
Main loop                                1     29.467003     29.467575     29.467289      0.000286  0.888     0     0     1
Termination                              1      2.119631      2.119821      2.119726      0.000095  0.064     0     0     1
Ocean Initialization                     2      1.717189      1.720135      1.718662      0.001473  0.052    11     0     1
Ocean                                   75     25.191195     25.191361     25.191278      0.000083  0.759     1     0     1
Ocean dynamics                         300     18.863881     18.962575     18.913228      0.049347  0.570    11     0     1
Ocean thermodynamics and tracers       225      0.559406      0.575898      0.567652      0.008246  0.017    11     0     1
Ocean grid generation and remapp         0      0.000000      0.000000      0.000000      0.000000  0.000    11     0     1
Ocean Other                            450      2.617708      2.667427      2.642568      0.024860  0.080    11     0     1
(Ocean tracer advection)               150      0.463811      0.464507      0.464159      0.000348  0.014    21     0     1
(Ocean adiabatic driver)                75      0.095498      0.111260      0.103379      0.007881  0.003    21     0     1
(Ocean continuity equation *)            0      0.000000      0.000000      0.000000      0.000000  0.000    31     0     1
(Ocean set BBL viscosity)               75      0.202672      0.204498      0.203585      0.000913  0.006    31     0     1
(Ocean message passing *)              150      1.474588      1.500216      1.487402      0.012814  0.045    31     0     1
(Ocean MOM_initialize_state)             2      0.056026      0.060780      0.058403      0.002377  0.002    31     0     1
(Ocean init message passing *)           2      0.016902      0.017299      0.017101      0.000199  0.001    41     0     1
(Ocean mixed layer restrat)              0      0.000000      0.000000      0.000000      0.000000  0.000    31     0     1
(Ocean collective diagnostics)         375      1.090353      1.108746      1.099549      0.009196  0.033    31     0     1
(Ocean Z-space diagnostics)              0      0.000000      0.000000      0.000000      0.000000  0.000    31     0     1
(Ocean ALE)                              0      0.000000      0.000000      0.000000      0.000000  0.000    31     0     1
(Stochastic EOS)                       150      0.000012      0.000013      0.000013      0.000001  0.000    31     0     1
(SGS Temperature Variance)             150      0.000006      0.000006      0.000006      0.000000  0.000    31     0     1
(Ocean diagnostics framework)            0      0.000000      0.000000      0.000000      0.000000  0.000    31     0     1
(Ocean diagnostics remapping)            0      0.000000      0.000000      0.000000      0.000000  0.000    41     0     1
(Ocean diagnostics grid updates)       526      1.454395      1.455715      1.455055      0.000660  0.044    41     0     1
(Ocean init message passing)             4      0.043067      0.044621      0.043844      0.000777  0.001    41     0     1
(Ocean continuity reconstruction       902      0.139503      0.140926      0.140215      0.000712  0.004    41     0     1
(Ocean continuity update)              902      0.037417      0.037787      0.037602      0.000185  0.001    41     0     1
(Ocean continuity correction)          902      1.488258      1.597592      1.542925      0.054667  0.046    41     0     1
(Ocean BT pre-calcs only)             1200      0.312139      0.316701      0.314420      0.002281  0.009    41     0     1
(Ocean BT pre-step halo updates)      1200      0.751066      1.062886      0.906976      0.155910  0.027    41     0     1
(Ocean BT stepping calcs only)         600      0.215731      0.225074      0.220403      0.004671  0.007    41     0     1
(Ocean BT stepping halo updates)       300      0.070474      0.071036      0.070755      0.000281  0.002    41     0     1
(Ocean BT post-calcs only)             900      0.040611      0.041079      0.040845      0.000234  0.001    41     0     1
(Ocean BT post-step halo updates       600      0.129090      0.137850      0.133470      0.004380  0.004    41     0     1
(Ocean BT global synch)                  0      0.000000      0.000000      0.000000      0.000000  0.000    41     0     1
(Ocean Coriolis & mom advection)       300      4.495506      4.760732      4.628119      0.132613  0.139    31     0     1
(Ocean continuity equation)            450      1.706453      1.813967      1.760210      0.053757  0.053    31     0     1
(Ocean pressure force)                 150      0.965783      1.015146      0.990464      0.024681  0.030    31     0     1
(Ocean vertical viscosity)             450      1.111636      1.125006      1.118321      0.006685  0.034    31     0     1
(Ocean horizontal viscosity)           150      3.955048      4.184191      4.069619      0.114571  0.123    31     0     1
(Ocean momentum increments)            300      0.028877      0.029305      0.029091      0.000214  0.001    31     0     1
(Ocean message passing)               1350      0.620039      0.706842      0.663440      0.043401  0.020    31     0     1
(Ocean barotropic mode calc)           300      0.012898      0.013401      0.013149      0.000251  0.000    31     0     1
(Ocean barotropic mode stepping)       300      1.562627      1.894075      1.728351      0.165724  0.052    31     0     1
(Ocean barotropic forcing calc)        300      0.030448      0.030629      0.030539      0.000090  0.001    31     0     1
(Ocean advect tracer)                    0      0.000000      0.000000      0.000000      0.000000  0.000    31     0     1
(Ocean tracer halo updates)              0      0.000000      0.000000      0.000000      0.000000  0.000    41     0     1
(Ocean tracer global synch)              0      0.000000      0.000000      0.000000      0.000000  0.000    41     0     1
(Ocean diffuse tracer)                   0      0.000000      0.000000      0.000000      0.000000  0.000    31     0     1
(Ocean epipycnal diffuse tracer)         0      0.000000      0.000000      0.000000      0.000000  0.000    31     0     1
(Ocean surface forcing)                 76      0.002834      0.003568      0.003201      0.000367  0.000    31     0     1
(Ocean forcing diagnostics)            150      0.000202      0.000220      0.000211      0.000009  0.000    41     0     1
 MPP_STACK high water mark=            0
