NOTE from PE     0: MPP_DOMAINS_SET_STACK_SIZE: stack size set to    32768.
NOTE from PE     0: MPP_DOMAINS_SET_STACK_SIZE: stack size set to  4000000.
NOTE from PE     0: ======== Model being driven by MOM_driver ========
NOTE from PE     0: callTree: o Program MOM_main, MOM_driver.F90
NOTE from PE     0: fms_affinity_set: OCEAN affinity assumes hyper-threading hardware disabled
 MOM_domains_mod OMPthreading             1            0            1
 MOM_domains_mod OMPthreading             0            0            1
NOTE from PE     0: open_param_file: MOM_input has been opened successfully.
NOTE from PE     0: open_param_file: MOM_override has been opened successfully.
 MOM_domains_mod OMPthreading             1            0            1

WARNING from PE     0: MOM_file_parser : DT over-ridden.  Line: 'DT = 75' in file MOM_override.


WARNING from PE     0: MOM_file_parser : DT_THERM over-ridden.  Line: 'DT_THERM = 150' in file MOM_override.

NOTE from PE     0: fms_affinity_set: OCEAN affinity assumes hyper-threading hardware disabled
 MOM_domains_mod OMPthreading             0            0            1

WARNING from PE     0: MOM_file_parser : NIGLOBAL over-ridden.  Line: 'NIGLOBAL = 512' in file MOM_override.


WARNING from PE     0: MOM_file_parser : NJGLOBAL over-ridden.  Line: 'NJGLOBAL = 512' in file MOM_override.

 MOM_in domain decomposition
whalo =    4, ehalo =    4, shalo =    4, nhalo =    4
  X-AXIS =  256 256
  Y-AXIS =  512
 MOM_inc domain decomposition
whalo =    2, ehalo =    2, shalo =    2, nhalo =    2
  X-AXIS =  128 128
  Y-AXIS =  256
NOTE from PE     0: diag_manager_mod::diag_manager_init: prepend_date only supported when diag_manager_init is called with time_init present.
NOTE from PE     0: diag_manager_mod::diag_manager_init: You are using the legacy version of the diag table
 MOM_in domain decomposition
whalo =    4, ehalo =    4, shalo =    4, nhalo =    4
  X-AXIS =  256 256
  Y-AXIS =  512
 MOM_in domain decomposition
whalo =    2, ehalo =    2, shalo =    2, nhalo =    2
  X-AXIS =  128 128
  Y-AXIS =  256

WARNING from PE     0: MOM_file_parser : NK over-ridden.  Line: 'NK = 100' in file MOM_override.

 MOM_in domain decomposition
whalo =    4, ehalo =    4, shalo =    4, nhalo =    4
  X-AXIS =  256 256
  Y-AXIS =  512
 MOM_in domain decomposition
whalo =    2, ehalo =    2, shalo =    2, nhalo =    2
  X-AXIS =  128 128
  Y-AXIS =  256

WARNING from PE     0: Open_file is appending .nc to the filename ./ocean_geometry


WARNING from PE     0: MOM_file_parser : COORD_CONFIG over-ridden.  Line: 'COORD_CONFIG = "linear"' in file MOM_override.

 MOM_in domain decomposition
whalo =    4, ehalo =    4, shalo =    4, nhalo =    4
  X-AXIS =  256 256
  Y-AXIS =  512
 MOM_in domain decomposition
whalo =    2, ehalo =    2, shalo =    2, nhalo =    2
  X-AXIS =  128 128
  Y-AXIS =  256
 MOM_in domain decomposition
whalo =    4, ehalo =    4, shalo =    4, nhalo =    4
  X-AXIS =  256 256
  Y-AXIS =  512
 MOM_in domain decomposition
whalo =    2, ehalo =    2, shalo =    2, nhalo =    2
  X-AXIS =  128 128
  Y-AXIS =  256

WARNING from PE     0: ./Depth_list.nc checksums do not match; updating file.


WARNING from PE     0: MOM_file_parser : DT_FORCING over-ridden.  Line: 'DT_FORCING = 150' in file MOM_override.


WARNING from PE     0: MOM_file_parser : DAYMAX over-ridden.  Line: 'DAYMAX = 150' in file MOM_override.


WARNING from PE     0: Unused line in MOM_input : GINT = 0.0098


WARNING from PE     0: open_ASCII_file: File ./CPU_stats opened WRITEONLY already exists!


WARNING from PE     0: open_ASCII_file: File ./ocean.stats opened WRITEONLY already exists!

MOM Time       0.000      0: En 9.167783E-12, MaxCFL  0.00000, Mass 5.286420478077E+18
    Total Energy: 41871C1BB355D5A8  4.8464758416911423E+07
    Total Mass:   5.2864204780768635E+18, Change:   0.0000000000000000E+00 Error:  0.00000E+00 ( 0.0E+00)
MOM Time      50.000     50: En 3.628263E-06, MaxCFL  0.00070, Mass 5.286420478077E+18
    Total Energy: 42B171D0738932E6  1.9180526209330898E+13
    Total Mass:   5.2864204780768635E+18, Change:   7.1212031765190824E+00 Error:  7.12120E+00 ( 1.3E-18)
MOM Time     100.000    100: En 1.302025E-05, MaxCFL  0.00126, Mass 5.286420478077E+18
    Total Energy: 42CF4CECC7742046  6.8830500939840547E+13
    Total Mass:   5.2864204780768635E+18, Change:   6.2132118529516145E-01 Error:  6.21321E-01 ( 1.2E-19)
 MOM_in domain decomposition
whalo =    4, ehalo =    4, shalo =    4, nhalo =    4
  X-AXIS =  256 256
  Y-AXIS =  512
 MOM_in domain decomposition
whalo =    2, ehalo =    2, shalo =    2, nhalo =    2
  X-AXIS =  128 128
  Y-AXIS =  256
 MOM_in domain decomposition
whalo =    4, ehalo =    4, shalo =    4, nhalo =    4
  X-AXIS =  256 256
  Y-AXIS =  512
 MOM_in domain decomposition
whalo =    2, ehalo =    2, shalo =    2, nhalo =    2
  X-AXIS =  128 128
  Y-AXIS =  256
MOM Time     150.000    150: En 2.597815E-05, MaxCFL  0.00165, Mass 5.286420478077E+18
    Total Energy: 42DF39BDF142389B  1.3733144120752242E+14
    Total Mass:   5.2864204780768635E+18, Change:   6.9982464594652249E-01 Error:  6.99825E-01 ( 1.3E-19)
 MOM_in domain decomposition
whalo =    4, ehalo =    4, shalo =    4, nhalo =    4
  X-AXIS =  256 256
  Y-AXIS =  512
 MOM_in domain decomposition
whalo =    2, ehalo =    2, shalo =    2, nhalo =    2
  X-AXIS =  128 128
  Y-AXIS =  256

WARNING from PE     0: open_ASCII_file: File RESTART/ocean_solo.res opened WRITEONLY already exists!


WARNING from PE     0: open_ASCII_file: File exitcode opened WRITEONLY already exists!

 MPP_DOMAINS_STACK high water mark=      1024800

Tabulating mpp_clock statistics across      2 PEs...

                                      hits          tmin          tmax          tavg          tstd  tfrac grain pemin pemax
Total runtime                            1    102.451580    102.451581    102.451581      0.000000  1.000     0     0     1
Initialization                           1      5.286473      5.287194      5.286834      0.000360  0.052     0     0     1
Main loop                                1     85.983711     85.985098     85.984404      0.000693  0.839     0     0     1
Termination                              1     11.178343     11.179015     11.178679      0.000336  0.109     0     0     1
Ocean Initialization                     2      5.838745      5.849815      5.844280      0.005535  0.057    11     0     1
Ocean                                   75     63.866348     63.868106     63.867227      0.000879  0.623     1     0     1
Ocean dynamics                         300     38.097823     38.191612     38.144717      0.046894  0.372    11     0     1
Ocean thermodynamics and tracers       225      5.440379      5.457361      5.448870      0.008491  0.053    11     0     1
Ocean grid generation and remapp         0      0.000000      0.000000      0.000000      0.000000  0.000    11     0     1
Ocean Other                            450     10.659894     10.776373     10.718133      0.058239  0.105    11     0     1
(Ocean tracer advection)               150      1.780857      1.781948      1.781403      0.000545  0.017    21     0     1
(Ocean adiabatic driver)                75      3.659391      3.675277      3.667334      0.007943  0.036    21     0     1
(Ocean continuity equation *)            0      0.000000      0.000000      0.000000      0.000000  0.000    31     0     1
(Ocean set BBL viscosity)               75      0.202060      0.203006      0.202533      0.000473  0.002    31     0     1
(Ocean message passing *)              150      3.349357      3.416679      3.383018      0.033661  0.033    31     0     1
(Ocean MOM_initialize_state)             2      0.113188      0.113957      0.113572      0.000385  0.001    31     0     1
(Ocean init message passing *)           2      0.036736      0.038968      0.037852      0.001116  0.000    41     0     1
(Ocean mixed layer restrat)              0      0.000000      0.000000      0.000000      0.000000  0.000    31     0     1
(Ocean collective diagnostics)         375      4.467078      4.512365      4.489721      0.022643  0.044    31     0     1
(Ocean Z-space diagnostics)              0      0.000000      0.000000      0.000000      0.000000  0.000    31     0     1
(Ocean ALE)                              0      0.000000      0.000000      0.000000      0.000000  0.000    31     0     1
(Stochastic EOS)                       150      0.000013      0.000014      0.000013      0.000000  0.000    31     0     1
(SGS Temperature Variance)             150      0.000006      0.000006      0.000006      0.000000  0.000    31     0     1
(Ocean diagnostics framework)            0      0.000000      0.000000      0.000000      0.000000  0.000    31     0     1
(Ocean diagnostics remapping)            0      0.000000      0.000000      0.000000      0.000000  0.000    41     0     1
(Ocean diagnostics grid updates)       526      5.507542      5.591792      5.549667      0.042125  0.054    41     0     1
(Ocean init message passing)             4      0.100911      0.106375      0.103643      0.002732  0.001    41     0     1
(Ocean continuity reconstruction       902      0.438247      0.439819      0.439033      0.000786  0.004    41     0     1
(Ocean continuity update)              902      0.121239      0.123243      0.122241      0.001002  0.001    41     0     1
(Ocean continuity correction)          902      3.718221      3.825318      3.771770      0.053548  0.037    41     0     1
(Ocean BT pre-calcs only)             1200      0.616744      0.623328      0.620036      0.003292  0.006    41     0     1
(Ocean BT pre-step halo updates)      1200      0.733012      1.172167      0.952589      0.219578  0.009    41     0     1
(Ocean BT stepping calcs only)         600      0.271002      0.276337      0.273670      0.002668  0.003    41     0     1
(Ocean BT stepping halo updates)       300      0.072909      0.073817      0.073363      0.000454  0.001    41     0     1
(Ocean BT post-calcs only)             900      0.107578      0.108388      0.107983      0.000405  0.001    41     0     1
(Ocean BT post-step halo updates       600      0.146970      0.151905      0.149438      0.002468  0.001    41     0     1
(Ocean BT global synch)                  0      0.000000      0.000000      0.000000      0.000000  0.000    41     0     1
(Ocean Coriolis & mom advection)       300      4.885217      5.198507      5.041862      0.156645  0.049    31     0     1
(Ocean continuity equation)            450      4.351423      4.455378      4.403401      0.051978  0.043    31     0     1
(Ocean pressure force)                 150      1.179382      1.231092      1.205237      0.025855  0.012    31     0     1
(Ocean vertical viscosity)             450      4.055292      4.069259      4.062275      0.006984  0.040    31     0     1
(Ocean horizontal viscosity)           150      4.466777      4.728502      4.597639      0.130862  0.045    31     0     1
(Ocean momentum increments)            300      0.089083      0.089590      0.089336      0.000253  0.001    31     0     1
(Ocean message passing)               1350      1.332364      1.752007      1.542186      0.209821  0.015    31     0     1
(Ocean barotropic mode calc)           300      0.025415      0.025635      0.025525      0.000110  0.000    31     0     1
(Ocean barotropic mode stepping)       300      2.118124      2.551359      2.334742      0.216618  0.023    31     0     1
(Ocean barotropic forcing calc)        300      0.095856      0.096195      0.096026      0.000170  0.001    31     0     1
(Ocean advect tracer)                    0      0.000000      0.000000      0.000000      0.000000  0.000    31     0     1
(Ocean tracer halo updates)              0      0.000000      0.000000      0.000000      0.000000  0.000    41     0     1
(Ocean tracer global synch)              0      0.000000      0.000000      0.000000      0.000000  0.000    41     0     1
(Ocean diffuse tracer)                   0      0.000000      0.000000      0.000000      0.000000  0.000    31     0     1
(Ocean epipycnal diffuse tracer)         0      0.000000      0.000000      0.000000      0.000000  0.000    31     0     1
(Ocean surface forcing)                 76      0.010227      0.010435      0.010331      0.000104  0.000    31     0     1
(Ocean forcing diagnostics)            150      0.000148      0.000290      0.000219      0.000071  0.000    41     0     1
 MPP_STACK high water mark=            0
