NOTE from PE     0: MPP_DOMAINS_SET_STACK_SIZE: stack size set to    32768.
NOTE from PE     0: MPP_DOMAINS_SET_STACK_SIZE: stack size set to  4000000.
NOTE from PE     0: ======== Model being driven by MOM_driver ========
NOTE from PE     0: callTree: o Program MOM_main, MOM_driver.F90
 MOM_domains_mod OMPthreading             1            0            1
NOTE from PE     0: fms_affinity_set: OCEAN affinity assumes hyper-threading hardware disabled
 MOM_domains_mod OMPthreading             0            0            1
NOTE from PE     0: open_param_file: MOM_input has been opened successfully.
NOTE from PE     0: open_param_file: MOM_override has been opened successfully.
 MOM_domains_mod OMPthreading             1            0            1

WARNING from PE     0: MOM_file_parser : DT over-ridden.  Line: 'DT = 75' in file MOM_override.


WARNING from PE     0: MOM_file_parser : DT_THERM over-ridden.  Line: 'DT_THERM = 150' in file MOM_override.

NOTE from PE     0: fms_affinity_set: OCEAN affinity assumes hyper-threading hardware disabled
 MOM_domains_mod OMPthreading             0            0            1

WARNING from PE     0: MOM_file_parser : NIGLOBAL over-ridden.  Line: 'NIGLOBAL = 512' in file MOM_override.


WARNING from PE     0: MOM_file_parser : NJGLOBAL over-ridden.  Line: 'NJGLOBAL = 256' in file MOM_override.

 MOM_in domain decomposition
whalo =    4, ehalo =    4, shalo =    4, nhalo =    4
  X-AXIS =  256 256
  Y-AXIS =  256
 MOM_inc domain decomposition
whalo =    2, ehalo =    2, shalo =    2, nhalo =    2
  X-AXIS =  128 128
  Y-AXIS =  128
NOTE from PE     0: diag_manager_mod::diag_manager_init: prepend_date only supported when diag_manager_init is called with time_init present.
NOTE from PE     0: diag_manager_mod::diag_manager_init: You are using the legacy version of the diag table
 MOM_in domain decomposition
whalo =    4, ehalo =    4, shalo =    4, nhalo =    4
  X-AXIS =  256 256
  Y-AXIS =  256
 MOM_in domain decomposition
whalo =    2, ehalo =    2, shalo =    2, nhalo =    2
  X-AXIS =  128 128
  Y-AXIS =  128

WARNING from PE     0: MOM_file_parser : NK over-ridden.  Line: 'NK = 100' in file MOM_override.

 MOM_in domain decomposition
whalo =    4, ehalo =    4, shalo =    4, nhalo =    4
  X-AXIS =  256 256
  Y-AXIS =  256
 MOM_in domain decomposition
whalo =    2, ehalo =    2, shalo =    2, nhalo =    2
  X-AXIS =  128 128
  Y-AXIS =  128

WARNING from PE     0: Open_file is appending .nc to the filename ./ocean_geometry


WARNING from PE     0: MOM_file_parser : COORD_CONFIG over-ridden.  Line: 'COORD_CONFIG = "linear"' in file MOM_override.

 MOM_in domain decomposition
whalo =    4, ehalo =    4, shalo =    4, nhalo =    4
  X-AXIS =  256 256
  Y-AXIS =  256
 MOM_in domain decomposition
whalo =    2, ehalo =    2, shalo =    2, nhalo =    2
  X-AXIS =  128 128
  Y-AXIS =  128
 MOM_in domain decomposition
whalo =    4, ehalo =    4, shalo =    4, nhalo =    4
  X-AXIS =  256 256
  Y-AXIS =  256
 MOM_in domain decomposition
whalo =    2, ehalo =    2, shalo =    2, nhalo =    2
  X-AXIS =  128 128
  Y-AXIS =  128

WARNING from PE     0: ./Depth_list.nc checksums do not match; updating file.


WARNING from PE     0: MOM_file_parser : DT_FORCING over-ridden.  Line: 'DT_FORCING = 150' in file MOM_override.


WARNING from PE     0: MOM_file_parser : DAYMAX over-ridden.  Line: 'DAYMAX = 150' in file MOM_override.


WARNING from PE     0: Unused line in MOM_input : GINT = 0.0098


WARNING from PE     0: open_ASCII_file: File ./CPU_stats opened WRITEONLY already exists!


WARNING from PE     0: open_ASCII_file: File ./ocean.stats opened WRITEONLY already exists!

MOM Time       0.000      0: En 9.167549E-12, MaxCFL  0.00000, Mass 5.286433166925E+18
    Total Energy: 41871BF89CE9F99F  4.8463635614245646E+07
    Total Mass:   5.2864331669247314E+18, Change:   0.0000000000000000E+00 Error:  0.00000E+00 ( 0.0E+00)
MOM Time      50.000     50: En 3.628256E-06, MaxCFL  0.00070, Mass 5.286433166925E+18
    Total Energy: 42B171D0E6F598AD  1.9180533773720676E+13
    Total Mass:   5.2864331669247314E+18, Change:   4.6828678089275229E+01 Error:  4.68287E+01 ( 8.9E-18)
MOM Time     100.000    100: En 1.302024E-05, MaxCFL  0.00126, Mass 5.286433166925E+18
    Total Energy: 42CF4CEFFF39F0E5  6.8830608913377789E+13
    Total Mass:   5.2864331669247314E+18, Change:  -4.4074424865870521E-01 Error: -4.40744E-01 (-8.3E-20)
 MOM_in domain decomposition
whalo =    4, ehalo =    4, shalo =    4, nhalo =    4
  X-AXIS =  256 256
  Y-AXIS =  256
 MOM_in domain decomposition
whalo =    2, ehalo =    2, shalo =    2, nhalo =    2
  X-AXIS =  128 128
  Y-AXIS =  128
 MOM_in domain decomposition
whalo =    4, ehalo =    4, shalo =    4, nhalo =    4
  X-AXIS =  256 256
  Y-AXIS =  256
 MOM_in domain decomposition
whalo =    2, ehalo =    2, shalo =    2, nhalo =    2
  X-AXIS =  128 128
  Y-AXIS =  128
MOM Time     150.000    150: En 2.597818E-05, MaxCFL  0.00165, Mass 5.286433166925E+18
    Total Energy: 42DF39C52ABA2CF0  1.3733192603461175E+14
    Total Mass:   5.2864331669247314E+18, Change:  -6.8041288220255325E-01 Error: -6.80413E-01 (-1.3E-19)
 MOM_in domain decomposition
whalo =    4, ehalo =    4, shalo =    4, nhalo =    4
  X-AXIS =  256 256
  Y-AXIS =  256
 MOM_in domain decomposition
whalo =    2, ehalo =    2, shalo =    2, nhalo =    2
  X-AXIS =  128 128
  Y-AXIS =  128

WARNING from PE     0: open_ASCII_file: File RESTART/ocean_solo.res opened WRITEONLY already exists!


WARNING from PE     0: open_ASCII_file: File exitcode opened WRITEONLY already exists!

 MPP_DOMAINS_STACK high water mark=       512800

Tabulating mpp_clock statistics across      2 PEs...

                                      hits          tmin          tmax          tavg          tstd  tfrac grain pemin pemax
Total runtime                            1     57.604832     57.604832     57.604832      0.000000  1.000     0     0     1
Initialization                           1      2.807113      2.808113      2.807613      0.000500  0.049     0     0     1
Main loop                                1     49.318776     49.319830     49.319303      0.000527  0.856     0     0     1
Termination                              1      5.475006      5.475075      5.475041      0.000034  0.095     0     0     1
Ocean Initialization                     2      3.058097      3.066980      3.062539      0.004442  0.053    11     0     1
Ocean                                   75     38.403391     38.403983     38.403687      0.000296  0.667     1     0     1
Ocean dynamics                         300     25.388527     25.400609     25.394568      0.006041  0.441    11     0     1
Ocean thermodynamics and tracers       225      2.781980      2.824294      2.803137      0.021157  0.049    11     0     1
Ocean grid generation and remapp         0      0.000000      0.000000      0.000000      0.000000  0.000    11     0     1
Ocean Other                            450      5.358250      5.376808      5.367529      0.009279  0.093    11     0     1
(Ocean tracer advection)               150      0.908806      0.946886      0.927846      0.019040  0.016    21     0     1
(Ocean adiabatic driver)                75      1.873050      1.877285      1.875167      0.002118  0.033    21     0     1
(Ocean continuity equation *)            0      0.000000      0.000000      0.000000      0.000000  0.000    31     0     1
(Ocean set BBL viscosity)               75      0.124086      0.125609      0.124848      0.000762  0.002    31     0     1
(Ocean message passing *)              150      1.729075      1.762701      1.745888      0.016813  0.030    31     0     1
(Ocean MOM_initialize_state)             2      0.070273      0.073283      0.071778      0.001505  0.001    31     0     1
(Ocean init message passing *)           2      0.018274      0.018823      0.018548      0.000275  0.000    41     0     1
(Ocean mixed layer restrat)              0      0.000000      0.000000      0.000000      0.000000  0.000    31     0     1
(Ocean collective diagnostics)         375      2.292749      2.314436      2.303592      0.010843  0.040    31     0     1
(Ocean Z-space diagnostics)              0      0.000000      0.000000      0.000000      0.000000  0.000    31     0     1
(Ocean ALE)                              0      0.000000      0.000000      0.000000      0.000000  0.000    31     0     1
(Stochastic EOS)                       150      0.000011      0.000012      0.000012      0.000000  0.000    31     0     1
(SGS Temperature Variance)             150      0.000006      0.000006      0.000006      0.000000  0.000    31     0     1
(Ocean diagnostics framework)            0      0.000000      0.000000      0.000000      0.000000  0.000    31     0     1
(Ocean diagnostics remapping)            0      0.000000      0.000000      0.000000      0.000000  0.000    41     0     1
(Ocean diagnostics grid updates)       526      2.786548      2.811652      2.799100      0.012552  0.049    41     0     1
(Ocean init message passing)             4      0.050738      0.054054      0.052396      0.001658  0.001    41     0     1
(Ocean continuity reconstruction       902      0.244858      0.246649      0.245753      0.000896  0.004    41     0     1
(Ocean continuity update)              902      0.064432      0.065550      0.064991      0.000559  0.001    41     0     1
(Ocean continuity correction)          902      2.519538      2.641711      2.580625      0.061087  0.045    41     0     1
(Ocean BT pre-calcs only)             1200      0.421067      0.429980      0.425523      0.004456  0.007    41     0     1
(Ocean BT pre-step halo updates)      1200      0.750710      1.099628      0.925169      0.174459  0.016    41     0     1
(Ocean BT stepping calcs only)         600      0.244367      0.252287      0.248327      0.003960  0.004    41     0     1
(Ocean BT stepping halo updates)       300      0.070711      0.071458      0.071085      0.000373  0.001    41     0     1
(Ocean BT post-calcs only)             900      0.062667      0.063046      0.062856      0.000189  0.001    41     0     1
(Ocean BT post-step halo updates       600      0.132921      0.140501      0.136711      0.003790  0.002    41     0     1
(Ocean BT global synch)                  0      0.000000      0.000000      0.000000      0.000000  0.000    41     0     1
(Ocean Coriolis & mom advection)       300      4.607459      4.885715      4.746587      0.139128  0.082    31     0     1
(Ocean continuity equation)            450      2.894893      3.014135      2.954514      0.059621  0.051    31     0     1
(Ocean pressure force)                 150      1.047425      1.095571      1.071498      0.024073  0.019    31     0     1
(Ocean vertical viscosity)             450      2.096052      2.151558      2.123805      0.027753  0.037    31     0     1
(Ocean horizontal viscosity)           150      4.114944      4.349895      4.232419      0.117475  0.073    31     0     1
(Ocean momentum increments)            300      0.048576      0.048651      0.048613      0.000038  0.001    31     0     1
(Ocean message passing)               1350      0.642712      0.828808      0.735760      0.093048  0.013    31     0     1
(Ocean barotropic mode calc)           300      0.017946      0.018148      0.018047      0.000101  0.000    31     0     1
(Ocean barotropic mode stepping)       300      1.822735      2.163233      1.992984      0.170249  0.035    31     0     1
(Ocean barotropic forcing calc)        300      0.051996      0.052060      0.052028      0.000032  0.001    31     0     1
(Ocean advect tracer)                    0      0.000000      0.000000      0.000000      0.000000  0.000    31     0     1
(Ocean tracer halo updates)              0      0.000000      0.000000      0.000000      0.000000  0.000    41     0     1
(Ocean tracer global synch)              0      0.000000      0.000000      0.000000      0.000000  0.000    41     0     1
(Ocean diffuse tracer)                   0      0.000000      0.000000      0.000000      0.000000  0.000    31     0     1
(Ocean epipycnal diffuse tracer)         0      0.000000      0.000000      0.000000      0.000000  0.000    31     0     1
(Ocean surface forcing)                 76      0.004823      0.006100      0.005462      0.000639  0.000    31     0     1
(Ocean forcing diagnostics)            150      0.000215      0.000218      0.000217      0.000001  0.000    41     0     1
 MPP_STACK high water mark=            0
