NOTE from PE     0: MPP_DOMAINS_SET_STACK_SIZE: stack size set to    32768.
NOTE from PE     0: MPP_DOMAINS_SET_STACK_SIZE: stack size set to  4000000.
NOTE from PE     0: ======== Model being driven by MOM_driver ========
NOTE from PE     0: callTree: o Program MOM_main, MOM_driver.F90
NOTE from PE     0: fms_affinity_set: OCEAN affinity assumes hyper-threading hardware disabled
 MOM_domains_mod OMPthreading             1            0            1
 MOM_domains_mod OMPthreading             0            0            1
NOTE from PE     0: open_param_file: MOM_input has been opened successfully.
NOTE from PE     0: open_param_file: MOM_override has been opened successfully.
 MOM_domains_mod OMPthreading             1            0            1

WARNING from PE     0: MOM_file_parser : DT over-ridden.  Line: 'DT = 300' in file MOM_override.


WARNING from PE     0: MOM_file_parser : DT_THERM over-ridden.  Line: 'DT_THERM = 600' in file MOM_override.

NOTE from PE     0: fms_affinity_set: OCEAN affinity assumes hyper-threading hardware disabled
 MOM_domains_mod OMPthreading             0            0            1

WARNING from PE     0: MOM_file_parser : NIGLOBAL over-ridden.  Line: 'NIGLOBAL = 128' in file MOM_override.


WARNING from PE     0: MOM_file_parser : NJGLOBAL over-ridden.  Line: 'NJGLOBAL = 64' in file MOM_override.

 MOM_in domain decomposition
whalo =    4, ehalo =    4, shalo =    4, nhalo =    4
  X-AXIS =   64  64
  Y-AXIS =   64
 MOM_inc domain decomposition
whalo =    2, ehalo =    2, shalo =    2, nhalo =    2
  X-AXIS =   32  32
  Y-AXIS =   32
NOTE from PE     0: diag_manager_mod::diag_manager_init: prepend_date only supported when diag_manager_init is called with time_init present.
NOTE from PE     0: diag_manager_mod::diag_manager_init: You are using the legacy version of the diag table
 MOM_in domain decomposition
whalo =    4, ehalo =    4, shalo =    4, nhalo =    4
  X-AXIS =   64  64
  Y-AXIS =   64
 MOM_in domain decomposition
whalo =    2, ehalo =    2, shalo =    2, nhalo =    2
  X-AXIS =   32  32
  Y-AXIS =   32

WARNING from PE     0: MOM_file_parser : NK over-ridden.  Line: 'NK = 100' in file MOM_override.

 MOM_in domain decomposition
whalo =    4, ehalo =    4, shalo =    4, nhalo =    4
  X-AXIS =   64  64
  Y-AXIS =   64
 MOM_in domain decomposition
whalo =    2, ehalo =    2, shalo =    2, nhalo =    2
  X-AXIS =   32  32
  Y-AXIS =   32

WARNING from PE     0: Open_file is appending .nc to the filename ./ocean_geometry


WARNING from PE     0: MOM_file_parser : COORD_CONFIG over-ridden.  Line: 'COORD_CONFIG = "linear"' in file MOM_override.

 MOM_in domain decomposition
whalo =    4, ehalo =    4, shalo =    4, nhalo =    4
  X-AXIS =   64  64
  Y-AXIS =   64
 MOM_in domain decomposition
whalo =    2, ehalo =    2, shalo =    2, nhalo =    2
  X-AXIS =   32  32
  Y-AXIS =   32
 MOM_in domain decomposition
whalo =    4, ehalo =    4, shalo =    4, nhalo =    4
  X-AXIS =   64  64
  Y-AXIS =   64
 MOM_in domain decomposition
whalo =    2, ehalo =    2, shalo =    2, nhalo =    2
  X-AXIS =   32  32
  Y-AXIS =   32

WARNING from PE     0: ./Depth_list.nc checksums do not match; updating file.


WARNING from PE     0: MOM_file_parser : DT_FORCING over-ridden.  Line: 'DT_FORCING = 600' in file MOM_override.


WARNING from PE     0: MOM_file_parser : DAYMAX over-ridden.  Line: 'DAYMAX = 150' in file MOM_override.


WARNING from PE     0: Unused line in MOM_input : GINT = 0.0098


WARNING from PE     0: open_ASCII_file: File ./CPU_stats opened WRITEONLY already exists!


WARNING from PE     0: open_ASCII_file: File ./ocean.stats opened WRITEONLY already exists!

MOM Time       0.000      0: En 9.160879E-12, MaxCFL  0.00000, Mass 5.286809263738E+18
    Total Energy: 418718166E7BA898  4.8431821810380161E+07
    Total Mass:   5.2868092637381345E+18, Change:   0.0000000000000000E+00 Error:  0.00000E+00 ( 0.0E+00)
MOM Time      50.000     50: En 4.018446E-05, MaxCFL  0.00184, Mass 5.286809263738E+18
    Total Energy: 42E82709D4715FCE  2.1244758167014244E+14
    Total Mass:   5.2868092637381345E+18, Change:   3.8615434439730649E+01 Error:  3.86154E+01 ( 7.3E-18)
MOM Time     100.000    100: En 8.025215E-05, MaxCFL  0.00128, Mass 5.286809263738E+18
    Total Energy: 42F81E0E087E2055  4.2427781636966931E+14
    Total Mass:   5.2868092637381345E+18, Change:  -3.3754377044436197E+00 Error: -3.37544E+00 (-6.4E-19)
 MOM_in domain decomposition
whalo =    4, ehalo =    4, shalo =    4, nhalo =    4
  X-AXIS =   64  64
  Y-AXIS =   64
 MOM_in domain decomposition
whalo =    2, ehalo =    2, shalo =    2, nhalo =    2
  X-AXIS =   32  32
  Y-AXIS =   32
 MOM_in domain decomposition
whalo =    4, ehalo =    4, shalo =    4, nhalo =    4
  X-AXIS =   64  64
  Y-AXIS =   64
 MOM_in domain decomposition
whalo =    2, ehalo =    2, shalo =    2, nhalo =    2
  X-AXIS =   32  32
  Y-AXIS =   32
MOM Time     150.000    150: En 6.205042E-05, MaxCFL  0.00121, Mass 5.286809263738E+18
    Total Energy: 42F2A5BCDC9AEE47  3.2804875964797244E+14
    Total Mass:   5.2868092637381345E+18, Change:   3.3469535747542807E+00 Error:  3.34695E+00 ( 6.3E-19)
 MOM_in domain decomposition
whalo =    4, ehalo =    4, shalo =    4, nhalo =    4
  X-AXIS =   64  64
  Y-AXIS =   64
 MOM_in domain decomposition
whalo =    2, ehalo =    2, shalo =    2, nhalo =    2
  X-AXIS =   32  32
  Y-AXIS =   32

WARNING from PE     0: open_ASCII_file: File RESTART/ocean_solo.res opened WRITEONLY already exists!


WARNING from PE     0: open_ASCII_file: File exitcode opened WRITEONLY already exists!

 MPP_DOMAINS_STACK high water mark=       128800

Tabulating mpp_clock statistics across      2 PEs...

                                      hits          tmin          tmax          tavg          tstd  tfrac grain pemin pemax
Total runtime                            1     15.634612     15.634612     15.634612      0.000000  1.000     0     0     1
Initialization                           1      0.405698      0.406380      0.406039      0.000341  0.026     0     0     1
Main loop                                1     14.962913     14.963451     14.963182      0.000269  0.957     0     0     1
Termination                              1      0.263640      0.263861      0.263751      0.000111  0.017     0     0     1
Ocean Initialization                     2      0.417714      0.421045      0.419380      0.001665  0.027    11     0     1
Ocean                                   75     14.363672     14.363713     14.363692      0.000021  0.919     1     0     1
Ocean dynamics                         300     13.277752     13.351247     13.314499      0.036748  0.852    11     0     1
Ocean thermodynamics and tracers       225      0.078635      0.078865      0.078750      0.000115  0.005    11     0     1
Ocean grid generation and remapp         0      0.000000      0.000000      0.000000      0.000000  0.000    11     0     1
Ocean Other                            450      0.376997      0.378342      0.377669      0.000672  0.024    11     0     1
(Ocean tracer advection)               150      0.069160      0.069995      0.069577      0.000417  0.004    21     0     1
(Ocean adiabatic driver)                75      0.008573      0.009652      0.009113      0.000539  0.001    21     0     1
(Ocean continuity equation *)            0      0.000000      0.000000      0.000000      0.000000  0.000    31     0     1
(Ocean set BBL viscosity)               75      0.049150      0.050230      0.049690      0.000540  0.003    31     0     1
(Ocean message passing *)              150      0.394160      0.454722      0.424441      0.030281  0.027    31     0     1
(Ocean MOM_initialize_state)             2      0.011972      0.017389      0.014681      0.002709  0.001    31     0     1
(Ocean init message passing *)           2      0.003685      0.007664      0.005674      0.001990  0.000    41     0     1
(Ocean mixed layer restrat)              0      0.000000      0.000000      0.000000      0.000000  0.000    31     0     1
(Ocean collective diagnostics)         375      0.151408      0.162088      0.156748      0.005340  0.010    31     0     1
(Ocean Z-space diagnostics)              0      0.000000      0.000000      0.000000      0.000000  0.000    31     0     1
(Ocean ALE)                              0      0.000000      0.000000      0.000000      0.000000  0.000    31     0     1
(Stochastic EOS)                       150      0.000011      0.000012      0.000012      0.000000  0.000    31     0     1
(SGS Temperature Variance)             150      0.000006      0.000006      0.000006      0.000000  0.000    31     0     1
(Ocean diagnostics framework)            0      0.000000      0.000000      0.000000      0.000000  0.000    31     0     1
(Ocean diagnostics remapping)            0      0.000000      0.000000      0.000000      0.000000  0.000    41     0     1
(Ocean diagnostics grid updates)       526      0.206346      0.207172      0.206759      0.000413  0.013    41     0     1
(Ocean init message passing)             4      0.007741      0.010212      0.008976      0.001235  0.001    41     0     1
(Ocean continuity reconstruction       902      0.049345      0.051003      0.050174      0.000829  0.003    41     0     1
(Ocean continuity update)              902      0.013530      0.014083      0.013806      0.000276  0.001    41     0     1
(Ocean continuity correction)          902      0.753128      0.756178      0.754653      0.001525  0.048    41     0     1
(Ocean BT pre-calcs only)             1200      0.220234      0.231964      0.226099      0.005865  0.014    41     0     1
(Ocean BT pre-step halo updates)      1200      0.692127      1.089991      0.891059      0.198932  0.057    41     0     1
(Ocean BT stepping calcs only)         600      0.202365      0.213449      0.207907      0.005542  0.013    41     0     1
(Ocean BT stepping halo updates)       300      0.069295      0.073164      0.071230      0.001934  0.005    41     0     1
(Ocean BT post-calcs only)             900      0.020601      0.021338      0.020969      0.000369  0.001    41     0     1
(Ocean BT post-step halo updates       600      0.120481      0.128388      0.124434      0.003953  0.008    41     0     1
(Ocean BT global synch)                  0      0.000000      0.000000      0.000000      0.000000  0.000    41     0     1
(Ocean Coriolis & mom advection)       300      4.344780      4.630688      4.487734      0.142954  0.287    31     0     1
(Ocean continuity equation)            450      0.833947      0.839058      0.836502      0.002556  0.054    31     0     1
(Ocean pressure force)                 150      0.896055      0.943088      0.919572      0.023517  0.059    31     0     1
(Ocean vertical viscosity)             450      0.523538      0.523986      0.523762      0.000224  0.034    31     0     1
(Ocean horizontal viscosity)           150      3.866009      4.105741      3.985875      0.119866  0.255    31     0     1
(Ocean momentum increments)            300      0.009729      0.009960      0.009844      0.000115  0.001    31     0     1
(Ocean message passing)               1350      0.282709      0.406870      0.344789      0.062080  0.022    31     0     1
(Ocean barotropic mode calc)           300      0.008781      0.008982      0.008881      0.000101  0.001    31     0     1
(Ocean barotropic mode stepping)       300      1.364153      1.750649      1.557401      0.193248  0.100    31     0     1
(Ocean barotropic forcing calc)        300      0.009712      0.010061      0.009887      0.000174  0.001    31     0     1
(Ocean advect tracer)                    0      0.000000      0.000000      0.000000      0.000000  0.000    31     0     1
(Ocean tracer halo updates)              0      0.000000      0.000000      0.000000      0.000000  0.000    41     0     1
(Ocean tracer global synch)              0      0.000000      0.000000      0.000000      0.000000  0.000    41     0     1
(Ocean diffuse tracer)                   0      0.000000      0.000000      0.000000      0.000000  0.000    31     0     1
(Ocean epipycnal diffuse tracer)         0      0.000000      0.000000      0.000000      0.000000  0.000    31     0     1
(Ocean surface forcing)                 76      0.001888      0.002481      0.002184      0.000296  0.000    31     0     1
(Ocean forcing diagnostics)            150      0.000143      0.000264      0.000204      0.000061  0.000    41     0     1
 MPP_STACK high water mark=            0
