NOTE from PE     0: MPP_DOMAINS_SET_STACK_SIZE: stack size set to    32768.
NOTE from PE     0: MPP_DOMAINS_SET_STACK_SIZE: stack size set to  4000000.
NOTE from PE     0: ======== Model being driven by MOM_driver ========
NOTE from PE     0: callTree: o Program MOM_main, MOM_driver.F90
 MOM_domains_mod OMPthreading             1            0            1
NOTE from PE     0: fms_affinity_set: OCEAN affinity assumes hyper-threading hardware disabled
 MOM_domains_mod OMPthreading             0            0            1
NOTE from PE     0: open_param_file: MOM_input has been opened successfully.
NOTE from PE     0: open_param_file: MOM_override has been opened successfully.
 MOM_domains_mod OMPthreading             1            0            1

WARNING from PE     0: MOM_file_parser : DT over-ridden.  Line: 'DT = 37' in file MOM_override.


WARNING from PE     0: MOM_file_parser : DT_THERM over-ridden.  Line: 'DT_THERM = 75' in file MOM_override.

NOTE from PE     0: fms_affinity_set: OCEAN affinity assumes hyper-threading hardware disabled
 MOM_domains_mod OMPthreading             0            0            1

WARNING from PE     0: MOM_file_parser : NIGLOBAL over-ridden.  Line: 'NIGLOBAL = 1024' in file MOM_override.


WARNING from PE     0: MOM_file_parser : NJGLOBAL over-ridden.  Line: 'NJGLOBAL = 1024' in file MOM_override.

 MOM_in domain decomposition
whalo =    4, ehalo =    4, shalo =    4, nhalo =    4
  X-AXIS =  512 512
  Y-AXIS = 1024
 MOM_inc domain decomposition
whalo =    2, ehalo =    2, shalo =    2, nhalo =    2
  X-AXIS =  256 256
  Y-AXIS =  512
NOTE from PE     0: diag_manager_mod::diag_manager_init: prepend_date only supported when diag_manager_init is called with time_init present.
NOTE from PE     0: diag_manager_mod::diag_manager_init: You are using the legacy version of the diag table
 MOM_in domain decomposition
whalo =    4, ehalo =    4, shalo =    4, nhalo =    4
  X-AXIS =  512 512
  Y-AXIS = 1024
 MOM_in domain decomposition
whalo =    2, ehalo =    2, shalo =    2, nhalo =    2
  X-AXIS =  256 256
  Y-AXIS =  512

WARNING from PE     0: MOM_file_parser : NK over-ridden.  Line: 'NK = 100' in file MOM_override.

 MOM_in domain decomposition
whalo =    4, ehalo =    4, shalo =    4, nhalo =    4
  X-AXIS =  512 512
  Y-AXIS = 1024
 MOM_in domain decomposition
whalo =    2, ehalo =    2, shalo =    2, nhalo =    2
  X-AXIS =  256 256
  Y-AXIS =  512

WARNING from PE     0: Open_file is appending .nc to the filename ./ocean_geometry


WARNING from PE     0: MOM_file_parser : COORD_CONFIG over-ridden.  Line: 'COORD_CONFIG = "linear"' in file MOM_override.

 MOM_in domain decomposition
whalo =    4, ehalo =    4, shalo =    4, nhalo =    4
  X-AXIS =  512 512
  Y-AXIS = 1024
 MOM_in domain decomposition
whalo =    2, ehalo =    2, shalo =    2, nhalo =    2
  X-AXIS =  256 256
  Y-AXIS =  512
 MOM_in domain decomposition
whalo =    4, ehalo =    4, shalo =    4, nhalo =    4
  X-AXIS =  512 512
  Y-AXIS = 1024
 MOM_in domain decomposition
whalo =    2, ehalo =    2, shalo =    2, nhalo =    2
  X-AXIS =  256 256
  Y-AXIS =  512

WARNING from PE     0: ./Depth_list.nc checksums do not match; updating file.


WARNING from PE     0: MOM_file_parser : DT_FORCING over-ridden.  Line: 'DT_FORCING = 75' in file MOM_override.


WARNING from PE     0: MOM_file_parser : DAYMAX over-ridden.  Line: 'DAYMAX = 150' in file MOM_override.


WARNING from PE     0: Unused line in MOM_input : GINT = 0.0098


WARNING from PE     0: open_ASCII_file: File ./CPU_stats opened WRITEONLY already exists!


WARNING from PE     0: open_ASCII_file: File ./ocean.stats opened WRITEONLY already exists!

MOM Time       0.000      0: En 9.167942E-12, MaxCFL  0.00000, Mass 5.286411564124E+18
    Total Energy: 41871C3366D4AF1F  4.8465516853849642E+07
    Total Mass:   5.2864115641239173E+18, Change:   0.0000000000000000E+00 Error:  0.00000E+00 ( 0.0E+00)
MOM Time      50.676     75: En 9.561068E-07, MaxCFL  0.00036, Mass 5.286411564124E+18
    Total Energy: 42926340A037FC93  5.0543738260471436E+12
    Total Mass:   5.2864115641239173E+18, Change:   3.1543457406055950E+01 Error:  3.15435E+01 ( 6.0E-18)
MOM Time      99.324    147: En 3.499944E-06, MaxCFL  0.00068, Mass 5.286411564124E+18
    Total Energy: 42B0D3DDD3E5EC50  1.8502145795564313E+13
    Total Mass:   5.2864115641239173E+18, Change:  -1.6521742499628173E-01 Error: -1.65217E-01 (-3.1E-20)
 MOM_in domain decomposition
whalo =    4, ehalo =    4, shalo =    4, nhalo =    4
  X-AXIS =  512 512
  Y-AXIS = 1024
 MOM_in domain decomposition
whalo =    2, ehalo =    2, shalo =    2, nhalo =    2
  X-AXIS =  256 256
  Y-AXIS =  512
 MOM_in domain decomposition
whalo =    4, ehalo =    4, shalo =    4, nhalo =    4
  X-AXIS =  512 512
  Y-AXIS = 1024
 MOM_in domain decomposition
whalo =    2, ehalo =    2, shalo =    2, nhalo =    2
  X-AXIS =  256 256
  Y-AXIS =  512
 MOM_in domain decomposition
whalo =    4, ehalo =    4, shalo =    4, nhalo =    4
  X-AXIS =  512 512
  Y-AXIS = 1024
 MOM_in domain decomposition
whalo =    2, ehalo =    2, shalo =    2, nhalo =    2
  X-AXIS =  256 256
  Y-AXIS =  512
 MOM_in domain decomposition
whalo =    4, ehalo =    4, shalo =    4, nhalo =    4
  X-AXIS =  512 512
  Y-AXIS = 1024
 MOM_in domain decomposition
whalo =    2, ehalo =    2, shalo =    2, nhalo =    2
  X-AXIS =  256 256
  Y-AXIS =  512
MOM Time     150.000    222: En 7.572530E-06, MaxCFL  0.00098, Mass 5.286411564124E+18
    Total Energy: 42C23447FABD7790  4.0031510428399125E+13
    Total Mass:   5.2864115641239173E+18, Change:   1.8201213284612683E+00 Error:  1.82012E+00 ( 3.4E-19)
 MOM_in domain decomposition
whalo =    4, ehalo =    4, shalo =    4, nhalo =    4
  X-AXIS =  512 512
  Y-AXIS = 1024
 MOM_in domain decomposition
whalo =    2, ehalo =    2, shalo =    2, nhalo =    2
  X-AXIS =  256 256
  Y-AXIS =  512
 MOM_in domain decomposition
whalo =    4, ehalo =    4, shalo =    4, nhalo =    4
  X-AXIS =  512 512
  Y-AXIS = 1024
 MOM_in domain decomposition
whalo =    2, ehalo =    2, shalo =    2, nhalo =    2
  X-AXIS =  256 256
  Y-AXIS =  512

WARNING from PE     0: open_ASCII_file: File RESTART/ocean_solo.res opened WRITEONLY already exists!


WARNING from PE     0: open_ASCII_file: File exitcode opened WRITEONLY already exists!

 MPP_DOMAINS_STACK high water mark=      2048800

Tabulating mpp_clock statistics across      2 PEs...

                                      hits          tmin          tmax          tavg          tstd  tfrac grain pemin pemax
Total runtime                            1    444.688325    444.688325    444.688325      0.000000  1.000     0     0     1
Initialization                           1     20.412693     20.413611     20.413152      0.000459  0.046     0     0     1
Main loop                                1    379.338287    379.338533    379.338410      0.000123  0.853     0     0     1
Termination                              1     44.421756     44.422288     44.422022      0.000266  0.100     0     0     1
Ocean Initialization                     2     22.633423     22.671160     22.652291      0.018868  0.051    11     0     1
Ocean                                   74    287.091556    287.160932    287.126244      0.034688  0.646     1     0     1
Ocean dynamics                         444    173.248811    175.665948    174.457379      1.208568  0.392    11     0     1
Ocean thermodynamics and tracers       222     21.709310     22.140203     21.924756      0.215446  0.049    11     0     1
Ocean grid generation and remapp         0      0.000000      0.000000      0.000000      0.000000  0.000    11     0     1
Ocean Other                            518     43.972921     44.212129     44.092525      0.119604  0.099    11     0     1
(Ocean tracer advection)               148      7.163833      7.554646      7.359240      0.195406  0.017    21     0     1
(Ocean adiabatic driver)                74     14.545327     14.585398     14.565363      0.020036  0.033    21     0     1
(Ocean continuity equation *)            0      0.000000      0.000000      0.000000      0.000000  0.000    31     0     1
(Ocean set BBL viscosity)               74      0.537106      0.539479      0.538292      0.001186  0.001    31     0     1
(Ocean message passing *)              148     12.026443     12.563120     12.294782      0.268339  0.028    31     0     1
(Ocean MOM_initialize_state)             2      0.389507      0.400471      0.394989      0.005482  0.001    31     0     1
(Ocean init message passing *)           2      0.075169      0.079657      0.077413      0.002244  0.000    41     0     1
(Ocean mixed layer restrat)              0      0.000000      0.000000      0.000000      0.000000  0.000    31     0     1
(Ocean collective diagnostics)         444     17.575409     18.704238     18.139823      0.564414  0.041    31     0     1
(Ocean Z-space diagnostics)              0      0.000000      0.000000      0.000000      0.000000  0.000    31     0     1
(Ocean ALE)                              0      0.000000      0.000000      0.000000      0.000000  0.000    31     0     1
(Stochastic EOS)                       222      0.000027      0.000030      0.000029      0.000001  0.000    31     0     1
(SGS Temperature Variance)             222      0.000009      0.000009      0.000009      0.000000  0.000    31     0     1
(Ocean diagnostics framework)            0      0.000000      0.000000      0.000000      0.000000  0.000    31     0     1
(Ocean diagnostics remapping)            0      0.000000      0.000000      0.000000      0.000000  0.000    41     0     1
(Ocean diagnostics grid updates)       741     32.145273     32.378290     32.261781      0.116509  0.073    41     0     1
(Ocean init message passing)             4      0.334697      0.339265      0.336981      0.002284  0.001    41     0     1
(Ocean continuity reconstruction      1334      2.373170      2.392156      2.382663      0.009493  0.005    41     0     1
(Ocean continuity update)             1334      0.686898      0.696679      0.691788      0.004890  0.002    41     0     1
(Ocean continuity correction)         1334     19.042092     19.355932     19.199012      0.156920  0.043    41     0     1
(Ocean BT pre-calcs only)             1776      2.737870      2.754855      2.746362      0.008492  0.006    41     0     1
(Ocean BT pre-step halo updates)      1776      1.297588      1.957107      1.627348      0.329759  0.004    41     0     1
(Ocean BT stepping calcs only)         888      0.602040      0.602612      0.602326      0.000286  0.001    41     0     1
(Ocean BT stepping halo updates)       444      0.108860      0.110602      0.109731      0.000871  0.000    41     0     1
(Ocean BT post-calcs only)            1332      0.617252      0.626938      0.622095      0.004843  0.001    41     0     1
(Ocean BT post-step halo updates       888      0.284782      0.287157      0.285970      0.001188  0.001    41     0     1
(Ocean BT global synch)                  0      0.000000      0.000000      0.000000      0.000000  0.000    41     0     1
(Ocean Coriolis & mom advection)       444     10.148848     10.519694     10.334271      0.185423  0.023    31     0     1
(Ocean continuity equation)            666     22.322274     22.607976     22.465125      0.142851  0.051    31     0     1
(Ocean pressure force)                 222      2.881912      2.983841      2.932877      0.050964  0.007    31     0     1
(Ocean vertical viscosity)             666     22.366745     22.486215     22.426480      0.059735  0.050    31     0     1
(Ocean horizontal viscosity)           222      9.324761      9.622628      9.473694      0.148933  0.021    31     0     1
(Ocean momentum increments)            444      0.536433      0.554850      0.545641      0.009209  0.001    31     0     1
(Ocean message passing)               1998      9.972311     11.241858     10.607084      0.634773  0.024    31     0     1
(Ocean barotropic mode calc)           444      0.102657      0.146679      0.124668      0.022011  0.000    31     0     1
(Ocean barotropic mode stepping)       444      5.974108      6.608694      6.291401      0.317293  0.014    31     0     1
(Ocean barotropic forcing calc)        444      0.550464      0.562705      0.556584      0.006120  0.001    31     0     1
(Ocean advect tracer)                    0      0.000000      0.000000      0.000000      0.000000  0.000    31     0     1
(Ocean tracer halo updates)              0      0.000000      0.000000      0.000000      0.000000  0.000    41     0     1
(Ocean tracer global synch)              0      0.000000      0.000000      0.000000      0.000000  0.000    41     0     1
(Ocean diffuse tracer)                   0      0.000000      0.000000      0.000000      0.000000  0.000    31     0     1
(Ocean epipycnal diffuse tracer)         0      0.000000      0.000000      0.000000      0.000000  0.000    31     0     1
(Ocean surface forcing)                 75      0.036757      0.036837      0.036797      0.000040  0.000    31     0     1
(Ocean forcing diagnostics)            148      0.000253      0.000312      0.000282      0.000030  0.000    41     0     1
 MPP_STACK high water mark=            0
