NOTE from PE     0: MPP_DOMAINS_SET_STACK_SIZE: stack size set to    32768.
NOTE from PE     0: MPP_DOMAINS_SET_STACK_SIZE: stack size set to  4000000.
NOTE from PE     0: ======== Model being driven by MOM_driver ========
NOTE from PE     0: callTree: o Program MOM_main, MOM_driver.F90
NOTE from PE     0: fms_affinity_set: OCEAN affinity assumes hyper-threading hardware disabled
 MOM_domains_mod OMPthreading             0            0            1
 MOM_domains_mod OMPthreading             1            0            1
NOTE from PE     0: open_param_file: MOM_input has been opened successfully.
NOTE from PE     0: open_param_file: MOM_override has been opened successfully.

WARNING from PE     0: MOM_file_parser : DT over-ridden.  Line: 'DT = 1200' in file MOM_override.


WARNING from PE     0: MOM_file_parser : DT_THERM over-ridden.  Line: 'DT_THERM = 2400' in file MOM_override.

 MOM_domains_mod OMPthreading             1            0            1
NOTE from PE     0: fms_affinity_set: OCEAN affinity assumes hyper-threading hardware disabled
 MOM_domains_mod OMPthreading             0            0            1

WARNING from PE     0: MOM_file_parser : NIGLOBAL over-ridden.  Line: 'NIGLOBAL = 32' in file MOM_override.


WARNING from PE     0: MOM_file_parser : NJGLOBAL over-ridden.  Line: 'NJGLOBAL = 32' in file MOM_override.

 MOM_in domain decomposition
whalo =    4, ehalo =    4, shalo =    4, nhalo =    4
  X-AXIS =   16  16
  Y-AXIS =   32
 MOM_inc domain decomposition
whalo =    2, ehalo =    2, shalo =    2, nhalo =    2
  X-AXIS =    8   8
  Y-AXIS =   16
NOTE from PE     0: diag_manager_mod::diag_manager_init: prepend_date only supported when diag_manager_init is called with time_init present.
NOTE from PE     0: diag_manager_mod::diag_manager_init: You are using the legacy version of the diag table
 MOM_in domain decomposition
whalo =    4, ehalo =    4, shalo =    4, nhalo =    4
  X-AXIS =   16  16
  Y-AXIS =   32
 MOM_in domain decomposition
whalo =    2, ehalo =    2, shalo =    2, nhalo =    2
  X-AXIS =    8   8
  Y-AXIS =   16

WARNING from PE     0: MOM_file_parser : NK over-ridden.  Line: 'NK = 100' in file MOM_override.

 MOM_in domain decomposition
whalo =    4, ehalo =    4, shalo =    4, nhalo =    4
  X-AXIS =   16  16
  Y-AXIS =   32
 MOM_in domain decomposition
whalo =    2, ehalo =    2, shalo =    2, nhalo =    2
  X-AXIS =    8   8
  Y-AXIS =   16

WARNING from PE     0: Open_file is appending .nc to the filename ./ocean_geometry


WARNING from PE     0: MOM_file_parser : COORD_CONFIG over-ridden.  Line: 'COORD_CONFIG = "linear"' in file MOM_override.

 MOM_in domain decomposition
whalo =    4, ehalo =    4, shalo =    4, nhalo =    4
  X-AXIS =   16  16
  Y-AXIS =   32
 MOM_in domain decomposition
whalo =    2, ehalo =    2, shalo =    2, nhalo =    2
  X-AXIS =    8   8
  Y-AXIS =   16
 MOM_in domain decomposition
whalo =    4, ehalo =    4, shalo =    4, nhalo =    4
  X-AXIS =   16  16
  Y-AXIS =   32
 MOM_in domain decomposition
whalo =    2, ehalo =    2, shalo =    2, nhalo =    2
  X-AXIS =    8   8
  Y-AXIS =   16

WARNING from PE     0: ./Depth_list.nc checksums do not match; updating file.


WARNING from PE     0: MOM_file_parser : DT_FORCING over-ridden.  Line: 'DT_FORCING = 2400' in file MOM_override.


WARNING from PE     0: MOM_file_parser : DAYMAX over-ridden.  Line: 'DAYMAX = 150' in file MOM_override.


WARNING from PE     0: Unused line in MOM_input : GINT = 0.0098


WARNING from PE     0: open_ASCII_file: File ./CPU_stats opened WRITEONLY already exists!


WARNING from PE     0: open_ASCII_file: File ./ocean.stats opened WRITEONLY already exists!

MOM Time       0.000      0: En 9.113220E-12, MaxCFL  0.00000, Mass 5.289326887310E+18
    Total Energy: 4186FC216CCDC25B  4.8202797600468360E+07
    Total Mass:   5.2893268873103186E+18, Change:   0.0000000000000000E+00 Error:  0.00000E+00 ( 0.0E+00)
MOM Time      50.000     50: En 2.411415E-05, MaxCFL  0.00148, Mass 5.289326887310E+18
    Total Energy: 42DD003FDC23154B  1.2754763438805317E+14
    Total Mass:   5.2893268873103186E+18, Change:  -4.2356698535497571E+01 Error: -4.23567E+01 (-8.0E-18)
MOM Time     100.000    100: En 4.391675E-05, MaxCFL  0.00199, Mass 5.289326887310E+18
    Total Energy: 42EA6887DCF0C4E6  2.3229006659741519E+14
    Total Mass:   5.2893268873103186E+18, Change:   7.8416584052112057E+00 Error:  7.84166E+00 ( 1.5E-18)
 MOM_in domain decomposition
whalo =    4, ehalo =    4, shalo =    4, nhalo =    4
  X-AXIS =   16  16
  Y-AXIS =   32
 MOM_in domain decomposition
whalo =    2, ehalo =    2, shalo =    2, nhalo =    2
  X-AXIS =    8   8
  Y-AXIS =   16
 MOM_in domain decomposition
whalo =    4, ehalo =    4, shalo =    4, nhalo =    4
  X-AXIS =   16  16
  Y-AXIS =   32
 MOM_in domain decomposition
whalo =    2, ehalo =    2, shalo =    2, nhalo =    2
  X-AXIS =    8   8
  Y-AXIS =   16
MOM Time     150.000    150: En 5.356812E-05, MaxCFL  0.00233, Mass 5.289326887310E+18
    Total Energy: 42F01B210F98DB53  2.8333927730731719E+14
    Total Mass:   5.2893268873103186E+18, Change:   6.0941296403016167E+00 Error:  6.09413E+00 ( 1.2E-18)
 MOM_in domain decomposition
whalo =    4, ehalo =    4, shalo =    4, nhalo =    4
  X-AXIS =   16  16
  Y-AXIS =   32
 MOM_in domain decomposition
whalo =    2, ehalo =    2, shalo =    2, nhalo =    2
  X-AXIS =    8   8
  Y-AXIS =   16

WARNING from PE     0: open_ASCII_file: File RESTART/ocean_solo.res opened WRITEONLY already exists!


WARNING from PE     0: open_ASCII_file: File exitcode opened WRITEONLY already exists!

 MPP_DOMAINS_STACK high water mark=        64800

Tabulating mpp_clock statistics across      2 PEs...

                                      hits          tmin          tmax          tavg          tstd  tfrac grain pemin pemax
Total runtime                            1     13.475662     13.475665     13.475663      0.000002  1.000     0     0     1
Initialization                           1      0.566311      0.568613      0.567462      0.001151  0.042     0     0     1
Main loop                                1     12.851438     12.853771     12.852604      0.001167  0.954     0     0     1
Termination                              1      0.050193      0.050405      0.050299      0.000106  0.004     0     0     1
Ocean Initialization                     2      0.541824      0.545470      0.543647      0.001823  0.040    11     0     1
Ocean                                   75     12.660475     12.660726     12.660601      0.000125  0.940     1     0     1
Ocean dynamics                         300     12.340606     12.410060     12.375333      0.034727  0.918    11     0     1
Ocean thermodynamics and tracers       225      0.016487      0.017229      0.016858      0.000371  0.001    11     0     1
Ocean grid generation and remapp         0      0.000000      0.000000      0.000000      0.000000  0.000    11     0     1
Ocean Other                            450      0.085332      0.085986      0.085659      0.000327  0.006    11     0     1
(Ocean tracer advection)               150      0.013517      0.013850      0.013684      0.000166  0.001    21     0     1
(Ocean adiabatic driver)                75      0.002926      0.003323      0.003125      0.000199  0.000    21     0     1
(Ocean continuity equation *)            0      0.000000      0.000000      0.000000      0.000000  0.000    31     0     1
(Ocean set BBL viscosity)               75      0.033587      0.034418      0.034002      0.000415  0.003    31     0     1
(Ocean message passing *)              150      0.158346      0.224044      0.191195      0.032849  0.014    31     0     1
(Ocean MOM_initialize_state)             2      0.005573      0.013187      0.009380      0.003807  0.001    31     0     1
(Ocean init message passing *)           2      0.002564      0.002655      0.002610      0.000046  0.000    41     0     1
(Ocean mixed layer restrat)              0      0.000000      0.000000      0.000000      0.000000  0.000    31     0     1
(Ocean collective diagnostics)         375      0.007606      0.008594      0.008100      0.000494  0.001    31     0     1
(Ocean Z-space diagnostics)              0      0.000000      0.000000      0.000000      0.000000  0.000    31     0     1
(Ocean ALE)                              0      0.000000      0.000000      0.000000      0.000000  0.000    31     0     1
(Stochastic EOS)                       150      0.000011      0.000014      0.000012      0.000002  0.000    31     0     1
(SGS Temperature Variance)             150      0.000006      0.000006      0.000006      0.000000  0.000    31     0     1
(Ocean diagnostics framework)            0      0.000000      0.000000      0.000000      0.000000  0.000    31     0     1
(Ocean diagnostics remapping)            0      0.000000      0.000000      0.000000      0.000000  0.000    41     0     1
(Ocean diagnostics grid updates)       526      0.039091      0.039154      0.039123      0.000032  0.003    41     0     1
(Ocean init message passing)             4      0.002359      0.006389      0.004374      0.002015  0.000    41     0     1
(Ocean continuity reconstruction       902      0.035229      0.038336      0.036783      0.001553  0.003    41     0     1
(Ocean continuity update)              902      0.010620      0.011043      0.010832      0.000212  0.001    41     0     1
(Ocean continuity correction)          902      0.622273      0.630486      0.626379      0.004107  0.046    41     0     1
(Ocean BT pre-calcs only)             1200      0.202038      0.207845      0.204942      0.002903  0.015    41     0     1
(Ocean BT pre-step halo updates)      1200      0.685908      1.101414      0.893661      0.207753  0.066    41     0     1
(Ocean BT stepping calcs only)         600      0.197315      0.205458      0.201387      0.004072  0.015    41     0     1
(Ocean BT stepping halo updates)       300      0.068779      0.069830      0.069304      0.000525  0.005    41     0     1
(Ocean BT post-calcs only)             900      0.017816      0.018468      0.018142      0.000326  0.001    41     0     1
(Ocean BT post-step halo updates       600      0.117527      0.125288      0.121407      0.003881  0.009    41     0     1
(Ocean BT global synch)                  0      0.000000      0.000000      0.000000      0.000000  0.000    41     0     1
(Ocean Coriolis & mom advection)       300      4.268118      4.535602      4.401860      0.133742  0.327    31     0     1
(Ocean continuity equation)            450      0.674215      0.684230      0.679223      0.005007  0.050    31     0     1
(Ocean pressure force)                 150      0.844857      0.898377      0.871617      0.026760  0.065    31     0     1
(Ocean vertical viscosity)             450      0.440306      0.441068      0.440687      0.000381  0.033    31     0     1
(Ocean horizontal viscosity)           150      3.780668      4.052900      3.916784      0.136116  0.291    31     0     1
(Ocean momentum increments)            300      0.007643      0.007801      0.007722      0.000079  0.001    31     0     1
(Ocean message passing)               1350      0.270337      0.400194      0.335265      0.064929  0.025    31     0     1
(Ocean barotropic mode calc)           300      0.007531      0.007738      0.007634      0.000104  0.001    31     0     1
(Ocean barotropic mode stepping)       300      1.318471      1.728411      1.523441      0.204970  0.113    31     0     1
(Ocean barotropic forcing calc)        300      0.006781      0.007017      0.006899      0.000118  0.001    31     0     1
(Ocean advect tracer)                    0      0.000000      0.000000      0.000000      0.000000  0.000    31     0     1
(Ocean tracer halo updates)              0      0.000000      0.000000      0.000000      0.000000  0.000    41     0     1
(Ocean tracer global synch)              0      0.000000      0.000000      0.000000      0.000000  0.000    41     0     1
(Ocean diffuse tracer)                   0      0.000000      0.000000      0.000000      0.000000  0.000    31     0     1
(Ocean epipycnal diffuse tracer)         0      0.000000      0.000000      0.000000      0.000000  0.000    31     0     1
(Ocean surface forcing)                 76      0.001685      0.002397      0.002041      0.000356  0.000    31     0     1
(Ocean forcing diagnostics)            150      0.000215      0.000222      0.000218      0.000003  0.000    41     0     1
 MPP_STACK high water mark=            0
