NOTE from PE     0: MPP_DOMAINS_SET_STACK_SIZE: stack size set to    32768.
 &MPP_IO_NML
 HEADER_BUFFER_VAL       =       16384,
 GLOBAL_FIELD_ON_ROOT_PE = T,
 IO_CLOCKS_ON    = F,
 SHUFFLE =           0,
 DEFLATE_LEVEL   =          -1,
 CF_COMPLIANCE   = F
 /
NOTE from PE     0: MPP_IO_SET_STACK_SIZE: stack size set to     131072.
NOTE from PE     0: MPP_DOMAINS_SET_STACK_SIZE: stack size set to  4000000.
NOTE from PE     0: ======== Model being driven by MOM_driver ========
NOTE from PE     0: callTree: o Program MOM_main, MOM_driver.F90
NOTE from PE     0: open_param_file: MOM_input has been opened successfully.
NOTE from PE     0: open_param_file: MOM_override has been opened successfully.

WARNING from PE     0: MOM_file_parser : DT over-ridden.  Line: 'DT = 37' in file MOM_override.


WARNING from PE     0: MOM_file_parser : DT_THERM over-ridden.  Line: 'DT_THERM = 75' in file MOM_override.


WARNING from PE     0: MOM_file_parser : NIGLOBAL over-ridden.  Line: 'NIGLOBAL = 1024' in file MOM_override.


WARNING from PE     0: MOM_file_parser : NJGLOBAL over-ridden.  Line: 'NJGLOBAL = 512' in file MOM_override.

 MOM_in domain decomposition
whalo =    4, ehalo =    4, shalo =    4, nhalo =    4
  X-AXIS =  128 128 128 128 128 128 128 128
  Y-AXIS =   64  64  64  64  64  64  64  64
 MOM_inc domain decomposition
whalo =    2, ehalo =    2, shalo =    2, nhalo =    2
  X-AXIS =   64  64  64  64  64  64  64  64
  Y-AXIS =   32  32  32  32  32  32  32  32
NOTE from PE     0: diag_manager_mod::diag_manager_init: diag_manager is using fms2_io
NOTE from PE     0: diag_manager_mod::diag_manager_init: prepend_date only supported when diag_manager_init is called with time_init present.
 MOM_in domain decomposition
whalo =    4, ehalo =    4, shalo =    4, nhalo =    4
  X-AXIS =  128 128 128 128 128 128 128 128
  Y-AXIS =   64  64  64  64  64  64  64  64
 MOM_in domain decomposition
whalo =    2, ehalo =    2, shalo =    2, nhalo =    2
  X-AXIS =   64  64  64  64  64  64  64  64
  Y-AXIS =   32  32  32  32  32  32  32  32

WARNING from PE     0: MOM_file_parser : NK over-ridden.  Line: 'NK = 100' in file MOM_override.

 MOM_in domain decomposition
whalo =    4, ehalo =    4, shalo =    4, nhalo =    4
  X-AXIS =  128 128 128 128 128 128 128 128
  Y-AXIS =   64  64  64  64  64  64  64  64
 MOM_in domain decomposition
whalo =    2, ehalo =    2, shalo =    2, nhalo =    2
  X-AXIS =   64  64  64  64  64  64  64  64
  Y-AXIS =   32  32  32  32  32  32  32  32

WARNING from PE     0: Open_file is appending .nc to the filename ./ocean_geometry


WARNING from PE     0: MOM_file_parser : COORD_CONFIG over-ridden.  Line: 'COORD_CONFIG = "linear"' in file MOM_override.

 MOM_in domain decomposition
whalo =    4, ehalo =    4, shalo =    4, nhalo =    4
  X-AXIS =  128 128 128 128 128 128 128 128
  Y-AXIS =   64  64  64  64  64  64  64  64
 MOM_in domain decomposition
whalo =    2, ehalo =    2, shalo =    2, nhalo =    2
  X-AXIS =   64  64  64  64  64  64  64  64
  Y-AXIS =   32  32  32  32  32  32  32  32
 MOM_in domain decomposition
whalo =    4, ehalo =    4, shalo =    4, nhalo =    4
  X-AXIS =  128 128 128 128 128 128 128 128
  Y-AXIS =   64  64  64  64  64  64  64  64
 MOM_in domain decomposition
whalo =    2, ehalo =    2, shalo =    2, nhalo =    2
  X-AXIS =   64  64  64  64  64  64  64  64
  Y-AXIS =   32  32  32  32  32  32  32  32

WARNING from PE     0: ./Depth_list.nc checksums do not match; updating file.


WARNING from PE     0: MOM_file_parser : DT_FORCING over-ridden.  Line: 'DT_FORCING = 75' in file MOM_override.


WARNING from PE     0: MOM_file_parser : DAYMAX over-ridden.  Line: 'DAYMAX = 150' in file MOM_override.


WARNING from PE     0: Unused line in MOM_input : GINT = 0.0098


WARNING from PE     0: open_ASCII_file: File ./CPU_stats opened WRITEONLY already exists!


WARNING from PE     0: open_ASCII_file: File ./ocean.stats opened WRITEONLY already exists!

MOM Time       0.000      0: En 9.167888E-12, MaxCFL  0.00000, Mass 5.286414704261E+18
    Total Energy: 41871C2B449BC643  4.8465256576061748E+07
    Total Mass:   5.2864147042613893E+18, Change:   0.0000000000000000E+00 Error:  0.00000E+00 ( 0.0E+00)
MOM Time      50.676     75: En 9.561082E-07, MaxCFL  0.00036, Mass 5.286414704261E+18
    Total Energy: 429263431CDDF87F  5.0543842568941240E+12
    Total Mass:   5.2864147042613893E+18, Change:   1.9284378983489918E+00 Error:  1.92844E+00 ( 3.6E-19)
MOM Time      99.324    147: En 3.499934E-06, MaxCFL  0.00068, Mass 5.286414704261E+18
    Total Energy: 42B0D3DB48496C7A  1.8502103091564477E+13
    Total Mass:   5.2864147042613893E+18, Change:  -1.2734449781469603E-01 Error: -1.27344E-01 (-2.4E-20)
 MOM_in domain decomposition
whalo =    4, ehalo =    4, shalo =    4, nhalo =    4
  X-AXIS =  128 128 128 128 128 128 128 128
  Y-AXIS =   64  64  64  64  64  64  64  64
 MOM_in domain decomposition
whalo =    2, ehalo =    2, shalo =    2, nhalo =    2
  X-AXIS =   64  64  64  64  64  64  64  64
  Y-AXIS =   32  32  32  32  32  32  32  32
 MOM_in domain decomposition
whalo =    4, ehalo =    4, shalo =    4, nhalo =    4
  X-AXIS =  128 128 128 128 128 128 128 128
  Y-AXIS =   64  64  64  64  64  64  64  64
 MOM_in domain decomposition
whalo =    2, ehalo =    2, shalo =    2, nhalo =    2
  X-AXIS =   64  64  64  64  64  64  64  64
  Y-AXIS =   32  32  32  32  32  32  32  32
MOM Time     150.000    222: En 7.572478E-06, MaxCFL  0.00098, Mass 5.286414704261E+18
    Total Energy: 42C23440762825E8  4.0031258169419812E+13
    Total Mass:   5.2864147042613893E+18, Change:   3.2626456428597350E-01 Error:  3.26265E-01 ( 6.2E-20)
 MOM_in domain decomposition
whalo =    4, ehalo =    4, shalo =    4, nhalo =    4
  X-AXIS =  128 128 128 128 128 128 128 128
  Y-AXIS =   64  64  64  64  64  64  64  64
 MOM_in domain decomposition
whalo =    2, ehalo =    2, shalo =    2, nhalo =    2
  X-AXIS =   64  64  64  64  64  64  64  64
  Y-AXIS =   32  32  32  32  32  32  32  32

WARNING from PE     0: open_ASCII_file: File RESTART/ocean_solo.res opened WRITEONLY already exists!


WARNING from PE     0: open_ASCII_file: File exitcode opened WRITEONLY already exists!

NOTE from PE     0: Potential error in diag_manager_end: u NOT available, check if output interval > runlength. Netcdf fill_values are written
NOTE from PE     0: Potential error in diag_manager_end: v NOT available, check if output interval > runlength. Netcdf fill_values are written
NOTE from PE     0: Potential error in diag_manager_end: h NOT available, check if output interval > runlength. Netcdf fill_values are written
NOTE from PE     0: Potential error in diag_manager_end: e NOT available, check if output interval > runlength. Netcdf fill_values are written
NOTE from PE     0: Potential error in diag_manager_end: u NOT available, check if output interval > runlength. Netcdf fill_values are written
NOTE from PE     0: Potential error in diag_manager_end: v NOT available, check if output interval > runlength. Netcdf fill_values are written
NOTE from PE     0: Potential error in diag_manager_end: h NOT available, check if output interval > runlength. Netcdf fill_values are written
NOTE from PE     0: Potential error in diag_manager_end: e NOT available, check if output interval > runlength. Netcdf fill_values are written
NOTE from PE     0: Potential error in diag_manager_end: uh NOT available, check if output interval > runlength. Netcdf fill_values are written
NOTE from PE     0: Potential error in diag_manager_end: vh NOT available, check if output interval > runlength. Netcdf fill_values are written
 MPP_DOMAINS_STACK high water mark=      787200

Tabulating mpp_clock statistics across     64 PEs...

                                      hits          tmin          tmax          tavg          tstd  tfrac grain pemin pemax
Total runtime                            1    434.916803    434.916804    434.916803      0.000000  1.000     0     0    63
Initialization                           1      1.485041      1.485730      1.485469      0.000103  0.003     0     0    63
Main loop                                1    419.431372    419.432102    419.431450      0.000092  0.964     0     0    63
Termination                              1     13.994674     13.995453     13.995430      0.000096  0.032     0     0    63
Ocean Initialization                     2      1.527012      1.568415      1.534359      0.005753  0.004    11     0    63
Ocean                                   74    404.683885    404.711358    404.703430      0.005664  0.931     1     0    63
Ocean dynamics                         444    387.015383    388.338061    387.414201      0.261731  0.891    11     0    63
Ocean thermodynamics and tracers       222      1.296013      1.532009      1.449941      0.060548  0.003    11     0    63
Ocean grid generation and remapp         0      0.000000      0.000000      0.000000      0.000000  0.000    11     0    63
Ocean Other                            518     11.869491     12.432597     12.198559      0.118278  0.028    11     0    63
(Ocean tracer advection)               148      0.815196      1.041578      0.980859      0.046208  0.002    21     0    63
(Ocean adiabatic driver)                74      0.298832      0.511001      0.468754      0.046451  0.001    21     0    63
(Ocean continuity equation *)            0      0.000000      0.000000      0.000000      0.000000  0.000    31     0    63
(Ocean set BBL viscosity)               74      1.921219      3.531070      2.555178      0.313096  0.006    31     0    63
(Ocean message passing *)              148      0.944078      1.850455      1.307435      0.224567  0.003    31     0    63
(Ocean MOM_initialize_state)             2      0.044487      0.056097      0.053574      0.002412  0.000    31     0    63
(Ocean init message passing *)           2      0.003914      0.014702      0.011515      0.002416  0.000    41     0    63
(Ocean mixed layer restrat)              0      0.000000      0.000000      0.000000      0.000000  0.000    31     0    63
(Ocean collective diagnostics)         444     10.827532     11.378395     11.071465      0.118720  0.025    31     0    63
(Ocean Z-space diagnostics)              0      0.000000      0.000000      0.000000      0.000000  0.000    31     0    63
(Ocean ALE)                              0      0.000000      0.000000      0.000000      0.000000  0.000    31     0    63
(Stochastic EOS)                       222      0.000070      0.000134      0.000099      0.000014  0.000    31     0    63
(SGS Temperature Variance)             222      0.000011      0.000025      0.000013      0.000002  0.000    31     0    63
(Ocean diagnostics framework)          740     17.956080     18.916482     18.442585      0.176497  0.042    31     0    63
(Ocean diagnostics remapping)            0      0.000000      0.000000      0.000000      0.000000  0.000    41     0    63
(Ocean diagnostics grid updates)       741      1.524375      2.252922      1.942672      0.183843  0.004    41     0    63
(Ocean init message passing)             4      0.014080      0.034816      0.026071      0.004514  0.000    41     0    63
(Ocean continuity reconstruction      1334     17.180562     20.787332     19.531733      0.678135  0.045    41     0    63
(Ocean continuity update)             1334      9.722533     12.749165     11.833041      0.605197  0.027    41     0    63
(Ocean continuity correction)         1334     67.636174     86.542075     81.197599      4.978093  0.187    41     0    63
(Ocean BT pre-calcs only)             1776     41.698884     49.134271     44.847486      1.816503  0.103    41     0    63
(Ocean BT pre-step halo updates)      1776      1.173058     18.874205      8.796247      4.343420  0.020    41     0    63
(Ocean BT stepping calcs only)         888      1.142747      1.928826      1.565503      0.196598  0.004    41     0    63
(Ocean BT stepping halo updates)       444      0.076695      0.482416      0.198856      0.119036  0.000    41     0    63
(Ocean BT post-calcs only)            1332      7.518890      8.286174      8.091845      0.152250  0.019    41     0    63
(Ocean BT post-step halo updates       888      0.177385      1.067529      0.535517      0.217306  0.001    41     0    63
(Ocean BT global synch)                  0      0.000000      0.000000      0.000000      0.000000  0.000    41     0    63
(Ocean Coriolis & mom advection)       444     11.432419     13.925168     13.012197      0.551529  0.030    31     0    63
(Ocean continuity equation)            666     98.117833    118.636652    112.466126      5.251296  0.259    31     0    63
(Ocean pressure force)                 222     29.646906     31.262896     30.488406      0.400642  0.070    31     0    63
(Ocean vertical viscosity)             666     71.189591     81.408855     76.236902      3.382416  0.175    31     0    63
(Ocean horizontal viscosity)           222      9.899836     10.756799     10.239681      0.198892  0.024    31     0    63
(Ocean momentum increments)            444     12.404177     12.667106     12.537651      0.072700  0.029    31     0    63
(Ocean message passing)               1998     11.813849     33.649114     18.941575      4.719910  0.044    31     0    63
(Ocean barotropic mode calc)           444      1.213090      1.789475      1.580791      0.158342  0.004    31     0    63
(Ocean barotropic mode stepping)       444     57.052295     74.725002     64.065077      4.615997  0.147    31     0    63
(Ocean barotropic forcing calc)        444     12.667623     14.315810     13.953177      0.313314  0.032    31     0    63
(Ocean advect tracer)                    0      0.000000      0.000000      0.000000      0.000000  0.000    31     0    63
(Ocean tracer halo updates)              0      0.000000      0.000000      0.000000      0.000000  0.000    41     0    63
(Ocean tracer global synch)              0      0.000000      0.000000      0.000000      0.000000  0.000    41     0    63
(Ocean diffuse tracer)                   0      0.000000      0.000000      0.000000      0.000000  0.000    31     0    63
(Ocean epipycnal diffuse tracer)         0      0.000000      0.000000      0.000000      0.000000  0.000    31     0    63
(Ocean surface forcing)                 75      0.001586      0.002516      0.001822      0.000133  0.000    31     0    63
(Ocean forcing diagnostics)            148      0.000232      0.001063      0.000472      0.000222  0.000    41     0    63
 MPP_STACK high water mark=           0
