NOTE: MPP_DOMAINS_SET_STACK_SIZE: stack size set to    32768.
 &MPP_IO_NML
 HEADER_BUFFER_VAL       =       16384,
 GLOBAL_FIELD_ON_ROOT_PE = T,
 IO_CLOCKS_ON    = F,
 SHUFFLE =           0,
 DEFLATE_LEVEL   =          -1,
 CF_COMPLIANCE   = F
 /
NOTE: MPP_IO_SET_STACK_SIZE: stack size set to     131072.
NOTE: MPP_DOMAINS_SET_STACK_SIZE: stack size set to  4000000.
NOTE: ======== Model being driven by MOM_driver ========
NOTE: callTree: o Program MOM_main, MOM_driver.F90
NOTE: open_param_file: MOM_input has been opened successfully.
NOTE: open_param_file: MOM_override has been opened successfully.

WARNING: MOM_file_parser : DT over-ridden.  Line: 'DT = 1200' in file MOM_override.


WARNING: MOM_file_parser : DT_THERM over-ridden.  Line: 'DT_THERM = 2400' in file MOM_override.


WARNING: MOM_file_parser : NIGLOBAL over-ridden.  Line: 'NIGLOBAL = 32' in file MOM_override.


WARNING: MOM_file_parser : NJGLOBAL over-ridden.  Line: 'NJGLOBAL = 32' in file MOM_override.

 MOM_in domain decomposition
whalo =    4, ehalo =    4, shalo =    4, nhalo =    4
  X-AXIS =   32
  Y-AXIS =   32
 MOM_inc domain decomposition
whalo =    2, ehalo =    2, shalo =    2, nhalo =    2
  X-AXIS =   16
  Y-AXIS =   16
NOTE: diag_manager_mod::diag_manager_init: diag_manager is using fms2_io
NOTE: diag_manager_mod::diag_manager_init: prepend_date only supported when diag_manager_init is called with time_init present.
 MOM_in domain decomposition
whalo =    4, ehalo =    4, shalo =    4, nhalo =    4
  X-AXIS =   32
  Y-AXIS =   32
 MOM_in domain decomposition
whalo =    2, ehalo =    2, shalo =    2, nhalo =    2
  X-AXIS =   16
  Y-AXIS =   16

WARNING: MOM_file_parser : NK over-ridden.  Line: 'NK = 100' in file MOM_override.

 MOM_in domain decomposition
whalo =    4, ehalo =    4, shalo =    4, nhalo =    4
  X-AXIS =   32
  Y-AXIS =   32
 MOM_in domain decomposition
whalo =    2, ehalo =    2, shalo =    2, nhalo =    2
  X-AXIS =   16
  Y-AXIS =   16

WARNING: Open_file is appending .nc to the filename ./ocean_geometry


WARNING: MOM_file_parser : COORD_CONFIG over-ridden.  Line: 'COORD_CONFIG = "linear"' in file MOM_override.

 MOM_in domain decomposition
whalo =    4, ehalo =    4, shalo =    4, nhalo =    4
  X-AXIS =   32
  Y-AXIS =   32
 MOM_in domain decomposition
whalo =    2, ehalo =    2, shalo =    2, nhalo =    2
  X-AXIS =   16
  Y-AXIS =   16
 MOM_in domain decomposition
whalo =    4, ehalo =    4, shalo =    4, nhalo =    4
  X-AXIS =   32
  Y-AXIS =   32
 MOM_in domain decomposition
whalo =    2, ehalo =    2, shalo =    2, nhalo =    2
  X-AXIS =   16
  Y-AXIS =   16

WARNING: ./Depth_list.nc checksums do not match; updating file.


WARNING: MOM_file_parser : DT_FORCING over-ridden.  Line: 'DT_FORCING = 2400' in file MOM_override.


WARNING: MOM_file_parser : DAYMAX over-ridden.  Line: 'DAYMAX = 150' in file MOM_override.


WARNING: Unused line in MOM_input : GINT = 0.0098


WARNING: open_ASCII_file: File ./CPU_stats opened WRITEONLY already exists!


WARNING: open_ASCII_file: File ./ocean.stats opened WRITEONLY already exists!

MOM Time       0.000      0: En 9.113218E-12, MaxCFL  0.00000, Mass 5.289326887310E+18
    Total Energy: 4186FC21303363F1  4.8202790025092967E+07
    Total Mass:   5.2893268873103186E+18, Change:   0.0000000000000000E+00 Error:  0.00000E+00 ( 0.0E+00)
MOM Time      50.000     50: En 2.411415E-05, MaxCFL  0.00148, Mass 5.289326887310E+18
    Total Energy: 42DD003FDD6607CF  1.2754763471875123E+14
    Total Mass:   5.2893268873103186E+18, Change:  -4.8278930660940773E+00 Error: -4.82789E+00 (-9.1E-19)
MOM Time     100.000    100: En 4.391675E-05, MaxCFL  0.00199, Mass 5.289326887310E+18
    Total Energy: 42EA6887DB16F4DF  2.3229006562704697E+14
    Total Mass:   5.2893268873103186E+18, Change:  -7.9133492281000599E+00 Error: -7.91335E+00 (-1.5E-18)
 MOM_in domain decomposition
whalo =    4, ehalo =    4, shalo =    4, nhalo =    4
  X-AXIS =   32
  Y-AXIS =   32
 MOM_in domain decomposition
whalo =    2, ehalo =    2, shalo =    2, nhalo =    2
  X-AXIS =   16
  Y-AXIS =   16
 MOM_in domain decomposition
whalo =    4, ehalo =    4, shalo =    4, nhalo =    4
  X-AXIS =   32
  Y-AXIS =   32
 MOM_in domain decomposition
whalo =    2, ehalo =    2, shalo =    2, nhalo =    2
  X-AXIS =   16
  Y-AXIS =   16
MOM Time     150.000    150: En 5.356812E-05, MaxCFL  0.00233, Mass 5.289326887310E+18
    Total Energy: 42F01B210EC22B08  2.8333927642795250E+14
    Total Mass:   5.2893268873103186E+18, Change:  -1.0670071339497213E+01 Error: -1.06701E+01 (-2.0E-18)
 MOM_in domain decomposition
whalo =    4, ehalo =    4, shalo =    4, nhalo =    4
  X-AXIS =   32
  Y-AXIS =   32
 MOM_in domain decomposition
whalo =    2, ehalo =    2, shalo =    2, nhalo =    2
  X-AXIS =   16
  Y-AXIS =   16

WARNING: open_ASCII_file: File RESTART/ocean_solo.res opened WRITEONLY already exists!


WARNING: open_ASCII_file: File exitcode opened WRITEONLY already exists!

NOTE: Potential error in diag_manager_end: u NOT available, check if output interval > runlength. Netcdf fill_values are written
NOTE: Potential error in diag_manager_end: v NOT available, check if output interval > runlength. Netcdf fill_values are written
NOTE: Potential error in diag_manager_end: h NOT available, check if output interval > runlength. Netcdf fill_values are written
NOTE: Potential error in diag_manager_end: e NOT available, check if output interval > runlength. Netcdf fill_values are written
NOTE: Potential error in diag_manager_end: u NOT available, check if output interval > runlength. Netcdf fill_values are written
NOTE: Potential error in diag_manager_end: v NOT available, check if output interval > runlength. Netcdf fill_values are written
NOTE: Potential error in diag_manager_end: h NOT available, check if output interval > runlength. Netcdf fill_values are written
NOTE: Potential error in diag_manager_end: e NOT available, check if output interval > runlength. Netcdf fill_values are written
NOTE: Potential error in diag_manager_end: uh NOT available, check if output interval > runlength. Netcdf fill_values are written
NOTE: Potential error in diag_manager_end: vh NOT available, check if output interval > runlength. Netcdf fill_values are written
 MPP_DOMAINS_STACK high water mark=           0

Tabulating mpp_clock statistics across      1 PEs...

                                      hits          tmin          tmax          tavg          tstd  tfrac grain pemin pemax
Total runtime                            1     12.561714     12.561714     12.561714      0.000000  1.000     0     0     0
Initialization                           1      0.163352      0.163352      0.163352      0.000000  0.013     0     0     0
Main loop                                1     12.340255     12.340255     12.340255      0.000000  0.982     0     0     0
Termination                              1      0.054851      0.054851      0.054851      0.000000  0.004     0     0     0
Ocean Initialization                     2      0.162829      0.162829      0.162829      0.000000  0.013    11     0     0
Ocean                                   75     12.237484     12.237484     12.237484      0.000000  0.974     1     0     0
Ocean dynamics                         300     11.919622     11.919622     11.919622      0.000000  0.949    11     0     0
Ocean thermodynamics and tracers       225      0.020827      0.020827      0.020827      0.000000  0.002    11     0     0
Ocean grid generation and remapp         0      0.000000      0.000000      0.000000      0.000000  0.000    11     0     0
Ocean Other                            450      0.269569      0.269569      0.269569      0.000000  0.021    11     0     0
(Ocean tracer advection)               150      0.014491      0.014491      0.014491      0.000000  0.001    21     0     0
(Ocean adiabatic driver)                75      0.006292      0.006292      0.006292      0.000000  0.001    21     0     0
(Ocean continuity equation *)            0      0.000000      0.000000      0.000000      0.000000  0.000    31     0     0
(Ocean set BBL viscosity)               75      0.192782      0.192782      0.192782      0.000000  0.015    31     0     0
(Ocean message passing *)              150      0.000594      0.000594      0.000594      0.000000  0.000    31     0     0
(Ocean MOM_initialize_state)             2      0.004677      0.004677      0.004677      0.000000  0.000    31     0     0
(Ocean init message passing *)           2      0.000041      0.000041      0.000041      0.000000  0.000    41     0     0
(Ocean mixed layer restrat)              0      0.000000      0.000000      0.000000      0.000000  0.000    31     0     0
(Ocean collective diagnostics)         375      0.216095      0.216095      0.216095      0.000000  0.017    31     0     0
(Ocean Z-space diagnostics)              0      0.000000      0.000000      0.000000      0.000000  0.000    31     0     0
(Ocean ALE)                              0      0.000000      0.000000      0.000000      0.000000  0.000    31     0     0
(Stochastic EOS)                       150      0.000011      0.000011      0.000011      0.000000  0.000    31     0     0
(SGS Temperature Variance)             150      0.000007      0.000007      0.000007      0.000000  0.000    31     0     0
(Ocean diagnostics framework)          600      0.334208      0.334208      0.334208      0.000000  0.027    31     0     0
(Ocean diagnostics remapping)            0      0.000000      0.000000      0.000000      0.000000  0.000    41     0     0
(Ocean diagnostics grid updates)       526      0.019693      0.019693      0.019693      0.000000  0.002    41     0     0
(Ocean init message passing)             4      0.000023      0.000023      0.000023      0.000000  0.000    41     0     0
(Ocean continuity reconstruction       902      0.485550      0.485550      0.485550      0.000000  0.039    41     0     0
(Ocean continuity update)              902      0.063633      0.063633      0.063633      0.000000  0.005    41     0     0
(Ocean continuity correction)          902      4.033619      4.033619      4.033619      0.000000  0.321    41     0     0
(Ocean BT pre-calcs only)             1200      1.206025      1.206025      1.206025      0.000000  0.096    41     0     0
(Ocean BT pre-step halo updates)      1200      0.005695      0.005695      0.005695      0.000000  0.000    41     0     0
(Ocean BT stepping calcs only)         600      0.037341      0.037341      0.037341      0.000000  0.003    41     0     0
(Ocean BT stepping halo updates)       300      0.000083      0.000083      0.000083      0.000000  0.000    41     0     0
(Ocean BT post-calcs only)             900      0.199951      0.199951      0.199951      0.000000  0.016    41     0     0
(Ocean BT post-step halo updates       600      0.000171      0.000171      0.000171      0.000000  0.000    41     0     0
(Ocean BT global synch)                  0      0.000000      0.000000      0.000000      0.000000  0.000    41     0     0
(Ocean Coriolis & mom advection)       300      0.477518      0.477518      0.477518      0.000000  0.038    31     0     0
(Ocean continuity equation)            450      4.581532      4.581532      4.581532      0.000000  0.365    31     0     0
(Ocean pressure force)                 150      0.194389      0.194389      0.194389      0.000000  0.015    31     0     0
(Ocean vertical viscosity)             450      3.343181      3.343181      3.343181      0.000000  0.266    31     0     0
(Ocean horizontal viscosity)           150      0.887180      0.887180      0.887180      0.000000  0.071    31     0     0
(Ocean momentum increments)            300      0.196127      0.196127      0.196127      0.000000  0.016    31     0     0
(Ocean message passing)               1350      0.000958      0.000958      0.000958      0.000000  0.000    31     0     0
(Ocean barotropic mode calc)           300      0.011926      0.011926      0.011926      0.000000  0.001    31     0     0
(Ocean barotropic mode stepping)       300      1.451402      1.451402      1.451402      0.000000  0.116    31     0     0
(Ocean barotropic forcing calc)        300      0.145610      0.145610      0.145610      0.000000  0.012    31     0     0
(Ocean advect tracer)                    0      0.000000      0.000000      0.000000      0.000000  0.000    31     0     0
(Ocean tracer halo updates)              0      0.000000      0.000000      0.000000      0.000000  0.000    41     0     0
(Ocean tracer global synch)              0      0.000000      0.000000      0.000000      0.000000  0.000    41     0     0
(Ocean diffuse tracer)                   0      0.000000      0.000000      0.000000      0.000000  0.000    31     0     0
(Ocean epipycnal diffuse tracer)         0      0.000000      0.000000      0.000000      0.000000  0.000    31     0     0
(Ocean surface forcing)                 76      0.002089      0.002089      0.002089      0.000000  0.000    31     0     0
(Ocean forcing diagnostics)            150      0.000384      0.000384      0.000384      0.000000  0.000    41     0     0
 MPP_STACK high water mark=           0
