NOTE from PE     0: MPP_DOMAINS_SET_STACK_SIZE: stack size set to    32768.
 &MPP_IO_NML
 HEADER_BUFFER_VAL       =       16384,
 GLOBAL_FIELD_ON_ROOT_PE = T,
 IO_CLOCKS_ON    = F,
 SHUFFLE =           0,
 DEFLATE_LEVEL   =          -1,
 CF_COMPLIANCE   = F
 /
NOTE from PE     0: MPP_IO_SET_STACK_SIZE: stack size set to     131072.
NOTE from PE     0: MPP_DOMAINS_SET_STACK_SIZE: stack size set to  4000000.
NOTE from PE     0: ======== Model being driven by MOM_driver ========
NOTE from PE     0: callTree: o Program MOM_main, MOM_driver.F90
NOTE from PE     0: open_param_file: MOM_input has been opened successfully.
NOTE from PE     0: open_param_file: MOM_override has been opened successfully.

WARNING from PE     0: MOM_file_parser : DT over-ridden.  Line: 'DT = 75' in file MOM_override.


WARNING from PE     0: MOM_file_parser : DT_THERM over-ridden.  Line: 'DT_THERM = 150' in file MOM_override.


WARNING from PE     0: MOM_file_parser : NIGLOBAL over-ridden.  Line: 'NIGLOBAL = 512' in file MOM_override.


WARNING from PE     0: MOM_file_parser : NJGLOBAL over-ridden.  Line: 'NJGLOBAL = 512' in file MOM_override.

 MOM_in domain decomposition
whalo =    4, ehalo =    4, shalo =    4, nhalo =    4
  X-AXIS =   64  64  64  64  64  64  64  64
  Y-AXIS =   64  64  64  64  64  64  64  64
 MOM_inc domain decomposition
whalo =    2, ehalo =    2, shalo =    2, nhalo =    2
  X-AXIS =   32  32  32  32  32  32  32  32
  Y-AXIS =   32  32  32  32  32  32  32  32
NOTE from PE     0: diag_manager_mod::diag_manager_init: diag_manager is using fms2_io
NOTE from PE     0: diag_manager_mod::diag_manager_init: prepend_date only supported when diag_manager_init is called with time_init present.
 MOM_in domain decomposition
whalo =    4, ehalo =    4, shalo =    4, nhalo =    4
  X-AXIS =   64  64  64  64  64  64  64  64
  Y-AXIS =   64  64  64  64  64  64  64  64
 MOM_in domain decomposition
whalo =    2, ehalo =    2, shalo =    2, nhalo =    2
  X-AXIS =   32  32  32  32  32  32  32  32
  Y-AXIS =   32  32  32  32  32  32  32  32

WARNING from PE     0: MOM_file_parser : NK over-ridden.  Line: 'NK = 100' in file MOM_override.

 MOM_in domain decomposition
whalo =    4, ehalo =    4, shalo =    4, nhalo =    4
  X-AXIS =   64  64  64  64  64  64  64  64
  Y-AXIS =   64  64  64  64  64  64  64  64
 MOM_in domain decomposition
whalo =    2, ehalo =    2, shalo =    2, nhalo =    2
  X-AXIS =   32  32  32  32  32  32  32  32
  Y-AXIS =   32  32  32  32  32  32  32  32

WARNING from PE     0: Open_file is appending .nc to the filename ./ocean_geometry


WARNING from PE     0: MOM_file_parser : COORD_CONFIG over-ridden.  Line: 'COORD_CONFIG = "linear"' in file MOM_override.

 MOM_in domain decomposition
whalo =    4, ehalo =    4, shalo =    4, nhalo =    4
  X-AXIS =   64  64  64  64  64  64  64  64
  Y-AXIS =   64  64  64  64  64  64  64  64
 MOM_in domain decomposition
whalo =    2, ehalo =    2, shalo =    2, nhalo =    2
  X-AXIS =   32  32  32  32  32  32  32  32
  Y-AXIS =   32  32  32  32  32  32  32  32
 MOM_in domain decomposition
whalo =    4, ehalo =    4, shalo =    4, nhalo =    4
  X-AXIS =   64  64  64  64  64  64  64  64
  Y-AXIS =   64  64  64  64  64  64  64  64
 MOM_in domain decomposition
whalo =    2, ehalo =    2, shalo =    2, nhalo =    2
  X-AXIS =   32  32  32  32  32  32  32  32
  Y-AXIS =   32  32  32  32  32  32  32  32

WARNING from PE     0: ./Depth_list.nc checksums do not match; updating file.


WARNING from PE     0: MOM_file_parser : DT_FORCING over-ridden.  Line: 'DT_FORCING = 150' in file MOM_override.


WARNING from PE     0: MOM_file_parser : DAYMAX over-ridden.  Line: 'DAYMAX = 150' in file MOM_override.


WARNING from PE     0: Unused line in MOM_input : GINT = 0.0098


WARNING from PE     0: open_ASCII_file: File ./CPU_stats opened WRITEONLY already exists!


WARNING from PE     0: open_ASCII_file: File ./ocean.stats opened WRITEONLY already exists!

MOM Time       0.000      0: En 9.167783E-12, MaxCFL  0.00000, Mass 5.286420478077E+18
    Total Energy: 41871C1BAD58F240  4.8464757668430805E+07
    Total Mass:   5.2864204780768635E+18, Change:   0.0000000000000000E+00 Error:  0.00000E+00 ( 0.0E+00)
MOM Time      50.000     50: En 3.628263E-06, MaxCFL  0.00070, Mass 5.286420478077E+18
    Total Energy: 42B171D0738888E9  1.9180526209160910E+13
    Total Mass:   5.2864204780768635E+18, Change:   7.1780468352983942E+00 Error:  7.17805E+00 ( 1.4E-18)
MOM Time     100.000    100: En 1.302025E-05, MaxCFL  0.00126, Mass 5.286420478077E+18
    Total Energy: 42CF4CECC79D4AE5  6.8830500960917789E+13
    Total Mass:   5.2864204780768635E+18, Change:  -2.1363446711552134E+00 Error: -2.13634E+00 (-4.0E-19)
 MOM_in domain decomposition
whalo =    4, ehalo =    4, shalo =    4, nhalo =    4
  X-AXIS =   64  64  64  64  64  64  64  64
  Y-AXIS =   64  64  64  64  64  64  64  64
 MOM_in domain decomposition
whalo =    2, ehalo =    2, shalo =    2, nhalo =    2
  X-AXIS =   32  32  32  32  32  32  32  32
  Y-AXIS =   32  32  32  32  32  32  32  32
 MOM_in domain decomposition
whalo =    4, ehalo =    4, shalo =    4, nhalo =    4
  X-AXIS =   64  64  64  64  64  64  64  64
  Y-AXIS =   64  64  64  64  64  64  64  64
 MOM_in domain decomposition
whalo =    2, ehalo =    2, shalo =    2, nhalo =    2
  X-AXIS =   32  32  32  32  32  32  32  32
  Y-AXIS =   32  32  32  32  32  32  32  32
MOM Time     150.000    150: En 2.597815E-05, MaxCFL  0.00165, Mass 5.286420478077E+18
    Total Energy: 42DF39BDF15585F6  1.3733144122728784E+14
    Total Mass:   5.2864204780768635E+18, Change:   9.7919776764202382E-02 Error:  9.79198E-02 ( 1.9E-20)
 MOM_in domain decomposition
whalo =    4, ehalo =    4, shalo =    4, nhalo =    4
  X-AXIS =   64  64  64  64  64  64  64  64
  Y-AXIS =   64  64  64  64  64  64  64  64
 MOM_in domain decomposition
whalo =    2, ehalo =    2, shalo =    2, nhalo =    2
  X-AXIS =   32  32  32  32  32  32  32  32
  Y-AXIS =   32  32  32  32  32  32  32  32

WARNING from PE     0: open_ASCII_file: File RESTART/ocean_solo.res opened WRITEONLY already exists!


WARNING from PE     0: open_ASCII_file: File exitcode opened WRITEONLY already exists!

NOTE from PE     0: Potential error in diag_manager_end: u NOT available, check if output interval > runlength. Netcdf fill_values are written
NOTE from PE     0: Potential error in diag_manager_end: v NOT available, check if output interval > runlength. Netcdf fill_values are written
NOTE from PE     0: Potential error in diag_manager_end: h NOT available, check if output interval > runlength. Netcdf fill_values are written
NOTE from PE     0: Potential error in diag_manager_end: e NOT available, check if output interval > runlength. Netcdf fill_values are written
NOTE from PE     0: Potential error in diag_manager_end: u NOT available, check if output interval > runlength. Netcdf fill_values are written
NOTE from PE     0: Potential error in diag_manager_end: v NOT available, check if output interval > runlength. Netcdf fill_values are written
NOTE from PE     0: Potential error in diag_manager_end: h NOT available, check if output interval > runlength. Netcdf fill_values are written
NOTE from PE     0: Potential error in diag_manager_end: e NOT available, check if output interval > runlength. Netcdf fill_values are written
NOTE from PE     0: Potential error in diag_manager_end: uh NOT available, check if output interval > runlength. Netcdf fill_values are written
NOTE from PE     0: Potential error in diag_manager_end: vh NOT available, check if output interval > runlength. Netcdf fill_values are written
 MPP_DOMAINS_STACK high water mark=      531200

Tabulating mpp_clock statistics across     64 PEs...

                                      hits          tmin          tmax          tavg          tstd  tfrac grain pemin pemax
Total runtime                            1    161.022982    161.022984    161.022983      0.000001  1.000     0     0    63
Initialization                           1      0.838921      0.839563      0.839351      0.000104  0.005     0     0    63
Main loop                                1    154.635195    154.635820    154.635280      0.000080  0.960     0     0    63
Termination                              1      5.542997      5.543657      5.543632      0.000081  0.034     0     0    63
Ocean Initialization                     2      0.852532      0.875588      0.859623      0.004618  0.005    11     0    63
Ocean                                   75    148.962893    148.977316    148.971856      0.002802  0.925     1     0    63
Ocean dynamics                         300    140.121407    140.690133    140.299363      0.114242  0.871    11     0    63
Ocean thermodynamics and tracers       225      0.651325      0.807740      0.753308      0.040780  0.005    11     0    63
Ocean grid generation and remapp         0      0.000000      0.000000      0.000000      0.000000  0.000    11     0    63
Ocean Other                            450      6.082536      6.435751      6.274310      0.076749  0.039    11     0    63
(Ocean tracer advection)               150      0.396751      0.549998      0.497370      0.040037  0.003    21     0    63
(Ocean adiabatic driver)                75      0.223167      0.274058      0.255654      0.012601  0.002    21     0    63
(Ocean continuity equation *)            0      0.000000      0.000000      0.000000      0.000000  0.000    31     0    63
(Ocean set BBL viscosity)               75      1.205925      1.926827      1.533206      0.187328  0.010    31     0    63
(Ocean message passing *)              150      0.654310      1.298800      0.870717      0.144443  0.005    31     0    63
(Ocean MOM_initialize_state)             2      0.026794      0.030177      0.029305      0.000854  0.000    31     0    63
(Ocean init message passing *)           2      0.005064      0.009643      0.007343      0.001447  0.000    41     0    63
(Ocean mixed layer restrat)              0      0.000000      0.000000      0.000000      0.000000  0.000    31     0    63
(Ocean collective diagnostics)         375      5.529670      5.854391      5.708728      0.063499  0.035    31     0    63
(Ocean Z-space diagnostics)              0      0.000000      0.000000      0.000000      0.000000  0.000    31     0    63
(Ocean ALE)                              0      0.000000      0.000000      0.000000      0.000000  0.000    31     0    63
(Stochastic EOS)                       150      0.000040      0.000120      0.000063      0.000013  0.000    31     0    63
(SGS Temperature Variance)             150      0.000008      0.000016      0.000009      0.000002  0.000    31     0    63
(Ocean diagnostics framework)          600      7.522505      8.126822      7.963009      0.099258  0.049    31     0    63
(Ocean diagnostics remapping)            0      0.000000      0.000000      0.000000      0.000000  0.000    41     0    63
(Ocean diagnostics grid updates)       526      0.435188      0.730616      0.621662      0.079703  0.004    41     0    63
(Ocean init message passing)             4      0.012376      0.020922      0.016646      0.002221  0.000    41     0    63
(Ocean continuity reconstruction       902      6.477127      7.529317      7.046931      0.241245  0.044    41     0    63
(Ocean continuity update)              902      2.976332      4.345116      3.953557      0.257460  0.025    41     0    63
(Ocean continuity correction)          902     24.301511     31.641672     29.644098      1.915588  0.184    41     0    63
(Ocean BT pre-calcs only)             1200     14.211897     17.742427     16.115826      0.820054  0.100    41     0    63
(Ocean BT pre-step halo updates)      1200      0.564008      9.405280      3.995616      2.190828  0.025    41     0    63
(Ocean BT stepping calcs only)         600      0.271728      0.373177      0.336934      0.024132  0.002    41     0    63
(Ocean BT stepping halo updates)       300      0.035175      0.202984      0.065316      0.039211  0.000    41     0    63
(Ocean BT post-calcs only)             900      2.784786      2.937730      2.869967      0.037279  0.018    41     0    63
(Ocean BT post-step halo updates       600      0.041742      0.168962      0.086787      0.035988  0.001    41     0    63
(Ocean BT global synch)                  0      0.000000      0.000000      0.000000      0.000000  0.000    41     0    63
(Ocean Coriolis & mom advection)       300      4.204569      5.002418      4.737486      0.177707  0.029    31     0    63
(Ocean continuity equation)            450     34.439686     43.254491     40.595631      2.073806  0.252    31     0    63
(Ocean pressure force)                 150     10.340171     11.200392     10.888146      0.143701  0.068    31     0    63
(Ocean vertical viscosity)             450     24.933683     28.238980     26.438695      1.146520  0.164    31     0    63
(Ocean horizontal viscosity)           150      3.577472      3.989496      3.787077      0.093295  0.024    31     0    63
(Ocean momentum increments)            300      4.508567      4.599238      4.552693      0.026929  0.028    31     0    63
(Ocean message passing)               1350      5.513604     11.628192      7.985090      1.509235  0.050    31     0    63
(Ocean barotropic mode calc)           300      0.394762      0.639990      0.553982      0.064339  0.003    31     0    63
(Ocean barotropic mode stepping)       300     20.493332     29.199880     23.484373      2.107838  0.146    31     0    63
(Ocean barotropic forcing calc)        300      4.263763      5.138924      4.899289      0.206242  0.030    31     0    63
(Ocean advect tracer)                    0      0.000000      0.000000      0.000000      0.000000  0.000    31     0    63
(Ocean tracer halo updates)              0      0.000000      0.000000      0.000000      0.000000  0.000    41     0    63
(Ocean tracer global synch)              0      0.000000      0.000000      0.000000      0.000000  0.000    41     0    63
(Ocean diffuse tracer)                   0      0.000000      0.000000      0.000000      0.000000  0.000    31     0    63
(Ocean epipycnal diffuse tracer)         0      0.000000      0.000000      0.000000      0.000000  0.000    31     0    63
(Ocean surface forcing)                 76      0.001234      0.002508      0.001424      0.000157  0.000    31     0    63
(Ocean forcing diagnostics)            150      0.000226      0.001369      0.000452      0.000226  0.000    41     0    63
 MPP_STACK high water mark=           0
