NOTE from PE     0: MPP_DOMAINS_SET_STACK_SIZE: stack size set to    32768.
 &MPP_IO_NML
 HEADER_BUFFER_VAL       =       16384,
 GLOBAL_FIELD_ON_ROOT_PE = T,
 IO_CLOCKS_ON    = F,
 SHUFFLE =           0,
 DEFLATE_LEVEL   =          -1,
 CF_COMPLIANCE   = F
 /
NOTE from PE     0: MPP_IO_SET_STACK_SIZE: stack size set to     131072.
NOTE from PE     0: MPP_DOMAINS_SET_STACK_SIZE: stack size set to  4000000.
NOTE from PE     0: ======== Model being driven by MOM_driver ========
NOTE from PE     0: callTree: o Program MOM_main, MOM_driver.F90
NOTE from PE     0: open_param_file: MOM_input has been opened successfully.
NOTE from PE     0: open_param_file: MOM_override has been opened successfully.

WARNING from PE     0: MOM_file_parser : DT over-ridden.  Line: 'DT = 600' in file MOM_override.


WARNING from PE     0: MOM_file_parser : DT_THERM over-ridden.  Line: 'DT_THERM = 1200' in file MOM_override.


WARNING from PE     0: MOM_file_parser : NIGLOBAL over-ridden.  Line: 'NIGLOBAL = 64' in file MOM_override.


WARNING from PE     0: MOM_file_parser : NJGLOBAL over-ridden.  Line: 'NJGLOBAL = 64' in file MOM_override.

 MOM_in domain decomposition
whalo =    4, ehalo =    4, shalo =    4, nhalo =    4
  X-AXIS =   32  32
  Y-AXIS =   32  32
 MOM_inc domain decomposition
whalo =    2, ehalo =    2, shalo =    2, nhalo =    2
  X-AXIS =   16  16
  Y-AXIS =   16  16
NOTE from PE     0: diag_manager_mod::diag_manager_init: diag_manager is using fms2_io
NOTE from PE     0: diag_manager_mod::diag_manager_init: prepend_date only supported when diag_manager_init is called with time_init present.
 MOM_in domain decomposition
whalo =    4, ehalo =    4, shalo =    4, nhalo =    4
  X-AXIS =   32  32
  Y-AXIS =   32  32
 MOM_in domain decomposition
whalo =    2, ehalo =    2, shalo =    2, nhalo =    2
  X-AXIS =   16  16
  Y-AXIS =   16  16

WARNING from PE     0: MOM_file_parser : NK over-ridden.  Line: 'NK = 100' in file MOM_override.

 MOM_in domain decomposition
whalo =    4, ehalo =    4, shalo =    4, nhalo =    4
  X-AXIS =   32  32
  Y-AXIS =   32  32
 MOM_in domain decomposition
whalo =    2, ehalo =    2, shalo =    2, nhalo =    2
  X-AXIS =   16  16
  Y-AXIS =   16  16

WARNING from PE     0: Open_file is appending .nc to the filename ./ocean_geometry


WARNING from PE     0: MOM_file_parser : COORD_CONFIG over-ridden.  Line: 'COORD_CONFIG = "linear"' in file MOM_override.

 MOM_in domain decomposition
whalo =    4, ehalo =    4, shalo =    4, nhalo =    4
  X-AXIS =   32  32
  Y-AXIS =   32  32
 MOM_in domain decomposition
whalo =    2, ehalo =    2, shalo =    2, nhalo =    2
  X-AXIS =   16  16
  Y-AXIS =   16  16
 MOM_in domain decomposition
whalo =    4, ehalo =    4, shalo =    4, nhalo =    4
  X-AXIS =   32  32
  Y-AXIS =   32  32
 MOM_in domain decomposition
whalo =    2, ehalo =    2, shalo =    2, nhalo =    2
  X-AXIS =   16  16
  Y-AXIS =   16  16

WARNING from PE     0: ./Depth_list.nc checksums do not match; updating file.


WARNING from PE     0: MOM_file_parser : DT_FORCING over-ridden.  Line: 'DT_FORCING = 1200' in file MOM_override.


WARNING from PE     0: MOM_file_parser : DAYMAX over-ridden.  Line: 'DAYMAX = 150' in file MOM_override.


WARNING from PE     0: Unused line in MOM_input : GINT = 0.0098


WARNING from PE     0: open_ASCII_file: File ./CPU_stats opened WRITEONLY already exists!


WARNING from PE     0: open_ASCII_file: File ./ocean.stats opened WRITEONLY already exists!

MOM Time       0.000      0: En 9.154260E-12, MaxCFL  0.00000, Mass 5.287164009544E+18
    Total Energy: 41871436564B0B29  4.8400074786642380E+07
    Total Mass:   5.2871640095440794E+18, Change:   0.0000000000000000E+00 Error:  0.00000E+00 ( 0.0E+00)
MOM Time      50.000     50: En 7.963171E-05, MaxCFL  0.00255, Mass 5.287164009544E+18
    Total Energy: 42F7EEBBD3874374  4.2102593371858325E+14
    Total Mass:   5.2871640095440794E+18, Change:   7.6306966094775817E+00 Error:  7.63070E+00 ( 1.4E-18)
MOM Time     100.000    100: En 2.338658E-05, MaxCFL  0.00134, Mass 5.287164009544E+18
    Total Energy: 42DC1D4CDD00B02A  1.2364867672544066E+14
    Total Mass:   5.2871640095440794E+18, Change:   1.7030794227331825E+00 Error:  1.70308E+00 ( 3.2E-19)
 MOM_in domain decomposition
whalo =    4, ehalo =    4, shalo =    4, nhalo =    4
  X-AXIS =   32  32
  Y-AXIS =   32  32
 MOM_in domain decomposition
whalo =    2, ehalo =    2, shalo =    2, nhalo =    2
  X-AXIS =   16  16
  Y-AXIS =   16  16
 MOM_in domain decomposition
whalo =    4, ehalo =    4, shalo =    4, nhalo =    4
  X-AXIS =   32  32
  Y-AXIS =   32  32
 MOM_in domain decomposition
whalo =    2, ehalo =    2, shalo =    2, nhalo =    2
  X-AXIS =   16  16
  Y-AXIS =   16  16
MOM Time     150.000    150: En 5.699787E-05, MaxCFL  0.00205, Mass 5.287164009544E+18
    Total Energy: 42F12152AA28128C  3.0135709561680875E+14
    Total Mass:   5.2871640095440794E+18, Change:  -3.8524427216333379E+00 Error: -3.85244E+00 (-7.3E-19)
 MOM_in domain decomposition
whalo =    4, ehalo =    4, shalo =    4, nhalo =    4
  X-AXIS =   32  32
  Y-AXIS =   32  32
 MOM_in domain decomposition
whalo =    2, ehalo =    2, shalo =    2, nhalo =    2
  X-AXIS =   16  16
  Y-AXIS =   16  16

WARNING from PE     0: open_ASCII_file: File RESTART/ocean_solo.res opened WRITEONLY already exists!


WARNING from PE     0: open_ASCII_file: File exitcode opened WRITEONLY already exists!

NOTE from PE     0: Potential error in diag_manager_end: u NOT available, check if output interval > runlength. Netcdf fill_values are written
NOTE from PE     0: Potential error in diag_manager_end: v NOT available, check if output interval > runlength. Netcdf fill_values are written
NOTE from PE     0: Potential error in diag_manager_end: h NOT available, check if output interval > runlength. Netcdf fill_values are written
NOTE from PE     0: Potential error in diag_manager_end: e NOT available, check if output interval > runlength. Netcdf fill_values are written
NOTE from PE     0: Potential error in diag_manager_end: u NOT available, check if output interval > runlength. Netcdf fill_values are written
NOTE from PE     0: Potential error in diag_manager_end: v NOT available, check if output interval > runlength. Netcdf fill_values are written
NOTE from PE     0: Potential error in diag_manager_end: h NOT available, check if output interval > runlength. Netcdf fill_values are written
NOTE from PE     0: Potential error in diag_manager_end: e NOT available, check if output interval > runlength. Netcdf fill_values are written
NOTE from PE     0: Potential error in diag_manager_end: uh NOT available, check if output interval > runlength. Netcdf fill_values are written
NOTE from PE     0: Potential error in diag_manager_end: vh NOT available, check if output interval > runlength. Netcdf fill_values are written
 MPP_DOMAINS_STACK high water mark=      133600

Tabulating mpp_clock statistics across      4 PEs...

                                      hits          tmin          tmax          tavg          tstd  tfrac grain pemin pemax
Total runtime                            1     18.077452     18.077452     18.077452      0.000000  1.000     0     0     3
Initialization                           1      0.176467      0.176765      0.176686      0.000126  0.010     0     0     3
Main loop                                1     17.760501     17.760542     17.760515      0.000016  0.982     0     0     3
Termination                              1      0.136930      0.137186      0.137122      0.000111  0.008     0     0     3
Ocean Initialization                     2      0.174607      0.176794      0.175161      0.000943  0.010    11     0     3
Ocean                                   75     17.573916     17.574845     17.574566      0.000378  0.972     1     0     3
Ocean dynamics                         300     16.952160     16.953899     16.952934      0.000622  0.938    11     0     3
Ocean thermodynamics and tracers       225      0.049794      0.052896      0.050856      0.001224  0.003    11     0     3
Ocean grid generation and remapp         0      0.000000      0.000000      0.000000      0.000000  0.000    11     0     3
Ocean Other                            450      0.440845      0.442821      0.441888      0.000715  0.024    11     0     3
(Ocean tracer advection)               150      0.033043      0.036058      0.034078      0.001226  0.002    21     0     3
(Ocean adiabatic driver)                75      0.016488      0.016913      0.016705      0.000159  0.001    21     0     3
(Ocean continuity equation *)            0      0.000000      0.000000      0.000000      0.000000  0.000    31     0     3
(Ocean set BBL viscosity)               75      0.249426      0.270594      0.257599      0.008814  0.014    31     0     3
(Ocean message passing *)              150      0.060733      0.063197      0.061935      0.000926  0.003    31     0     3
(Ocean MOM_initialize_state)             2      0.005195      0.006774      0.005604      0.000675  0.000    31     0     3
(Ocean init message passing *)           2      0.000521      0.000581      0.000542      0.000023  0.000    41     0     3
(Ocean mixed layer restrat)              0      0.000000      0.000000      0.000000      0.000000  0.000    31     0     3
(Ocean collective diagnostics)         375      0.376041      0.378387      0.377364      0.001025  0.021    31     0     3
(Ocean Z-space diagnostics)              0      0.000000      0.000000      0.000000      0.000000  0.000    31     0     3
(Ocean ALE)                              0      0.000000      0.000000      0.000000      0.000000  0.000    31     0     3
(Stochastic EOS)                       150      0.000021      0.000028      0.000026      0.000003  0.000    31     0     3
(SGS Temperature Variance)             150      0.000007      0.000007      0.000007      0.000000  0.000    31     0     3
(Ocean diagnostics framework)          600      0.518324      0.520935      0.519613      0.001182  0.029    31     0     3
(Ocean diagnostics remapping)            0      0.000000      0.000000      0.000000      0.000000  0.000    41     0     3
(Ocean diagnostics grid updates)       526      0.049663      0.052651      0.051025      0.001202  0.003    41     0     3
(Ocean init message passing)             4      0.001355      0.001593      0.001511      0.000094  0.000    41     0     3
(Ocean continuity reconstruction       902      0.600211      0.679404      0.636696      0.036698  0.035    41     0     3
(Ocean continuity update)              902      0.165772      0.229246      0.196099      0.022643  0.011    41     0     3
(Ocean continuity correction)          902      4.554582      5.029992      4.826553      0.189085  0.267    41     0     3
(Ocean BT pre-calcs only)             1200      1.881089      2.060995      1.951510      0.070828  0.108    41     0     3
(Ocean BT pre-step halo updates)      1200      0.068872      0.203326      0.115671      0.051745  0.006    41     0     3
(Ocean BT stepping calcs only)         600      0.044819      0.048473      0.046491      0.001589  0.003    41     0     3
(Ocean BT stepping halo updates)       300      0.003084      0.003332      0.003196      0.000092  0.000    41     0     3
(Ocean BT post-calcs only)             900      0.214331      0.218677      0.216205      0.001590  0.012    41     0     3
(Ocean BT post-step halo updates       600      0.004424      0.007594      0.006143      0.001397  0.000    41     0     3
(Ocean BT global synch)                  0      0.000000      0.000000      0.000000      0.000000  0.000    41     0     3
(Ocean Coriolis & mom advection)       300      0.564567      0.567727      0.565658      0.001228  0.031    31     0     3
(Ocean continuity equation)            450      5.397193      5.825872      5.656574      0.163714  0.313    31     0     3
(Ocean pressure force)                 150      0.843240      0.963839      0.879694      0.048858  0.049    31     0     3
(Ocean vertical viscosity)             450      3.896631      4.092463      4.020388      0.074635  0.222    31     0     3
(Ocean horizontal viscosity)           150      0.893834      0.897335      0.895165      0.001407  0.050    31     0     3
(Ocean momentum increments)            300      0.392784      0.411597      0.402242      0.006653  0.022    31     0     3
(Ocean message passing)               1350      0.441432      0.700991      0.576546      0.096097  0.032    31     0     3
(Ocean barotropic mode calc)           300      0.037438      0.042926      0.040084      0.002394  0.002    31     0     3
(Ocean barotropic mode stepping)       300      2.243754      2.536834      2.341573      0.118140  0.130    31     0     3
(Ocean barotropic forcing calc)        300      0.415765      0.439339      0.424866      0.008847  0.024    31     0     3
(Ocean advect tracer)                    0      0.000000      0.000000      0.000000      0.000000  0.000    31     0     3
(Ocean tracer halo updates)              0      0.000000      0.000000      0.000000      0.000000  0.000    41     0     3
(Ocean tracer global synch)              0      0.000000      0.000000      0.000000      0.000000  0.000    41     0     3
(Ocean diffuse tracer)                   0      0.000000      0.000000      0.000000      0.000000  0.000    31     0     3
(Ocean epipycnal diffuse tracer)         0      0.000000      0.000000      0.000000      0.000000  0.000    31     0     3
(Ocean surface forcing)                 76      0.001315      0.002103      0.001524      0.000335  0.000    31     0     3
(Ocean forcing diagnostics)            150      0.000281      0.000397      0.000353      0.000047  0.000    41     0     3
 MPP_STACK high water mark=           0
