NOTE from PE     0: MPP_DOMAINS_SET_STACK_SIZE: stack size set to    32768.
 &MPP_IO_NML
 HEADER_BUFFER_VAL       =       16384,
 GLOBAL_FIELD_ON_ROOT_PE = T,
 IO_CLOCKS_ON    = F,
 SHUFFLE =           0,
 DEFLATE_LEVEL   =          -1,
 CF_COMPLIANCE   = F
 /
NOTE from PE     0: MPP_IO_SET_STACK_SIZE: stack size set to     131072.
NOTE from PE     0: MPP_DOMAINS_SET_STACK_SIZE: stack size set to  4000000.
NOTE from PE     0: ======== Model being driven by MOM_driver ========
NOTE from PE     0: callTree: o Program MOM_main, MOM_driver.F90
NOTE from PE     0: open_param_file: MOM_input has been opened successfully.
NOTE from PE     0: open_param_file: MOM_override has been opened successfully.

WARNING from PE     0: MOM_file_parser : DT over-ridden.  Line: 'DT = 75' in file MOM_override.


WARNING from PE     0: MOM_file_parser : DT_THERM over-ridden.  Line: 'DT_THERM = 150' in file MOM_override.


WARNING from PE     0: MOM_file_parser : NIGLOBAL over-ridden.  Line: 'NIGLOBAL = 512' in file MOM_override.


WARNING from PE     0: MOM_file_parser : NJGLOBAL over-ridden.  Line: 'NJGLOBAL = 256' in file MOM_override.

 MOM_in domain decomposition
whalo =    4, ehalo =    4, shalo =    4, nhalo =    4
  X-AXIS =   64  64  64  64  64  64  64  64
  Y-AXIS =   32  32  32  32  32  32  32  32
 MOM_inc domain decomposition
whalo =    2, ehalo =    2, shalo =    2, nhalo =    2
  X-AXIS =   32  32  32  32  32  32  32  32
  Y-AXIS =   16  16  16  16  16  16  16  16
NOTE from PE     0: diag_manager_mod::diag_manager_init: diag_manager is using fms2_io
NOTE from PE     0: diag_manager_mod::diag_manager_init: prepend_date only supported when diag_manager_init is called with time_init present.
 MOM_in domain decomposition
whalo =    4, ehalo =    4, shalo =    4, nhalo =    4
  X-AXIS =   64  64  64  64  64  64  64  64
  Y-AXIS =   32  32  32  32  32  32  32  32
 MOM_in domain decomposition
whalo =    2, ehalo =    2, shalo =    2, nhalo =    2
  X-AXIS =   32  32  32  32  32  32  32  32
  Y-AXIS =   16  16  16  16  16  16  16  16

WARNING from PE     0: MOM_file_parser : NK over-ridden.  Line: 'NK = 100' in file MOM_override.

 MOM_in domain decomposition
whalo =    4, ehalo =    4, shalo =    4, nhalo =    4
  X-AXIS =   64  64  64  64  64  64  64  64
  Y-AXIS =   32  32  32  32  32  32  32  32
 MOM_in domain decomposition
whalo =    2, ehalo =    2, shalo =    2, nhalo =    2
  X-AXIS =   32  32  32  32  32  32  32  32
  Y-AXIS =   16  16  16  16  16  16  16  16

WARNING from PE     0: Open_file is appending .nc to the filename ./ocean_geometry


WARNING from PE     0: MOM_file_parser : COORD_CONFIG over-ridden.  Line: 'COORD_CONFIG = "linear"' in file MOM_override.

 MOM_in domain decomposition
whalo =    4, ehalo =    4, shalo =    4, nhalo =    4
  X-AXIS =   64  64  64  64  64  64  64  64
  Y-AXIS =   32  32  32  32  32  32  32  32
 MOM_in domain decomposition
whalo =    2, ehalo =    2, shalo =    2, nhalo =    2
  X-AXIS =   32  32  32  32  32  32  32  32
  Y-AXIS =   16  16  16  16  16  16  16  16
 MOM_in domain decomposition
whalo =    4, ehalo =    4, shalo =    4, nhalo =    4
  X-AXIS =   64  64  64  64  64  64  64  64
  Y-AXIS =   32  32  32  32  32  32  32  32
 MOM_in domain decomposition
whalo =    2, ehalo =    2, shalo =    2, nhalo =    2
  X-AXIS =   32  32  32  32  32  32  32  32
  Y-AXIS =   16  16  16  16  16  16  16  16

WARNING from PE     0: ./Depth_list.nc checksums do not match; updating file.


WARNING from PE     0: MOM_file_parser : DT_FORCING over-ridden.  Line: 'DT_FORCING = 150' in file MOM_override.


WARNING from PE     0: MOM_file_parser : DAYMAX over-ridden.  Line: 'DAYMAX = 150' in file MOM_override.


WARNING from PE     0: Unused line in MOM_input : GINT = 0.0098


WARNING from PE     0: open_ASCII_file: File ./CPU_stats opened WRITEONLY already exists!


WARNING from PE     0: open_ASCII_file: File ./ocean.stats opened WRITEONLY already exists!

MOM Time       0.000      0: En 9.167549E-12, MaxCFL  0.00000, Mass 5.286433166925E+18
    Total Energy: 41871BF8A5C2D8CF  4.8463636720140092E+07
    Total Mass:   5.2864331669247314E+18, Change:   0.0000000000000000E+00 Error:  0.00000E+00 ( 0.0E+00)
MOM Time      50.000     50: En 3.628256E-06, MaxCFL  0.00070, Mass 5.286433166925E+18
    Total Energy: 42B171D0E6EDD6D7  1.9180533771734840E+13
    Total Mass:   5.2864331669247314E+18, Change:   3.8542001586687874E+01 Error:  3.85420E+01 ( 7.3E-18)
MOM Time     100.000    100: En 1.302024E-05, MaxCFL  0.00126, Mass 5.286433166925E+18
    Total Energy: 42CF4CEFFF33E55F  6.8830608910282742E+13
    Total Mass:   5.2864331669247314E+18, Change:  -1.6131743553398912E+00 Error: -1.61317E+00 (-3.1E-19)
 MOM_in domain decomposition
whalo =    4, ehalo =    4, shalo =    4, nhalo =    4
  X-AXIS =   64  64  64  64  64  64  64  64
  Y-AXIS =   32  32  32  32  32  32  32  32
 MOM_in domain decomposition
whalo =    2, ehalo =    2, shalo =    2, nhalo =    2
  X-AXIS =   32  32  32  32  32  32  32  32
  Y-AXIS =   16  16  16  16  16  16  16  16
 MOM_in domain decomposition
whalo =    4, ehalo =    4, shalo =    4, nhalo =    4
  X-AXIS =   64  64  64  64  64  64  64  64
  Y-AXIS =   32  32  32  32  32  32  32  32
 MOM_in domain decomposition
whalo =    2, ehalo =    2, shalo =    2, nhalo =    2
  X-AXIS =   32  32  32  32  32  32  32  32
  Y-AXIS =   16  16  16  16  16  16  16  16
MOM Time     150.000    150: En 2.597818E-05, MaxCFL  0.00165, Mass 5.286433166925E+18
    Total Energy: 42DF39C52ABA152C  1.3733192603451669E+14
    Total Mass:   5.2864331669247314E+18, Change:   3.2047712272670115E-02 Error:  3.20477E-02 ( 6.1E-21)
 MOM_in domain decomposition
whalo =    4, ehalo =    4, shalo =    4, nhalo =    4
  X-AXIS =   64  64  64  64  64  64  64  64
  Y-AXIS =   32  32  32  32  32  32  32  32
 MOM_in domain decomposition
whalo =    2, ehalo =    2, shalo =    2, nhalo =    2
  X-AXIS =   32  32  32  32  32  32  32  32
  Y-AXIS =   16  16  16  16  16  16  16  16

WARNING from PE     0: open_ASCII_file: File RESTART/ocean_solo.res opened WRITEONLY already exists!


WARNING from PE     0: open_ASCII_file: File exitcode opened WRITEONLY already exists!

NOTE from PE     0: Potential error in diag_manager_end: u NOT available, check if output interval > runlength. Netcdf fill_values are written
NOTE from PE     0: Potential error in diag_manager_end: v NOT available, check if output interval > runlength. Netcdf fill_values are written
NOTE from PE     0: Potential error in diag_manager_end: h NOT available, check if output interval > runlength. Netcdf fill_values are written
NOTE from PE     0: Potential error in diag_manager_end: e NOT available, check if output interval > runlength. Netcdf fill_values are written
NOTE from PE     0: Potential error in diag_manager_end: u NOT available, check if output interval > runlength. Netcdf fill_values are written
NOTE from PE     0: Potential error in diag_manager_end: v NOT available, check if output interval > runlength. Netcdf fill_values are written
NOTE from PE     0: Potential error in diag_manager_end: h NOT available, check if output interval > runlength. Netcdf fill_values are written
NOTE from PE     0: Potential error in diag_manager_end: e NOT available, check if output interval > runlength. Netcdf fill_values are written
NOTE from PE     0: Potential error in diag_manager_end: uh NOT available, check if output interval > runlength. Netcdf fill_values are written
NOTE from PE     0: Potential error in diag_manager_end: vh NOT available, check if output interval > runlength. Netcdf fill_values are written
 MPP_DOMAINS_STACK high water mark=      403200

Tabulating mpp_clock statistics across     64 PEs...

                                      hits          tmin          tmax          tavg          tstd  tfrac grain pemin pemax
Total runtime                            1     83.522156     83.522158     83.522157      0.000000  1.000     0     0    63
Initialization                           1      0.484623      0.485201      0.485033      0.000088  0.006     0     0    63
Main loop                                1     80.115071     80.115462     80.115158      0.000055  0.959     0     0    63
Termination                              1      2.916945      2.917380      2.917354      0.000054  0.035     0     0    63
Ocean Initialization                     2      0.477080      0.495843      0.484086      0.004288  0.006    11     0    63
Ocean                                   75     77.246414     77.255587     77.253089      0.002045  0.925     1     0    63
Ocean dynamics                         300     72.695250     73.005161     72.801616      0.069569  0.872    11     0    63
Ocean thermodynamics and tracers       225      0.333858      0.422777      0.380880      0.021276  0.005    11     0    63
Ocean grid generation and remapp         0      0.000000      0.000000      0.000000      0.000000  0.000    11     0    63
Ocean Other                            450      3.016618      3.240189      3.133756      0.052735  0.038    11     0    63
(Ocean tracer advection)               150      0.208060      0.272468      0.241663      0.016793  0.003    21     0    63
(Ocean adiabatic driver)                75      0.119945      0.152254      0.139040      0.008361  0.002    21     0    63
(Ocean continuity equation *)            0      0.000000      0.000000      0.000000      0.000000  0.000    31     0    63
(Ocean set BBL viscosity)               75      0.591208      0.993704      0.792738      0.092248  0.009    31     0    63
(Ocean message passing *)              150      0.484899      0.841519      0.607764      0.092852  0.007    31     0    63
(Ocean MOM_initialize_state)             2      0.015951      0.018103      0.017378      0.000653  0.000    31     0    63
(Ocean init message passing *)           2      0.002945      0.006059      0.004552      0.000886  0.000    41     0    63
(Ocean mixed layer restrat)              0      0.000000      0.000000      0.000000      0.000000  0.000    31     0    63
(Ocean collective diagnostics)         375      2.679574      2.948261      2.818202      0.058329  0.034    31     0    63
(Ocean Z-space diagnostics)              0      0.000000      0.000000      0.000000      0.000000  0.000    31     0    63
(Ocean ALE)                              0      0.000000      0.000000      0.000000      0.000000  0.000    31     0    63
(Stochastic EOS)                       150      0.000035      0.000085      0.000056      0.000010  0.000    31     0    63
(SGS Temperature Variance)             150      0.000008      0.000013      0.000009      0.000001  0.000    31     0    63
(Ocean diagnostics framework)          600      3.710117      4.031957      3.935468      0.060150  0.047    31     0    63
(Ocean diagnostics remapping)            0      0.000000      0.000000      0.000000      0.000000  0.000    41     0    63
(Ocean diagnostics grid updates)       526      0.240437      0.396876      0.323284      0.036555  0.004    41     0    63
(Ocean init message passing)             4      0.007516      0.014587      0.010997      0.001774  0.000    41     0    63
(Ocean continuity reconstruction       902      3.136278      4.029679      3.694133      0.172403  0.044    41     0    63
(Ocean continuity update)              902      1.301020      2.125576      1.895329      0.166763  0.023    41     0    63
(Ocean continuity correction)          902     12.640789     17.377489     15.700143      1.087883  0.188    41     0    63
(Ocean BT pre-calcs only)             1200      6.779091      8.803820      7.797908      0.417585  0.093    41     0    63
(Ocean BT pre-step halo updates)      1200      0.371730      5.673513      2.693180      1.353717  0.032    41     0    63
(Ocean BT stepping calcs only)         600      0.140355      0.184221      0.163108      0.011191  0.002    41     0    63
(Ocean BT stepping halo updates)       300      0.024606      0.068019      0.041234      0.012547  0.000    41     0    63
(Ocean BT post-calcs only)             900      1.171033      1.345764      1.254326      0.037522  0.015    41     0    63
(Ocean BT post-step halo updates       600      0.027651      0.111664      0.059213      0.022895  0.001    41     0    63
(Ocean BT global synch)                  0      0.000000      0.000000      0.000000      0.000000  0.000    41     0    63
(Ocean Coriolis & mom advection)       300      2.099298      2.656135      2.492318      0.119687  0.030    31     0    63
(Ocean continuity equation)            450     17.664548     23.222862     21.266927      1.244234  0.255    31     0    63
(Ocean pressure force)                 150      5.371581      5.694256      5.542928      0.066700  0.066    31     0    63
(Ocean vertical viscosity)             450     12.286934     14.117059     13.214233      0.569346  0.158    31     0    63
(Ocean horizontal viscosity)           150      1.814119      2.104073      1.963936      0.085444  0.024    31     0    63
(Ocean momentum increments)            300      2.366299      2.432880      2.406271      0.016123  0.029    31     0    63
(Ocean message passing)               1350      3.328923      6.585652      4.880415      0.787560  0.058    31     0    63
(Ocean barotropic mode calc)           300      0.120025      0.250660      0.210316      0.030568  0.003    31     0    63
(Ocean barotropic mode stepping)       300      9.699384     15.312776     12.020020      1.327208  0.144    31     0    63
(Ocean barotropic forcing calc)        300      1.949353      2.653796      2.509316      0.128402  0.030    31     0    63
(Ocean advect tracer)                    0      0.000000      0.000000      0.000000      0.000000  0.000    31     0    63
(Ocean tracer halo updates)              0      0.000000      0.000000      0.000000      0.000000  0.000    41     0    63
(Ocean tracer global synch)              0      0.000000      0.000000      0.000000      0.000000  0.000    41     0    63
(Ocean diffuse tracer)                   0      0.000000      0.000000      0.000000      0.000000  0.000    31     0    63
(Ocean epipycnal diffuse tracer)         0      0.000000      0.000000      0.000000      0.000000  0.000    31     0    63
(Ocean surface forcing)                 76      0.001318      0.002289      0.001460      0.000121  0.000    31     0    63
(Ocean forcing diagnostics)            150      0.000225      0.001217      0.000455      0.000214  0.000    41     0    63
 MPP_STACK high water mark=           0
