NOTE from PE     0: MPP_DOMAINS_SET_STACK_SIZE: stack size set to    32768.
 &MPP_IO_NML
 HEADER_BUFFER_VAL       =       16384,
 GLOBAL_FIELD_ON_ROOT_PE = T,
 IO_CLOCKS_ON    = F,
 SHUFFLE =           0,
 DEFLATE_LEVEL   =          -1,
 CF_COMPLIANCE   = F
 /
NOTE from PE     0: MPP_IO_SET_STACK_SIZE: stack size set to     131072.
NOTE from PE     0: MPP_DOMAINS_SET_STACK_SIZE: stack size set to  4000000.
NOTE from PE     0: ======== Model being driven by MOM_driver ========
NOTE from PE     0: callTree: o Program MOM_main, MOM_driver.F90
NOTE from PE     0: open_param_file: MOM_input has been opened successfully.
NOTE from PE     0: open_param_file: MOM_override has been opened successfully.

WARNING from PE     0: MOM_file_parser : DT over-ridden.  Line: 'DT = 150' in file MOM_override.


WARNING from PE     0: MOM_file_parser : DT_THERM over-ridden.  Line: 'DT_THERM = 300' in file MOM_override.


WARNING from PE     0: MOM_file_parser : NIGLOBAL over-ridden.  Line: 'NIGLOBAL = 256' in file MOM_override.


WARNING from PE     0: MOM_file_parser : NJGLOBAL over-ridden.  Line: 'NJGLOBAL = 128' in file MOM_override.

 MOM_in domain decomposition
whalo =    4, ehalo =    4, shalo =    4, nhalo =    4
  X-AXIS =   32  32  32  32  32  32  32  32
  Y-AXIS =   32  32  32  32
 MOM_inc domain decomposition
whalo =    2, ehalo =    2, shalo =    2, nhalo =    2
  X-AXIS =   16  16  16  16  16  16  16  16
  Y-AXIS =   16  16  16  16
NOTE from PE     0: diag_manager_mod::diag_manager_init: diag_manager is using fms2_io
NOTE from PE     0: diag_manager_mod::diag_manager_init: prepend_date only supported when diag_manager_init is called with time_init present.
 MOM_in domain decomposition
whalo =    4, ehalo =    4, shalo =    4, nhalo =    4
  X-AXIS =   32  32  32  32  32  32  32  32
  Y-AXIS =   32  32  32  32
 MOM_in domain decomposition
whalo =    2, ehalo =    2, shalo =    2, nhalo =    2
  X-AXIS =   16  16  16  16  16  16  16  16
  Y-AXIS =   16  16  16  16

WARNING from PE     0: MOM_file_parser : NK over-ridden.  Line: 'NK = 100' in file MOM_override.

 MOM_in domain decomposition
whalo =    4, ehalo =    4, shalo =    4, nhalo =    4
  X-AXIS =   32  32  32  32  32  32  32  32
  Y-AXIS =   32  32  32  32
 MOM_in domain decomposition
whalo =    2, ehalo =    2, shalo =    2, nhalo =    2
  X-AXIS =   16  16  16  16  16  16  16  16
  Y-AXIS =   16  16  16  16

WARNING from PE     0: Open_file is appending .nc to the filename ./ocean_geometry


WARNING from PE     0: MOM_file_parser : COORD_CONFIG over-ridden.  Line: 'COORD_CONFIG = "linear"' in file MOM_override.

 MOM_in domain decomposition
whalo =    4, ehalo =    4, shalo =    4, nhalo =    4
  X-AXIS =   32  32  32  32  32  32  32  32
  Y-AXIS =   32  32  32  32
 MOM_in domain decomposition
whalo =    2, ehalo =    2, shalo =    2, nhalo =    2
  X-AXIS =   16  16  16  16  16  16  16  16
  Y-AXIS =   16  16  16  16
 MOM_in domain decomposition
whalo =    4, ehalo =    4, shalo =    4, nhalo =    4
  X-AXIS =   32  32  32  32  32  32  32  32
  Y-AXIS =   32  32  32  32
 MOM_in domain decomposition
whalo =    2, ehalo =    2, shalo =    2, nhalo =    2
  X-AXIS =   16  16  16  16  16  16  16  16
  Y-AXIS =   16  16  16  16

WARNING from PE     0: ./Depth_list.nc checksums do not match; updating file.


WARNING from PE     0: MOM_file_parser : DT_FORCING over-ridden.  Line: 'DT_FORCING = 300' in file MOM_override.


WARNING from PE     0: MOM_file_parser : DAYMAX over-ridden.  Line: 'DAYMAX = 150' in file MOM_override.


WARNING from PE     0: Unused line in MOM_input : GINT = 0.0098


WARNING from PE     0: open_ASCII_file: File ./CPU_stats opened WRITEONLY already exists!


WARNING from PE     0: open_ASCII_file: File ./ocean.stats opened WRITEONLY already exists!

MOM Time       0.000      0: En 9.166218E-12, MaxCFL  0.00000, Mass 5.286507716715E+18
    Total Energy: 41871B3216FEBAA7  4.8457282874379449E+07
    Total Mass:   5.2865077167146557E+18, Change:   0.0000000000000000E+00 Error:  0.00000E+00 ( 0.0E+00)
MOM Time      50.000     50: En 1.299121E-05, MaxCFL  0.00126, Mass 5.286507716715E+18
    Total Energy: 42CF3B2F68AD8F49  6.8678117841694570E+13
    Total Mass:   5.2865077167146557E+18, Change:   8.5790641139151134E+01 Error:  8.57906E+01 ( 1.6E-17)
MOM Time     100.000    100: En 4.033907E-05, MaxCFL  0.00184, Mass 5.286507716715E+18
    Total Energy: 42E83E793A10A707  2.1325280709970422E+14
    Total Mass:   5.2865077167146557E+18, Change:   7.6846432980248025E-01 Error:  7.68464E-01 ( 1.5E-19)
 MOM_in domain decomposition
whalo =    4, ehalo =    4, shalo =    4, nhalo =    4
  X-AXIS =   32  32  32  32  32  32  32  32
  Y-AXIS =   32  32  32  32
 MOM_in domain decomposition
whalo =    2, ehalo =    2, shalo =    2, nhalo =    2
  X-AXIS =   16  16  16  16  16  16  16  16
  Y-AXIS =   16  16  16  16
 MOM_in domain decomposition
whalo =    4, ehalo =    4, shalo =    4, nhalo =    4
  X-AXIS =   32  32  32  32  32  32  32  32
  Y-AXIS =   32  32  32  32
 MOM_in domain decomposition
whalo =    2, ehalo =    2, shalo =    2, nhalo =    2
  X-AXIS =   16  16  16  16  16  16  16  16
  Y-AXIS =   16  16  16  16
MOM Time     150.000    150: En 6.648018E-05, MaxCFL  0.00167, Mass 5.286507716715E+18
    Total Energy: 42F3FA3DC1ED7A43  3.5144798193859619E+14
    Total Mass:   5.2865077167146557E+18, Change:   2.5846818398472511E+00 Error:  2.58468E+00 ( 4.9E-19)
 MOM_in domain decomposition
whalo =    4, ehalo =    4, shalo =    4, nhalo =    4
  X-AXIS =   32  32  32  32  32  32  32  32
  Y-AXIS =   32  32  32  32
 MOM_in domain decomposition
whalo =    2, ehalo =    2, shalo =    2, nhalo =    2
  X-AXIS =   16  16  16  16  16  16  16  16
  Y-AXIS =   16  16  16  16

WARNING from PE     0: open_ASCII_file: File RESTART/ocean_solo.res opened WRITEONLY already exists!


WARNING from PE     0: open_ASCII_file: File exitcode opened WRITEONLY already exists!

NOTE from PE     0: Potential error in diag_manager_end: u NOT available, check if output interval > runlength. Netcdf fill_values are written
NOTE from PE     0: Potential error in diag_manager_end: v NOT available, check if output interval > runlength. Netcdf fill_values are written
NOTE from PE     0: Potential error in diag_manager_end: h NOT available, check if output interval > runlength. Netcdf fill_values are written
NOTE from PE     0: Potential error in diag_manager_end: e NOT available, check if output interval > runlength. Netcdf fill_values are written
NOTE from PE     0: Potential error in diag_manager_end: u NOT available, check if output interval > runlength. Netcdf fill_values are written
NOTE from PE     0: Potential error in diag_manager_end: v NOT available, check if output interval > runlength. Netcdf fill_values are written
NOTE from PE     0: Potential error in diag_manager_end: h NOT available, check if output interval > runlength. Netcdf fill_values are written
NOTE from PE     0: Potential error in diag_manager_end: e NOT available, check if output interval > runlength. Netcdf fill_values are written
NOTE from PE     0: Potential error in diag_manager_end: uh NOT available, check if output interval > runlength. Netcdf fill_values are written
NOTE from PE     0: Potential error in diag_manager_end: vh NOT available, check if output interval > runlength. Netcdf fill_values are written
 MPP_DOMAINS_STACK high water mark=      275200

Tabulating mpp_clock statistics across     32 PEs...

                                      hits          tmin          tmax          tavg          tstd  tfrac grain pemin pemax
Total runtime                            1     40.516350     40.516351     40.516351      0.000000  1.000     0     0    31
Initialization                           1      0.272546      0.272980      0.272888      0.000074  0.007     0     0    31
Main loop                                1     39.474265     39.474586     39.474300      0.000054  0.974     0     0    31
Termination                              1      0.764614      0.765084      0.765062      0.000081  0.019     0     0    31
Ocean Initialization                     2      0.261192      0.274235      0.264791      0.002557  0.007    11     0    31
Ocean                                   75     38.489934     38.493026     38.492030      0.000704  0.950     1     0    31
Ocean dynamics                         300     36.419199     36.545943     36.471556      0.029339  0.900    11     0    31
Ocean thermodynamics and tracers       225      0.177948      0.205146      0.190966      0.007638  0.005    11     0    31
Ocean grid generation and remapp         0      0.000000      0.000000      0.000000      0.000000  0.000    11     0    31
Ocean Other                            450      1.259129      1.338052      1.306370      0.019740  0.032    11     0    31
(Ocean tracer advection)               150      0.114019      0.132606      0.122813      0.005126  0.003    21     0    31
(Ocean adiabatic driver)                75      0.063735      0.074084      0.068002      0.002757  0.002    21     0    31
(Ocean continuity equation *)            0      0.000000      0.000000      0.000000      0.000000  0.000    31     0    31
(Ocean set BBL viscosity)               75      0.320402      0.453048      0.391659      0.036104  0.010    31     0    31
(Ocean message passing *)              150      0.288099      0.417220      0.353532      0.035288  0.009    31     0    31
(Ocean MOM_initialize_state)             2      0.008902      0.010495      0.009822      0.000370  0.000    31     0    31
(Ocean init message passing *)           2      0.001428      0.003153      0.002151      0.000427  0.000    41     0    31
(Ocean mixed layer restrat)              0      0.000000      0.000000      0.000000      0.000000  0.000    31     0    31
(Ocean collective diagnostics)         375      1.138730      1.204150      1.170274      0.014877  0.029    31     0    31
(Ocean Z-space diagnostics)              0      0.000000      0.000000      0.000000      0.000000  0.000    31     0    31
(Ocean ALE)                              0      0.000000      0.000000      0.000000      0.000000  0.000    31     0    31
(Stochastic EOS)                       150      0.000022      0.000049      0.000035      0.000007  0.000    31     0    31
(SGS Temperature Variance)             150      0.000007      0.000008      0.000008      0.000000  0.000    31     0    31
(Ocean diagnostics framework)          600      1.601645      1.678944      1.643223      0.018479  0.041    31     0    31
(Ocean diagnostics remapping)            0      0.000000      0.000000      0.000000      0.000000  0.000    41     0    31
(Ocean diagnostics grid updates)       526      0.131328      0.186513      0.162266      0.013334  0.004    41     0    31
(Ocean init message passing)             4      0.005964      0.008438      0.007107      0.000644  0.000    41     0    31
(Ocean continuity reconstruction       902      1.518249      1.829419      1.663922      0.075363  0.041    41     0    31
(Ocean continuity update)              902      0.636953      0.969295      0.861373      0.071113  0.021    41     0    31
(Ocean continuity correction)          902      6.772148      8.756927      7.985442      0.513396  0.197    41     0    31
(Ocean BT pre-calcs only)             1200      3.843121      4.677332      4.241405      0.190975  0.105    41     0    31
(Ocean BT pre-step halo updates)      1200      0.210893      1.627993      0.534447      0.274967  0.013    41     0    31
(Ocean BT stepping calcs only)         600      0.089476      0.101685      0.094902      0.002838  0.002    41     0    31
(Ocean BT stepping halo updates)       300      0.014905      0.020613      0.017947      0.001374  0.000    41     0    31
(Ocean BT post-calcs only)             900      0.479659      0.547669      0.512842      0.014261  0.013    41     0    31
(Ocean BT post-step halo updates       600      0.018102      0.030462      0.024593      0.003071  0.001    41     0    31
(Ocean BT global synch)                  0      0.000000      0.000000      0.000000      0.000000  0.000    41     0    31
(Ocean Coriolis & mom advection)       300      1.218514      1.542136      1.466935      0.059981  0.036    31     0    31
(Ocean continuity equation)            450      9.110219     11.161373     10.501802      0.508780  0.259    31     0    31
(Ocean pressure force)                 150      2.833878      3.078824      2.960446      0.082981  0.073    31     0    31
(Ocean vertical viscosity)             450      5.978741      6.742585      6.353867      0.271751  0.157    31     0    31
(Ocean horizontal viscosity)           150      0.966571      1.081711      0.987648      0.022013  0.024    31     0    31
(Ocean momentum increments)            300      1.352146      1.396379      1.374344      0.010875  0.034    31     0    31
(Ocean message passing)               1350      1.938971      3.020800      2.444969      0.259596  0.060    31     0    31
(Ocean barotropic mode calc)           300      0.075740      0.100309      0.088184      0.006733  0.002    31     0    31
(Ocean barotropic mode stepping)       300      4.747215      6.950452      5.432069      0.426221  0.134    31     0    31
(Ocean barotropic forcing calc)        300      1.271087      1.534158      1.491062      0.047624  0.037    31     0    31
(Ocean advect tracer)                    0      0.000000      0.000000      0.000000      0.000000  0.000    31     0    31
(Ocean tracer halo updates)              0      0.000000      0.000000      0.000000      0.000000  0.000    41     0    31
(Ocean tracer global synch)              0      0.000000      0.000000      0.000000      0.000000  0.000    41     0    31
(Ocean diffuse tracer)                   0      0.000000      0.000000      0.000000      0.000000  0.000    31     0    31
(Ocean epipycnal diffuse tracer)         0      0.000000      0.000000      0.000000      0.000000  0.000    31     0    31
(Ocean surface forcing)                 76      0.001361      0.002241      0.001432      0.000148  0.000    31     0    31
(Ocean forcing diagnostics)            150      0.000335      0.000872      0.000560      0.000143  0.000    41     0    31
 MPP_STACK high water mark=           0
