NOTE: MPP_DOMAINS_SET_STACK_SIZE: stack size set to    32768.
NOTE: MPP_DOMAINS_SET_STACK_SIZE: stack size set to  4000000.
NOTE: ======== Model being driven by MOM_driver ========
NOTE: callTree: o Program MOM_main, MOM_driver.F90
NOTE: fms_affinity_set: OCEAN affinity assumes hyper-threading hardware disabled
 MOM_domains_mod OMPthreading            12            0            1
NOTE: open_param_file: MOM_input has been opened successfully.
NOTE: open_param_file: MOM_override has been opened successfully.

WARNING: MOM_file_parser : DT over-ridden.  Line: 'DT = 150' in file MOM_override.


WARNING: MOM_file_parser : DT_THERM over-ridden.  Line: 'DT_THERM = 300' in file MOM_override.

NOTE: fms_affinity_set: OCEAN affinity assumes hyper-threading hardware disabled
 MOM_domains_mod OMPthreading            12            0            1

WARNING: MOM_file_parser : NIGLOBAL over-ridden.  Line: 'NIGLOBAL = 256' in file MOM_override.


WARNING: MOM_file_parser : NJGLOBAL over-ridden.  Line: 'NJGLOBAL = 256' in file MOM_override.

 MOM_in domain decomposition
whalo =    4, ehalo =    4, shalo =    4, nhalo =    4
  X-AXIS =  256
  Y-AXIS =  256
 MOM_inc domain decomposition
whalo =    2, ehalo =    2, shalo =    2, nhalo =    2
  X-AXIS =  128
  Y-AXIS =  128
NOTE: diag_manager_mod::diag_manager_init: prepend_date only supported when diag_manager_init is called with time_init present.
NOTE: diag_manager_mod::diag_manager_init: You are using the legacy version of the diag table
 MOM_in domain decomposition
whalo =    4, ehalo =    4, shalo =    4, nhalo =    4
  X-AXIS =  256
  Y-AXIS =  256
 MOM_in domain decomposition
whalo =    2, ehalo =    2, shalo =    2, nhalo =    2
  X-AXIS =  128
  Y-AXIS =  128

WARNING: MOM_file_parser : NK over-ridden.  Line: 'NK = 100' in file MOM_override.

 MOM_in domain decomposition
whalo =    4, ehalo =    4, shalo =    4, nhalo =    4
  X-AXIS =  256
  Y-AXIS =  256
 MOM_in domain decomposition
whalo =    2, ehalo =    2, shalo =    2, nhalo =    2
  X-AXIS =  128
  Y-AXIS =  128

WARNING: Open_file is appending .nc to the filename ./ocean_geometry


WARNING: MOM_file_parser : COORD_CONFIG over-ridden.  Line: 'COORD_CONFIG = "linear"' in file MOM_override.

 MOM_in domain decomposition
whalo =    4, ehalo =    4, shalo =    4, nhalo =    4
  X-AXIS =  256
  Y-AXIS =  256
 MOM_in domain decomposition
whalo =    2, ehalo =    2, shalo =    2, nhalo =    2
  X-AXIS =  128
  Y-AXIS =  128
 MOM_in domain decomposition
whalo =    4, ehalo =    4, shalo =    4, nhalo =    4
  X-AXIS =  256
  Y-AXIS =  256
 MOM_in domain decomposition
whalo =    2, ehalo =    2, shalo =    2, nhalo =    2
  X-AXIS =  128
  Y-AXIS =  128

WARNING: ./Depth_list.nc checksums do not match; updating file.


WARNING: MOM_file_parser : DT_FORCING over-ridden.  Line: 'DT_FORCING = 300' in file MOM_override.


WARNING: MOM_file_parser : DAYMAX over-ridden.  Line: 'DAYMAX = 150' in file MOM_override.


WARNING: Unused line in MOM_input : GINT = 0.0098


WARNING: open_ASCII_file: File ./CPU_stats opened WRITEONLY already exists!


WARNING: open_ASCII_file: File ./ocean.stats opened WRITEONLY already exists!

MOM Time       0.000      0: En 9.167136E-12, MaxCFL  0.00000, Mass 5.286457540076E+18
    Total Energy: 41871BBB6CBE4AD6  4.8461677592916176E+07
    Total Mass:   5.2864575400760177E+18, Change:   0.0000000000000000E+00 Error:  0.00000E+00 ( 0.0E+00)
MOM Time      50.000     50: En 1.299125E-05, MaxCFL  0.00126, Mass 5.286457540076E+18
    Total Energy: 42CF3B228AE34090  6.8677686118017125E+13
    Total Mass:   5.2864575400760177E+18, Change:   2.3494412522268384E+01 Error:  2.34944E+01 ( 4.4E-18)
MOM Time     100.000    100: En 4.033843E-05, MaxCFL  0.00184, Mass 5.286457540076E+18
    Total Energy: 42E83E50EE1C7174  2.1324739856884363E+14
    Total Mass:   5.2864575400760177E+18, Change:   7.1716054848639743E-02 Error:  7.17161E-02 ( 1.4E-20)
 MOM_in domain decomposition
whalo =    4, ehalo =    4, shalo =    4, nhalo =    4
  X-AXIS =  256
  Y-AXIS =  256
 MOM_in domain decomposition
whalo =    2, ehalo =    2, shalo =    2, nhalo =    2
  X-AXIS =  128
  Y-AXIS =  128
 MOM_in domain decomposition
whalo =    4, ehalo =    4, shalo =    4, nhalo =    4
  X-AXIS =  256
  Y-AXIS =  256
 MOM_in domain decomposition
whalo =    2, ehalo =    2, shalo =    2, nhalo =    2
  X-AXIS =  128
  Y-AXIS =  128
MOM Time     150.000    150: En 6.647693E-05, MaxCFL  0.00207, Mass 5.286457540076E+18
    Total Energy: 42F3F9F1600EDE6A  3.5142747822026263E+14
    Total Mass:   5.2864575400760177E+18, Change:   5.3218839134091755E-01 Error:  5.32188E-01 ( 1.0E-19)
 MOM_in domain decomposition
whalo =    4, ehalo =    4, shalo =    4, nhalo =    4
  X-AXIS =  256
  Y-AXIS =  256
 MOM_in domain decomposition
whalo =    2, ehalo =    2, shalo =    2, nhalo =    2
  X-AXIS =  128
  Y-AXIS =  128

WARNING: open_ASCII_file: File RESTART/ocean_solo.res opened WRITEONLY already exists!


WARNING: open_ASCII_file: File exitcode opened WRITEONLY already exists!

 MPP_DOMAINS_STACK high water mark=            0

Tabulating mpp_clock statistics across      1 PEs...

                                      hits          tmin          tmax          tavg          tstd  tfrac grain pemin pemax
Total runtime                            1     46.331400     46.331400     46.331400      0.000000  1.000     0     0     0
Initialization                           1      3.009404      3.009404      3.009404      0.000000  0.065     0     0     0
Main loop                                1     39.884251     39.884251     39.884251      0.000000  0.861     0     0     0
Termination                              1      3.435046      3.435046      3.435046      0.000000  0.074     0     0     0
Ocean Initialization                     2      3.299495      3.299495      3.299495      0.000000  0.071    11     0     0
Ocean                                   75     32.818902     32.818902     32.818902      0.000000  0.708     1     0     0
Ocean dynamics                         300     21.341110     21.341110     21.341110      0.000000  0.461    11     0     0
Ocean thermodynamics and tracers       225      2.998124      2.998124      2.998124      0.000000  0.065    11     0     0
Ocean grid generation and remapp         0      0.000000      0.000000      0.000000      0.000000  0.000    11     0     0
Ocean Other                            450      5.366235      5.366235      5.366235      0.000000  0.116    11     0     0
(Ocean tracer advection)               150      0.910360      0.910360      0.910360      0.000000  0.020    21     0     0
(Ocean adiabatic driver)                75      2.087651      2.087651      2.087651      0.000000  0.045    21     0     0
(Ocean continuity equation *)            0      0.000000      0.000000      0.000000      0.000000  0.000    31     0     0
(Ocean set BBL viscosity)               75      0.145625      0.145625      0.145625      0.000000  0.003    31     0     0
(Ocean message passing *)              150      0.002912      0.002912      0.002912      0.000000  0.000    31     0     0
(Ocean MOM_initialize_state)             2      0.055121      0.055121      0.055121      0.000000  0.001    31     0     0
(Ocean init message passing *)           2      0.000064      0.000064      0.000064      0.000000  0.000    41     0     0
(Ocean mixed layer restrat)              0      0.000000      0.000000      0.000000      0.000000  0.000    31     0     0
(Ocean collective diagnostics)         375      2.450594      2.450594      2.450594      0.000000  0.053    31     0     0
(Ocean Z-space diagnostics)              0      0.000000      0.000000      0.000000      0.000000  0.000    31     0     0
(Ocean ALE)                              0      0.000000      0.000000      0.000000      0.000000  0.000    31     0     0
(Stochastic EOS)                       150      0.000017      0.000017      0.000017      0.000000  0.000    31     0     0
(SGS Temperature Variance)             150      0.000006      0.000006      0.000006      0.000000  0.000    31     0     0
(Ocean diagnostics framework)            0      0.000000      0.000000      0.000000      0.000000  0.000    31     0     0
(Ocean diagnostics remapping)            0      0.000000      0.000000      0.000000      0.000000  0.000    41     0     0
(Ocean diagnostics grid updates)       526      2.817309      2.817309      2.817309      0.000000  0.061    41     0     0
(Ocean init message passing)             4      0.000042      0.000042      0.000042      0.000000  0.000    41     0     0
(Ocean continuity reconstruction       902      0.247835      0.247835      0.247835      0.000000  0.005    41     0     0
(Ocean continuity update)              902      0.065573      0.065573      0.065573      0.000000  0.001    41     0     0
(Ocean continuity correction)          902      2.635608      2.635608      2.635608      0.000000  0.057    41     0     0
(Ocean BT pre-calcs only)             1200      0.435634      0.435634      0.435634      0.000000  0.009    41     0     0
(Ocean BT pre-step halo updates)      1200      0.019653      0.019653      0.019653      0.000000  0.000    41     0     0
(Ocean BT stepping calcs only)         600      0.259968      0.259968      0.259968      0.000000  0.006    41     0     0
(Ocean BT stepping halo updates)       300      0.001428      0.001428      0.001428      0.000000  0.000    41     0     0
(Ocean BT post-calcs only)             900      0.064130      0.064130      0.064130      0.000000  0.001    41     0     0
(Ocean BT post-step halo updates       600      0.001766      0.001766      0.001766      0.000000  0.000    41     0     0
(Ocean BT global synch)                  0      0.000000      0.000000      0.000000      0.000000  0.000    41     0     0
(Ocean Coriolis & mom advection)       300      4.920222      4.920222      4.920222      0.000000  0.106    31     0     0
(Ocean continuity equation)            450      3.009055      3.009055      3.009055      0.000000  0.065    31     0     0
(Ocean pressure force)                 150      1.106434      1.106434      1.106434      0.000000  0.024    31     0     0
(Ocean vertical viscosity)             450      2.218849      2.218849      2.218849      0.000000  0.048    31     0     0
(Ocean horizontal viscosity)           150      4.381353      4.381353      4.381353      0.000000  0.095    31     0     0
(Ocean momentum increments)            300      0.049316      0.049316      0.049316      0.000000  0.001    31     0     0
(Ocean message passing)               1350      0.005761      0.005761      0.005761      0.000000  0.000    31     0     0
(Ocean barotropic mode calc)           300      0.018017      0.018017      0.018017      0.000000  0.000    31     0     0
(Ocean barotropic mode stepping)       300      0.904328      0.904328      0.904328      0.000000  0.020    31     0     0
(Ocean barotropic forcing calc)        300      0.052412      0.052412      0.052412      0.000000  0.001    31     0     0
(Ocean advect tracer)                    0      0.000000      0.000000      0.000000      0.000000  0.000    31     0     0
(Ocean tracer halo updates)              0      0.000000      0.000000      0.000000      0.000000  0.000    41     0     0
(Ocean tracer global synch)              0      0.000000      0.000000      0.000000      0.000000  0.000    41     0     0
(Ocean diffuse tracer)                   0      0.000000      0.000000      0.000000      0.000000  0.000    31     0     0
(Ocean epipycnal diffuse tracer)         0      0.000000      0.000000      0.000000      0.000000  0.000    31     0     0
(Ocean surface forcing)                 76      0.005848      0.005848      0.005848      0.000000  0.000    31     0     0
(Ocean forcing diagnostics)            150      0.000302      0.000302      0.000302      0.000000  0.000    41     0     0
 MPP_STACK high water mark=            0
