NOTE: MPP_DOMAINS_SET_STACK_SIZE: stack size set to    32768.
NOTE: MPP_DOMAINS_SET_STACK_SIZE: stack size set to  4000000.
NOTE: ======== Model being driven by MOM_driver ========
NOTE: callTree: o Program MOM_main, MOM_driver.F90
NOTE: fms_affinity_set: OCEAN affinity assumes hyper-threading hardware disabled
 MOM_domains_mod OMPthreading            12            0            1
NOTE: open_param_file: MOM_input has been opened successfully.
NOTE: open_param_file: MOM_override has been opened successfully.

WARNING: MOM_file_parser : DT over-ridden.  Line: 'DT = 150' in file MOM_override.


WARNING: MOM_file_parser : DT_THERM over-ridden.  Line: 'DT_THERM = 300' in file MOM_override.

NOTE: fms_affinity_set: OCEAN affinity assumes hyper-threading hardware disabled
 MOM_domains_mod OMPthreading            12            0            1

WARNING: MOM_file_parser : NIGLOBAL over-ridden.  Line: 'NIGLOBAL = 256' in file MOM_override.


WARNING: MOM_file_parser : NJGLOBAL over-ridden.  Line: 'NJGLOBAL = 128' in file MOM_override.

 MOM_in domain decomposition
whalo =    4, ehalo =    4, shalo =    4, nhalo =    4
  X-AXIS =  256
  Y-AXIS =  128
 MOM_inc domain decomposition
whalo =    2, ehalo =    2, shalo =    2, nhalo =    2
  X-AXIS =  128
  Y-AXIS =   64
NOTE: diag_manager_mod::diag_manager_init: prepend_date only supported when diag_manager_init is called with time_init present.
NOTE: diag_manager_mod::diag_manager_init: You are using the legacy version of the diag table
 MOM_in domain decomposition
whalo =    4, ehalo =    4, shalo =    4, nhalo =    4
  X-AXIS =  256
  Y-AXIS =  128
 MOM_in domain decomposition
whalo =    2, ehalo =    2, shalo =    2, nhalo =    2
  X-AXIS =  128
  Y-AXIS =   64

WARNING: MOM_file_parser : NK over-ridden.  Line: 'NK = 100' in file MOM_override.

 MOM_in domain decomposition
whalo =    4, ehalo =    4, shalo =    4, nhalo =    4
  X-AXIS =  256
  Y-AXIS =  128
 MOM_in domain decomposition
whalo =    2, ehalo =    2, shalo =    2, nhalo =    2
  X-AXIS =  128
  Y-AXIS =   64

WARNING: Open_file is appending .nc to the filename ./ocean_geometry


WARNING: MOM_file_parser : COORD_CONFIG over-ridden.  Line: 'COORD_CONFIG = "linear"' in file MOM_override.

 MOM_in domain decomposition
whalo =    4, ehalo =    4, shalo =    4, nhalo =    4
  X-AXIS =  256
  Y-AXIS =  128
 MOM_in domain decomposition
whalo =    2, ehalo =    2, shalo =    2, nhalo =    2
  X-AXIS =  128
  Y-AXIS =   64
 MOM_in domain decomposition
whalo =    4, ehalo =    4, shalo =    4, nhalo =    4
  X-AXIS =  256
  Y-AXIS =  128
 MOM_in domain decomposition
whalo =    2, ehalo =    2, shalo =    2, nhalo =    2
  X-AXIS =  128
  Y-AXIS =   64

WARNING: ./Depth_list.nc checksums do not match; updating file.


WARNING: MOM_file_parser : DT_FORCING over-ridden.  Line: 'DT_FORCING = 300' in file MOM_override.


WARNING: MOM_file_parser : DAYMAX over-ridden.  Line: 'DAYMAX = 150' in file MOM_override.


WARNING: Unused line in MOM_input : GINT = 0.0098


WARNING: open_ASCII_file: File ./CPU_stats opened WRITEONLY already exists!


WARNING: open_ASCII_file: File ./ocean.stats opened WRITEONLY already exists!

MOM Time       0.000      0: En 9.166220E-12, MaxCFL  0.00000, Mass 5.286507716715E+18
    Total Energy: 41871B327A267CD1  4.8457295268792756E+07
    Total Mass:   5.2865077167146557E+18, Change:   0.0000000000000000E+00 Error:  0.00000E+00 ( 0.0E+00)
MOM Time      50.000     50: En 1.299121E-05, MaxCFL  0.00126, Mass 5.286507716715E+18
    Total Energy: 42CF3B2F68467E60  6.8678117788924750E+13
    Total Mass:   5.2865077167146557E+18, Change:   2.1975808844383682E+01 Error:  2.19758E+01 ( 4.2E-18)
MOM Time     100.000    100: En 4.033907E-05, MaxCFL  0.00184, Mass 5.286507716715E+18
    Total Energy: 42E83E7939F7FCDF  2.1325280704919097E+14
    Total Mass:   5.2865077167146557E+18, Change:  -3.4183497331743524E+00 Error: -3.41835E+00 (-6.5E-19)
 MOM_in domain decomposition
whalo =    4, ehalo =    4, shalo =    4, nhalo =    4
  X-AXIS =  256
  Y-AXIS =  128
 MOM_in domain decomposition
whalo =    2, ehalo =    2, shalo =    2, nhalo =    2
  X-AXIS =  128
  Y-AXIS =   64
 MOM_in domain decomposition
whalo =    4, ehalo =    4, shalo =    4, nhalo =    4
  X-AXIS =  256
  Y-AXIS =  128
 MOM_in domain decomposition
whalo =    2, ehalo =    2, shalo =    2, nhalo =    2
  X-AXIS =  128
  Y-AXIS =   64
MOM Time     150.000    150: En 6.648018E-05, MaxCFL  0.00167, Mass 5.286507716715E+18
    Total Energy: 42F3FA3DC20E7723  3.5144798207371419E+14
    Total Mass:   5.2865077167146557E+18, Change:  -3.6027968909208195E+00 Error: -3.60280E+00 (-6.8E-19)
 MOM_in domain decomposition
whalo =    4, ehalo =    4, shalo =    4, nhalo =    4
  X-AXIS =  256
  Y-AXIS =  128
 MOM_in domain decomposition
whalo =    2, ehalo =    2, shalo =    2, nhalo =    2
  X-AXIS =  128
  Y-AXIS =   64

WARNING: open_ASCII_file: File RESTART/ocean_solo.res opened WRITEONLY already exists!


WARNING: open_ASCII_file: File exitcode opened WRITEONLY already exists!

 MPP_DOMAINS_STACK high water mark=            0

Tabulating mpp_clock statistics across      1 PEs...

                                      hits          tmin          tmax          tavg          tstd  tfrac grain pemin pemax
Total runtime                            1     28.169922     28.169922     28.169922      0.000000  1.000     0     0     0
Initialization                           1      1.721898      1.721898      1.721898      0.000000  0.061     0     0     0
Main loop                                1     25.093227     25.093227     25.093227      0.000000  0.891     0     0     0
Termination                              1      1.339858      1.339858      1.339858      0.000000  0.048     0     0     0
Ocean Initialization                     2      1.853397      1.853397      1.853397      0.000000  0.066    11     0     0
Ocean                                   75     22.283602     22.283602     22.283602      0.000000  0.791     1     0     0
Ocean dynamics                         300     17.599047     17.599047     17.599047      0.000000  0.625    11     0     0
Ocean thermodynamics and tracers       225      0.643314      0.643314      0.643314      0.000000  0.023    11     0     0
Ocean grid generation and remapp         0      0.000000      0.000000      0.000000      0.000000  0.000    11     0     0
Ocean Other                            450      2.392110      2.392110      2.392110      0.000000  0.085    11     0     0
(Ocean tracer advection)               150      0.521291      0.521291      0.521291      0.000000  0.019    21     0     0
(Ocean adiabatic driver)                75      0.121931      0.121931      0.121931      0.000000  0.004    21     0     0
(Ocean continuity equation *)            0      0.000000      0.000000      0.000000      0.000000  0.000    31     0     0
(Ocean set BBL viscosity)               75      0.253977      0.253977      0.253977      0.000000  0.009    31     0     0
(Ocean message passing *)              150      0.002902      0.002902      0.002902      0.000000  0.000    31     0     0
(Ocean MOM_initialize_state)             2      0.032667      0.032667      0.032667      0.000000  0.001    31     0     0
(Ocean init message passing *)           2      0.000064      0.000064      0.000064      0.000000  0.000    41     0     0
(Ocean mixed layer restrat)              0      0.000000      0.000000      0.000000      0.000000  0.000    31     0     0
(Ocean collective diagnostics)         375      1.050077      1.050077      1.050077      0.000000  0.037    31     0     0
(Ocean Z-space diagnostics)              0      0.000000      0.000000      0.000000      0.000000  0.000    31     0     0
(Ocean ALE)                              0      0.000000      0.000000      0.000000      0.000000  0.000    31     0     0
(Stochastic EOS)                       150      0.000017      0.000017      0.000017      0.000000  0.000    31     0     0
(SGS Temperature Variance)             150      0.000006      0.000006      0.000006      0.000000  0.000    31     0     0
(Ocean diagnostics framework)            0      0.000000      0.000000      0.000000      0.000000  0.000    31     0     0
(Ocean diagnostics remapping)            0      0.000000      0.000000      0.000000      0.000000  0.000    41     0     0
(Ocean diagnostics grid updates)       526      1.467907      1.467907      1.467907      0.000000  0.052    41     0     0
(Ocean init message passing)             4      0.000051      0.000051      0.000051      0.000000  0.000    41     0     0
(Ocean continuity reconstruction       902      0.141113      0.141113      0.141113      0.000000  0.005    41     0     0
(Ocean continuity update)              902      0.039086      0.039086      0.039086      0.000000  0.001    41     0     0
(Ocean continuity correction)          902      2.660136      2.660136      2.660136      0.000000  0.094    41     0     0
(Ocean BT pre-calcs only)             1200      0.331144      0.331144      0.331144      0.000000  0.012    41     0     0
(Ocean BT pre-step halo updates)      1200      0.019518      0.019518      0.019518      0.000000  0.001    41     0     0
(Ocean BT stepping calcs only)         600      0.233464      0.233464      0.233464      0.000000  0.008    41     0     0
(Ocean BT stepping halo updates)       300      0.001153      0.001153      0.001153      0.000000  0.000    41     0     0
(Ocean BT post-calcs only)             900      0.042277      0.042277      0.042277      0.000000  0.002    41     0     0
(Ocean BT post-step halo updates       600      0.001667      0.001667      0.001667      0.000000  0.000    41     0     0
(Ocean BT global synch)                  0      0.000000      0.000000      0.000000      0.000000  0.000    41     0     0
(Ocean Coriolis & mom advection)       300      4.791220      4.791220      4.791220      0.000000  0.170    31     0     0
(Ocean continuity equation)            450      2.878436      2.878436      2.878436      0.000000  0.102    31     0     0
(Ocean pressure force)                 150      1.039008      1.039008      1.039008      0.000000  0.037    31     0     0
(Ocean vertical viscosity)             450      1.162975      1.162975      1.162975      0.000000  0.041    31     0     0
(Ocean horizontal viscosity)           150      4.221940      4.221940      4.221940      0.000000  0.150    31     0     0
(Ocean momentum increments)            300      0.029161      0.029161      0.029161      0.000000  0.001    31     0     0
(Ocean message passing)               1350      0.005816      0.005816      0.005816      0.000000  0.000    31     0     0
(Ocean barotropic mode calc)           300      0.014305      0.014305      0.014305      0.000000  0.001    31     0     0
(Ocean barotropic mode stepping)       300      0.674276      0.674276      0.674276      0.000000  0.024    31     0     0
(Ocean barotropic forcing calc)        300      0.030534      0.030534      0.030534      0.000000  0.001    31     0     0
(Ocean advect tracer)                    0      0.000000      0.000000      0.000000      0.000000  0.000    31     0     0
(Ocean tracer halo updates)              0      0.000000      0.000000      0.000000      0.000000  0.000    41     0     0
(Ocean tracer global synch)              0      0.000000      0.000000      0.000000      0.000000  0.000    41     0     0
(Ocean diffuse tracer)                   0      0.000000      0.000000      0.000000      0.000000  0.000    31     0     0
(Ocean epipycnal diffuse tracer)         0      0.000000      0.000000      0.000000      0.000000  0.000    31     0     0
(Ocean surface forcing)                 76      0.003529      0.003529      0.003529      0.000000  0.000    31     0     0
(Ocean forcing diagnostics)            150      0.000284      0.000284      0.000284      0.000000  0.000    41     0     0
 MPP_STACK high water mark=            0
