NOTE: MPP_DOMAINS_SET_STACK_SIZE: stack size set to    32768.
NOTE: MPP_DOMAINS_SET_STACK_SIZE: stack size set to  4000000.
NOTE: ======== Model being driven by MOM_driver ========
NOTE: callTree: o Program MOM_main, MOM_driver.F90
NOTE: fms_affinity_set: OCEAN affinity assumes hyper-threading hardware disabled
 MOM_domains_mod OMPthreading            12            0            1
NOTE: open_param_file: MOM_input has been opened successfully.
NOTE: open_param_file: MOM_override has been opened successfully.

WARNING: MOM_file_parser : DT over-ridden.  Line: 'DT = 37' in file MOM_override.


WARNING: MOM_file_parser : DT_THERM over-ridden.  Line: 'DT_THERM = 75' in file MOM_override.

NOTE: fms_affinity_set: OCEAN affinity assumes hyper-threading hardware disabled
 MOM_domains_mod OMPthreading            12            0            1

WARNING: MOM_file_parser : NIGLOBAL over-ridden.  Line: 'NIGLOBAL = 1024' in file MOM_override.


WARNING: MOM_file_parser : NJGLOBAL over-ridden.  Line: 'NJGLOBAL = 1024' in file MOM_override.

 MOM_in domain decomposition
whalo =    4, ehalo =    4, shalo =    4, nhalo =    4
  X-AXIS = 1024
  Y-AXIS = 1024
 MOM_inc domain decomposition
whalo =    2, ehalo =    2, shalo =    2, nhalo =    2
  X-AXIS =  512
  Y-AXIS =  512
NOTE: diag_manager_mod::diag_manager_init: prepend_date only supported when diag_manager_init is called with time_init present.
NOTE: diag_manager_mod::diag_manager_init: You are using the legacy version of the diag table
 MOM_in domain decomposition
whalo =    4, ehalo =    4, shalo =    4, nhalo =    4
  X-AXIS = 1024
  Y-AXIS = 1024
 MOM_in domain decomposition
whalo =    2, ehalo =    2, shalo =    2, nhalo =    2
  X-AXIS =  512
  Y-AXIS =  512

WARNING: MOM_file_parser : NK over-ridden.  Line: 'NK = 100' in file MOM_override.

 MOM_in domain decomposition
whalo =    4, ehalo =    4, shalo =    4, nhalo =    4
  X-AXIS = 1024
  Y-AXIS = 1024
 MOM_in domain decomposition
whalo =    2, ehalo =    2, shalo =    2, nhalo =    2
  X-AXIS =  512
  Y-AXIS =  512

WARNING: Open_file is appending .nc to the filename ./ocean_geometry


WARNING: MOM_file_parser : COORD_CONFIG over-ridden.  Line: 'COORD_CONFIG = "linear"' in file MOM_override.

 MOM_in domain decomposition
whalo =    4, ehalo =    4, shalo =    4, nhalo =    4
  X-AXIS = 1024
  Y-AXIS = 1024
 MOM_in domain decomposition
whalo =    2, ehalo =    2, shalo =    2, nhalo =    2
  X-AXIS =  512
  Y-AXIS =  512
 MOM_in domain decomposition
whalo =    4, ehalo =    4, shalo =    4, nhalo =    4
  X-AXIS = 1024
  Y-AXIS = 1024
 MOM_in domain decomposition
whalo =    2, ehalo =    2, shalo =    2, nhalo =    2
  X-AXIS =  512
  Y-AXIS =  512

WARNING: ./Depth_list.nc checksums do not match; updating file.


WARNING: MOM_file_parser : DT_FORCING over-ridden.  Line: 'DT_FORCING = 75' in file MOM_override.


WARNING: MOM_file_parser : DAYMAX over-ridden.  Line: 'DAYMAX = 150' in file MOM_override.


WARNING: Unused line in MOM_input : GINT = 0.0098


WARNING: open_ASCII_file: File ./CPU_stats opened WRITEONLY already exists!


WARNING: open_ASCII_file: File ./ocean.stats opened WRITEONLY already exists!

MOM Time       0.000      0: En 9.167942E-12, MaxCFL  0.00000, Mass 5.286411564124E+18
    Total Energy: 41871C3366D4AF1F  4.8465516853849642E+07
    Total Mass:   5.2864115641239173E+18, Change:   0.0000000000000000E+00 Error:  0.00000E+00 ( 0.0E+00)
MOM Time      50.676     75: En 9.561068E-07, MaxCFL  0.00036, Mass 5.286411564124E+18
    Total Energy: 42926340A037FC93  5.0543738260471436E+12
    Total Mass:   5.2864115641239173E+18, Change:   3.1543457406055950E+01 Error:  3.15435E+01 ( 6.0E-18)
MOM Time      99.324    147: En 3.499944E-06, MaxCFL  0.00068, Mass 5.286411564124E+18
    Total Energy: 42B0D3DDD3E5EC50  1.8502145795564313E+13
    Total Mass:   5.2864115641239173E+18, Change:  -1.6521742499628173E-01 Error: -1.65217E-01 (-3.1E-20)
 MOM_in domain decomposition
whalo =    4, ehalo =    4, shalo =    4, nhalo =    4
  X-AXIS = 1024
  Y-AXIS = 1024
 MOM_in domain decomposition
whalo =    2, ehalo =    2, shalo =    2, nhalo =    2
  X-AXIS =  512
  Y-AXIS =  512
 MOM_in domain decomposition
whalo =    4, ehalo =    4, shalo =    4, nhalo =    4
  X-AXIS = 1024
  Y-AXIS = 1024
 MOM_in domain decomposition
whalo =    2, ehalo =    2, shalo =    2, nhalo =    2
  X-AXIS =  512
  Y-AXIS =  512
 MOM_in domain decomposition
whalo =    4, ehalo =    4, shalo =    4, nhalo =    4
  X-AXIS = 1024
  Y-AXIS = 1024
 MOM_in domain decomposition
whalo =    2, ehalo =    2, shalo =    2, nhalo =    2
  X-AXIS =  512
  Y-AXIS =  512
 MOM_in domain decomposition
whalo =    4, ehalo =    4, shalo =    4, nhalo =    4
  X-AXIS = 1024
  Y-AXIS = 1024
 MOM_in domain decomposition
whalo =    2, ehalo =    2, shalo =    2, nhalo =    2
  X-AXIS =  512
  Y-AXIS =  512
MOM Time     150.000    222: En 7.572530E-06, MaxCFL  0.00098, Mass 5.286411564124E+18
    Total Energy: 42C23447FABD7790  4.0031510428399125E+13
    Total Mass:   5.2864115641239173E+18, Change:   1.8201213284612683E+00 Error:  1.82012E+00 ( 3.4E-19)
 MOM_in domain decomposition
whalo =    4, ehalo =    4, shalo =    4, nhalo =    4
  X-AXIS = 1024
  Y-AXIS = 1024
 MOM_in domain decomposition
whalo =    2, ehalo =    2, shalo =    2, nhalo =    2
  X-AXIS =  512
  Y-AXIS =  512
 MOM_in domain decomposition
whalo =    4, ehalo =    4, shalo =    4, nhalo =    4
  X-AXIS = 1024
  Y-AXIS = 1024
 MOM_in domain decomposition
whalo =    2, ehalo =    2, shalo =    2, nhalo =    2
  X-AXIS =  512
  Y-AXIS =  512

WARNING: open_ASCII_file: File RESTART/ocean_solo.res opened WRITEONLY already exists!


WARNING: open_ASCII_file: File exitcode opened WRITEONLY already exists!

 MPP_DOMAINS_STACK high water mark=            0

Tabulating mpp_clock statistics across      1 PEs...

                                      hits          tmin          tmax          tavg          tstd  tfrac grain pemin pemax
Total runtime                            1    749.847641    749.847641    749.847641      0.000000  1.000     0     0     0
Initialization                           1     45.002182     45.002182     45.002182      0.000000  0.060     0     0     0
Main loop                                1    650.379797    650.379797    650.379797      0.000000  0.867     0     0     0
Termination                              1     54.296741     54.296741     54.296741      0.000000  0.072     0     0     0
Ocean Initialization                     2     49.695738     49.695738     49.695738      0.000000  0.066    11     0     0
Ocean                                   74    527.928410    527.928410    527.928410      0.000000  0.704     1     0     0
Ocean dynamics                         444    300.264398    300.264398    300.264398      0.000000  0.400    11     0     0
Ocean thermodynamics and tracers       222     47.455251     47.455251     47.455251      0.000000  0.063    11     0     0
Ocean grid generation and remapp         0      0.000000      0.000000      0.000000      0.000000  0.000    11     0     0
Ocean Other                            518    100.725421    100.725421    100.725421      0.000000  0.134    11     0     0
(Ocean tracer advection)               148     16.033376     16.033376     16.033376      0.000000  0.021    21     0     0
(Ocean adiabatic driver)                74     31.421714     31.421714     31.421714      0.000000  0.042    21     0     0
(Ocean continuity equation *)            0      0.000000      0.000000      0.000000      0.000000  0.000    31     0     0
(Ocean set BBL viscosity)               74      1.026013      1.026013      1.026013      0.000000  0.001    31     0     0
(Ocean message passing *)              148      0.049272      0.049272      0.049272      0.000000  0.000    31     0     0
(Ocean MOM_initialize_state)             2      1.835712      1.835712      1.835712      0.000000  0.002    31     0     0
(Ocean init message passing *)           2      0.000074      0.000074      0.000074      0.000000  0.000    41     0     0
(Ocean mixed layer restrat)              0      0.000000      0.000000      0.000000      0.000000  0.000    31     0     0
(Ocean collective diagnostics)         444     47.497473     47.497473     47.497473      0.000000  0.063    31     0     0
(Ocean Z-space diagnostics)              0      0.000000      0.000000      0.000000      0.000000  0.000    31     0     0
(Ocean ALE)                              0      0.000000      0.000000      0.000000      0.000000  0.000    31     0     0
(Stochastic EOS)                       222      0.000024      0.000024      0.000024      0.000000  0.000    31     0     0
(SGS Temperature Variance)             222      0.000009      0.000009      0.000009      0.000000  0.000    31     0     0
(Ocean diagnostics framework)            0      0.000000      0.000000      0.000000      0.000000  0.000    31     0     0
(Ocean diagnostics remapping)            0      0.000000      0.000000      0.000000      0.000000  0.000    41     0     0
(Ocean diagnostics grid updates)       741     66.726054     66.726054     66.726054      0.000000  0.089    41     0     0
(Ocean init message passing)             4      0.000053      0.000053      0.000053      0.000000  0.000    41     0     0
(Ocean continuity reconstruction      1334      4.991848      4.991848      4.991848      0.000000  0.007    41     0     0
(Ocean continuity update)             1334      1.492835      1.492835      1.492835      0.000000  0.002    41     0     0
(Ocean continuity correction)         1334     37.962443     37.962443     37.962443      0.000000  0.051    41     0     0
(Ocean BT pre-calcs only)             1776      4.978731      4.978731      4.978731      0.000000  0.007    41     0     0
(Ocean BT pre-step halo updates)      1776      0.047790      0.047790      0.047790      0.000000  0.000    41     0     0
(Ocean BT stepping calcs only)         888      0.842566      0.842566      0.842566      0.000000  0.001    41     0     0
(Ocean BT stepping halo updates)       444      0.002318      0.002318      0.002318      0.000000  0.000    41     0     0
(Ocean BT post-calcs only)            1332      1.852420      1.852420      1.852420      0.000000  0.002    41     0     0
(Ocean BT post-step halo updates       888      0.002899      0.002899      0.002899      0.000000  0.000    41     0     0
(Ocean BT global synch)                  0      0.000000      0.000000      0.000000      0.000000  0.000    41     0     0
(Ocean Coriolis & mom advection)       444     14.025185     14.025185     14.025185      0.000000  0.019    31     0     0
(Ocean continuity equation)            666     44.776888     44.776888     44.776888      0.000000  0.060    31     0     0
(Ocean pressure force)                 222      4.417285      4.417285      4.417285      0.000000  0.006    31     0     0
(Ocean vertical viscosity)             666     44.190178     44.190178     44.190178      0.000000  0.059    31     0     0
(Ocean horizontal viscosity)           222     13.164570     13.164570     13.164570      0.000000  0.018    31     0     0
(Ocean momentum increments)            444      1.200416      1.200416      1.200416      0.000000  0.002    31     0     0
(Ocean message passing)               1998      0.012077      0.012077      0.012077      0.000000  0.000    31     0     0
(Ocean barotropic mode calc)           444      0.414981      0.414981      0.414981      0.000000  0.001    31     0     0
(Ocean barotropic mode stepping)       444      8.044080      8.044080      8.044080      0.000000  0.011    31     0     0
(Ocean barotropic forcing calc)        444      1.155541      1.155541      1.155541      0.000000  0.002    31     0     0
(Ocean advect tracer)                    0      0.000000      0.000000      0.000000      0.000000  0.000    31     0     0
(Ocean tracer halo updates)              0      0.000000      0.000000      0.000000      0.000000  0.000    41     0     0
(Ocean tracer global synch)              0      0.000000      0.000000      0.000000      0.000000  0.000    41     0     0
(Ocean diffuse tracer)                   0      0.000000      0.000000      0.000000      0.000000  0.000    31     0     0
(Ocean epipycnal diffuse tracer)         0      0.000000      0.000000      0.000000      0.000000  0.000    31     0     0
(Ocean surface forcing)                 75      0.078380      0.078380      0.078380      0.000000  0.000    31     0     0
(Ocean forcing diagnostics)            148      0.000319      0.000319      0.000319      0.000000  0.000    41     0     0
 MPP_STACK high water mark=            0
