NOTE: MPP_DOMAINS_SET_STACK_SIZE: stack size set to    32768.
NOTE: MPP_DOMAINS_SET_STACK_SIZE: stack size set to  4000000.
NOTE: ======== Model being driven by MOM_driver ========
NOTE: callTree: o Program MOM_main, MOM_driver.F90
NOTE: fms_affinity_set: OCEAN affinity assumes hyper-threading hardware disabled
 MOM_domains_mod OMPthreading            12            0            1
NOTE: open_param_file: MOM_input has been opened successfully.
NOTE: open_param_file: MOM_override has been opened successfully.

WARNING: MOM_file_parser : DT over-ridden.  Line: 'DT = 37' in file MOM_override.


WARNING: MOM_file_parser : DT_THERM over-ridden.  Line: 'DT_THERM = 75' in file MOM_override.

NOTE: fms_affinity_set: OCEAN affinity assumes hyper-threading hardware disabled
 MOM_domains_mod OMPthreading            12            0            1

WARNING: MOM_file_parser : NIGLOBAL over-ridden.  Line: 'NIGLOBAL = 1024' in file MOM_override.


WARNING: MOM_file_parser : NJGLOBAL over-ridden.  Line: 'NJGLOBAL = 512' in file MOM_override.

 MOM_in domain decomposition
whalo =    4, ehalo =    4, shalo =    4, nhalo =    4
  X-AXIS = 1024
  Y-AXIS =  512
 MOM_inc domain decomposition
whalo =    2, ehalo =    2, shalo =    2, nhalo =    2
  X-AXIS =  512
  Y-AXIS =  256
NOTE: diag_manager_mod::diag_manager_init: prepend_date only supported when diag_manager_init is called with time_init present.
NOTE: diag_manager_mod::diag_manager_init: You are using the legacy version of the diag table
 MOM_in domain decomposition
whalo =    4, ehalo =    4, shalo =    4, nhalo =    4
  X-AXIS = 1024
  Y-AXIS =  512
 MOM_in domain decomposition
whalo =    2, ehalo =    2, shalo =    2, nhalo =    2
  X-AXIS =  512
  Y-AXIS =  256

WARNING: MOM_file_parser : NK over-ridden.  Line: 'NK = 100' in file MOM_override.

 MOM_in domain decomposition
whalo =    4, ehalo =    4, shalo =    4, nhalo =    4
  X-AXIS = 1024
  Y-AXIS =  512
 MOM_in domain decomposition
whalo =    2, ehalo =    2, shalo =    2, nhalo =    2
  X-AXIS =  512
  Y-AXIS =  256

WARNING: Open_file is appending .nc to the filename ./ocean_geometry


WARNING: MOM_file_parser : COORD_CONFIG over-ridden.  Line: 'COORD_CONFIG = "linear"' in file MOM_override.

 MOM_in domain decomposition
whalo =    4, ehalo =    4, shalo =    4, nhalo =    4
  X-AXIS = 1024
  Y-AXIS =  512
 MOM_in domain decomposition
whalo =    2, ehalo =    2, shalo =    2, nhalo =    2
  X-AXIS =  512
  Y-AXIS =  256
 MOM_in domain decomposition
whalo =    4, ehalo =    4, shalo =    4, nhalo =    4
  X-AXIS = 1024
  Y-AXIS =  512
 MOM_in domain decomposition
whalo =    2, ehalo =    2, shalo =    2, nhalo =    2
  X-AXIS =  512
  Y-AXIS =  256

WARNING: ./Depth_list.nc checksums do not match; updating file.


WARNING: MOM_file_parser : DT_FORCING over-ridden.  Line: 'DT_FORCING = 75' in file MOM_override.


WARNING: MOM_file_parser : DAYMAX over-ridden.  Line: 'DAYMAX = 150' in file MOM_override.


WARNING: Unused line in MOM_input : GINT = 0.0098


WARNING: open_ASCII_file: File ./CPU_stats opened WRITEONLY already exists!


WARNING: open_ASCII_file: File ./ocean.stats opened WRITEONLY already exists!

MOM Time       0.000      0: En 9.167888E-12, MaxCFL  0.00000, Mass 5.286414704261E+18
    Total Energy: 41871C2B47CED3B5  4.8465256975989737E+07
    Total Mass:   5.2864147042613893E+18, Change:   0.0000000000000000E+00 Error:  0.00000E+00 ( 0.0E+00)
MOM Time      50.676     75: En 9.561082E-07, MaxCFL  0.00036, Mass 5.286414704261E+18
    Total Energy: 429263431CDC0BD4  5.0543842567709570E+12
    Total Mass:   5.2864147042613893E+18, Change:   1.8803326967804978E+01 Error:  1.88033E+01 ( 3.6E-18)
MOM Time      99.324    147: En 3.499934E-06, MaxCFL  0.00068, Mass 5.286414704261E+18
    Total Energy: 42B0D3DB4847D81F  1.8502103091160121E+13
    Total Mass:   5.2864147042613893E+18, Change:   1.8635493501689782E+00 Error:  1.86355E+00 ( 3.5E-19)
 MOM_in domain decomposition
whalo =    4, ehalo =    4, shalo =    4, nhalo =    4
  X-AXIS = 1024
  Y-AXIS =  512
 MOM_in domain decomposition
whalo =    2, ehalo =    2, shalo =    2, nhalo =    2
  X-AXIS =  512
  Y-AXIS =  256
 MOM_in domain decomposition
whalo =    4, ehalo =    4, shalo =    4, nhalo =    4
  X-AXIS = 1024
  Y-AXIS =  512
 MOM_in domain decomposition
whalo =    2, ehalo =    2, shalo =    2, nhalo =    2
  X-AXIS =  512
  Y-AXIS =  256
MOM Time     150.000    222: En 7.572478E-06, MaxCFL  0.00098, Mass 5.286414704261E+18
    Total Energy: 42C23440762529B2  4.0031258167891391E+13
    Total Mass:   5.2864147042613893E+18, Change:   5.0541591161998811E-01 Error:  5.05416E-01 ( 9.6E-20)
 MOM_in domain decomposition
whalo =    4, ehalo =    4, shalo =    4, nhalo =    4
  X-AXIS = 1024
  Y-AXIS =  512
 MOM_in domain decomposition
whalo =    2, ehalo =    2, shalo =    2, nhalo =    2
  X-AXIS =  512
  Y-AXIS =  256

WARNING: open_ASCII_file: File RESTART/ocean_solo.res opened WRITEONLY already exists!


WARNING: open_ASCII_file: File exitcode opened WRITEONLY already exists!

 MPP_DOMAINS_STACK high water mark=            0

Tabulating mpp_clock statistics across      1 PEs...

                                      hits          tmin          tmax          tavg          tstd  tfrac grain pemin pemax
Total runtime                            1    369.704954    369.704954    369.704954      0.000000  1.000     0     0     0
Initialization                           1     22.094396     22.094396     22.094396      0.000000  0.060     0     0     0
Main loop                                1    317.811279    317.811279    317.811279      0.000000  0.860     0     0     0
Termination                              1     29.796171     29.796171     29.796171      0.000000  0.081     0     0     0
Ocean Initialization                     2     24.369243     24.369243     24.369243      0.000000  0.066    11     0     0
Ocean                                   74    255.074340    255.074340    255.074340      0.000000  0.690     1     0     0
Ocean dynamics                         444    142.252715    142.252715    142.252715      0.000000  0.385    11     0     0
Ocean thermodynamics and tracers       222     25.373709     25.373709     25.373709      0.000000  0.069    11     0     0
Ocean grid generation and remapp         0      0.000000      0.000000      0.000000      0.000000  0.000    11     0     0
Ocean Other                            518     49.571838     49.571838     49.571838      0.000000  0.134    11     0     0
(Ocean tracer advection)               148      7.668238      7.668238      7.668238      0.000000  0.021    21     0     0
(Ocean adiabatic driver)                74     17.705338     17.705338     17.705338      0.000000  0.048    21     0     0
(Ocean continuity equation *)            0      0.000000      0.000000      0.000000      0.000000  0.000    31     0     0
(Ocean set BBL viscosity)               74      0.628338      0.628338      0.628338      0.000000  0.002    31     0     0
(Ocean message passing *)              148      0.003645      0.003645      0.003645      0.000000  0.000    31     0     0
(Ocean MOM_initialize_state)             2      0.726443      0.726443      0.726443      0.000000  0.002    31     0     0
(Ocean init message passing *)           2      0.000066      0.000066      0.000066      0.000000  0.000    41     0     0
(Ocean mixed layer restrat)              0      0.000000      0.000000      0.000000      0.000000  0.000    31     0     0
(Ocean collective diagnostics)         444     23.199987     23.199987     23.199987      0.000000  0.063    31     0     0
(Ocean Z-space diagnostics)              0      0.000000      0.000000      0.000000      0.000000  0.000    31     0     0
(Ocean ALE)                              0      0.000000      0.000000      0.000000      0.000000  0.000    31     0     0
(Stochastic EOS)                       222      0.000024      0.000024      0.000024      0.000000  0.000    31     0     0
(SGS Temperature Variance)             222      0.000012      0.000012      0.000012      0.000000  0.000    31     0     0
(Ocean diagnostics framework)            0      0.000000      0.000000      0.000000      0.000000  0.000    31     0     0
(Ocean diagnostics remapping)            0      0.000000      0.000000      0.000000      0.000000  0.000    41     0     0
(Ocean diagnostics grid updates)       741     32.754280     32.754280     32.754280      0.000000  0.089    41     0     0
(Ocean init message passing)             4      0.000043      0.000043      0.000043      0.000000  0.000    41     0     0
(Ocean continuity reconstruction      1334      2.467534      2.467534      2.467534      0.000000  0.007    41     0     0
(Ocean continuity update)             1334      0.714323      0.714323      0.714323      0.000000  0.002    41     0     0
(Ocean continuity correction)         1334     19.971832     19.971832     19.971832      0.000000  0.054    41     0     0
(Ocean BT pre-calcs only)             1776      2.641028      2.641028      2.641028      0.000000  0.007    41     0     0
(Ocean BT pre-step halo updates)      1776      0.039121      0.039121      0.039121      0.000000  0.000    41     0     0
(Ocean BT stepping calcs only)         888      0.469985      0.469985      0.469985      0.000000  0.001    41     0     0
(Ocean BT stepping halo updates)       444      0.002125      0.002125      0.002125      0.000000  0.000    41     0     0
(Ocean BT post-calcs only)            1332      0.641008      0.641008      0.641008      0.000000  0.002    41     0     0
(Ocean BT post-step halo updates       888      0.002812      0.002812      0.002812      0.000000  0.000    41     0     0
(Ocean BT global synch)                  0      0.000000      0.000000      0.000000      0.000000  0.000    41     0     0
(Ocean Coriolis & mom advection)       444     10.551449     10.551449     10.551449      0.000000  0.029    31     0     0
(Ocean continuity equation)            666     23.347881     23.347881     23.347881      0.000000  0.063    31     0     0
(Ocean pressure force)                 222      2.956506      2.956506      2.956506      0.000000  0.008    31     0     0
(Ocean vertical viscosity)             666     22.472274     22.472274     22.472274      0.000000  0.061    31     0     0
(Ocean horizontal viscosity)           222      9.740399      9.740399      9.740399      0.000000  0.026    31     0     0
(Ocean momentum increments)            444      0.570349      0.570349      0.570349      0.000000  0.002    31     0     0
(Ocean message passing)               1998      0.010998      0.010998      0.010998      0.000000  0.000    31     0     0
(Ocean barotropic mode calc)           444      0.113158      0.113158      0.113158      0.000000  0.000    31     0     0
(Ocean barotropic mode stepping)       444      4.084408      4.084408      4.084408      0.000000  0.011    31     0     0
(Ocean barotropic forcing calc)        444      0.570383      0.570383      0.570383      0.000000  0.002    31     0     0
(Ocean advect tracer)                    0      0.000000      0.000000      0.000000      0.000000  0.000    31     0     0
(Ocean tracer halo updates)              0      0.000000      0.000000      0.000000      0.000000  0.000    41     0     0
(Ocean tracer global synch)              0      0.000000      0.000000      0.000000      0.000000  0.000    41     0     0
(Ocean diffuse tracer)                   0      0.000000      0.000000      0.000000      0.000000  0.000    31     0     0
(Ocean epipycnal diffuse tracer)         0      0.000000      0.000000      0.000000      0.000000  0.000    31     0     0
(Ocean surface forcing)                 75      0.042939      0.042939      0.042939      0.000000  0.000    31     0     0
(Ocean forcing diagnostics)            148      0.000291      0.000291      0.000291      0.000000  0.000    41     0     0
 MPP_STACK high water mark=            0
