NOTE: MPP_DOMAINS_SET_STACK_SIZE: stack size set to    32768.
NOTE: MPP_DOMAINS_SET_STACK_SIZE: stack size set to  4000000.
NOTE: ======== Model being driven by MOM_driver ========
NOTE: callTree: o Program MOM_main, MOM_driver.F90
NOTE: fms_affinity_set: OCEAN affinity assumes hyper-threading hardware disabled
 MOM_domains_mod OMPthreading            12            0            1
NOTE: open_param_file: MOM_input has been opened successfully.
NOTE: open_param_file: MOM_override has been opened successfully.

WARNING: MOM_file_parser : DT over-ridden.  Line: 'DT = 75' in file MOM_override.


WARNING: MOM_file_parser : DT_THERM over-ridden.  Line: 'DT_THERM = 150' in file MOM_override.

NOTE: fms_affinity_set: OCEAN affinity assumes hyper-threading hardware disabled
 MOM_domains_mod OMPthreading            12            0            1

WARNING: MOM_file_parser : NIGLOBAL over-ridden.  Line: 'NIGLOBAL = 512' in file MOM_override.


WARNING: MOM_file_parser : NJGLOBAL over-ridden.  Line: 'NJGLOBAL = 256' in file MOM_override.

 MOM_in domain decomposition
whalo =    4, ehalo =    4, shalo =    4, nhalo =    4
  X-AXIS =  512
  Y-AXIS =  256
 MOM_inc domain decomposition
whalo =    2, ehalo =    2, shalo =    2, nhalo =    2
  X-AXIS =  256
  Y-AXIS =  128
NOTE: diag_manager_mod::diag_manager_init: prepend_date only supported when diag_manager_init is called with time_init present.
NOTE: diag_manager_mod::diag_manager_init: You are using the legacy version of the diag table
 MOM_in domain decomposition
whalo =    4, ehalo =    4, shalo =    4, nhalo =    4
  X-AXIS =  512
  Y-AXIS =  256
 MOM_in domain decomposition
whalo =    2, ehalo =    2, shalo =    2, nhalo =    2
  X-AXIS =  256
  Y-AXIS =  128

WARNING: MOM_file_parser : NK over-ridden.  Line: 'NK = 100' in file MOM_override.

 MOM_in domain decomposition
whalo =    4, ehalo =    4, shalo =    4, nhalo =    4
  X-AXIS =  512
  Y-AXIS =  256
 MOM_in domain decomposition
whalo =    2, ehalo =    2, shalo =    2, nhalo =    2
  X-AXIS =  256
  Y-AXIS =  128

WARNING: Open_file is appending .nc to the filename ./ocean_geometry


WARNING: MOM_file_parser : COORD_CONFIG over-ridden.  Line: 'COORD_CONFIG = "linear"' in file MOM_override.

 MOM_in domain decomposition
whalo =    4, ehalo =    4, shalo =    4, nhalo =    4
  X-AXIS =  512
  Y-AXIS =  256
 MOM_in domain decomposition
whalo =    2, ehalo =    2, shalo =    2, nhalo =    2
  X-AXIS =  256
  Y-AXIS =  128
 MOM_in domain decomposition
whalo =    4, ehalo =    4, shalo =    4, nhalo =    4
  X-AXIS =  512
  Y-AXIS =  256
 MOM_in domain decomposition
whalo =    2, ehalo =    2, shalo =    2, nhalo =    2
  X-AXIS =  256
  Y-AXIS =  128

WARNING: ./Depth_list.nc checksums do not match; updating file.


WARNING: MOM_file_parser : DT_FORCING over-ridden.  Line: 'DT_FORCING = 150' in file MOM_override.


WARNING: MOM_file_parser : DAYMAX over-ridden.  Line: 'DAYMAX = 150' in file MOM_override.


WARNING: Unused line in MOM_input : GINT = 0.0098


WARNING: open_ASCII_file: File ./CPU_stats opened WRITEONLY already exists!


WARNING: open_ASCII_file: File ./ocean.stats opened WRITEONLY already exists!

MOM Time       0.000      0: En 9.167549E-12, MaxCFL  0.00000, Mass 5.286433166925E+18
    Total Energy: 41871BF89CE9F99F  4.8463635614245646E+07
    Total Mass:   5.2864331669247314E+18, Change:   0.0000000000000000E+00 Error:  0.00000E+00 ( 0.0E+00)
MOM Time      50.000     50: En 3.628256E-06, MaxCFL  0.00070, Mass 5.286433166925E+18
    Total Energy: 42B171D0E6F598AD  1.9180533773720676E+13
    Total Mass:   5.2864331669247314E+18, Change:   4.6828678089275229E+01 Error:  4.68287E+01 ( 8.9E-18)
MOM Time     100.000    100: En 1.302024E-05, MaxCFL  0.00126, Mass 5.286433166925E+18
    Total Energy: 42CF4CEFFF39F0E5  6.8830608913377789E+13
    Total Mass:   5.2864331669247314E+18, Change:  -4.4074424865870521E-01 Error: -4.40744E-01 (-8.3E-20)
 MOM_in domain decomposition
whalo =    4, ehalo =    4, shalo =    4, nhalo =    4
  X-AXIS =  512
  Y-AXIS =  256
 MOM_in domain decomposition
whalo =    2, ehalo =    2, shalo =    2, nhalo =    2
  X-AXIS =  256
  Y-AXIS =  128
 MOM_in domain decomposition
whalo =    4, ehalo =    4, shalo =    4, nhalo =    4
  X-AXIS =  512
  Y-AXIS =  256
 MOM_in domain decomposition
whalo =    2, ehalo =    2, shalo =    2, nhalo =    2
  X-AXIS =  256
  Y-AXIS =  128
MOM Time     150.000    150: En 2.597818E-05, MaxCFL  0.00165, Mass 5.286433166925E+18
    Total Energy: 42DF39C52ABA2CF0  1.3733192603461175E+14
    Total Mass:   5.2864331669247314E+18, Change:  -6.8041288220255325E-01 Error: -6.80413E-01 (-1.3E-19)
 MOM_in domain decomposition
whalo =    4, ehalo =    4, shalo =    4, nhalo =    4
  X-AXIS =  512
  Y-AXIS =  256
 MOM_in domain decomposition
whalo =    2, ehalo =    2, shalo =    2, nhalo =    2
  X-AXIS =  256
  Y-AXIS =  128

WARNING: open_ASCII_file: File RESTART/ocean_solo.res opened WRITEONLY already exists!


WARNING: open_ASCII_file: File exitcode opened WRITEONLY already exists!

 MPP_DOMAINS_STACK high water mark=            0

Tabulating mpp_clock statistics across      1 PEs...

                                      hits          tmin          tmax          tavg          tstd  tfrac grain pemin pemax
Total runtime                            1     79.875593     79.875593     79.875593      0.000000  1.000     0     0     0
Initialization                           1      5.614399      5.614399      5.614399      0.000000  0.070     0     0     0
Main loop                                1     67.058082     67.058082     67.058082      0.000000  0.840     0     0     0
Termination                              1      7.201478      7.201478      7.201478      0.000000  0.090     0     0     0
Ocean Initialization                     2      6.190175      6.190175      6.190175      0.000000  0.077    11     0     0
Ocean                                   75     52.882908     52.882908     52.882908      0.000000  0.662     1     0     0
Ocean dynamics                         300     31.057963     31.057963     31.057963      0.000000  0.389    11     0     0
Ocean thermodynamics and tracers       225      5.587383      5.587383      5.587383      0.000000  0.070    11     0     0
Ocean grid generation and remapp         0      0.000000      0.000000      0.000000      0.000000  0.000    11     0     0
Ocean Other                            450     10.106834     10.106834     10.106834      0.000000  0.127    11     0     0
(Ocean tracer advection)               150      1.988764      1.988764      1.988764      0.000000  0.025    21     0     0
(Ocean adiabatic driver)                75      3.598504      3.598504      3.598504      0.000000  0.045    21     0     0
(Ocean continuity equation *)            0      0.000000      0.000000      0.000000      0.000000  0.000    31     0     0
(Ocean set BBL viscosity)               75      0.208278      0.208278      0.208278      0.000000  0.003    31     0     0
(Ocean message passing *)              150      0.003166      0.003166      0.003166      0.000000  0.000    31     0     0
(Ocean MOM_initialize_state)             2      0.168442      0.168442      0.168442      0.000000  0.002    31     0     0
(Ocean init message passing *)           2      0.000077      0.000077      0.000077      0.000000  0.000    41     0     0
(Ocean mixed layer restrat)              0      0.000000      0.000000      0.000000      0.000000  0.000    31     0     0
(Ocean collective diagnostics)         375      4.333254      4.333254      4.333254      0.000000  0.054    31     0     0
(Ocean Z-space diagnostics)              0      0.000000      0.000000      0.000000      0.000000  0.000    31     0     0
(Ocean ALE)                              0      0.000000      0.000000      0.000000      0.000000  0.000    31     0     0
(Stochastic EOS)                       150      0.000024      0.000024      0.000024      0.000000  0.000    31     0     0
(SGS Temperature Variance)             150      0.000006      0.000006      0.000006      0.000000  0.000    31     0     0
(Ocean diagnostics framework)            0      0.000000      0.000000      0.000000      0.000000  0.000    31     0     0
(Ocean diagnostics remapping)            0      0.000000      0.000000      0.000000      0.000000  0.000    41     0     0
(Ocean diagnostics grid updates)       526      5.522273      5.522273      5.522273      0.000000  0.069    41     0     0
(Ocean init message passing)             4      0.000044      0.000044      0.000044      0.000000  0.000    41     0     0
(Ocean continuity reconstruction       902      0.442033      0.442033      0.442033      0.000000  0.006    41     0     0
(Ocean continuity update)              902      0.128095      0.128095      0.128095      0.000000  0.002    41     0     0
(Ocean continuity correction)          902      4.681859      4.681859      4.681859      0.000000  0.059    41     0     0
(Ocean BT pre-calcs only)             1200      0.630769      0.630769      0.630769      0.000000  0.008    41     0     0
(Ocean BT pre-step halo updates)      1200      0.020368      0.020368      0.020368      0.000000  0.000    41     0     0
(Ocean BT stepping calcs only)         600      0.285630      0.285630      0.285630      0.000000  0.004    41     0     0
(Ocean BT stepping halo updates)       300      0.001401      0.001401      0.001401      0.000000  0.000    41     0     0
(Ocean BT post-calcs only)             900      0.110386      0.110386      0.110386      0.000000  0.001    41     0     0
(Ocean BT post-step halo updates       600      0.001758      0.001758      0.001758      0.000000  0.000    41     0     0
(Ocean BT global synch)                  0      0.000000      0.000000      0.000000      0.000000  0.000    41     0     0
(Ocean Coriolis & mom advection)       300      5.187155      5.187155      5.187155      0.000000  0.065    31     0     0
(Ocean continuity equation)            450      5.318029      5.318029      5.318029      0.000000  0.067    31     0     0
(Ocean pressure force)                 150      1.235720      1.235720      1.235720      0.000000  0.015    31     0     0
(Ocean vertical viscosity)             450      3.987187      3.987187      3.987187      0.000000  0.050    31     0     0
(Ocean horizontal viscosity)           150      4.737400      4.737400      4.737400      0.000000  0.059    31     0     0
(Ocean momentum increments)            300      0.092036      0.092036      0.092036      0.000000  0.001    31     0     0
(Ocean message passing)               1350      0.006247      0.006247      0.006247      0.000000  0.000    31     0     0
(Ocean barotropic mode calc)           300      0.026492      0.026492      0.026492      0.000000  0.000    31     0     0
(Ocean barotropic mode stepping)       300      1.191754      1.191754      1.191754      0.000000  0.015    31     0     0
(Ocean barotropic forcing calc)        300      0.096855      0.096855      0.096855      0.000000  0.001    31     0     0
(Ocean advect tracer)                    0      0.000000      0.000000      0.000000      0.000000  0.000    31     0     0
(Ocean tracer halo updates)              0      0.000000      0.000000      0.000000      0.000000  0.000    41     0     0
(Ocean tracer global synch)              0      0.000000      0.000000      0.000000      0.000000  0.000    41     0     0
(Ocean diffuse tracer)                   0      0.000000      0.000000      0.000000      0.000000  0.000    31     0     0
(Ocean epipycnal diffuse tracer)         0      0.000000      0.000000      0.000000      0.000000  0.000    31     0     0
(Ocean surface forcing)                 76      0.010424      0.010424      0.010424      0.000000  0.000    31     0     0
(Ocean forcing diagnostics)            150      0.000287      0.000287      0.000287      0.000000  0.000    41     0     0
 MPP_STACK high water mark=            0
