NOTE: MPP_DOMAINS_SET_STACK_SIZE: stack size set to    32768.
NOTE: MPP_DOMAINS_SET_STACK_SIZE: stack size set to  4000000.
NOTE: ======== Model being driven by MOM_driver ========
NOTE: callTree: o Program MOM_main, MOM_driver.F90
NOTE: fms_affinity_set: OCEAN affinity assumes hyper-threading hardware disabled
 MOM_domains_mod OMPthreading            12            0            1
NOTE: open_param_file: MOM_input has been opened successfully.
NOTE: open_param_file: MOM_override has been opened successfully.

WARNING: MOM_file_parser : DT over-ridden.  Line: 'DT = 600' in file MOM_override.


WARNING: MOM_file_parser : DT_THERM over-ridden.  Line: 'DT_THERM = 1200' in file MOM_override.

NOTE: fms_affinity_set: OCEAN affinity assumes hyper-threading hardware disabled
 MOM_domains_mod OMPthreading            12            0            1

WARNING: MOM_file_parser : NIGLOBAL over-ridden.  Line: 'NIGLOBAL = 64' in file MOM_override.


WARNING: MOM_file_parser : NJGLOBAL over-ridden.  Line: 'NJGLOBAL = 32' in file MOM_override.

 MOM_in domain decomposition
whalo =    4, ehalo =    4, shalo =    4, nhalo =    4
  X-AXIS =   64
  Y-AXIS =   32
 MOM_inc domain decomposition
whalo =    2, ehalo =    2, shalo =    2, nhalo =    2
  X-AXIS =   32
  Y-AXIS =   16
NOTE: diag_manager_mod::diag_manager_init: prepend_date only supported when diag_manager_init is called with time_init present.
NOTE: diag_manager_mod::diag_manager_init: You are using the legacy version of the diag table
 MOM_in domain decomposition
whalo =    4, ehalo =    4, shalo =    4, nhalo =    4
  X-AXIS =   64
  Y-AXIS =   32
 MOM_in domain decomposition
whalo =    2, ehalo =    2, shalo =    2, nhalo =    2
  X-AXIS =   32
  Y-AXIS =   16

WARNING: MOM_file_parser : NK over-ridden.  Line: 'NK = 100' in file MOM_override.

 MOM_in domain decomposition
whalo =    4, ehalo =    4, shalo =    4, nhalo =    4
  X-AXIS =   64
  Y-AXIS =   32
 MOM_in domain decomposition
whalo =    2, ehalo =    2, shalo =    2, nhalo =    2
  X-AXIS =   32
  Y-AXIS =   16

WARNING: Open_file is appending .nc to the filename ./ocean_geometry


WARNING: MOM_file_parser : COORD_CONFIG over-ridden.  Line: 'COORD_CONFIG = "linear"' in file MOM_override.

 MOM_in domain decomposition
whalo =    4, ehalo =    4, shalo =    4, nhalo =    4
  X-AXIS =   64
  Y-AXIS =   32
 MOM_in domain decomposition
whalo =    2, ehalo =    2, shalo =    2, nhalo =    2
  X-AXIS =   32
  Y-AXIS =   16
 MOM_in domain decomposition
whalo =    4, ehalo =    4, shalo =    4, nhalo =    4
  X-AXIS =   64
  Y-AXIS =   32
 MOM_in domain decomposition
whalo =    2, ehalo =    2, shalo =    2, nhalo =    2
  X-AXIS =   32
  Y-AXIS =   16

WARNING: ./Depth_list.nc checksums do not match; updating file.


WARNING: MOM_file_parser : DT_FORCING over-ridden.  Line: 'DT_FORCING = 1200' in file MOM_override.


WARNING: MOM_file_parser : DAYMAX over-ridden.  Line: 'DAYMAX = 150' in file MOM_override.


WARNING: Unused line in MOM_input : GINT = 0.0098


WARNING: open_ASCII_file: File ./CPU_stats opened WRITEONLY already exists!


WARNING: open_ASCII_file: File ./ocean.stats opened WRITEONLY already exists!

MOM Time       0.000      0: En 9.139696E-12, MaxCFL  0.00000, Mass 5.287973820617E+18
    Total Energy: 41870BB74E3AA8F6  4.8330473778642580E+07
    Total Mass:   5.2879738206166886E+18, Change:   0.0000000000000000E+00 Error:  0.00000E+00 ( 0.0E+00)
MOM Time      50.000     50: En 7.975875E-05, MaxCFL  0.00128, Mass 5.287973820617E+18
    Total Energy: 42F7F97281B1A271  4.2176216636471106E+14
    Total Mass:   5.2879738206166886E+18, Change:  -3.8694856253043724E+01 Error: -3.86949E+01 (-7.3E-18)
MOM Time     100.000    100: En 2.355779E-05, MaxCFL  0.00105, Mass 5.287973820617E+18
    Total Energy: 42DC5319E5F2DAA6  1.2457296945444259E+14
    Total Mass:   5.2879738206166886E+18, Change:  -1.3485470417674151E+01 Error: -1.34855E+01 (-2.6E-18)
 MOM_in domain decomposition
whalo =    4, ehalo =    4, shalo =    4, nhalo =    4
  X-AXIS =   64
  Y-AXIS =   32
 MOM_in domain decomposition
whalo =    2, ehalo =    2, shalo =    2, nhalo =    2
  X-AXIS =   32
  Y-AXIS =   16
 MOM_in domain decomposition
whalo =    4, ehalo =    4, shalo =    4, nhalo =    4
  X-AXIS =   64
  Y-AXIS =   32
 MOM_in domain decomposition
whalo =    2, ehalo =    2, shalo =    2, nhalo =    2
  X-AXIS =   32
  Y-AXIS =   16
MOM Time     150.000    150: En 5.690616E-05, MaxCFL  0.00134, Mass 5.287973820617E+18
    Total Energy: 42F11AEFE0A1C513  3.0091826076782519E+14
    Total Mass:   5.2879738206166886E+18, Change:   4.1552273254152396E+00 Error:  4.15523E+00 ( 7.9E-19)
 MOM_in domain decomposition
whalo =    4, ehalo =    4, shalo =    4, nhalo =    4
  X-AXIS =   64
  Y-AXIS =   32
 MOM_in domain decomposition
whalo =    2, ehalo =    2, shalo =    2, nhalo =    2
  X-AXIS =   32
  Y-AXIS =   16

WARNING: open_ASCII_file: File RESTART/ocean_solo.res opened WRITEONLY already exists!


WARNING: open_ASCII_file: File exitcode opened WRITEONLY already exists!

 MPP_DOMAINS_STACK high water mark=            0

Tabulating mpp_clock statistics across      1 PEs...

                                      hits          tmin          tmax          tavg          tstd  tfrac grain pemin pemax
Total runtime                            1     12.716717     12.716717     12.716717      0.000000  1.000     0     0     0
Initialization                           1      0.270599      0.270599      0.270599      0.000000  0.021     0     0     0
Main loop                                1     12.363581     12.363581     12.363581      0.000000  0.972     0     0     0
Termination                              1      0.080956      0.080956      0.080956      0.000000  0.006     0     0     0
Ocean Initialization                     2      0.276247      0.276247      0.276247      0.000000  0.022    11     0     0
Ocean                                   75     12.026293     12.026293     12.026293      0.000000  0.946     1     0     0
Ocean dynamics                         300     11.741881     11.741881     11.741881      0.000000  0.923    11     0     0
Ocean thermodynamics and tracers       225      0.047022      0.047022      0.047022      0.000000  0.004    11     0     0
Ocean grid generation and remapp         0      0.000000      0.000000      0.000000      0.000000  0.000    11     0     0
Ocean Other                            450      0.108772      0.108772      0.108772      0.000000  0.009    11     0     0
(Ocean tracer advection)               150      0.039074      0.039074      0.039074      0.000000  0.003    21     0     0
(Ocean adiabatic driver)                75      0.007894      0.007894      0.007894      0.000000  0.001    21     0     0
(Ocean continuity equation *)            0      0.000000      0.000000      0.000000      0.000000  0.000    31     0     0
(Ocean set BBL viscosity)               75      0.052451      0.052451      0.052451      0.000000  0.004    31     0     0
(Ocean message passing *)              150      0.001767      0.001767      0.001767      0.000000  0.000    31     0     0
(Ocean MOM_initialize_state)             2      0.008190      0.008190      0.008190      0.000000  0.001    31     0     0
(Ocean init message passing *)           2      0.000048      0.000048      0.000048      0.000000  0.000    41     0     0
(Ocean mixed layer restrat)              0      0.000000      0.000000      0.000000      0.000000  0.000    31     0     0
(Ocean collective diagnostics)         375      0.023640      0.023640      0.023640      0.000000  0.002    31     0     0
(Ocean Z-space diagnostics)              0      0.000000      0.000000      0.000000      0.000000  0.000    31     0     0
(Ocean ALE)                              0      0.000000      0.000000      0.000000      0.000000  0.000    31     0     0
(Stochastic EOS)                       150      0.000011      0.000011      0.000011      0.000000  0.000    31     0     0
(SGS Temperature Variance)             150      0.000006      0.000006      0.000006      0.000000  0.000    31     0     0
(Ocean diagnostics framework)            0      0.000000      0.000000      0.000000      0.000000  0.000    31     0     0
(Ocean diagnostics remapping)            0      0.000000      0.000000      0.000000      0.000000  0.000    41     0     0
(Ocean diagnostics grid updates)       526      0.115110      0.115110      0.115110      0.000000  0.009    41     0     0
(Ocean init message passing)             4      0.000033      0.000033      0.000033      0.000000  0.000    41     0     0
(Ocean continuity reconstruction       902      0.046010      0.046010      0.046010      0.000000  0.004    41     0     0
(Ocean continuity update)              902      0.012209      0.012209      0.012209      0.000000  0.001    41     0     0
(Ocean continuity correction)          902      0.759564      0.759564      0.759564      0.000000  0.060    41     0     0
(Ocean BT pre-calcs only)             1200      0.217596      0.217596      0.217596      0.000000  0.017    41     0     0
(Ocean BT pre-step halo updates)      1200      0.016718      0.016718      0.016718      0.000000  0.001    41     0     0
(Ocean BT stepping calcs only)         600      0.210705      0.210705      0.210705      0.000000  0.017    41     0     0
(Ocean BT stepping halo updates)       300      0.001044      0.001044      0.001044      0.000000  0.000    41     0     0
(Ocean BT post-calcs only)             900      0.019552      0.019552      0.019552      0.000000  0.002    41     0     0
(Ocean BT post-step halo updates       600      0.001619      0.001619      0.001619      0.000000  0.000    41     0     0
(Ocean BT global synch)                  0      0.000000      0.000000      0.000000      0.000000  0.000    41     0     0
(Ocean Coriolis & mom advection)       300      4.574399      4.574399      4.574399      0.000000  0.360    31     0     0
(Ocean continuity equation)            450      0.834921      0.834921      0.834921      0.000000  0.066    31     0     0
(Ocean pressure force)                 150      0.929312      0.929312      0.929312      0.000000  0.073    31     0     0
(Ocean vertical viscosity)             450      0.485922      0.485922      0.485922      0.000000  0.038    31     0     0
(Ocean horizontal viscosity)           150      4.069648      4.069648      4.069648      0.000000  0.320    31     0     0
(Ocean momentum increments)            300      0.008728      0.008728      0.008728      0.000000  0.001    31     0     0
(Ocean message passing)               1350      0.004393      0.004393      0.004393      0.000000  0.000    31     0     0
(Ocean barotropic mode calc)           300      0.008149      0.008149      0.008149      0.000000  0.001    31     0     0
(Ocean barotropic mode stepping)       300      0.483306      0.483306      0.483306      0.000000  0.038    31     0     0
(Ocean barotropic forcing calc)        300      0.008557      0.008557      0.008557      0.000000  0.001    31     0     0
(Ocean advect tracer)                    0      0.000000      0.000000      0.000000      0.000000  0.000    31     0     0
(Ocean tracer halo updates)              0      0.000000      0.000000      0.000000      0.000000  0.000    41     0     0
(Ocean tracer global synch)              0      0.000000      0.000000      0.000000      0.000000  0.000    41     0     0
(Ocean diffuse tracer)                   0      0.000000      0.000000      0.000000      0.000000  0.000    31     0     0
(Ocean epipycnal diffuse tracer)         0      0.000000      0.000000      0.000000      0.000000  0.000    31     0     0
(Ocean surface forcing)                 76      0.002457      0.002457      0.002457      0.000000  0.000    31     0     0
(Ocean forcing diagnostics)            150      0.000263      0.000263      0.000263      0.000000  0.000    41     0     0
 MPP_STACK high water mark=            0
