NOTE: MPP_DOMAINS_SET_STACK_SIZE: stack size set to    32768.
NOTE: MPP_DOMAINS_SET_STACK_SIZE: stack size set to  4000000.
NOTE: ======== Model being driven by MOM_driver ========
NOTE: callTree: o Program MOM_main, MOM_driver.F90
NOTE: fms_affinity_set: OCEAN affinity assumes hyper-threading hardware disabled
 MOM_domains_mod OMPthreading            12            0            1
NOTE: open_param_file: MOM_input has been opened successfully.
NOTE: open_param_file: MOM_override has been opened successfully.

WARNING: MOM_file_parser : DT over-ridden.  Line: 'DT = 75' in file MOM_override.


WARNING: MOM_file_parser : DT_THERM over-ridden.  Line: 'DT_THERM = 150' in file MOM_override.

NOTE: fms_affinity_set: OCEAN affinity assumes hyper-threading hardware disabled
 MOM_domains_mod OMPthreading            12            0            1

WARNING: MOM_file_parser : NIGLOBAL over-ridden.  Line: 'NIGLOBAL = 512' in file MOM_override.


WARNING: MOM_file_parser : NJGLOBAL over-ridden.  Line: 'NJGLOBAL = 512' in file MOM_override.

 MOM_in domain decomposition
whalo =    4, ehalo =    4, shalo =    4, nhalo =    4
  X-AXIS =  512
  Y-AXIS =  512
 MOM_inc domain decomposition
whalo =    2, ehalo =    2, shalo =    2, nhalo =    2
  X-AXIS =  256
  Y-AXIS =  256
NOTE: diag_manager_mod::diag_manager_init: prepend_date only supported when diag_manager_init is called with time_init present.
NOTE: diag_manager_mod::diag_manager_init: You are using the legacy version of the diag table
 MOM_in domain decomposition
whalo =    4, ehalo =    4, shalo =    4, nhalo =    4
  X-AXIS =  512
  Y-AXIS =  512
 MOM_in domain decomposition
whalo =    2, ehalo =    2, shalo =    2, nhalo =    2
  X-AXIS =  256
  Y-AXIS =  256

WARNING: MOM_file_parser : NK over-ridden.  Line: 'NK = 100' in file MOM_override.

 MOM_in domain decomposition
whalo =    4, ehalo =    4, shalo =    4, nhalo =    4
  X-AXIS =  512
  Y-AXIS =  512
 MOM_in domain decomposition
whalo =    2, ehalo =    2, shalo =    2, nhalo =    2
  X-AXIS =  256
  Y-AXIS =  256

WARNING: Open_file is appending .nc to the filename ./ocean_geometry


WARNING: MOM_file_parser : COORD_CONFIG over-ridden.  Line: 'COORD_CONFIG = "linear"' in file MOM_override.

 MOM_in domain decomposition
whalo =    4, ehalo =    4, shalo =    4, nhalo =    4
  X-AXIS =  512
  Y-AXIS =  512
 MOM_in domain decomposition
whalo =    2, ehalo =    2, shalo =    2, nhalo =    2
  X-AXIS =  256
  Y-AXIS =  256
 MOM_in domain decomposition
whalo =    4, ehalo =    4, shalo =    4, nhalo =    4
  X-AXIS =  512
  Y-AXIS =  512
 MOM_in domain decomposition
whalo =    2, ehalo =    2, shalo =    2, nhalo =    2
  X-AXIS =  256
  Y-AXIS =  256

WARNING: ./Depth_list.nc checksums do not match; updating file.


WARNING: MOM_file_parser : DT_FORCING over-ridden.  Line: 'DT_FORCING = 150' in file MOM_override.


WARNING: MOM_file_parser : DAYMAX over-ridden.  Line: 'DAYMAX = 150' in file MOM_override.


WARNING: Unused line in MOM_input : GINT = 0.0098


WARNING: open_ASCII_file: File ./CPU_stats opened WRITEONLY already exists!


WARNING: open_ASCII_file: File ./ocean.stats opened WRITEONLY already exists!

MOM Time       0.000      0: En 9.167783E-12, MaxCFL  0.00000, Mass 5.286420478077E+18
    Total Energy: 41871C1BB355D5A8  4.8464758416911423E+07
    Total Mass:   5.2864204780768635E+18, Change:   0.0000000000000000E+00 Error:  0.00000E+00 ( 0.0E+00)
MOM Time      50.000     50: En 3.628263E-06, MaxCFL  0.00070, Mass 5.286420478077E+18
    Total Energy: 42B171D0738932E6  1.9180526209330898E+13
    Total Mass:   5.2864204780768635E+18, Change:   7.1212031765190824E+00 Error:  7.12120E+00 ( 1.3E-18)
MOM Time     100.000    100: En 1.302025E-05, MaxCFL  0.00126, Mass 5.286420478077E+18
    Total Energy: 42CF4CECC7742046  6.8830500939840547E+13
    Total Mass:   5.2864204780768635E+18, Change:   6.2132118529516145E-01 Error:  6.21321E-01 ( 1.2E-19)
 MOM_in domain decomposition
whalo =    4, ehalo =    4, shalo =    4, nhalo =    4
  X-AXIS =  512
  Y-AXIS =  512
 MOM_in domain decomposition
whalo =    2, ehalo =    2, shalo =    2, nhalo =    2
  X-AXIS =  256
  Y-AXIS =  256
 MOM_in domain decomposition
whalo =    4, ehalo =    4, shalo =    4, nhalo =    4
  X-AXIS =  512
  Y-AXIS =  512
 MOM_in domain decomposition
whalo =    2, ehalo =    2, shalo =    2, nhalo =    2
  X-AXIS =  256
  Y-AXIS =  256
MOM Time     150.000    150: En 2.597815E-05, MaxCFL  0.00165, Mass 5.286420478077E+18
    Total Energy: 42DF39BDF142389B  1.3733144120752242E+14
    Total Mass:   5.2864204780768635E+18, Change:   6.9982464594652249E-01 Error:  6.99825E-01 ( 1.3E-19)
 MOM_in domain decomposition
whalo =    4, ehalo =    4, shalo =    4, nhalo =    4
  X-AXIS =  512
  Y-AXIS =  512
 MOM_in domain decomposition
whalo =    2, ehalo =    2, shalo =    2, nhalo =    2
  X-AXIS =  256
  Y-AXIS =  256

WARNING: open_ASCII_file: File RESTART/ocean_solo.res opened WRITEONLY already exists!


WARNING: open_ASCII_file: File exitcode opened WRITEONLY already exists!

 MPP_DOMAINS_STACK high water mark=            0

Tabulating mpp_clock statistics across      1 PEs...

                                      hits          tmin          tmax          tavg          tstd  tfrac grain pemin pemax
Total runtime                            1    152.605537    152.605537    152.605537      0.000000  1.000     0     0     0
Initialization                           1     11.095016     11.095016     11.095016      0.000000  0.073     0     0     0
Main loop                                1    126.954049    126.954049    126.954049      0.000000  0.832     0     0     0
Termination                              1     14.526638     14.526638     14.526638      0.000000  0.095     0     0     0
Ocean Initialization                     2     12.233102     12.233102     12.233102      0.000000  0.080    11     0     0
Ocean                                   75     98.248633     98.248633     98.248633      0.000000  0.644     1     0     0
Ocean dynamics                         300     50.461639     50.461639     50.461639      0.000000  0.331    11     0     0
Ocean thermodynamics and tracers       225     11.578571     11.578571     11.578571      0.000000  0.076    11     0     0
Ocean grid generation and remapp         0      0.000000      0.000000      0.000000      0.000000  0.000    11     0     0
Ocean Other                            450     23.809258     23.809258     23.809258      0.000000  0.156    11     0     0
(Ocean tracer advection)               150      3.485124      3.485124      3.485124      0.000000  0.023    21     0     0
(Ocean adiabatic driver)                75      8.093314      8.093314      8.093314      0.000000  0.053    21     0     0
(Ocean continuity equation *)            0      0.000000      0.000000      0.000000      0.000000  0.000    31     0     0
(Ocean set BBL viscosity)               75      0.366952      0.366952      0.366952      0.000000  0.002    31     0     0
(Ocean message passing *)              150      0.003448      0.003448      0.003448      0.000000  0.000    31     0     0
(Ocean MOM_initialize_state)             2      0.361946      0.361946      0.361946      0.000000  0.002    31     0     0
(Ocean init message passing *)           2      0.000070      0.000070      0.000070      0.000000  0.000    41     0     0
(Ocean mixed layer restrat)              0      0.000000      0.000000      0.000000      0.000000  0.000    31     0     0
(Ocean collective diagnostics)         375      9.585338      9.585338      9.585338      0.000000  0.063    31     0     0
(Ocean Z-space diagnostics)              0      0.000000      0.000000      0.000000      0.000000  0.000    31     0     0
(Ocean ALE)                              0      0.000000      0.000000      0.000000      0.000000  0.000    31     0     0
(Stochastic EOS)                       150      0.000020      0.000020      0.000020      0.000000  0.000    31     0     0
(SGS Temperature Variance)             150      0.000006      0.000006      0.000006      0.000000  0.000    31     0     0
(Ocean diagnostics framework)            0      0.000000      0.000000      0.000000      0.000000  0.000    31     0     0
(Ocean diagnostics remapping)            0      0.000000      0.000000      0.000000      0.000000  0.000    41     0     0
(Ocean diagnostics grid updates)       526     11.016548     11.016548     11.016548      0.000000  0.072    41     0     0
(Ocean init message passing)             4      0.000043      0.000043      0.000043      0.000000  0.000    41     0     0
(Ocean continuity reconstruction       902      0.849479      0.849479      0.849479      0.000000  0.006    41     0     0
(Ocean continuity update)              902      0.243802      0.243802      0.243802      0.000000  0.002    41     0     0
(Ocean continuity correction)          902      7.021503      7.021503      7.021503      0.000000  0.046    41     0     0
(Ocean BT pre-calcs only)             1200      1.017553      1.017553      1.017553      0.000000  0.007    41     0     0
(Ocean BT pre-step halo updates)      1200      0.021907      0.021907      0.021907      0.000000  0.000    41     0     0
(Ocean BT stepping calcs only)         600      0.335238      0.335238      0.335238      0.000000  0.002    41     0     0
(Ocean BT stepping halo updates)       300      0.001492      0.001492      0.001492      0.000000  0.000    41     0     0
(Ocean BT post-calcs only)             900      0.210793      0.210793      0.210793      0.000000  0.001    41     0     0
(Ocean BT post-step halo updates       600      0.001886      0.001886      0.001886      0.000000  0.000    41     0     0
(Ocean BT global synch)                  0      0.000000      0.000000      0.000000      0.000000  0.000    41     0     0
(Ocean Coriolis & mom advection)       300      5.974428      5.974428      5.974428      0.000000  0.039    31     0     0
(Ocean continuity equation)            450      8.202087      8.202087      8.202087      0.000000  0.054    31     0     0
(Ocean pressure force)                 150      1.508413      1.508413      1.508413      0.000000  0.010    31     0     0
(Ocean vertical viscosity)             450      7.688336      7.688336      7.688336      0.000000  0.050    31     0     0
(Ocean horizontal viscosity)           150      5.489629      5.489629      5.489629      0.000000  0.036    31     0     0
(Ocean momentum increments)            300      0.184099      0.184099      0.184099      0.000000  0.001    31     0     0
(Ocean message passing)               1350      0.006385      0.006385      0.006385      0.000000  0.000    31     0     0
(Ocean barotropic mode calc)           300      0.042900      0.042900      0.042900      0.000000  0.000    31     0     0
(Ocean barotropic mode stepping)       300      1.740883      1.740883      1.740883      0.000000  0.011    31     0     0
(Ocean barotropic forcing calc)        300      0.190917      0.190917      0.190917      0.000000  0.001    31     0     0
(Ocean advect tracer)                    0      0.000000      0.000000      0.000000      0.000000  0.000    31     0     0
(Ocean tracer halo updates)              0      0.000000      0.000000      0.000000      0.000000  0.000    41     0     0
(Ocean tracer global synch)              0      0.000000      0.000000      0.000000      0.000000  0.000    41     0     0
(Ocean diffuse tracer)                   0      0.000000      0.000000      0.000000      0.000000  0.000    31     0     0
(Ocean epipycnal diffuse tracer)         0      0.000000      0.000000      0.000000      0.000000  0.000    31     0     0
(Ocean surface forcing)                 76      0.021263      0.021263      0.021263      0.000000  0.000    31     0     0
(Ocean forcing diagnostics)            150      0.000288      0.000288      0.000288      0.000000  0.000    41     0     0
 MPP_STACK high water mark=            0
