NOTE from PE     0: MPP_DOMAINS_SET_STACK_SIZE: stack size set to    32768.
NOTE from PE     0: MPP_DOMAINS_SET_STACK_SIZE: stack size set to  4000000.
NOTE from PE     0: ======== Model being driven by MOM_driver ========
NOTE from PE     0: callTree: o Program MOM_main, MOM_driver.F90
 MOM_domains_mod OMPthreading             1            0            1
NOTE from PE     0: fms_affinity_set: OCEAN affinity assumes hyper-threading hardware disabled
 MOM_domains_mod OMPthreading             0            0            1
NOTE from PE     0: open_param_file: MOM_input has been opened successfully.
 MOM_domains_mod OMPthreading             0            0            1
 MOM_domains_mod OMPthreading             1            0            1
 MOM_domains_mod OMPthreading             0            0            1
 MOM_domains_mod OMPthreading             1            0            1
 MOM_domains_mod OMPthreading             1            0            1
 MOM_domains_mod OMPthreading             0            0            1
NOTE from PE     0: open_param_file: MOM_override has been opened successfully.
 MOM_domains_mod OMPthreading             1            0            1
 MOM_domains_mod OMPthreading             1            0            1
 MOM_domains_mod OMPthreading             0            0            1
 MOM_domains_mod OMPthreading             0            0            1
 MOM_domains_mod OMPthreading             1            0            1
 MOM_domains_mod OMPthreading             0            0            1
 MOM_domains_mod OMPthreading             1            0            1

WARNING from PE     0: MOM_file_parser : DT over-ridden.  Line: 'DT = 37' in file MOM_override.


WARNING from PE     0: MOM_file_parser : DT_THERM over-ridden.  Line: 'DT_THERM = 75' in file MOM_override.

NOTE from PE     0: fms_affinity_set: OCEAN affinity assumes hyper-threading hardware disabled
 MOM_domains_mod OMPthreading             0            0            1

WARNING from PE     0: MOM_file_parser : NIGLOBAL over-ridden.  Line: 'NIGLOBAL = 1024' in file MOM_override.


WARNING from PE     0: MOM_file_parser : NJGLOBAL over-ridden.  Line: 'NJGLOBAL = 512' in file MOM_override.

 MOM_in domain decomposition
whalo =    4, ehalo =    4, shalo =    4, nhalo =    4
  X-AXIS =  256 256 256 256
  Y-AXIS =  256 256
 MOM_inc domain decomposition
whalo =    2, ehalo =    2, shalo =    2, nhalo =    2
  X-AXIS =  128 128 128 128
  Y-AXIS =  128 128
NOTE from PE     0: diag_manager_mod::diag_manager_init: prepend_date only supported when diag_manager_init is called with time_init present.
NOTE from PE     0: diag_manager_mod::diag_manager_init: You are using the legacy version of the diag table
 MOM_in domain decomposition
whalo =    4, ehalo =    4, shalo =    4, nhalo =    4
  X-AXIS =  256 256 256 256
  Y-AXIS =  256 256
 MOM_in domain decomposition
whalo =    2, ehalo =    2, shalo =    2, nhalo =    2
  X-AXIS =  128 128 128 128
  Y-AXIS =  128 128

WARNING from PE     0: MOM_file_parser : NK over-ridden.  Line: 'NK = 100' in file MOM_override.

 MOM_in domain decomposition
whalo =    4, ehalo =    4, shalo =    4, nhalo =    4
  X-AXIS =  256 256 256 256
  Y-AXIS =  256 256
 MOM_in domain decomposition
whalo =    2, ehalo =    2, shalo =    2, nhalo =    2
  X-AXIS =  128 128 128 128
  Y-AXIS =  128 128

WARNING from PE     0: Open_file is appending .nc to the filename ./ocean_geometry


WARNING from PE     0: MOM_file_parser : COORD_CONFIG over-ridden.  Line: 'COORD_CONFIG = "linear"' in file MOM_override.

 MOM_in domain decomposition
whalo =    4, ehalo =    4, shalo =    4, nhalo =    4
  X-AXIS =  256 256 256 256
  Y-AXIS =  256 256
 MOM_in domain decomposition
whalo =    2, ehalo =    2, shalo =    2, nhalo =    2
  X-AXIS =  128 128 128 128
  Y-AXIS =  128 128
 MOM_in domain decomposition
whalo =    4, ehalo =    4, shalo =    4, nhalo =    4
  X-AXIS =  256 256 256 256
  Y-AXIS =  256 256
 MOM_in domain decomposition
whalo =    2, ehalo =    2, shalo =    2, nhalo =    2
  X-AXIS =  128 128 128 128
  Y-AXIS =  128 128

WARNING from PE     0: ./Depth_list.nc checksums do not match; updating file.


WARNING from PE     0: MOM_file_parser : DT_FORCING over-ridden.  Line: 'DT_FORCING = 75' in file MOM_override.


WARNING from PE     0: MOM_file_parser : DAYMAX over-ridden.  Line: 'DAYMAX = 150' in file MOM_override.


WARNING from PE     0: Unused line in MOM_input : GINT = 0.0098


WARNING from PE     0: open_ASCII_file: File ./CPU_stats opened WRITEONLY already exists!


WARNING from PE     0: open_ASCII_file: File ./ocean.stats opened WRITEONLY already exists!

MOM Time       0.000      0: En 9.167888E-12, MaxCFL  0.00000, Mass 5.286414704261E+18
    Total Energy: 41871C2B47CED3B5  4.8465256975989737E+07
    Total Mass:   5.2864147042613893E+18, Change:   0.0000000000000000E+00 Error:  0.00000E+00 ( 0.0E+00)
MOM Time      50.676     75: En 9.561082E-07, MaxCFL  0.00036, Mass 5.286414704261E+18
    Total Energy: 429263431CDC0BD4  5.0543842567709570E+12
    Total Mass:   5.2864147042613893E+18, Change:   1.8803326967804978E+01 Error:  1.88033E+01 ( 3.6E-18)
MOM Time      99.324    147: En 3.499934E-06, MaxCFL  0.00068, Mass 5.286414704261E+18
    Total Energy: 42B0D3DB4847D81F  1.8502103091160121E+13
    Total Mass:   5.2864147042613893E+18, Change:   1.8635493501689782E+00 Error:  1.86355E+00 ( 3.5E-19)
 MOM_in domain decomposition
whalo =    4, ehalo =    4, shalo =    4, nhalo =    4
  X-AXIS =  256 256 256 256
  Y-AXIS =  256 256
 MOM_in domain decomposition
whalo =    2, ehalo =    2, shalo =    2, nhalo =    2
  X-AXIS =  128 128 128 128
  Y-AXIS =  128 128
 MOM_in domain decomposition
whalo =    4, ehalo =    4, shalo =    4, nhalo =    4
  X-AXIS =  256 256 256 256
  Y-AXIS =  256 256
 MOM_in domain decomposition
whalo =    2, ehalo =    2, shalo =    2, nhalo =    2
  X-AXIS =  128 128 128 128
  Y-AXIS =  128 128
MOM Time     150.000    222: En 7.572478E-06, MaxCFL  0.00098, Mass 5.286414704261E+18
    Total Energy: 42C23440762529B2  4.0031258167891391E+13
    Total Mass:   5.2864147042613893E+18, Change:   5.0541591161998811E-01 Error:  5.05416E-01 ( 9.6E-20)
 MOM_in domain decomposition
whalo =    4, ehalo =    4, shalo =    4, nhalo =    4
  X-AXIS =  256 256 256 256
  Y-AXIS =  256 256
 MOM_in domain decomposition
whalo =    2, ehalo =    2, shalo =    2, nhalo =    2
  X-AXIS =  128 128 128 128
  Y-AXIS =  128 128

WARNING from PE     0: open_ASCII_file: File RESTART/ocean_solo.res opened WRITEONLY already exists!


WARNING from PE     0: open_ASCII_file: File exitcode opened WRITEONLY already exists!

 MPP_DOMAINS_STACK high water mark=      1546400

Tabulating mpp_clock statistics across      8 PEs...

                                      hits          tmin          tmax          tavg          tstd  tfrac grain pemin pemax
Total runtime                            1    119.271906    119.284920    119.275763      0.005372  1.000     0     0     7
Initialization                           1      3.114221      3.126565      3.117831      0.004928  0.026     0     0     7
Main loop                                1     98.625244     98.626686     98.626053      0.000444  0.827     0     0     7
Termination                              1     17.530399     17.531317     17.530893      0.000305  0.147     0     0     7
Ocean Initialization                     2      3.543716      3.573214      3.549569      0.009627  0.030    11     0     7
Ocean                                   74     62.838626     62.846120     62.842954      0.002873  0.527     1     0     7
Ocean dynamics                         444     46.461957     46.812679     46.654259      0.106666  0.391    11     0     7
Ocean thermodynamics and tracers       222      2.731360      2.767934      2.749997      0.013804  0.023    11     0     7
Ocean grid generation and remapp         0      0.000000      0.000000      0.000000      0.000000  0.000    11     0     7
Ocean Other                            518      5.616567      6.128915      5.878763      0.202251  0.049    11     0     7
(Ocean tracer advection)               148      1.089541      1.110147      1.097033      0.008350  0.009    21     0     7
(Ocean adiabatic driver)                74      1.641036      1.663411      1.652858      0.007883  0.014    21     0     7
(Ocean continuity equation *)            0      0.000000      0.000000      0.000000      0.000000  0.000    31     0     7
(Ocean set BBL viscosity)               74      0.106049      0.133306      0.123100      0.010549  0.001    31     0     7
(Ocean message passing *)              148      3.664153      4.017571      3.842606      0.117516  0.032    31     0     7
(Ocean MOM_initialize_state)             2      0.071405      0.074543      0.073237      0.001268  0.001    31     0     7
(Ocean init message passing *)           2      0.038999      0.047534      0.043019      0.002903  0.000    41     0     7
(Ocean mixed layer restrat)              0      0.000000      0.000000      0.000000      0.000000  0.000    31     0     7
(Ocean collective diagnostics)         444      1.905320      1.961723      1.937552      0.016195  0.016    31     0     7
(Ocean Z-space diagnostics)              0      0.000000      0.000000      0.000000      0.000000  0.000    31     0     7
(Ocean ALE)                              0      0.000000      0.000000      0.000000      0.000000  0.000    31     0     7
(Stochastic EOS)                       222      0.000016      0.000019      0.000017      0.000001  0.000    31     0     7
(SGS Temperature Variance)             222      0.000009      0.000022      0.000011      0.000004  0.000    31     0     7
(Ocean diagnostics framework)            0      0.000000      0.000000      0.000000      0.000000  0.000    31     0     7
(Ocean diagnostics remapping)            0      0.000000      0.000000      0.000000      0.000000  0.000    41     0     7
(Ocean diagnostics grid updates)       741      3.791100      3.829105      3.806159      0.010684  0.032    41     0     7
(Ocean init message passing)             4      0.072586      0.123351      0.101218      0.017283  0.001    41     0     7
(Ocean continuity reconstruction      1334      0.355565      0.366100      0.360397      0.003936  0.003    41     0     7
(Ocean continuity update)             1334      0.094988      0.096678      0.095848      0.000637  0.001    41     0     7
(Ocean continuity correction)         1334      3.517465      3.908809      3.716439      0.138574  0.031    41     0     7
(Ocean BT pre-calcs only)             1776      0.593400      0.631273      0.618806      0.011317  0.005    41     0     7
(Ocean BT pre-step halo updates)      1776      5.000042      6.095615      5.549985      0.326320  0.047    41     0     7
(Ocean BT stepping calcs only)         888      0.253709      0.290299      0.277880      0.011367  0.002    41     0     7
(Ocean BT stepping halo updates)       444      0.507593      0.627603      0.562093      0.048268  0.005    41     0     7
(Ocean BT post-calcs only)            1332      0.092273      0.095191      0.093585      0.001052  0.001    41     0     7
(Ocean BT post-step halo updates       888      0.851510      0.880692      0.866005      0.011913  0.007    41     0     7
(Ocean BT global synch)                  0      0.000000      0.000000      0.000000      0.000000  0.000    41     0     7
(Ocean Coriolis & mom advection)       444      6.832531      7.289852      7.055572      0.190138  0.059    31     0     7
(Ocean continuity equation)            666      4.059574      4.459774      4.265194      0.140945  0.036    31     0     7
(Ocean pressure force)                 222      1.542147      1.635230      1.590479      0.036865  0.013    31     0     7
(Ocean vertical viscosity)             666      4.113822      4.220603      4.175518      0.040224  0.035    31     0     7
(Ocean horizontal viscosity)           222      6.026011      6.477385      6.269971      0.174814  0.053    31     0     7
(Ocean momentum increments)            444      0.072127      0.073330      0.072742      0.000391  0.001    31     0     7
(Ocean message passing)               1998      3.986266      4.675447      4.326069      0.235314  0.036    31     0     7
(Ocean barotropic mode calc)           444      0.024904      0.025610      0.025243      0.000260  0.000    31     0     7
(Ocean barotropic mode stepping)       444      7.554323      8.585842      8.121793      0.316117  0.068    31     0     7
(Ocean barotropic forcing calc)        444      0.076638      0.078144      0.077284      0.000465  0.001    31     0     7
(Ocean advect tracer)                    0      0.000000      0.000000      0.000000      0.000000  0.000    31     0     7
(Ocean tracer halo updates)              0      0.000000      0.000000      0.000000      0.000000  0.000    41     0     7
(Ocean tracer global synch)              0      0.000000      0.000000      0.000000      0.000000  0.000    41     0     7
(Ocean diffuse tracer)                   0      0.000000      0.000000      0.000000      0.000000  0.000    31     0     7
(Ocean epipycnal diffuse tracer)         0      0.000000      0.000000      0.000000      0.000000  0.000    31     0     7
(Ocean surface forcing)                 75      0.003606      0.004730      0.003881      0.000343  0.000    31     0     7
(Ocean forcing diagnostics)            148      0.000147      0.000324      0.000233      0.000075  0.000    41     0     7
 MPP_STACK high water mark=            0
