NOTE from PE     0: MPP_DOMAINS_SET_STACK_SIZE: stack size set to    32768.
NOTE from PE     0: MPP_DOMAINS_SET_STACK_SIZE: stack size set to  4000000.
NOTE from PE     0: ======== Model being driven by MOM_driver ========
NOTE from PE     0: callTree: o Program MOM_main, MOM_driver.F90
NOTE from PE     0: fms_affinity_set: OCEAN affinity assumes hyper-threading hardware disabled
 MOM_domains_mod OMPthreading             0            0            1
 MOM_domains_mod OMPthreading             1            0            1
NOTE from PE     0: open_param_file: MOM_input has been opened successfully.
 MOM_domains_mod OMPthreading             1            0            1
 MOM_domains_mod OMPthreading             0            0            1
 MOM_domains_mod OMPthreading             0            0            1
 MOM_domains_mod OMPthreading             1            0            1
 MOM_domains_mod OMPthreading             0            0            1
 MOM_domains_mod OMPthreading             1            0            1
NOTE from PE     0: open_param_file: MOM_override has been opened successfully.
 MOM_domains_mod OMPthreading             0            0            1
 MOM_domains_mod OMPthreading             0            0            1
 MOM_domains_mod OMPthreading             1            0            1
 MOM_domains_mod OMPthreading             1            0            1
 MOM_domains_mod OMPthreading             1            0            1
 MOM_domains_mod OMPthreading             0            0            1
 MOM_domains_mod OMPthreading             1            0            1

WARNING from PE     0: MOM_file_parser : DT over-ridden.  Line: 'DT = 150' in file MOM_override.


WARNING from PE     0: MOM_file_parser : DT_THERM over-ridden.  Line: 'DT_THERM = 300' in file MOM_override.

NOTE from PE     0: fms_affinity_set: OCEAN affinity assumes hyper-threading hardware disabled
 MOM_domains_mod OMPthreading             0            0            1

WARNING from PE     0: MOM_file_parser : NIGLOBAL over-ridden.  Line: 'NIGLOBAL = 256' in file MOM_override.


WARNING from PE     0: MOM_file_parser : NJGLOBAL over-ridden.  Line: 'NJGLOBAL = 256' in file MOM_override.

 MOM_in domain decomposition
whalo =    4, ehalo =    4, shalo =    4, nhalo =    4
  X-AXIS =   64  64  64  64
  Y-AXIS =  128 128
 MOM_inc domain decomposition
whalo =    2, ehalo =    2, shalo =    2, nhalo =    2
  X-AXIS =   32  32  32  32
  Y-AXIS =   64  64
NOTE from PE     0: diag_manager_mod::diag_manager_init: prepend_date only supported when diag_manager_init is called with time_init present.
NOTE from PE     0: diag_manager_mod::diag_manager_init: You are using the legacy version of the diag table
 MOM_in domain decomposition
whalo =    4, ehalo =    4, shalo =    4, nhalo =    4
  X-AXIS =   64  64  64  64
  Y-AXIS =  128 128
 MOM_in domain decomposition
whalo =    2, ehalo =    2, shalo =    2, nhalo =    2
  X-AXIS =   32  32  32  32
  Y-AXIS =   64  64

WARNING from PE     0: MOM_file_parser : NK over-ridden.  Line: 'NK = 100' in file MOM_override.

 MOM_in domain decomposition
whalo =    4, ehalo =    4, shalo =    4, nhalo =    4
  X-AXIS =   64  64  64  64
  Y-AXIS =  128 128
 MOM_in domain decomposition
whalo =    2, ehalo =    2, shalo =    2, nhalo =    2
  X-AXIS =   32  32  32  32
  Y-AXIS =   64  64

WARNING from PE     0: Open_file is appending .nc to the filename ./ocean_geometry


WARNING from PE     0: MOM_file_parser : COORD_CONFIG over-ridden.  Line: 'COORD_CONFIG = "linear"' in file MOM_override.

 MOM_in domain decomposition
whalo =    4, ehalo =    4, shalo =    4, nhalo =    4
  X-AXIS =   64  64  64  64
  Y-AXIS =  128 128
 MOM_in domain decomposition
whalo =    2, ehalo =    2, shalo =    2, nhalo =    2
  X-AXIS =   32  32  32  32
  Y-AXIS =   64  64
 MOM_in domain decomposition
whalo =    4, ehalo =    4, shalo =    4, nhalo =    4
  X-AXIS =   64  64  64  64
  Y-AXIS =  128 128
 MOM_in domain decomposition
whalo =    2, ehalo =    2, shalo =    2, nhalo =    2
  X-AXIS =   32  32  32  32
  Y-AXIS =   64  64

WARNING from PE     0: ./Depth_list.nc checksums do not match; updating file.


WARNING from PE     0: MOM_file_parser : DT_FORCING over-ridden.  Line: 'DT_FORCING = 300' in file MOM_override.


WARNING from PE     0: MOM_file_parser : DAYMAX over-ridden.  Line: 'DAYMAX = 150' in file MOM_override.


WARNING from PE     0: Unused line in MOM_input : GINT = 0.0098


WARNING from PE     0: open_ASCII_file: File ./CPU_stats opened WRITEONLY already exists!


WARNING from PE     0: open_ASCII_file: File ./ocean.stats opened WRITEONLY already exists!

MOM Time       0.000      0: En 9.167136E-12, MaxCFL  0.00000, Mass 5.286457540076E+18
    Total Energy: 41871BBB6CBE4AD6  4.8461677592916176E+07
    Total Mass:   5.2864575400760177E+18, Change:   0.0000000000000000E+00 Error:  0.00000E+00 ( 0.0E+00)
MOM Time      50.000     50: En 1.299125E-05, MaxCFL  0.00126, Mass 5.286457540076E+18
    Total Energy: 42CF3B228AE34090  6.8677686118017125E+13
    Total Mass:   5.2864575400760177E+18, Change:   2.3494412522268384E+01 Error:  2.34944E+01 ( 4.4E-18)
MOM Time     100.000    100: En 4.033843E-05, MaxCFL  0.00184, Mass 5.286457540076E+18
    Total Energy: 42E83E50EE1C7174  2.1324739856884363E+14
    Total Mass:   5.2864575400760177E+18, Change:   7.1716054848639743E-02 Error:  7.17161E-02 ( 1.4E-20)
 MOM_in domain decomposition
whalo =    4, ehalo =    4, shalo =    4, nhalo =    4
  X-AXIS =   64  64  64  64
  Y-AXIS =  128 128
 MOM_in domain decomposition
whalo =    2, ehalo =    2, shalo =    2, nhalo =    2
  X-AXIS =   32  32  32  32
  Y-AXIS =   64  64
 MOM_in domain decomposition
whalo =    4, ehalo =    4, shalo =    4, nhalo =    4
  X-AXIS =   64  64  64  64
  Y-AXIS =  128 128
 MOM_in domain decomposition
whalo =    2, ehalo =    2, shalo =    2, nhalo =    2
  X-AXIS =   32  32  32  32
  Y-AXIS =   64  64
MOM Time     150.000    150: En 6.647693E-05, MaxCFL  0.00207, Mass 5.286457540076E+18
    Total Energy: 42F3F9F1600EDE6A  3.5142747822026263E+14
    Total Mass:   5.2864575400760177E+18, Change:   5.3218839134091755E-01 Error:  5.32188E-01 ( 1.0E-19)
 MOM_in domain decomposition
whalo =    4, ehalo =    4, shalo =    4, nhalo =    4
  X-AXIS =   64  64  64  64
  Y-AXIS =  128 128
 MOM_in domain decomposition
whalo =    2, ehalo =    2, shalo =    2, nhalo =    2
  X-AXIS =   32  32  32  32
  Y-AXIS =   64  64

WARNING from PE     0: open_ASCII_file: File RESTART/ocean_solo.res opened WRITEONLY already exists!


WARNING from PE     0: open_ASCII_file: File exitcode opened WRITEONLY already exists!

 MPP_DOMAINS_STACK high water mark=       650400

Tabulating mpp_clock statistics across      8 PEs...

                                      hits          tmin          tmax          tavg          tstd  tfrac grain pemin pemax
Total runtime                            1     29.212339     29.233879     29.220256      0.008885  1.000     0     0     7
Initialization                           1      0.690743      0.711680      0.698443      0.008513  0.024     0     0     7
Main loop                                1     26.507812     26.508363     26.508283      0.000178  0.907     0     0     7
Termination                              1      2.012386      2.012624      2.012592      0.000078  0.069     0     0     7
Ocean Initialization                     2      0.742988      0.768234      0.751317      0.009419  0.026    11     0     7
Ocean                                   75     22.528910     22.532552     22.530705      0.001283  0.771     1     0     7
Ocean dynamics                         300     19.597942     19.746363     19.654124      0.055097  0.672    11     0     7
Ocean thermodynamics and tracers       225      0.178782      0.192662      0.184180      0.004888  0.006    11     0     7
Ocean grid generation and remapp         0      0.000000      0.000000      0.000000      0.000000  0.000    11     0     7
Ocean Other                            450      0.702380      1.039022      0.872003      0.101897  0.030    11     0     7
(Ocean tracer advection)               150      0.153761      0.156611      0.154991      0.000873  0.005    21     0     7
(Ocean adiabatic driver)                75      0.023311      0.038708      0.029131      0.005349  0.001    21     0     7
(Ocean continuity equation *)            0      0.000000      0.000000      0.000000      0.000000  0.000    31     0     7
(Ocean set BBL viscosity)               75      0.045342      0.070253      0.061082      0.008790  0.002    31     0     7
(Ocean message passing *)              150      1.546767      1.827169      1.678154      0.086551  0.057    31     0     7
(Ocean MOM_initialize_state)             2      0.018531      0.022511      0.019744      0.001092  0.001    31     0     7
(Ocean init message passing *)           2      0.013593      0.017505      0.015804      0.001487  0.001    41     0     7
(Ocean mixed layer restrat)              0      0.000000      0.000000      0.000000      0.000000  0.000    31     0     7
(Ocean collective diagnostics)         375      0.068286      0.263638      0.194087      0.063283  0.007    31     0     7
(Ocean Z-space diagnostics)              0      0.000000      0.000000      0.000000      0.000000  0.000    31     0     7
(Ocean ALE)                              0      0.000000      0.000000      0.000000      0.000000  0.000    31     0     7
(Stochastic EOS)                       150      0.000008      0.000015      0.000011      0.000003  0.000    31     0     7
(SGS Temperature Variance)             150      0.000006      0.000009      0.000006      0.000001  0.000    31     0     7
(Ocean diagnostics framework)            0      0.000000      0.000000      0.000000      0.000000  0.000    31     0     7
(Ocean diagnostics remapping)            0      0.000000      0.000000      0.000000      0.000000  0.000    41     0     7
(Ocean diagnostics grid updates)       526      0.360714      0.370900      0.365387      0.004233  0.012    41     0     7
(Ocean init message passing)             4      0.021286      0.028088      0.025047      0.002306  0.001    41     0     7
(Ocean continuity reconstruction       902      0.058808      0.064784      0.062380      0.001944  0.002    41     0     7
(Ocean continuity update)              902      0.017213      0.018139      0.017608      0.000316  0.001    41     0     7
(Ocean continuity correction)          902      0.881943      0.997517      0.942317      0.039903  0.032    41     0     7
(Ocean BT pre-calcs only)             1200      0.231755      0.244202      0.238541      0.004368  0.008    41     0     7
(Ocean BT pre-step halo updates)      1200      3.329007      3.822281      3.581728      0.210474  0.123    41     0     7
(Ocean BT stepping calcs only)         600      0.203819      0.221550      0.212348      0.006039  0.007    41     0     7
(Ocean BT stepping halo updates)       300      0.333796      0.397923      0.366484      0.030220  0.013    41     0     7
(Ocean BT post-calcs only)             900      0.022893      0.024492      0.023589      0.000558  0.001    41     0     7
(Ocean BT post-step halo updates       600      0.551061      0.584285      0.568288      0.012191  0.019    41     0     7
(Ocean BT global synch)                  0      0.000000      0.000000      0.000000      0.000000  0.000    41     0     7
(Ocean Coriolis & mom advection)       300      4.379270      4.686336      4.523125      0.140780  0.155    31     0     7
(Ocean continuity equation)            450      0.965534      1.114840      1.053276      0.048183  0.036    31     0     7
(Ocean pressure force)                 150      0.901090      0.989729      0.936298      0.030020  0.032    31     0     7
(Ocean vertical viscosity)             450      1.274503      1.355170      1.325781      0.027689  0.045    31     0     7
(Ocean horizontal viscosity)           150      3.870161      4.130254      3.996388      0.118195  0.137    31     0     7
(Ocean momentum increments)            300      0.012526      0.013098      0.012792      0.000210  0.000    31     0     7
(Ocean message passing)               1350      1.539836      1.870179      1.754804      0.115413  0.060    31     0     7
(Ocean barotropic mode calc)           300      0.009341      0.009909      0.009605      0.000204  0.000    31     0     7
(Ocean barotropic mode stepping)       300      4.744023      5.247296      5.012974      0.208034  0.171    31     0     7
(Ocean barotropic forcing calc)        300      0.012680      0.013192      0.012948      0.000170  0.000    31     0     7
(Ocean advect tracer)                    0      0.000000      0.000000      0.000000      0.000000  0.000    31     0     7
(Ocean tracer halo updates)              0      0.000000      0.000000      0.000000      0.000000  0.000    41     0     7
(Ocean tracer global synch)              0      0.000000      0.000000      0.000000      0.000000  0.000    41     0     7
(Ocean diffuse tracer)                   0      0.000000      0.000000      0.000000      0.000000  0.000    31     0     7
(Ocean epipycnal diffuse tracer)         0      0.000000      0.000000      0.000000      0.000000  0.000    31     0     7
(Ocean surface forcing)                 76      0.001755      0.002703      0.001908      0.000302  0.000    31     0     7
(Ocean forcing diagnostics)            150      0.000124      0.000320      0.000223      0.000081  0.000    41     0     7
 MPP_STACK high water mark=            0
