NOTE from PE     0: MPP_DOMAINS_SET_STACK_SIZE: stack size set to    32768.
NOTE from PE     0: MPP_DOMAINS_SET_STACK_SIZE: stack size set to  4000000.
NOTE from PE     0: ======== Model being driven by MOM_driver ========
NOTE from PE     0: callTree: o Program MOM_main, MOM_driver.F90
NOTE from PE     0: fms_affinity_set: OCEAN affinity assumes hyper-threading hardware disabled
 MOM_domains_mod OMPthreading             1            0            1
 MOM_domains_mod OMPthreading             0            0            1
NOTE from PE     0: open_param_file: MOM_input has been opened successfully.
 MOM_domains_mod OMPthreading             1            0            1
 MOM_domains_mod OMPthreading             0            0            1
 MOM_domains_mod OMPthreading             0            0            1
 MOM_domains_mod OMPthreading             0            0            1
 MOM_domains_mod OMPthreading             1            0            1
 MOM_domains_mod OMPthreading             1            0            1
NOTE from PE     0: open_param_file: MOM_override has been opened successfully.
 MOM_domains_mod OMPthreading             0            0            1
 MOM_domains_mod OMPthreading             0            0            1
 MOM_domains_mod OMPthreading             1            0            1
 MOM_domains_mod OMPthreading             1            0            1
 MOM_domains_mod OMPthreading             0            0            1
 MOM_domains_mod OMPthreading             1            0            1
 MOM_domains_mod OMPthreading             1            0            1

WARNING from PE     0: MOM_file_parser : DT over-ridden.  Line: 'DT = 37' in file MOM_override.


WARNING from PE     0: MOM_file_parser : DT_THERM over-ridden.  Line: 'DT_THERM = 75' in file MOM_override.

NOTE from PE     0: fms_affinity_set: OCEAN affinity assumes hyper-threading hardware disabled
 MOM_domains_mod OMPthreading             0            0            1

WARNING from PE     0: MOM_file_parser : NIGLOBAL over-ridden.  Line: 'NIGLOBAL = 1024' in file MOM_override.


WARNING from PE     0: MOM_file_parser : NJGLOBAL over-ridden.  Line: 'NJGLOBAL = 1024' in file MOM_override.

 MOM_in domain decomposition
whalo =    4, ehalo =    4, shalo =    4, nhalo =    4
  X-AXIS =  256 256 256 256
  Y-AXIS =  512 512
 MOM_inc domain decomposition
whalo =    2, ehalo =    2, shalo =    2, nhalo =    2
  X-AXIS =  128 128 128 128
  Y-AXIS =  256 256
NOTE from PE     0: diag_manager_mod::diag_manager_init: prepend_date only supported when diag_manager_init is called with time_init present.
NOTE from PE     0: diag_manager_mod::diag_manager_init: You are using the legacy version of the diag table
 MOM_in domain decomposition
whalo =    4, ehalo =    4, shalo =    4, nhalo =    4
  X-AXIS =  256 256 256 256
  Y-AXIS =  512 512
 MOM_in domain decomposition
whalo =    2, ehalo =    2, shalo =    2, nhalo =    2
  X-AXIS =  128 128 128 128
  Y-AXIS =  256 256

WARNING from PE     0: MOM_file_parser : NK over-ridden.  Line: 'NK = 100' in file MOM_override.

 MOM_in domain decomposition
whalo =    4, ehalo =    4, shalo =    4, nhalo =    4
  X-AXIS =  256 256 256 256
  Y-AXIS =  512 512
 MOM_in domain decomposition
whalo =    2, ehalo =    2, shalo =    2, nhalo =    2
  X-AXIS =  128 128 128 128
  Y-AXIS =  256 256

WARNING from PE     0: Open_file is appending .nc to the filename ./ocean_geometry


WARNING from PE     0: MOM_file_parser : COORD_CONFIG over-ridden.  Line: 'COORD_CONFIG = "linear"' in file MOM_override.

 MOM_in domain decomposition
whalo =    4, ehalo =    4, shalo =    4, nhalo =    4
  X-AXIS =  256 256 256 256
  Y-AXIS =  512 512
 MOM_in domain decomposition
whalo =    2, ehalo =    2, shalo =    2, nhalo =    2
  X-AXIS =  128 128 128 128
  Y-AXIS =  256 256
 MOM_in domain decomposition
whalo =    4, ehalo =    4, shalo =    4, nhalo =    4
  X-AXIS =  256 256 256 256
  Y-AXIS =  512 512
 MOM_in domain decomposition
whalo =    2, ehalo =    2, shalo =    2, nhalo =    2
  X-AXIS =  128 128 128 128
  Y-AXIS =  256 256

WARNING from PE     0: ./Depth_list.nc checksums do not match; updating file.


WARNING from PE     0: MOM_file_parser : DT_FORCING over-ridden.  Line: 'DT_FORCING = 75' in file MOM_override.


WARNING from PE     0: MOM_file_parser : DAYMAX over-ridden.  Line: 'DAYMAX = 150' in file MOM_override.


WARNING from PE     0: Unused line in MOM_input : GINT = 0.0098


WARNING from PE     0: open_ASCII_file: File ./CPU_stats opened WRITEONLY already exists!


WARNING from PE     0: open_ASCII_file: File ./ocean.stats opened WRITEONLY already exists!

MOM Time       0.000      0: En 9.167942E-12, MaxCFL  0.00000, Mass 5.286411564124E+18
    Total Energy: 41871C3366D4AF1F  4.8465516853849642E+07
    Total Mass:   5.2864115641239173E+18, Change:   0.0000000000000000E+00 Error:  0.00000E+00 ( 0.0E+00)
MOM Time      50.676     75: En 9.561068E-07, MaxCFL  0.00036, Mass 5.286411564124E+18
    Total Energy: 42926340A037FC93  5.0543738260471436E+12
    Total Mass:   5.2864115641239173E+18, Change:   3.1543457406055950E+01 Error:  3.15435E+01 ( 6.0E-18)
MOM Time      99.324    147: En 3.499944E-06, MaxCFL  0.00068, Mass 5.286411564124E+18
    Total Energy: 42B0D3DDD3E5EC50  1.8502145795564313E+13
    Total Mass:   5.2864115641239173E+18, Change:  -1.6521742499628173E-01 Error: -1.65217E-01 (-3.1E-20)
 MOM_in domain decomposition
whalo =    4, ehalo =    4, shalo =    4, nhalo =    4
  X-AXIS =  256 256 256 256
  Y-AXIS =  512 512
 MOM_in domain decomposition
whalo =    2, ehalo =    2, shalo =    2, nhalo =    2
  X-AXIS =  128 128 128 128
  Y-AXIS =  256 256
 MOM_in domain decomposition
whalo =    4, ehalo =    4, shalo =    4, nhalo =    4
  X-AXIS =  256 256 256 256
  Y-AXIS =  512 512
 MOM_in domain decomposition
whalo =    2, ehalo =    2, shalo =    2, nhalo =    2
  X-AXIS =  128 128 128 128
  Y-AXIS =  256 256
 MOM_in domain decomposition
whalo =    4, ehalo =    4, shalo =    4, nhalo =    4
  X-AXIS =  256 256 256 256
  Y-AXIS =  512 512
 MOM_in domain decomposition
whalo =    2, ehalo =    2, shalo =    2, nhalo =    2
  X-AXIS =  128 128 128 128
  Y-AXIS =  256 256
 MOM_in domain decomposition
whalo =    4, ehalo =    4, shalo =    4, nhalo =    4
  X-AXIS =  256 256 256 256
  Y-AXIS =  512 512
 MOM_in domain decomposition
whalo =    2, ehalo =    2, shalo =    2, nhalo =    2
  X-AXIS =  128 128 128 128
  Y-AXIS =  256 256
MOM Time     150.000    222: En 7.572530E-06, MaxCFL  0.00098, Mass 5.286411564124E+18
    Total Energy: 42C23447FABD7790  4.0031510428399125E+13
    Total Mass:   5.2864115641239173E+18, Change:   1.8201213284612683E+00 Error:  1.82012E+00 ( 3.4E-19)
 MOM_in domain decomposition
whalo =    4, ehalo =    4, shalo =    4, nhalo =    4
  X-AXIS =  256 256 256 256
  Y-AXIS =  512 512
 MOM_in domain decomposition
whalo =    2, ehalo =    2, shalo =    2, nhalo =    2
  X-AXIS =  128 128 128 128
  Y-AXIS =  256 256
 MOM_in domain decomposition
whalo =    4, ehalo =    4, shalo =    4, nhalo =    4
  X-AXIS =  256 256 256 256
  Y-AXIS =  512 512
 MOM_in domain decomposition
whalo =    2, ehalo =    2, shalo =    2, nhalo =    2
  X-AXIS =  128 128 128 128
  Y-AXIS =  256 256

WARNING from PE     0: open_ASCII_file: File RESTART/ocean_solo.res opened WRITEONLY already exists!


WARNING from PE     0: open_ASCII_file: File exitcode opened WRITEONLY already exists!

 MPP_DOMAINS_STACK high water mark=      2570400

Tabulating mpp_clock statistics across      8 PEs...

                                      hits          tmin          tmax          tavg          tstd  tfrac grain pemin pemax
Total runtime                            1    209.707116    209.718437    209.709967      0.004890  1.000     0     0     7
Initialization                           1      6.023709      6.034717      6.026382      0.004588  0.029     0     0     7
Main loop                                1    167.501584    167.502994    167.502485      0.000443  0.799     0     0     7
Termination                              1     35.954546     35.969372     35.961914      0.007102  0.171     0     0     7
Ocean Initialization                     2      6.967703      7.012238      6.974808      0.014578  0.033    11     0     7
Ocean                                   74     96.975863     97.001090     96.988172      0.008764  0.462     1     0     7
Ocean dynamics                         444     65.522735     66.098406     65.717013      0.215854  0.313    11     0     7
Ocean thermodynamics and tracers       222      5.319810      5.364329      5.343292      0.014373  0.025    11     0     7
Ocean grid generation and remapp         0      0.000000      0.000000      0.000000      0.000000  0.000    11     0     7
Ocean Other                            518     10.930139     12.285135     11.559212      0.583050  0.055    11     0     7
(Ocean tracer advection)               148      2.134541      2.159256      2.144224      0.008648  0.010    21     0     7
(Ocean adiabatic driver)                74      3.185167      3.224979      3.198950      0.013517  0.015    21     0     7
(Ocean continuity equation *)            0      0.000000      0.000000      0.000000      0.000000  0.000    31     0     7
(Ocean set BBL viscosity)               74      0.171941      0.212093      0.194862      0.016058  0.001    31     0     7
(Ocean message passing *)              148      6.576443      7.159961      6.946660      0.194041  0.033    31     0     7
(Ocean MOM_initialize_state)             2      0.124857      0.137349      0.134371      0.003795  0.001    31     0     7
(Ocean init message passing *)           2      0.070629      0.092534      0.079539      0.007609  0.000    41     0     7
(Ocean mixed layer restrat)              0      0.000000      0.000000      0.000000      0.000000  0.000    31     0     7
(Ocean collective diagnostics)         444      3.718738      3.790345      3.743932      0.021079  0.018    31     0     7
(Ocean Z-space diagnostics)              0      0.000000      0.000000      0.000000      0.000000  0.000    31     0     7
(Ocean ALE)                              0      0.000000      0.000000      0.000000      0.000000  0.000    31     0     7
(Stochastic EOS)                       222      0.000014      0.000022      0.000018      0.000002  0.000    31     0     7
(SGS Temperature Variance)             222      0.000009      0.000013      0.000010      0.000001  0.000    31     0     7
(Ocean diagnostics framework)            0      0.000000      0.000000      0.000000      0.000000  0.000    31     0     7
(Ocean diagnostics remapping)            0      0.000000      0.000000      0.000000      0.000000  0.000    41     0     7
(Ocean diagnostics grid updates)       741      7.481716      7.562974      7.524838      0.028709  0.036    41     0     7
(Ocean init message passing)             4      0.135903      0.242602      0.204806      0.035272  0.001    41     0     7
(Ocean continuity reconstruction      1334      0.628583      0.649650      0.640347      0.006514  0.003    41     0     7
(Ocean continuity update)             1334      0.178636      0.182514      0.180803      0.001588  0.001    41     0     7
(Ocean continuity correction)         1334      5.164724      5.648192      5.406949      0.161245  0.026    41     0     7
(Ocean BT pre-calcs only)             1776      0.909359      0.927452      0.916584      0.006493  0.004    41     0     7
(Ocean BT pre-step halo updates)      1776      5.004371      6.059276      5.653701      0.348383  0.027    41     0     7
(Ocean BT stepping calcs only)         888      0.391135      0.414024      0.402234      0.008346  0.002    41     0     7
(Ocean BT stepping halo updates)       444      0.505889      0.605282      0.555290      0.047719  0.003    41     0     7
(Ocean BT post-calcs only)            1332      0.160083      0.163891      0.162104      0.001572  0.001    41     0     7
(Ocean BT post-step halo updates       888      0.884942      0.926822      0.906542      0.015126  0.004    41     0     7
(Ocean BT global synch)                  0      0.000000      0.000000      0.000000      0.000000  0.000    41     0     7
(Ocean Coriolis & mom advection)       444      7.247088      7.705895      7.486378      0.199339  0.036    31     0     7
(Ocean continuity equation)            666      6.091809      6.572832      6.335211      0.162423  0.030    31     0     7
(Ocean pressure force)                 222      1.732960      1.843408      1.791521      0.039123  0.009    31     0     7
(Ocean vertical viscosity)             666      6.875149      7.049512      6.982566      0.058451  0.033    31     0     7
(Ocean horizontal viscosity)           222      6.569316      6.979122      6.795604      0.165922  0.032    31     0     7
(Ocean momentum increments)            444      0.135169      0.140423      0.137324      0.001730  0.001    31     0     7
(Ocean message passing)               1998      5.704809      6.719203      6.217959      0.383854  0.030    31     0     7
(Ocean barotropic mode calc)           444      0.035369      0.039783      0.036765      0.001246  0.000    31     0     7
(Ocean barotropic mode stepping)       444      8.126902      9.241348      8.811003      0.370993  0.042    31     0     7
(Ocean barotropic forcing calc)        444      0.141495      0.144381      0.142762      0.000933  0.001    31     0     7
(Ocean advect tracer)                    0      0.000000      0.000000      0.000000      0.000000  0.000    31     0     7
(Ocean tracer halo updates)              0      0.000000      0.000000      0.000000      0.000000  0.000    41     0     7
(Ocean tracer global synch)              0      0.000000      0.000000      0.000000      0.000000  0.000    41     0     7
(Ocean diffuse tracer)                   0      0.000000      0.000000      0.000000      0.000000  0.000    31     0     7
(Ocean epipycnal diffuse tracer)         0      0.000000      0.000000      0.000000      0.000000  0.000    31     0     7
(Ocean surface forcing)                 75      0.005388      0.006498      0.005817      0.000291  0.000    31     0     7
(Ocean forcing diagnostics)            148      0.000186      0.000338      0.000261      0.000063  0.000    41     0     7
 MPP_STACK high water mark=            0
