NOTE from PE     0: MPP_DOMAINS_SET_STACK_SIZE: stack size set to    32768.
NOTE from PE     0: MPP_DOMAINS_SET_STACK_SIZE: stack size set to  4000000.
NOTE from PE     0: ======== Model being driven by MOM_driver ========
NOTE from PE     0: callTree: o Program MOM_main, MOM_driver.F90
 MOM_domains_mod OMPthreading             1            0            1
NOTE from PE     0: fms_affinity_set: OCEAN affinity assumes hyper-threading hardware disabled
 MOM_domains_mod OMPthreading             0            0            1
NOTE from PE     0: open_param_file: MOM_input has been opened successfully.
 MOM_domains_mod OMPthreading             0            0            1
 MOM_domains_mod OMPthreading             1            0            1
 MOM_domains_mod OMPthreading             0            0            1
 MOM_domains_mod OMPthreading             0            0            1
 MOM_domains_mod OMPthreading             1            0            1
 MOM_domains_mod OMPthreading             1            0            1
NOTE from PE     0: open_param_file: MOM_override has been opened successfully.
 MOM_domains_mod OMPthreading             1            0            1
 MOM_domains_mod OMPthreading             1            0            1
 MOM_domains_mod OMPthreading             1            0            1
 MOM_domains_mod OMPthreading             1            0            1
 MOM_domains_mod OMPthreading             0            0            1
 MOM_domains_mod OMPthreading             0            0            1
 MOM_domains_mod OMPthreading             0            0            1

WARNING from PE     0: MOM_file_parser : DT over-ridden.  Line: 'DT = 600' in file MOM_override.


WARNING from PE     0: MOM_file_parser : DT_THERM over-ridden.  Line: 'DT_THERM = 1200' in file MOM_override.

NOTE from PE     0: fms_affinity_set: OCEAN affinity assumes hyper-threading hardware disabled
 MOM_domains_mod OMPthreading             0            0            1

WARNING from PE     0: MOM_file_parser : NIGLOBAL over-ridden.  Line: 'NIGLOBAL = 64' in file MOM_override.


WARNING from PE     0: MOM_file_parser : NJGLOBAL over-ridden.  Line: 'NJGLOBAL = 32' in file MOM_override.

 MOM_in domain decomposition
whalo =    4, ehalo =    4, shalo =    4, nhalo =    4
  X-AXIS =   16  16  16  16
  Y-AXIS =   16  16
 MOM_inc domain decomposition
whalo =    2, ehalo =    2, shalo =    2, nhalo =    2
  X-AXIS =    8   8   8   8
  Y-AXIS =    8   8
NOTE from PE     0: diag_manager_mod::diag_manager_init: prepend_date only supported when diag_manager_init is called with time_init present.
NOTE from PE     0: diag_manager_mod::diag_manager_init: You are using the legacy version of the diag table
 MOM_in domain decomposition
whalo =    4, ehalo =    4, shalo =    4, nhalo =    4
  X-AXIS =   16  16  16  16
  Y-AXIS =   16  16
 MOM_in domain decomposition
whalo =    2, ehalo =    2, shalo =    2, nhalo =    2
  X-AXIS =    8   8   8   8
  Y-AXIS =    8   8

WARNING from PE     0: MOM_file_parser : NK over-ridden.  Line: 'NK = 100' in file MOM_override.

 MOM_in domain decomposition
whalo =    4, ehalo =    4, shalo =    4, nhalo =    4
  X-AXIS =   16  16  16  16
  Y-AXIS =   16  16
 MOM_in domain decomposition
whalo =    2, ehalo =    2, shalo =    2, nhalo =    2
  X-AXIS =    8   8   8   8
  Y-AXIS =    8   8

WARNING from PE     0: Open_file is appending .nc to the filename ./ocean_geometry


WARNING from PE     0: MOM_file_parser : COORD_CONFIG over-ridden.  Line: 'COORD_CONFIG = "linear"' in file MOM_override.

 MOM_in domain decomposition
whalo =    4, ehalo =    4, shalo =    4, nhalo =    4
  X-AXIS =   16  16  16  16
  Y-AXIS =   16  16
 MOM_in domain decomposition
whalo =    2, ehalo =    2, shalo =    2, nhalo =    2
  X-AXIS =    8   8   8   8
  Y-AXIS =    8   8
 MOM_in domain decomposition
whalo =    4, ehalo =    4, shalo =    4, nhalo =    4
  X-AXIS =   16  16  16  16
  Y-AXIS =   16  16
 MOM_in domain decomposition
whalo =    2, ehalo =    2, shalo =    2, nhalo =    2
  X-AXIS =    8   8   8   8
  Y-AXIS =    8   8

WARNING from PE     0: ./Depth_list.nc checksums do not match; updating file.


WARNING from PE     0: MOM_file_parser : DT_FORCING over-ridden.  Line: 'DT_FORCING = 1200' in file MOM_override.


WARNING from PE     0: MOM_file_parser : DAYMAX over-ridden.  Line: 'DAYMAX = 150' in file MOM_override.


WARNING from PE     0: Unused line in MOM_input : GINT = 0.0098


WARNING from PE     0: open_ASCII_file: File ./CPU_stats opened WRITEONLY already exists!


WARNING from PE     0: open_ASCII_file: File ./ocean.stats opened WRITEONLY already exists!

MOM Time       0.000      0: En 9.139696E-12, MaxCFL  0.00000, Mass 5.287973820617E+18
    Total Energy: 41870BB74E3AA8F6  4.8330473778642580E+07
    Total Mass:   5.2879738206166886E+18, Change:   0.0000000000000000E+00 Error:  0.00000E+00 ( 0.0E+00)
MOM Time      50.000     50: En 7.975875E-05, MaxCFL  0.00128, Mass 5.287973820617E+18
    Total Energy: 42F7F97281B1A271  4.2176216636471106E+14
    Total Mass:   5.2879738206166886E+18, Change:  -3.8694856253043724E+01 Error: -3.86949E+01 (-7.3E-18)
MOM Time     100.000    100: En 2.355779E-05, MaxCFL  0.00105, Mass 5.287973820617E+18
    Total Energy: 42DC5319E5F2DAA6  1.2457296945444259E+14
    Total Mass:   5.2879738206166886E+18, Change:  -1.3485470417674151E+01 Error: -1.34855E+01 (-2.6E-18)
 MOM_in domain decomposition
whalo =    4, ehalo =    4, shalo =    4, nhalo =    4
  X-AXIS =   16  16  16  16
  Y-AXIS =   16  16
 MOM_in domain decomposition
whalo =    2, ehalo =    2, shalo =    2, nhalo =    2
  X-AXIS =    8   8   8   8
  Y-AXIS =    8   8
 MOM_in domain decomposition
whalo =    4, ehalo =    4, shalo =    4, nhalo =    4
  X-AXIS =   16  16  16  16
  Y-AXIS =   16  16
 MOM_in domain decomposition
whalo =    2, ehalo =    2, shalo =    2, nhalo =    2
  X-AXIS =    8   8   8   8
  Y-AXIS =    8   8
MOM Time     150.000    150: En 5.690616E-05, MaxCFL  0.00134, Mass 5.287973820617E+18
    Total Energy: 42F11AEFE0A1C513  3.0091826076782519E+14
    Total Mass:   5.2879738206166886E+18, Change:   4.1552273254152396E+00 Error:  4.15523E+00 ( 7.9E-19)
 MOM_in domain decomposition
whalo =    4, ehalo =    4, shalo =    4, nhalo =    4
  X-AXIS =   16  16  16  16
  Y-AXIS =   16  16
 MOM_in domain decomposition
whalo =    2, ehalo =    2, shalo =    2, nhalo =    2
  X-AXIS =    8   8   8   8
  Y-AXIS =    8   8

WARNING from PE     0: open_ASCII_file: File RESTART/ocean_solo.res opened WRITEONLY already exists!


WARNING from PE     0: open_ASCII_file: File exitcode opened WRITEONLY already exists!

 MPP_DOMAINS_STACK high water mark=       106400

Tabulating mpp_clock statistics across      8 PEs...

                                      hits          tmin          tmax          tavg          tstd  tfrac grain pemin pemax
Total runtime                            1     18.360931     18.379877     18.368159      0.007892  0.999     0     0     7
Initialization                           1      0.271257      0.289786      0.278312      0.007590  0.015     0     0     7
Main loop                                1     18.019015     18.019653     18.019563      0.000207  0.980     0     0     7
Termination                              1      0.069177      0.069415      0.069383      0.000078  0.004     0     0     7
Ocean Initialization                     2      0.267092      0.300664      0.283943      0.011898  0.015    11     0     7
Ocean                                   75     17.637588     17.639012     17.638474      0.000576  0.960     1     0     7
Ocean dynamics                         300     17.165573     17.234316     17.200536      0.030911  0.936    11     0     7
Ocean thermodynamics and tracers       225      0.011518      0.012089      0.011739      0.000173  0.001    11     0     7
Ocean grid generation and remapp         0      0.000000      0.000000      0.000000      0.000000  0.000    11     0     7
Ocean Other                            450      0.191750      0.244051      0.208567      0.020315  0.011    11     0     7
(Ocean tracer advection)               150      0.009786      0.010053      0.009910      0.000103  0.001    21     0     7
(Ocean adiabatic driver)                75      0.001624      0.001988      0.001787      0.000102  0.000    21     0     7
(Ocean continuity equation *)            0      0.000000      0.000000      0.000000      0.000000  0.000    31     0     7
(Ocean set BBL viscosity)               75      0.026020      0.032244      0.030141      0.002272  0.002    31     0     7
(Ocean message passing *)              150      0.338993      0.410622      0.376469      0.031498  0.020    31     0     7
(Ocean MOM_initialize_state)             2      0.008257      0.012624      0.008898      0.001409  0.000    31     0     7
(Ocean init message passing *)           2      0.004103      0.005207      0.004722      0.000405  0.000    41     0     7
(Ocean mixed layer restrat)              0      0.000000      0.000000      0.000000      0.000000  0.000    31     0     7
(Ocean collective diagnostics)         375      0.004836      0.005412      0.005069      0.000213  0.000    31     0     7
(Ocean Z-space diagnostics)              0      0.000000      0.000000      0.000000      0.000000  0.000    31     0     7
(Ocean ALE)                              0      0.000000      0.000000      0.000000      0.000000  0.000    31     0     7
(Stochastic EOS)                       150      0.000008      0.000009      0.000009      0.000000  0.000    31     0     7
(SGS Temperature Variance)             150      0.000006      0.000006      0.000006      0.000000  0.000    31     0     7
(Ocean diagnostics framework)            0      0.000000      0.000000      0.000000      0.000000  0.000    31     0     7
(Ocean diagnostics remapping)            0      0.000000      0.000000      0.000000      0.000000  0.000    41     0     7
(Ocean diagnostics grid updates)       526      0.022062      0.022273      0.022181      0.000070  0.001    41     0     7
(Ocean init message passing)             4      0.002893      0.005333      0.004074      0.001125  0.000    41     0     7
(Ocean continuity reconstruction       902      0.033893      0.035810      0.034868      0.000756  0.002    41     0     7
(Ocean continuity update)              902      0.010129      0.010770      0.010462      0.000247  0.001    41     0     7
(Ocean continuity correction)          902      0.534217      0.595397      0.561484      0.020485  0.031    41     0     7
(Ocean BT pre-calcs only)             1200      0.192739      0.201912      0.197347      0.003487  0.011    41     0     7
(Ocean BT pre-step halo updates)      1200      3.226776      3.657418      3.464527      0.175010  0.188    41     0     7
(Ocean BT stepping calcs only)         600      0.195153      0.209078      0.201713      0.005741  0.011    41     0     7
(Ocean BT stepping halo updates)       300      0.332587      0.400932      0.366692      0.031327  0.020    41     0     7
(Ocean BT post-calcs only)             900      0.017579      0.018788      0.018138      0.000480  0.001    41     0     7
(Ocean BT post-step halo updates       600      0.540146      0.564907      0.551523      0.009557  0.030    41     0     7
(Ocean BT global synch)                  0      0.000000      0.000000      0.000000      0.000000  0.000    41     0     7
(Ocean Coriolis & mom advection)       300      4.239298      4.534307      4.391206      0.121202  0.239    31     0     7
(Ocean continuity equation)            450      0.584617      0.646525      0.611320      0.020842  0.033    31     0     7
(Ocean pressure force)                 150      0.830212      0.888570      0.860658      0.023065  0.047    31     0     7
(Ocean vertical viscosity)             450      1.091116      1.160569      1.115604      0.022266  0.061    31     0     7
(Ocean horizontal viscosity)           150      3.736349      4.013786      3.875734      0.107257  0.211    31     0     7
(Ocean momentum increments)            300      0.007194      0.007609      0.007390      0.000150  0.000    31     0     7
(Ocean message passing)               1350      1.282611      1.442683      1.367155      0.071505  0.074    31     0     7
(Ocean barotropic mode calc)           300      0.007378      0.007668      0.007531      0.000088  0.000    31     0     7
(Ocean barotropic mode stepping)       300      4.605993      5.023106      4.814343      0.169739  0.262    31     0     7
(Ocean barotropic forcing calc)        300      0.006373      0.006787      0.006607      0.000145  0.000    31     0     7
(Ocean advect tracer)                    0      0.000000      0.000000      0.000000      0.000000  0.000    31     0     7
(Ocean tracer halo updates)              0      0.000000      0.000000      0.000000      0.000000  0.000    41     0     7
(Ocean tracer global synch)              0      0.000000      0.000000      0.000000      0.000000  0.000    41     0     7
(Ocean diffuse tracer)                   0      0.000000      0.000000      0.000000      0.000000  0.000    31     0     7
(Ocean epipycnal diffuse tracer)         0      0.000000      0.000000      0.000000      0.000000  0.000    31     0     7
(Ocean surface forcing)                 76      0.001542      0.014261      0.004851      0.005397  0.000    31     0     7
(Ocean forcing diagnostics)            150      0.000125      0.000297      0.000207      0.000075  0.000    41     0     7
 MPP_STACK high water mark=            0
