NOTE from PE     0: MPP_DOMAINS_SET_STACK_SIZE: stack size set to    32768.
NOTE from PE     0: MPP_DOMAINS_SET_STACK_SIZE: stack size set to  4000000.
NOTE from PE     0: ======== Model being driven by MOM_driver ========
NOTE from PE     0: callTree: o Program MOM_main, MOM_driver.F90
 MOM_domains_mod OMPthreading             1            0            1
NOTE from PE     0: fms_affinity_set: OCEAN affinity assumes hyper-threading hardware disabled
 MOM_domains_mod OMPthreading             0            0            1
 MOM_domains_mod OMPthreading             0            0            1
 MOM_domains_mod OMPthreading             1            0            1
NOTE from PE     0: open_param_file: MOM_input has been opened successfully.
NOTE from PE     0: open_param_file: MOM_override has been opened successfully.
 MOM_domains_mod OMPthreading             0            0            1
 MOM_domains_mod OMPthreading             1            0            1
 MOM_domains_mod OMPthreading             1            0            1

WARNING from PE     0: MOM_file_parser : DT over-ridden.  Line: 'DT = 150' in file MOM_override.


WARNING from PE     0: MOM_file_parser : DT_THERM over-ridden.  Line: 'DT_THERM = 300' in file MOM_override.

NOTE from PE     0: fms_affinity_set: OCEAN affinity assumes hyper-threading hardware disabled
 MOM_domains_mod OMPthreading             0            0            1

WARNING from PE     0: MOM_file_parser : NIGLOBAL over-ridden.  Line: 'NIGLOBAL = 256' in file MOM_override.


WARNING from PE     0: MOM_file_parser : NJGLOBAL over-ridden.  Line: 'NJGLOBAL = 128' in file MOM_override.

 MOM_in domain decomposition
whalo =    4, ehalo =    4, shalo =    4, nhalo =    4
  X-AXIS =  128 128
  Y-AXIS =   64  64
 MOM_inc domain decomposition
whalo =    2, ehalo =    2, shalo =    2, nhalo =    2
  X-AXIS =   64  64
  Y-AXIS =   32  32
NOTE from PE     0: diag_manager_mod::diag_manager_init: prepend_date only supported when diag_manager_init is called with time_init present.
NOTE from PE     0: diag_manager_mod::diag_manager_init: You are using the legacy version of the diag table
 MOM_in domain decomposition
whalo =    4, ehalo =    4, shalo =    4, nhalo =    4
  X-AXIS =  128 128
  Y-AXIS =   64  64
 MOM_in domain decomposition
whalo =    2, ehalo =    2, shalo =    2, nhalo =    2
  X-AXIS =   64  64
  Y-AXIS =   32  32

WARNING from PE     0: MOM_file_parser : NK over-ridden.  Line: 'NK = 100' in file MOM_override.

 MOM_in domain decomposition
whalo =    4, ehalo =    4, shalo =    4, nhalo =    4
  X-AXIS =  128 128
  Y-AXIS =   64  64
 MOM_in domain decomposition
whalo =    2, ehalo =    2, shalo =    2, nhalo =    2
  X-AXIS =   64  64
  Y-AXIS =   32  32

WARNING from PE     0: Open_file is appending .nc to the filename ./ocean_geometry


WARNING from PE     0: MOM_file_parser : COORD_CONFIG over-ridden.  Line: 'COORD_CONFIG = "linear"' in file MOM_override.

 MOM_in domain decomposition
whalo =    4, ehalo =    4, shalo =    4, nhalo =    4
  X-AXIS =  128 128
  Y-AXIS =   64  64
 MOM_in domain decomposition
whalo =    2, ehalo =    2, shalo =    2, nhalo =    2
  X-AXIS =   64  64
  Y-AXIS =   32  32
 MOM_in domain decomposition
whalo =    4, ehalo =    4, shalo =    4, nhalo =    4
  X-AXIS =  128 128
  Y-AXIS =   64  64
 MOM_in domain decomposition
whalo =    2, ehalo =    2, shalo =    2, nhalo =    2
  X-AXIS =   64  64
  Y-AXIS =   32  32

WARNING from PE     0: ./Depth_list.nc checksums do not match; updating file.


WARNING from PE     0: MOM_file_parser : DT_FORCING over-ridden.  Line: 'DT_FORCING = 300' in file MOM_override.


WARNING from PE     0: MOM_file_parser : DAYMAX over-ridden.  Line: 'DAYMAX = 150' in file MOM_override.


WARNING from PE     0: Unused line in MOM_input : GINT = 0.0098


WARNING from PE     0: open_ASCII_file: File ./CPU_stats opened WRITEONLY already exists!


WARNING from PE     0: open_ASCII_file: File ./ocean.stats opened WRITEONLY already exists!

MOM Time       0.000      0: En 9.166220E-12, MaxCFL  0.00000, Mass 5.286507716715E+18
    Total Energy: 41871B327A267CD1  4.8457295268792756E+07
    Total Mass:   5.2865077167146557E+18, Change:   0.0000000000000000E+00 Error:  0.00000E+00 ( 0.0E+00)
MOM Time      50.000     50: En 1.299121E-05, MaxCFL  0.00126, Mass 5.286507716715E+18
    Total Energy: 42CF3B2F68467E60  6.8678117788924750E+13
    Total Mass:   5.2865077167146557E+18, Change:   2.1975808844383682E+01 Error:  2.19758E+01 ( 4.2E-18)
MOM Time     100.000    100: En 4.033907E-05, MaxCFL  0.00184, Mass 5.286507716715E+18
    Total Energy: 42E83E7939F7FCDF  2.1325280704919097E+14
    Total Mass:   5.2865077167146557E+18, Change:  -3.4183497331743524E+00 Error: -3.41835E+00 (-6.5E-19)
 MOM_in domain decomposition
whalo =    4, ehalo =    4, shalo =    4, nhalo =    4
  X-AXIS =  128 128
  Y-AXIS =   64  64
 MOM_in domain decomposition
whalo =    2, ehalo =    2, shalo =    2, nhalo =    2
  X-AXIS =   64  64
  Y-AXIS =   32  32
 MOM_in domain decomposition
whalo =    4, ehalo =    4, shalo =    4, nhalo =    4
  X-AXIS =  128 128
  Y-AXIS =   64  64
 MOM_in domain decomposition
whalo =    2, ehalo =    2, shalo =    2, nhalo =    2
  X-AXIS =   64  64
  Y-AXIS =   32  32
MOM Time     150.000    150: En 6.648018E-05, MaxCFL  0.00167, Mass 5.286507716715E+18
    Total Energy: 42F3FA3DC20E7723  3.5144798207371419E+14
    Total Mass:   5.2865077167146557E+18, Change:  -3.6027968909208195E+00 Error: -3.60280E+00 (-6.8E-19)
 MOM_in domain decomposition
whalo =    4, ehalo =    4, shalo =    4, nhalo =    4
  X-AXIS =  128 128
  Y-AXIS =   64  64
 MOM_in domain decomposition
whalo =    2, ehalo =    2, shalo =    2, nhalo =    2
  X-AXIS =   64  64
  Y-AXIS =   32  32

WARNING from PE     0: open_ASCII_file: File RESTART/ocean_solo.res opened WRITEONLY already exists!


WARNING from PE     0: open_ASCII_file: File exitcode opened WRITEONLY already exists!

 MPP_DOMAINS_STACK high water mark=       389600

Tabulating mpp_clock statistics across      4 PEs...

                                      hits          tmin          tmax          tavg          tstd  tfrac grain pemin pemax
Total runtime                            1     22.555255     22.555270     22.555263      0.000007  1.000     0     0     3
Initialization                           1      0.633242      0.634011      0.633448      0.000326  0.028     0     0     3
Main loop                                1     20.955016     20.955581     20.955434      0.000242  0.929     0     0     3
Termination                              1      0.964262      0.964493      0.964434      0.000099  0.043     0     0     3
Ocean Initialization                     2      0.666624      0.671650      0.667912      0.002159  0.030    11     0     3
Ocean                                   75     18.919949     18.921416     18.920572      0.000532  0.839     1     0     3
Ocean dynamics                         300     16.819454     16.904936     16.862201      0.041092  0.748    11     0     3
Ocean thermodynamics and tracers       225      0.150221      0.158287      0.155364      0.003209  0.007    11     0     3
Ocean grid generation and remapp         0      0.000000      0.000000      0.000000      0.000000  0.000    11     0     3
Ocean Other                            450      0.576585      0.776836      0.645183      0.078746  0.029    11     0     3
(Ocean tracer advection)               150      0.128023      0.129500      0.128778      0.000670  0.006    21     0     3
(Ocean adiabatic driver)                75      0.020637      0.030013      0.026513      0.003811  0.001    21     0     3
(Ocean continuity equation *)            0      0.000000      0.000000      0.000000      0.000000  0.000    31     0     3
(Ocean set BBL viscosity)               75      0.068183      0.079774      0.071656      0.004711  0.003    31     0     3
(Ocean message passing *)              150      0.872863      1.032221      0.970657      0.059341  0.043    31     0     3
(Ocean MOM_initialize_state)             2      0.017548      0.022089      0.018721      0.001945  0.001    31     0     3
(Ocean init message passing *)           2      0.009705      0.009872      0.009783      0.000060  0.000    41     0     3
(Ocean mixed layer restrat)              0      0.000000      0.000000      0.000000      0.000000  0.000    31     0     3
(Ocean collective diagnostics)         375      0.079263      0.304695      0.152549      0.090636  0.007    31     0     3
(Ocean Z-space diagnostics)              0      0.000000      0.000000      0.000000      0.000000  0.000    31     0     3
(Ocean ALE)                              0      0.000000      0.000000      0.000000      0.000000  0.000    31     0     3
(Stochastic EOS)                       150      0.000011      0.000013      0.000012      0.000001  0.000    31     0     3
(SGS Temperature Variance)             150      0.000006      0.000006      0.000006      0.000000  0.000    31     0     3
(Ocean diagnostics framework)            0      0.000000      0.000000      0.000000      0.000000  0.000    31     0     3
(Ocean diagnostics remapping)            0      0.000000      0.000000      0.000000      0.000000  0.000    41     0     3
(Ocean diagnostics grid updates)       526      0.388670      0.396661      0.391962      0.003269  0.017    41     0     3
(Ocean init message passing)             4      0.014391      0.017977      0.016273      0.001450  0.001    41     0     3
(Ocean continuity reconstruction       902      0.061060      0.062554      0.061823      0.000717  0.003    41     0     3
(Ocean continuity update)              902      0.017422      0.018333      0.018005      0.000350  0.001    41     0     3
(Ocean continuity correction)          902      1.157573      1.267921      1.218976      0.040444  0.054    41     0     3
(Ocean BT pre-calcs only)             1200      0.232877      0.246409      0.239897      0.006023  0.011    41     0     3
(Ocean BT pre-step halo updates)      1200      2.016643      2.466985      2.239274      0.202791  0.099    41     0     3
(Ocean BT stepping calcs only)         600      0.207766      0.219392      0.213631      0.005359  0.009    41     0     3
(Ocean BT stepping halo updates)       300      0.201330      0.205033      0.203256      0.001662  0.009    41     0     3
(Ocean BT post-calcs only)             900      0.023158      0.023972      0.023519      0.000342  0.001    41     0     3
(Ocean BT post-step halo updates       600      0.344933      0.353738      0.349584      0.003935  0.015    41     0     3
(Ocean BT global synch)                  0      0.000000      0.000000      0.000000      0.000000  0.000    41     0     3
(Ocean Coriolis & mom advection)       300      4.344229      4.683639      4.513483      0.152952  0.200    31     0     3
(Ocean continuity equation)            450      1.274203      1.378682      1.331501      0.037808  0.059    31     0     3
(Ocean pressure force)                 150      0.910944      0.964810      0.937924      0.025902  0.042    31     0     3
(Ocean vertical viscosity)             450      0.594125      0.666534      0.626985      0.031262  0.028    31     0     3
(Ocean horizontal viscosity)           150      3.854611      4.114623      3.991695      0.122156  0.177    31     0     3
(Ocean momentum increments)            300      0.012373      0.012654      0.012512      0.000138  0.001    31     0     3
(Ocean message passing)               1350      0.992295      1.081496      1.035474      0.041494  0.046    31     0     3
(Ocean barotropic mode calc)           300      0.009356      0.009690      0.009516      0.000146  0.000    31     0     3
(Ocean barotropic mode stepping)       300      3.083171      3.508306      3.296627      0.189974  0.146    31     0     3
(Ocean barotropic forcing calc)        300      0.012588      0.012877      0.012726      0.000136  0.001    31     0     3
(Ocean advect tracer)                    0      0.000000      0.000000      0.000000      0.000000  0.000    31     0     3
(Ocean tracer halo updates)              0      0.000000      0.000000      0.000000      0.000000  0.000    41     0     3
(Ocean tracer global synch)              0      0.000000      0.000000      0.000000      0.000000  0.000    41     0     3
(Ocean diffuse tracer)                   0      0.000000      0.000000      0.000000      0.000000  0.000    31     0     3
(Ocean epipycnal diffuse tracer)         0      0.000000      0.000000      0.000000      0.000000  0.000    31     0     3
(Ocean surface forcing)                 76      0.002041      0.002795      0.002256      0.000314  0.000    31     0     3
(Ocean forcing diagnostics)            150      0.000132      0.000255      0.000195      0.000061  0.000    41     0     3
 MPP_STACK high water mark=            0
