NOTE from PE     0: MPP_DOMAINS_SET_STACK_SIZE: stack size set to    32768.
NOTE from PE     0: MPP_DOMAINS_SET_STACK_SIZE: stack size set to  4000000.
NOTE from PE     0: ======== Model being driven by MOM_driver ========
NOTE from PE     0: callTree: o Program MOM_main, MOM_driver.F90
 MOM_domains_mod OMPthreading             1            0            1
NOTE from PE     0: fms_affinity_set: OCEAN affinity assumes hyper-threading hardware disabled
 MOM_domains_mod OMPthreading             0            0            1
 MOM_domains_mod OMPthreading             0            0            1
 MOM_domains_mod OMPthreading             1            0            1
NOTE from PE     0: open_param_file: MOM_input has been opened successfully.
NOTE from PE     0: open_param_file: MOM_override has been opened successfully.
 MOM_domains_mod OMPthreading             1            0            1
 MOM_domains_mod OMPthreading             1            0            1
 MOM_domains_mod OMPthreading             0            0            1

WARNING from PE     0: MOM_file_parser : DT over-ridden.  Line: 'DT = 37' in file MOM_override.


WARNING from PE     0: MOM_file_parser : DT_THERM over-ridden.  Line: 'DT_THERM = 75' in file MOM_override.

NOTE from PE     0: fms_affinity_set: OCEAN affinity assumes hyper-threading hardware disabled
 MOM_domains_mod OMPthreading             0            0            1

WARNING from PE     0: MOM_file_parser : NIGLOBAL over-ridden.  Line: 'NIGLOBAL = 1024' in file MOM_override.


WARNING from PE     0: MOM_file_parser : NJGLOBAL over-ridden.  Line: 'NJGLOBAL = 512' in file MOM_override.

 MOM_in domain decomposition
whalo =    4, ehalo =    4, shalo =    4, nhalo =    4
  X-AXIS =  512 512
  Y-AXIS =  256 256
 MOM_inc domain decomposition
whalo =    2, ehalo =    2, shalo =    2, nhalo =    2
  X-AXIS =  256 256
  Y-AXIS =  128 128
NOTE from PE     0: diag_manager_mod::diag_manager_init: prepend_date only supported when diag_manager_init is called with time_init present.
NOTE from PE     0: diag_manager_mod::diag_manager_init: You are using the legacy version of the diag table
 MOM_in domain decomposition
whalo =    4, ehalo =    4, shalo =    4, nhalo =    4
  X-AXIS =  512 512
  Y-AXIS =  256 256
 MOM_in domain decomposition
whalo =    2, ehalo =    2, shalo =    2, nhalo =    2
  X-AXIS =  256 256
  Y-AXIS =  128 128

WARNING from PE     0: MOM_file_parser : NK over-ridden.  Line: 'NK = 100' in file MOM_override.

 MOM_in domain decomposition
whalo =    4, ehalo =    4, shalo =    4, nhalo =    4
  X-AXIS =  512 512
  Y-AXIS =  256 256
 MOM_in domain decomposition
whalo =    2, ehalo =    2, shalo =    2, nhalo =    2
  X-AXIS =  256 256
  Y-AXIS =  128 128

WARNING from PE     0: Open_file is appending .nc to the filename ./ocean_geometry


WARNING from PE     0: MOM_file_parser : COORD_CONFIG over-ridden.  Line: 'COORD_CONFIG = "linear"' in file MOM_override.

 MOM_in domain decomposition
whalo =    4, ehalo =    4, shalo =    4, nhalo =    4
  X-AXIS =  512 512
  Y-AXIS =  256 256
 MOM_in domain decomposition
whalo =    2, ehalo =    2, shalo =    2, nhalo =    2
  X-AXIS =  256 256
  Y-AXIS =  128 128
 MOM_in domain decomposition
whalo =    4, ehalo =    4, shalo =    4, nhalo =    4
  X-AXIS =  512 512
  Y-AXIS =  256 256
 MOM_in domain decomposition
whalo =    2, ehalo =    2, shalo =    2, nhalo =    2
  X-AXIS =  256 256
  Y-AXIS =  128 128

WARNING from PE     0: ./Depth_list.nc checksums do not match; updating file.


WARNING from PE     0: MOM_file_parser : DT_FORCING over-ridden.  Line: 'DT_FORCING = 75' in file MOM_override.


WARNING from PE     0: MOM_file_parser : DAYMAX over-ridden.  Line: 'DAYMAX = 150' in file MOM_override.


WARNING from PE     0: Unused line in MOM_input : GINT = 0.0098


WARNING from PE     0: open_ASCII_file: File ./CPU_stats opened WRITEONLY already exists!


WARNING from PE     0: open_ASCII_file: File ./ocean.stats opened WRITEONLY already exists!

MOM Time       0.000      0: En 9.167888E-12, MaxCFL  0.00000, Mass 5.286414704261E+18
    Total Energy: 41871C2B47CED3B5  4.8465256975989737E+07
    Total Mass:   5.2864147042613893E+18, Change:   0.0000000000000000E+00 Error:  0.00000E+00 ( 0.0E+00)
MOM Time      50.676     75: En 9.561082E-07, MaxCFL  0.00036, Mass 5.286414704261E+18
    Total Energy: 429263431CDC0BD4  5.0543842567709570E+12
    Total Mass:   5.2864147042613893E+18, Change:   1.8803326967804978E+01 Error:  1.88033E+01 ( 3.6E-18)
MOM Time      99.324    147: En 3.499934E-06, MaxCFL  0.00068, Mass 5.286414704261E+18
    Total Energy: 42B0D3DB4847D81F  1.8502103091160121E+13
    Total Mass:   5.2864147042613893E+18, Change:   1.8635493501689782E+00 Error:  1.86355E+00 ( 3.5E-19)
 MOM_in domain decomposition
whalo =    4, ehalo =    4, shalo =    4, nhalo =    4
  X-AXIS =  512 512
  Y-AXIS =  256 256
 MOM_in domain decomposition
whalo =    2, ehalo =    2, shalo =    2, nhalo =    2
  X-AXIS =  256 256
  Y-AXIS =  128 128
 MOM_in domain decomposition
whalo =    4, ehalo =    4, shalo =    4, nhalo =    4
  X-AXIS =  512 512
  Y-AXIS =  256 256
 MOM_in domain decomposition
whalo =    2, ehalo =    2, shalo =    2, nhalo =    2
  X-AXIS =  256 256
  Y-AXIS =  128 128
MOM Time     150.000    222: En 7.572478E-06, MaxCFL  0.00098, Mass 5.286414704261E+18
    Total Energy: 42C23440762529B2  4.0031258167891391E+13
    Total Mass:   5.2864147042613893E+18, Change:   5.0541591161998811E-01 Error:  5.05416E-01 ( 9.6E-20)
 MOM_in domain decomposition
whalo =    4, ehalo =    4, shalo =    4, nhalo =    4
  X-AXIS =  512 512
  Y-AXIS =  256 256
 MOM_in domain decomposition
whalo =    2, ehalo =    2, shalo =    2, nhalo =    2
  X-AXIS =  256 256
  Y-AXIS =  128 128

WARNING from PE     0: open_ASCII_file: File RESTART/ocean_solo.res opened WRITEONLY already exists!


WARNING from PE     0: open_ASCII_file: File exitcode opened WRITEONLY already exists!

 MPP_DOMAINS_STACK high water mark=      1541600

Tabulating mpp_clock statistics across      4 PEs...

                                      hits          tmin          tmax          tavg          tstd  tfrac grain pemin pemax
Total runtime                            1    152.852133    152.852157    152.852145      0.000011  1.000     0     0     3
Initialization                           1      5.754385      5.755305      5.754628      0.000391  0.038     0     0     3
Main loop                                1    127.802251    127.803894    127.802820      0.000634  0.836     0     0     3
Termination                              1     19.284662     19.287150     19.286391      0.001005  0.126     0     0     3
Ocean Initialization                     2      6.303451      6.322645      6.309091      0.007858  0.041    11     0     3
Ocean                                   74     89.241788     89.247319     89.244245      0.002357  0.584     1     0     3
Ocean dynamics                         444     60.731182     61.096357     60.872520      0.142913  0.398    11     0     3
Ocean thermodynamics and tracers       222      5.381750      5.420720      5.400645      0.013944  0.035    11     0     3
Ocean grid generation and remapp         0      0.000000      0.000000      0.000000      0.000000  0.000    11     0     3
Ocean Other                            518     10.666848     10.746486     10.700453      0.033027  0.070    11     0     3
(Ocean tracer advection)               148      1.748191      1.765770      1.753651      0.007134  0.011    21     0     3
(Ocean adiabatic driver)                74      3.629775      3.654816      3.646866      0.010133  0.024    21     0     3
(Ocean continuity equation *)            0      0.000000      0.000000      0.000000      0.000000  0.000    31     0     3
(Ocean set BBL viscosity)               74      0.193599      0.195446      0.194353      0.000773  0.001    31     0     3
(Ocean message passing *)              148      3.438452      3.966350      3.746807      0.217808  0.025    31     0     3
(Ocean MOM_initialize_state)             2      0.112571      0.113897      0.113294      0.000522  0.001    31     0     3
(Ocean init message passing *)           2      0.037448      0.039890      0.038756      0.000918  0.000    41     0     3
(Ocean mixed layer restrat)              0      0.000000      0.000000      0.000000      0.000000  0.000    31     0     3
(Ocean collective diagnostics)         444      4.468610      4.522147      4.497472      0.019357  0.029    31     0     3
(Ocean Z-space diagnostics)              0      0.000000      0.000000      0.000000      0.000000  0.000    31     0     3
(Ocean ALE)                              0      0.000000      0.000000      0.000000      0.000000  0.000    31     0     3
(Stochastic EOS)                       222      0.000017      0.000019      0.000018      0.000001  0.000    31     0     3
(SGS Temperature Variance)             222      0.000009      0.000009      0.000009      0.000000  0.000    31     0     3
(Ocean diagnostics framework)            0      0.000000      0.000000      0.000000      0.000000  0.000    31     0     3
(Ocean diagnostics remapping)            0      0.000000      0.000000      0.000000      0.000000  0.000    41     0     3
(Ocean diagnostics grid updates)       741      8.030836      8.094526      8.058386      0.024427  0.053    41     0     3
(Ocean init message passing)             4      0.138207      0.238008      0.196443      0.042286  0.001    41     0     3
(Ocean continuity reconstruction      1334      0.640973      0.647717      0.644167      0.002625  0.004    41     0     3
(Ocean continuity update)             1334      0.178309      0.183020      0.180985      0.001916  0.001    41     0     3
(Ocean continuity correction)         1334      6.557968      6.934908      6.748744      0.137170  0.044    41     0     3
(Ocean BT pre-calcs only)             1776      0.912319      0.921618      0.916204      0.003906  0.006    41     0     3
(Ocean BT pre-step halo updates)      1776      3.055415      3.579305      3.329309      0.206701  0.022    41     0     3
(Ocean BT stepping calcs only)         888      0.308137      0.313919      0.311053      0.002153  0.002    41     0     3
(Ocean BT stepping halo updates)       444      0.306183      0.309617      0.307924      0.001584  0.002    41     0     3
(Ocean BT post-calcs only)            1332      0.158796      0.160638      0.159369      0.000747  0.001    41     0     3
(Ocean BT post-step halo updates       888      0.544370      0.549665      0.546857      0.002024  0.004    41     0     3
(Ocean BT global synch)                  0      0.000000      0.000000      0.000000      0.000000  0.000    41     0     3
(Ocean Coriolis & mom advection)       444      7.267749      7.650880      7.450292      0.177325  0.049    31     0     3
(Ocean continuity equation)            666      7.491287      7.861441      7.680276      0.135809  0.050    31     0     3
(Ocean pressure force)                 222      1.757860      1.823821      1.789942      0.031976  0.012    31     0     3
(Ocean vertical viscosity)             666      5.872864      5.922536      5.898168      0.018913  0.039    31     0     3
(Ocean horizontal viscosity)           222      6.653928      6.994450      6.818618      0.153711  0.045    31     0     3
(Ocean momentum increments)            444      0.130780      0.132578      0.131717      0.000660  0.001    31     0     3
(Ocean message passing)               1998      3.626089      4.029059      3.836702      0.183648  0.025    31     0     3
(Ocean barotropic mode calc)           444      0.036275      0.054101      0.045278      0.008594  0.000    31     0     3
(Ocean barotropic mode stepping)       444      5.532999      6.052240      5.802455      0.204546  0.038    31     0     3
(Ocean barotropic forcing calc)        444      0.140872      0.142263      0.141429      0.000576  0.001    31     0     3
(Ocean advect tracer)                    0      0.000000      0.000000      0.000000      0.000000  0.000    31     0     3
(Ocean tracer halo updates)              0      0.000000      0.000000      0.000000      0.000000  0.000    41     0     3
(Ocean tracer global synch)              0      0.000000      0.000000      0.000000      0.000000  0.000    41     0     3
(Ocean diffuse tracer)                   0      0.000000      0.000000      0.000000      0.000000  0.000    31     0     3
(Ocean epipycnal diffuse tracer)         0      0.000000      0.000000      0.000000      0.000000  0.000    31     0     3
(Ocean surface forcing)                 75      0.008088      0.008906      0.008544      0.000293  0.000    31     0     3
(Ocean forcing diagnostics)            148      0.000188      0.000239      0.000219      0.000020  0.000    41     0     3
 MPP_STACK high water mark=            0
