NOTE from PE     0: MPP_DOMAINS_SET_STACK_SIZE: stack size set to    32768.
NOTE from PE     0: MPP_DOMAINS_SET_STACK_SIZE: stack size set to  4000000.
NOTE from PE     0: ======== Model being driven by MOM_driver ========
NOTE from PE     0: callTree: o Program MOM_main, MOM_driver.F90
 MOM_domains_mod OMPthreading             1            0            1
NOTE from PE     0: fms_affinity_set: OCEAN affinity assumes hyper-threading hardware disabled
 MOM_domains_mod OMPthreading             0            0            1
 MOM_domains_mod OMPthreading             1            0            1
 MOM_domains_mod OMPthreading             0            0            1
NOTE from PE     0: open_param_file: MOM_input has been opened successfully.
NOTE from PE     0: open_param_file: MOM_override has been opened successfully.
 MOM_domains_mod OMPthreading             1            0            1
 MOM_domains_mod OMPthreading             1            0            1
 MOM_domains_mod OMPthreading             0            0            1

WARNING from PE     0: MOM_file_parser : DT over-ridden.  Line: 'DT = 150' in file MOM_override.


WARNING from PE     0: MOM_file_parser : DT_THERM over-ridden.  Line: 'DT_THERM = 300' in file MOM_override.

NOTE from PE     0: fms_affinity_set: OCEAN affinity assumes hyper-threading hardware disabled
 MOM_domains_mod OMPthreading             0            0            1

WARNING from PE     0: MOM_file_parser : NIGLOBAL over-ridden.  Line: 'NIGLOBAL = 256' in file MOM_override.


WARNING from PE     0: MOM_file_parser : NJGLOBAL over-ridden.  Line: 'NJGLOBAL = 256' in file MOM_override.

 MOM_in domain decomposition
whalo =    4, ehalo =    4, shalo =    4, nhalo =    4
  X-AXIS =  128 128
  Y-AXIS =  128 128
 MOM_inc domain decomposition
whalo =    2, ehalo =    2, shalo =    2, nhalo =    2
  X-AXIS =   64  64
  Y-AXIS =   64  64
NOTE from PE     0: diag_manager_mod::diag_manager_init: prepend_date only supported when diag_manager_init is called with time_init present.
NOTE from PE     0: diag_manager_mod::diag_manager_init: You are using the legacy version of the diag table
 MOM_in domain decomposition
whalo =    4, ehalo =    4, shalo =    4, nhalo =    4
  X-AXIS =  128 128
  Y-AXIS =  128 128
 MOM_in domain decomposition
whalo =    2, ehalo =    2, shalo =    2, nhalo =    2
  X-AXIS =   64  64
  Y-AXIS =   64  64

WARNING from PE     0: MOM_file_parser : NK over-ridden.  Line: 'NK = 100' in file MOM_override.

 MOM_in domain decomposition
whalo =    4, ehalo =    4, shalo =    4, nhalo =    4
  X-AXIS =  128 128
  Y-AXIS =  128 128
 MOM_in domain decomposition
whalo =    2, ehalo =    2, shalo =    2, nhalo =    2
  X-AXIS =   64  64
  Y-AXIS =   64  64

WARNING from PE     0: Open_file is appending .nc to the filename ./ocean_geometry


WARNING from PE     0: MOM_file_parser : COORD_CONFIG over-ridden.  Line: 'COORD_CONFIG = "linear"' in file MOM_override.

 MOM_in domain decomposition
whalo =    4, ehalo =    4, shalo =    4, nhalo =    4
  X-AXIS =  128 128
  Y-AXIS =  128 128
 MOM_in domain decomposition
whalo =    2, ehalo =    2, shalo =    2, nhalo =    2
  X-AXIS =   64  64
  Y-AXIS =   64  64
 MOM_in domain decomposition
whalo =    4, ehalo =    4, shalo =    4, nhalo =    4
  X-AXIS =  128 128
  Y-AXIS =  128 128
 MOM_in domain decomposition
whalo =    2, ehalo =    2, shalo =    2, nhalo =    2
  X-AXIS =   64  64
  Y-AXIS =   64  64

WARNING from PE     0: ./Depth_list.nc checksums do not match; updating file.


WARNING from PE     0: MOM_file_parser : DT_FORCING over-ridden.  Line: 'DT_FORCING = 300' in file MOM_override.


WARNING from PE     0: MOM_file_parser : DAYMAX over-ridden.  Line: 'DAYMAX = 150' in file MOM_override.


WARNING from PE     0: Unused line in MOM_input : GINT = 0.0098


WARNING from PE     0: open_ASCII_file: File ./CPU_stats opened WRITEONLY already exists!


WARNING from PE     0: open_ASCII_file: File ./ocean.stats opened WRITEONLY already exists!

MOM Time       0.000      0: En 9.167136E-12, MaxCFL  0.00000, Mass 5.286457540076E+18
    Total Energy: 41871BBB6CBE4AD6  4.8461677592916176E+07
    Total Mass:   5.2864575400760177E+18, Change:   0.0000000000000000E+00 Error:  0.00000E+00 ( 0.0E+00)
MOM Time      50.000     50: En 1.299125E-05, MaxCFL  0.00126, Mass 5.286457540076E+18
    Total Energy: 42CF3B228AE34090  6.8677686118017125E+13
    Total Mass:   5.2864575400760177E+18, Change:   2.3494412522268384E+01 Error:  2.34944E+01 ( 4.4E-18)
MOM Time     100.000    100: En 4.033843E-05, MaxCFL  0.00184, Mass 5.286457540076E+18
    Total Energy: 42E83E50EE1C7174  2.1324739856884363E+14
    Total Mass:   5.2864575400760177E+18, Change:   7.1716054848639743E-02 Error:  7.17161E-02 ( 1.4E-20)
 MOM_in domain decomposition
whalo =    4, ehalo =    4, shalo =    4, nhalo =    4
  X-AXIS =  128 128
  Y-AXIS =  128 128
 MOM_in domain decomposition
whalo =    2, ehalo =    2, shalo =    2, nhalo =    2
  X-AXIS =   64  64
  Y-AXIS =   64  64
 MOM_in domain decomposition
whalo =    4, ehalo =    4, shalo =    4, nhalo =    4
  X-AXIS =  128 128
  Y-AXIS =  128 128
 MOM_in domain decomposition
whalo =    2, ehalo =    2, shalo =    2, nhalo =    2
  X-AXIS =   64  64
  Y-AXIS =   64  64
MOM Time     150.000    150: En 6.647693E-05, MaxCFL  0.00207, Mass 5.286457540076E+18
    Total Energy: 42F3F9F1600EDE6A  3.5142747822026263E+14
    Total Mass:   5.2864575400760177E+18, Change:   5.3218839134091755E-01 Error:  5.32188E-01 ( 1.0E-19)
 MOM_in domain decomposition
whalo =    4, ehalo =    4, shalo =    4, nhalo =    4
  X-AXIS =  128 128
  Y-AXIS =  128 128
 MOM_in domain decomposition
whalo =    2, ehalo =    2, shalo =    2, nhalo =    2
  X-AXIS =   64  64
  Y-AXIS =   64  64

WARNING from PE     0: open_ASCII_file: File RESTART/ocean_solo.res opened WRITEONLY already exists!


WARNING from PE     0: open_ASCII_file: File exitcode opened WRITEONLY already exists!

 MPP_DOMAINS_STACK high water mark=       517600

Tabulating mpp_clock statistics across      4 PEs...

                                      hits          tmin          tmax          tavg          tstd  tfrac grain pemin pemax
Total runtime                            1     29.308327     29.308348     29.308337      0.000010  1.000     0     0     3
Initialization                           1      0.977540      0.978301      0.977750      0.000319  0.033     0     0     3
Main loop                                1     26.221888     26.222442     26.222298      0.000237  0.895     0     0     3
Termination                              1      2.106342      2.106564      2.106505      0.000094  0.072     0     0     3
Ocean Initialization                     2      1.038317      1.041671      1.039195      0.001430  0.035    11     0     3
Ocean                                   75     22.055022     22.056460     22.055557      0.000551  0.753     1     0     3
Ocean dynamics                         300     18.367945     18.460711     18.411592      0.035698  0.628    11     0     3
Ocean thermodynamics and tracers       225      0.291603      0.300060      0.295495      0.003050  0.010    11     0     3
Ocean grid generation and remapp         0      0.000000      0.000000      0.000000      0.000000  0.000    11     0     3
Ocean Other                            450      1.268999      1.415931      1.325630      0.059164  0.045    11     0     3
(Ocean tracer advection)               150      0.240551      0.245911      0.242581      0.002099  0.008    21     0     3
(Ocean adiabatic driver)                75      0.050490      0.054080      0.052834      0.001416  0.002    21     0     3
(Ocean continuity equation *)            0      0.000000      0.000000      0.000000      0.000000  0.000    31     0     3
(Ocean set BBL viscosity)               75      0.105452      0.140438      0.120702      0.013848  0.004    31     0     3
(Ocean message passing *)              150      1.275295      1.470232      1.348779      0.075301  0.046    31     0     3
(Ocean MOM_initialize_state)             2      0.022916      0.029989      0.024690      0.003060  0.001    31     0     3
(Ocean init message passing *)           2      0.012677      0.013054      0.012847      0.000154  0.000    41     0     3
(Ocean mixed layer restrat)              0      0.000000      0.000000      0.000000      0.000000  0.000    31     0     3
(Ocean collective diagnostics)         375      0.396123      0.556887      0.456036      0.066062  0.016    31     0     3
(Ocean Z-space diagnostics)              0      0.000000      0.000000      0.000000      0.000000  0.000    31     0     3
(Ocean ALE)                              0      0.000000      0.000000      0.000000      0.000000  0.000    31     0     3
(Stochastic EOS)                       150      0.000011      0.000016      0.000013      0.000002  0.000    31     0     3
(SGS Temperature Variance)             150      0.000006      0.000006      0.000006      0.000000  0.000    31     0     3
(Ocean diagnostics framework)            0      0.000000      0.000000      0.000000      0.000000  0.000    31     0     3
(Ocean diagnostics remapping)            0      0.000000      0.000000      0.000000      0.000000  0.000    41     0     3
(Ocean diagnostics grid updates)       526      0.731460      0.744502      0.737936      0.006372  0.025    41     0     3
(Ocean init message passing)             4      0.023302      0.028046      0.025808      0.001692  0.001    41     0     3
(Ocean continuity reconstruction       902      0.087730      0.089221      0.088687      0.000588  0.003    41     0     3
(Ocean continuity update)              902      0.024663      0.025533      0.025101      0.000314  0.001    41     0     3
(Ocean continuity correction)          902      1.302337      1.427389      1.374921      0.050588  0.047    41     0     3
(Ocean BT pre-calcs only)             1200      0.257761      0.264631      0.261742      0.002532  0.009    41     0     3
(Ocean BT pre-step halo updates)      1200      2.046995      2.389407      2.232626      0.155078  0.076    41     0     3
(Ocean BT stepping calcs only)         600      0.210654      0.218183      0.215383      0.002833  0.007    41     0     3
(Ocean BT stepping halo updates)       300      0.200845      0.204965      0.203257      0.001504  0.007    41     0     3
(Ocean BT post-calcs only)             900      0.028706      0.029426      0.029092      0.000292  0.001    41     0     3
(Ocean BT post-step halo updates       600      0.347083      0.352583      0.350099      0.002270  0.012    41     0     3
(Ocean BT global synch)                  0      0.000000      0.000000      0.000000      0.000000  0.000    41     0     3
(Ocean Coriolis & mom advection)       300      4.462293      4.736003      4.595436      0.122385  0.157    31     0     3
(Ocean continuity equation)            450      1.452241      1.574033      1.524789      0.050550  0.052    31     0     3
(Ocean pressure force)                 150      0.946095      0.995194      0.967790      0.021804  0.033    31     0     3
(Ocean vertical viscosity)             450      0.732160      0.783086      0.761030      0.018459  0.026    31     0     3
(Ocean horizontal viscosity)           150      3.939116      4.185584      4.051476      0.109141  0.138    31     0     3
(Ocean momentum increments)            300      0.018196      0.018494      0.018356      0.000121  0.001    31     0     3
(Ocean message passing)               1350      1.058493      1.158662      1.116417      0.038182  0.038    31     0     3
(Ocean barotropic mode calc)           300      0.010414      0.010743      0.010543      0.000136  0.000    31     0     3
(Ocean barotropic mode stepping)       300      3.143703      3.472670      3.320563      0.148835  0.113    31     0     3
(Ocean barotropic forcing calc)        300      0.019117      0.019768      0.019355      0.000250  0.001    31     0     3
(Ocean advect tracer)                    0      0.000000      0.000000      0.000000      0.000000  0.000    31     0     3
(Ocean tracer halo updates)              0      0.000000      0.000000      0.000000      0.000000  0.000    41     0     3
(Ocean tracer global synch)              0      0.000000      0.000000      0.000000      0.000000  0.000    41     0     3
(Ocean diffuse tracer)                   0      0.000000      0.000000      0.000000      0.000000  0.000    31     0     3
(Ocean epipycnal diffuse tracer)         0      0.000000      0.000000      0.000000      0.000000  0.000    31     0     3
(Ocean surface forcing)                 76      0.002131      0.002903      0.002338      0.000326  0.000    31     0     3
(Ocean forcing diagnostics)            150      0.000175      0.000236      0.000201      0.000023  0.000    41     0     3
 MPP_STACK high water mark=            0
