NOTE from PE     0: MPP_DOMAINS_SET_STACK_SIZE: stack size set to    32768.
NOTE from PE     0: MPP_DOMAINS_SET_STACK_SIZE: stack size set to  4000000.
NOTE from PE     0: ======== Model being driven by MOM_driver ========
NOTE from PE     0: callTree: o Program MOM_main, MOM_driver.F90
NOTE from PE     0: fms_affinity_set: OCEAN affinity assumes hyper-threading hardware disabled
 MOM_domains_mod OMPthreading             1            0            1
 MOM_domains_mod OMPthreading             0            0            1
 MOM_domains_mod OMPthreading             1            0            1
 MOM_domains_mod OMPthreading             0            0            1
NOTE from PE     0: open_param_file: MOM_input has been opened successfully.
NOTE from PE     0: open_param_file: MOM_override has been opened successfully.
 MOM_domains_mod OMPthreading             1            0            1
 MOM_domains_mod OMPthreading             1            0            1
 MOM_domains_mod OMPthreading             0            0            1

WARNING from PE     0: MOM_file_parser : DT over-ridden.  Line: 'DT = 600' in file MOM_override.


WARNING from PE     0: MOM_file_parser : DT_THERM over-ridden.  Line: 'DT_THERM = 1200' in file MOM_override.

NOTE from PE     0: fms_affinity_set: OCEAN affinity assumes hyper-threading hardware disabled
 MOM_domains_mod OMPthreading             0            0            1

WARNING from PE     0: MOM_file_parser : NIGLOBAL over-ridden.  Line: 'NIGLOBAL = 64' in file MOM_override.


WARNING from PE     0: MOM_file_parser : NJGLOBAL over-ridden.  Line: 'NJGLOBAL = 32' in file MOM_override.

 MOM_in domain decomposition
whalo =    4, ehalo =    4, shalo =    4, nhalo =    4
  X-AXIS =   32  32
  Y-AXIS =   16  16
 MOM_inc domain decomposition
whalo =    2, ehalo =    2, shalo =    2, nhalo =    2
  X-AXIS =   16  16
  Y-AXIS =    8   8
NOTE from PE     0: diag_manager_mod::diag_manager_init: prepend_date only supported when diag_manager_init is called with time_init present.
NOTE from PE     0: diag_manager_mod::diag_manager_init: You are using the legacy version of the diag table
 MOM_in domain decomposition
whalo =    4, ehalo =    4, shalo =    4, nhalo =    4
  X-AXIS =   32  32
  Y-AXIS =   16  16
 MOM_in domain decomposition
whalo =    2, ehalo =    2, shalo =    2, nhalo =    2
  X-AXIS =   16  16
  Y-AXIS =    8   8

WARNING from PE     0: MOM_file_parser : NK over-ridden.  Line: 'NK = 100' in file MOM_override.

 MOM_in domain decomposition
whalo =    4, ehalo =    4, shalo =    4, nhalo =    4
  X-AXIS =   32  32
  Y-AXIS =   16  16
 MOM_in domain decomposition
whalo =    2, ehalo =    2, shalo =    2, nhalo =    2
  X-AXIS =   16  16
  Y-AXIS =    8   8

WARNING from PE     0: Open_file is appending .nc to the filename ./ocean_geometry


WARNING from PE     0: MOM_file_parser : COORD_CONFIG over-ridden.  Line: 'COORD_CONFIG = "linear"' in file MOM_override.

 MOM_in domain decomposition
whalo =    4, ehalo =    4, shalo =    4, nhalo =    4
  X-AXIS =   32  32
  Y-AXIS =   16  16
 MOM_in domain decomposition
whalo =    2, ehalo =    2, shalo =    2, nhalo =    2
  X-AXIS =   16  16
  Y-AXIS =    8   8
 MOM_in domain decomposition
whalo =    4, ehalo =    4, shalo =    4, nhalo =    4
  X-AXIS =   32  32
  Y-AXIS =   16  16
 MOM_in domain decomposition
whalo =    2, ehalo =    2, shalo =    2, nhalo =    2
  X-AXIS =   16  16
  Y-AXIS =    8   8

WARNING from PE     0: ./Depth_list.nc checksums do not match; updating file.


WARNING from PE     0: MOM_file_parser : DT_FORCING over-ridden.  Line: 'DT_FORCING = 1200' in file MOM_override.


WARNING from PE     0: MOM_file_parser : DAYMAX over-ridden.  Line: 'DAYMAX = 150' in file MOM_override.


WARNING from PE     0: Unused line in MOM_input : GINT = 0.0098


WARNING from PE     0: open_ASCII_file: File ./CPU_stats opened WRITEONLY already exists!


WARNING from PE     0: open_ASCII_file: File ./ocean.stats opened WRITEONLY already exists!

MOM Time       0.000      0: En 9.139696E-12, MaxCFL  0.00000, Mass 5.287973820617E+18
    Total Energy: 41870BB74E3AA8F6  4.8330473778642580E+07
    Total Mass:   5.2879738206166886E+18, Change:   0.0000000000000000E+00 Error:  0.00000E+00 ( 0.0E+00)
MOM Time      50.000     50: En 7.975875E-05, MaxCFL  0.00128, Mass 5.287973820617E+18
    Total Energy: 42F7F97281B1A271  4.2176216636471106E+14
    Total Mass:   5.2879738206166886E+18, Change:  -3.8694856253043724E+01 Error: -3.86949E+01 (-7.3E-18)
MOM Time     100.000    100: En 2.355779E-05, MaxCFL  0.00105, Mass 5.287973820617E+18
    Total Energy: 42DC5319E5F2DAA6  1.2457296945444259E+14
    Total Mass:   5.2879738206166886E+18, Change:  -1.3485470417674151E+01 Error: -1.34855E+01 (-2.6E-18)
 MOM_in domain decomposition
whalo =    4, ehalo =    4, shalo =    4, nhalo =    4
  X-AXIS =   32  32
  Y-AXIS =   16  16
 MOM_in domain decomposition
whalo =    2, ehalo =    2, shalo =    2, nhalo =    2
  X-AXIS =   16  16
  Y-AXIS =    8   8
 MOM_in domain decomposition
whalo =    4, ehalo =    4, shalo =    4, nhalo =    4
  X-AXIS =   32  32
  Y-AXIS =   16  16
 MOM_in domain decomposition
whalo =    2, ehalo =    2, shalo =    2, nhalo =    2
  X-AXIS =   16  16
  Y-AXIS =    8   8
MOM Time     150.000    150: En 5.690616E-05, MaxCFL  0.00134, Mass 5.287973820617E+18
    Total Energy: 42F11AEFE0A1C513  3.0091826076782519E+14
    Total Mass:   5.2879738206166886E+18, Change:   4.1552273254152396E+00 Error:  4.15523E+00 ( 7.9E-19)
 MOM_in domain decomposition
whalo =    4, ehalo =    4, shalo =    4, nhalo =    4
  X-AXIS =   32  32
  Y-AXIS =   16  16
 MOM_in domain decomposition
whalo =    2, ehalo =    2, shalo =    2, nhalo =    2
  X-AXIS =   16  16
  Y-AXIS =    8   8

WARNING from PE     0: open_ASCII_file: File RESTART/ocean_solo.res opened WRITEONLY already exists!


WARNING from PE     0: open_ASCII_file: File exitcode opened WRITEONLY already exists!

 MPP_DOMAINS_STACK high water mark=       101600

Tabulating mpp_clock statistics across      4 PEs...

                                      hits          tmin          tmax          tavg          tstd  tfrac grain pemin pemax
Total runtime                            1     15.593893     15.593902     15.593897      0.000005  1.000     0     0     3
Initialization                           1      0.274635      0.275413      0.274854      0.000324  0.018     0     0     3
Main loop                                1     15.240795     15.241334     15.241193      0.000230  0.977     0     0     3
Termination                              1      0.075909      0.076130      0.076075      0.000096  0.005     0     0     3
Ocean Initialization                     2      0.272559      0.275643      0.273358      0.001319  0.018    11     0     3
Ocean                                   75     15.063133     15.063322     15.063195      0.000074  0.966     1     0     3
Ocean dynamics                         300     14.593734     14.669555     14.631692      0.034655  0.938    11     0     3
Ocean thermodynamics and tracers       225      0.016944      0.017961      0.017522      0.000409  0.001    11     0     3
Ocean grid generation and remapp         0      0.000000      0.000000      0.000000      0.000000  0.000    11     0     3
Ocean Other                            450      0.156370      0.156785      0.156581      0.000156  0.010    11     0     3
(Ocean tracer advection)               150      0.013507      0.013739      0.013646      0.000089  0.001    21     0     3
(Ocean adiabatic driver)                75      0.003392      0.004166      0.003825      0.000317  0.000    21     0     3
(Ocean continuity equation *)            0      0.000000      0.000000      0.000000      0.000000  0.000    31     0     3
(Ocean set BBL viscosity)               75      0.034642      0.035561      0.034976      0.000356  0.002    31     0     3
(Ocean message passing *)              150      0.297412      0.368601      0.333174      0.033224  0.021    31     0     3
(Ocean MOM_initialize_state)             2      0.006358      0.011083      0.007577      0.002024  0.000    31     0     3
(Ocean init message passing *)           2      0.004264      0.004624      0.004462      0.000160  0.000    41     0     3
(Ocean mixed layer restrat)              0      0.000000      0.000000      0.000000      0.000000  0.000    31     0     3
(Ocean collective diagnostics)         375      0.008132      0.008771      0.008553      0.000249  0.001    31     0     3
(Ocean Z-space diagnostics)              0      0.000000      0.000000      0.000000      0.000000  0.000    31     0     3
(Ocean ALE)                              0      0.000000      0.000000      0.000000      0.000000  0.000    31     0     3
(Stochastic EOS)                       150      0.000010      0.000016      0.000013      0.000002  0.000    31     0     3
(SGS Temperature Variance)             150      0.000006      0.000006      0.000006      0.000000  0.000    31     0     3
(Ocean diagnostics framework)            0      0.000000      0.000000      0.000000      0.000000  0.000    31     0     3
(Ocean diagnostics remapping)            0      0.000000      0.000000      0.000000      0.000000  0.000    41     0     3
(Ocean diagnostics grid updates)       526      0.038651      0.039236      0.038948      0.000209  0.002    41     0     3
(Ocean init message passing)             4      0.002971      0.005575      0.004468      0.000980  0.000    41     0     3
(Ocean continuity reconstruction       902      0.035486      0.037071      0.036253      0.000647  0.002    41     0     3
(Ocean continuity update)              902      0.010442      0.011019      0.010735      0.000255  0.001    41     0     3
(Ocean continuity correction)          902      0.622899      0.646493      0.635570      0.008898  0.041    41     0     3
(Ocean BT pre-calcs only)             1200      0.201183      0.209451      0.204771      0.003580  0.013    41     0     3
(Ocean BT pre-step halo updates)      1200      2.011831      2.434272      2.231797      0.191680  0.143    41     0     3
(Ocean BT stepping calcs only)         600      0.196540      0.207181      0.201286      0.004515  0.013    41     0     3
(Ocean BT stepping halo updates)       300      0.200729      0.202741      0.201677      0.000727  0.013    41     0     3
(Ocean BT post-calcs only)             900      0.017619      0.018536      0.018065      0.000390  0.001    41     0     3
(Ocean BT post-step halo updates       600      0.339397      0.349725      0.344915      0.004249  0.022    41     0     3
(Ocean BT global synch)                  0      0.000000      0.000000      0.000000      0.000000  0.000    41     0     3
(Ocean Coriolis & mom advection)       300      4.245759      4.528028      4.378446      0.131370  0.281    31     0     3
(Ocean continuity equation)            450      0.676631      0.699874      0.688394      0.008655  0.044    31     0     3
(Ocean pressure force)                 150      0.839627      0.898127      0.868152      0.026231  0.056    31     0     3
(Ocean vertical viscosity)             450      0.437253      0.501010      0.468420      0.030239  0.030    31     0     3
(Ocean horizontal viscosity)           150      3.753543      4.033350      3.887196      0.123351  0.249    31     0     3
(Ocean momentum increments)            300      0.007508      0.007798      0.007646      0.000128  0.000    31     0     3
(Ocean message passing)               1350      0.827063      1.009009      0.915749      0.068274  0.059    31     0     3
(Ocean barotropic mode calc)           300      0.007800      0.007977      0.007848      0.000075  0.001    31     0     3
(Ocean barotropic mode stepping)       300      3.001918      3.417267      3.217272      0.188254  0.206    31     0     3
(Ocean barotropic forcing calc)        300      0.006667      0.006974      0.006840      0.000130  0.000    31     0     3
(Ocean advect tracer)                    0      0.000000      0.000000      0.000000      0.000000  0.000    31     0     3
(Ocean tracer halo updates)              0      0.000000      0.000000      0.000000      0.000000  0.000    41     0     3
(Ocean tracer global synch)              0      0.000000      0.000000      0.000000      0.000000  0.000    41     0     3
(Ocean diffuse tracer)                   0      0.000000      0.000000      0.000000      0.000000  0.000    31     0     3
(Ocean epipycnal diffuse tracer)         0      0.000000      0.000000      0.000000      0.000000  0.000    31     0     3
(Ocean surface forcing)                 76      0.001663      0.002327      0.001854      0.000274  0.000    31     0     3
(Ocean forcing diagnostics)            150      0.000150      0.000242      0.000199      0.000044  0.000    41     0     3
 MPP_STACK high water mark=            0
