NOTE from PE     0: MPP_DOMAINS_SET_STACK_SIZE: stack size set to    32768.
NOTE from PE     0: MPP_DOMAINS_SET_STACK_SIZE: stack size set to  4000000.
NOTE from PE     0: ======== Model being driven by MOM_driver ========
NOTE from PE     0: callTree: o Program MOM_main, MOM_driver.F90
 MOM_domains_mod OMPthreading             1            0            1
NOTE from PE     0: fms_affinity_set: OCEAN affinity assumes hyper-threading hardware disabled
 MOM_domains_mod OMPthreading             0            0            1
 MOM_domains_mod OMPthreading             0            0            1
 MOM_domains_mod OMPthreading             1            0            1
NOTE from PE     0: open_param_file: MOM_input has been opened successfully.
NOTE from PE     0: open_param_file: MOM_override has been opened successfully.
 MOM_domains_mod OMPthreading             1            0            1
 MOM_domains_mod OMPthreading             1            0            1
 MOM_domains_mod OMPthreading             0            0            1

WARNING from PE     0: MOM_file_parser : DT over-ridden.  Line: 'DT = 300' in file MOM_override.


WARNING from PE     0: MOM_file_parser : DT_THERM over-ridden.  Line: 'DT_THERM = 600' in file MOM_override.

NOTE from PE     0: fms_affinity_set: OCEAN affinity assumes hyper-threading hardware disabled
 MOM_domains_mod OMPthreading             0            0            1

WARNING from PE     0: MOM_file_parser : NIGLOBAL over-ridden.  Line: 'NIGLOBAL = 128' in file MOM_override.


WARNING from PE     0: MOM_file_parser : NJGLOBAL over-ridden.  Line: 'NJGLOBAL = 128' in file MOM_override.

 MOM_in domain decomposition
whalo =    4, ehalo =    4, shalo =    4, nhalo =    4
  X-AXIS =   64  64
  Y-AXIS =   64  64
 MOM_inc domain decomposition
whalo =    2, ehalo =    2, shalo =    2, nhalo =    2
  X-AXIS =   32  32
  Y-AXIS =   32  32
NOTE from PE     0: diag_manager_mod::diag_manager_init: prepend_date only supported when diag_manager_init is called with time_init present.
NOTE from PE     0: diag_manager_mod::diag_manager_init: You are using the legacy version of the diag table
 MOM_in domain decomposition
whalo =    4, ehalo =    4, shalo =    4, nhalo =    4
  X-AXIS =   64  64
  Y-AXIS =   64  64
 MOM_in domain decomposition
whalo =    2, ehalo =    2, shalo =    2, nhalo =    2
  X-AXIS =   32  32
  Y-AXIS =   32  32

WARNING from PE     0: MOM_file_parser : NK over-ridden.  Line: 'NK = 100' in file MOM_override.

 MOM_in domain decomposition
whalo =    4, ehalo =    4, shalo =    4, nhalo =    4
  X-AXIS =   64  64
  Y-AXIS =   64  64
 MOM_in domain decomposition
whalo =    2, ehalo =    2, shalo =    2, nhalo =    2
  X-AXIS =   32  32
  Y-AXIS =   32  32

WARNING from PE     0: Open_file is appending .nc to the filename ./ocean_geometry


WARNING from PE     0: MOM_file_parser : COORD_CONFIG over-ridden.  Line: 'COORD_CONFIG = "linear"' in file MOM_override.

 MOM_in domain decomposition
whalo =    4, ehalo =    4, shalo =    4, nhalo =    4
  X-AXIS =   64  64
  Y-AXIS =   64  64
 MOM_in domain decomposition
whalo =    2, ehalo =    2, shalo =    2, nhalo =    2
  X-AXIS =   32  32
  Y-AXIS =   32  32
 MOM_in domain decomposition
whalo =    4, ehalo =    4, shalo =    4, nhalo =    4
  X-AXIS =   64  64
  Y-AXIS =   64  64
 MOM_in domain decomposition
whalo =    2, ehalo =    2, shalo =    2, nhalo =    2
  X-AXIS =   32  32
  Y-AXIS =   32  32

WARNING from PE     0: ./Depth_list.nc checksums do not match; updating file.


WARNING from PE     0: MOM_file_parser : DT_FORCING over-ridden.  Line: 'DT_FORCING = 600' in file MOM_override.


WARNING from PE     0: MOM_file_parser : DAYMAX over-ridden.  Line: 'DAYMAX = 150' in file MOM_override.


WARNING from PE     0: Unused line in MOM_input : GINT = 0.0098


WARNING from PE     0: open_ASCII_file: File ./CPU_stats opened WRITEONLY already exists!


WARNING from PE     0: open_ASCII_file: File ./ocean.stats opened WRITEONLY already exists!

MOM Time       0.000      0: En 9.164543E-12, MaxCFL  0.00000, Mass 5.286601636954E+18
    Total Energy: 41871A38398144CF  4.8449287188119523E+07
    Total Mass:   5.2866016369539973E+18, Change:   0.0000000000000000E+00 Error:  0.00000E+00 ( 0.0E+00)
MOM Time      50.000     50: En 4.018195E-05, MaxCFL  0.00184, Mass 5.286601636954E+18
    Total Energy: 42E82668CA5050DD  2.1242596730535091E+14
    Total Mass:   5.2866016369539973E+18, Change:   2.6458583890128665E+01 Error:  2.64586E+01 ( 5.0E-18)
MOM Time     100.000    100: En 8.022032E-05, MaxCFL  0.00256, Mass 5.286601636954E+18
    Total Energy: 42F81B5D0215799F  4.2409285762037794E+14
    Total Mass:   5.2866016369539973E+18, Change:   2.1118856013716432E+00 Error:  2.11189E+00 ( 4.0E-19)
 MOM_in domain decomposition
whalo =    4, ehalo =    4, shalo =    4, nhalo =    4
  X-AXIS =   64  64
  Y-AXIS =   64  64
 MOM_in domain decomposition
whalo =    2, ehalo =    2, shalo =    2, nhalo =    2
  X-AXIS =   32  32
  Y-AXIS =   32  32
 MOM_in domain decomposition
whalo =    4, ehalo =    4, shalo =    4, nhalo =    4
  X-AXIS =   64  64
  Y-AXIS =   64  64
 MOM_in domain decomposition
whalo =    2, ehalo =    2, shalo =    2, nhalo =    2
  X-AXIS =   32  32
  Y-AXIS =   32  32
MOM Time     150.000    150: En 6.198263E-05, MaxCFL  0.00212, Mass 5.286601636954E+18
    Total Energy: 42F2A055AEF4E490  3.2767746554631300E+14
    Total Mass:   5.2866016369539973E+18, Change:  -3.9504982865571137E-01 Error: -3.95050E-01 (-7.5E-20)
 MOM_in domain decomposition
whalo =    4, ehalo =    4, shalo =    4, nhalo =    4
  X-AXIS =   64  64
  Y-AXIS =   64  64
 MOM_in domain decomposition
whalo =    2, ehalo =    2, shalo =    2, nhalo =    2
  X-AXIS =   32  32
  Y-AXIS =   32  32

WARNING from PE     0: open_ASCII_file: File RESTART/ocean_solo.res opened WRITEONLY already exists!


WARNING from PE     0: open_ASCII_file: File exitcode opened WRITEONLY already exists!

 MPP_DOMAINS_STACK high water mark=       261600

Tabulating mpp_clock statistics across      4 PEs...

                                      hits          tmin          tmax          tavg          tstd  tfrac grain pemin pemax
Total runtime                            1     18.758254     18.758266     18.758260      0.000006  1.000     0     0     3
Initialization                           1      0.446186      0.446928      0.446386      0.000314  0.024     0     0     3
Main loop                                1     17.818756     17.819281     17.819143      0.000224  0.950     0     0     3
Termination                              1      0.490719      0.490934      0.490876      0.000091  0.026     0     0     3
Ocean Initialization                     2      0.465626      0.469598      0.466665      0.001694  0.025    11     0     3
Ocean                                   75     16.845913     16.846405     16.846140      0.000193  0.898     1     0     3
Ocean dynamics                         300     15.525929     15.597150     15.564191      0.030678  0.830    11     0     3
Ocean thermodynamics and tracers       225      0.076733      0.079241      0.078544      0.001050  0.004    11     0     3
Ocean grid generation and remapp         0      0.000000      0.000000      0.000000      0.000000  0.000    11     0     3
Ocean Other                            450      0.338456      0.449378      0.414370      0.044268  0.022    11     0     3
(Ocean tracer advection)               150      0.068377      0.069872      0.069169      0.000571  0.004    21     0     3
(Ocean adiabatic driver)                75      0.008292      0.010032      0.009317      0.000644  0.000    21     0     3
(Ocean continuity equation *)            0      0.000000      0.000000      0.000000      0.000000  0.000    31     0     3
(Ocean set BBL viscosity)               75      0.047807      0.050646      0.049460      0.001034  0.003    31     0     3
(Ocean message passing *)              150      0.621352      0.746434      0.688251      0.045451  0.037    31     0     3
(Ocean MOM_initialize_state)             2      0.015732      0.020661      0.017013      0.002107  0.001    31     0     3
(Ocean init message passing *)           2      0.007349      0.007990      0.007569      0.000248  0.000    41     0     3
(Ocean mixed layer restrat)              0      0.000000      0.000000      0.000000      0.000000  0.000    31     0     3
(Ocean collective diagnostics)         375      0.033671      0.155712      0.119946      0.049997  0.006    31     0     3
(Ocean Z-space diagnostics)              0      0.000000      0.000000      0.000000      0.000000  0.000    31     0     3
(Ocean ALE)                              0      0.000000      0.000000      0.000000      0.000000  0.000    31     0     3
(Stochastic EOS)                       150      0.000011      0.000014      0.000013      0.000001  0.000    31     0     3
(SGS Temperature Variance)             150      0.000006      0.000006      0.000006      0.000000  0.000    31     0     3
(Ocean diagnostics framework)            0      0.000000      0.000000      0.000000      0.000000  0.000    31     0     3
(Ocean diagnostics remapping)            0      0.000000      0.000000      0.000000      0.000000  0.000    41     0     3
(Ocean diagnostics grid updates)       526      0.205366      0.209997      0.207554      0.001987  0.011    41     0     3
(Ocean init message passing)             4      0.010247      0.011881      0.011076      0.000578  0.001    41     0     3
(Ocean continuity reconstruction       902      0.048626      0.050213      0.049298      0.000661  0.003    41     0     3
(Ocean continuity update)              902      0.013498      0.014143      0.013823      0.000295  0.001    41     0     3
(Ocean continuity correction)          902      0.726885      0.757024      0.744695      0.011203  0.040    41     0     3
(Ocean BT pre-calcs only)             1200      0.221861      0.233957      0.227595      0.004436  0.012    41     0     3
(Ocean BT pre-step halo updates)      1200      2.019506      2.464950      2.251404      0.197614  0.120    41     0     3
(Ocean BT stepping calcs only)         600      0.204024      0.212909      0.207782      0.003646  0.011    41     0     3
(Ocean BT stepping halo updates)       300      0.201391      0.205173      0.203545      0.001483  0.011    41     0     3
(Ocean BT post-calcs only)             900      0.020565      0.021416      0.021034      0.000345  0.001    41     0     3
(Ocean BT post-step halo updates       600      0.345668      0.353542      0.349141      0.003501  0.019    41     0     3
(Ocean BT global synch)                  0      0.000000      0.000000      0.000000      0.000000  0.000    41     0     3
(Ocean Coriolis & mom advection)       300      4.329062      4.613099      4.469776      0.131463  0.238    31     0     3
(Ocean continuity equation)            450      0.795463      0.837545      0.822220      0.016226  0.044    31     0     3
(Ocean pressure force)                 150      0.891160      0.934204      0.908486      0.018123  0.048    31     0     3
(Ocean vertical viscosity)             450      0.522350      0.528222      0.526562      0.002438  0.028    31     0     3
(Ocean horizontal viscosity)           150      3.843164      4.079454      3.965710      0.110687  0.211    31     0     3
(Ocean momentum increments)            300      0.009658      0.010032      0.009848      0.000141  0.001    31     0     3
(Ocean message passing)               1350      0.889576      0.984748      0.923688      0.038676  0.049    31     0     3
(Ocean barotropic mode calc)           300      0.008733      0.009048      0.008883      0.000114  0.000    31     0     3
(Ocean barotropic mode stepping)       300      3.064210      3.488236      3.279838      0.190150  0.175    31     0     3
(Ocean barotropic forcing calc)        300      0.009619      0.009993      0.009785      0.000146  0.001    31     0     3
(Ocean advect tracer)                    0      0.000000      0.000000      0.000000      0.000000  0.000    31     0     3
(Ocean tracer halo updates)              0      0.000000      0.000000      0.000000      0.000000  0.000    41     0     3
(Ocean tracer global synch)              0      0.000000      0.000000      0.000000      0.000000  0.000    41     0     3
(Ocean diffuse tracer)                   0      0.000000      0.000000      0.000000      0.000000  0.000    31     0     3
(Ocean epipycnal diffuse tracer)         0      0.000000      0.000000      0.000000      0.000000  0.000    31     0     3
(Ocean surface forcing)                 76      0.001692      0.002387      0.001927      0.000271  0.000    31     0     3
(Ocean forcing diagnostics)            150      0.000130      0.000259      0.000194      0.000056  0.000    41     0     3
 MPP_STACK high water mark=            0
