NOTE from PE     0: MPP_DOMAINS_SET_STACK_SIZE: stack size set to    32768.
NOTE from PE     0: MPP_DOMAINS_SET_STACK_SIZE: stack size set to  4000000.
NOTE from PE     0: ======== Model being driven by MOM_driver ========
NOTE from PE     0: callTree: o Program MOM_main, MOM_driver.F90
NOTE from PE     0: fms_affinity_set: OCEAN affinity assumes hyper-threading hardware disabled
 MOM_domains_mod OMPthreading             1            0            1
 MOM_domains_mod OMPthreading             0            0            1
 MOM_domains_mod OMPthreading             0            0            1
 MOM_domains_mod OMPthreading             1            0            1
NOTE from PE     0: open_param_file: MOM_input has been opened successfully.
NOTE from PE     0: open_param_file: MOM_override has been opened successfully.
 MOM_domains_mod OMPthreading             1            0            1
 MOM_domains_mod OMPthreading             0            0            1
 MOM_domains_mod OMPthreading             1            0            1

WARNING from PE     0: MOM_file_parser : DT over-ridden.  Line: 'DT = 75' in file MOM_override.


WARNING from PE     0: MOM_file_parser : DT_THERM over-ridden.  Line: 'DT_THERM = 150' in file MOM_override.

NOTE from PE     0: fms_affinity_set: OCEAN affinity assumes hyper-threading hardware disabled
 MOM_domains_mod OMPthreading             0            0            1

WARNING from PE     0: MOM_file_parser : NIGLOBAL over-ridden.  Line: 'NIGLOBAL = 512' in file MOM_override.


WARNING from PE     0: MOM_file_parser : NJGLOBAL over-ridden.  Line: 'NJGLOBAL = 512' in file MOM_override.

 MOM_in domain decomposition
whalo =    4, ehalo =    4, shalo =    4, nhalo =    4
  X-AXIS =  256 256
  Y-AXIS =  256 256
 MOM_inc domain decomposition
whalo =    2, ehalo =    2, shalo =    2, nhalo =    2
  X-AXIS =  128 128
  Y-AXIS =  128 128
NOTE from PE     0: diag_manager_mod::diag_manager_init: prepend_date only supported when diag_manager_init is called with time_init present.
NOTE from PE     0: diag_manager_mod::diag_manager_init: You are using the legacy version of the diag table
 MOM_in domain decomposition
whalo =    4, ehalo =    4, shalo =    4, nhalo =    4
  X-AXIS =  256 256
  Y-AXIS =  256 256
 MOM_in domain decomposition
whalo =    2, ehalo =    2, shalo =    2, nhalo =    2
  X-AXIS =  128 128
  Y-AXIS =  128 128

WARNING from PE     0: MOM_file_parser : NK over-ridden.  Line: 'NK = 100' in file MOM_override.

 MOM_in domain decomposition
whalo =    4, ehalo =    4, shalo =    4, nhalo =    4
  X-AXIS =  256 256
  Y-AXIS =  256 256
 MOM_in domain decomposition
whalo =    2, ehalo =    2, shalo =    2, nhalo =    2
  X-AXIS =  128 128
  Y-AXIS =  128 128

WARNING from PE     0: Open_file is appending .nc to the filename ./ocean_geometry


WARNING from PE     0: MOM_file_parser : COORD_CONFIG over-ridden.  Line: 'COORD_CONFIG = "linear"' in file MOM_override.

 MOM_in domain decomposition
whalo =    4, ehalo =    4, shalo =    4, nhalo =    4
  X-AXIS =  256 256
  Y-AXIS =  256 256
 MOM_in domain decomposition
whalo =    2, ehalo =    2, shalo =    2, nhalo =    2
  X-AXIS =  128 128
  Y-AXIS =  128 128
 MOM_in domain decomposition
whalo =    4, ehalo =    4, shalo =    4, nhalo =    4
  X-AXIS =  256 256
  Y-AXIS =  256 256
 MOM_in domain decomposition
whalo =    2, ehalo =    2, shalo =    2, nhalo =    2
  X-AXIS =  128 128
  Y-AXIS =  128 128

WARNING from PE     0: ./Depth_list.nc checksums do not match; updating file.


WARNING from PE     0: MOM_file_parser : DT_FORCING over-ridden.  Line: 'DT_FORCING = 150' in file MOM_override.


WARNING from PE     0: MOM_file_parser : DAYMAX over-ridden.  Line: 'DAYMAX = 150' in file MOM_override.


WARNING from PE     0: Unused line in MOM_input : GINT = 0.0098


WARNING from PE     0: open_ASCII_file: File ./CPU_stats opened WRITEONLY already exists!


WARNING from PE     0: open_ASCII_file: File ./ocean.stats opened WRITEONLY already exists!

MOM Time       0.000      0: En 9.167783E-12, MaxCFL  0.00000, Mass 5.286420478077E+18
    Total Energy: 41871C1BB355D5A8  4.8464758416911423E+07
    Total Mass:   5.2864204780768635E+18, Change:   0.0000000000000000E+00 Error:  0.00000E+00 ( 0.0E+00)
MOM Time      50.000     50: En 3.628263E-06, MaxCFL  0.00070, Mass 5.286420478077E+18
    Total Energy: 42B171D0738932E6  1.9180526209330898E+13
    Total Mass:   5.2864204780768635E+18, Change:   7.1212031765190824E+00 Error:  7.12120E+00 ( 1.3E-18)
MOM Time     100.000    100: En 1.302025E-05, MaxCFL  0.00126, Mass 5.286420478077E+18
    Total Energy: 42CF4CECC7742046  6.8830500939840547E+13
    Total Mass:   5.2864204780768635E+18, Change:   6.2132118529516145E-01 Error:  6.21321E-01 ( 1.2E-19)
 MOM_in domain decomposition
whalo =    4, ehalo =    4, shalo =    4, nhalo =    4
  X-AXIS =  256 256
  Y-AXIS =  256 256
 MOM_in domain decomposition
whalo =    2, ehalo =    2, shalo =    2, nhalo =    2
  X-AXIS =  128 128
  Y-AXIS =  128 128
 MOM_in domain decomposition
whalo =    4, ehalo =    4, shalo =    4, nhalo =    4
  X-AXIS =  256 256
  Y-AXIS =  256 256
 MOM_in domain decomposition
whalo =    2, ehalo =    2, shalo =    2, nhalo =    2
  X-AXIS =  128 128
  Y-AXIS =  128 128
MOM Time     150.000    150: En 2.597815E-05, MaxCFL  0.00165, Mass 5.286420478077E+18
    Total Energy: 42DF39BDF142389B  1.3733144120752242E+14
    Total Mass:   5.2864204780768635E+18, Change:   6.9982464594652249E-01 Error:  6.99825E-01 ( 1.3E-19)
 MOM_in domain decomposition
whalo =    4, ehalo =    4, shalo =    4, nhalo =    4
  X-AXIS =  256 256
  Y-AXIS =  256 256
 MOM_in domain decomposition
whalo =    2, ehalo =    2, shalo =    2, nhalo =    2
  X-AXIS =  128 128
  Y-AXIS =  128 128

WARNING from PE     0: open_ASCII_file: File RESTART/ocean_solo.res opened WRITEONLY already exists!


WARNING from PE     0: open_ASCII_file: File exitcode opened WRITEONLY already exists!

 MPP_DOMAINS_STACK high water mark=      1029600

Tabulating mpp_clock statistics across      4 PEs...

                                      hits          tmin          tmax          tavg          tstd  tfrac grain pemin pemax
Total runtime                            1     73.892497     73.892507     73.892502      0.000005  1.000     0     0     3
Initialization                           1      2.824454      2.825291      2.824695      0.000345  0.038     0     0     3
Main loop                                1     61.638148     61.638925     61.638536      0.000275  0.834     0     0     3
Termination                              1      9.427160      9.427543      9.427353      0.000178  0.128     0     0     3
Ocean Initialization                     2      3.257986      3.269418      3.260938      0.004897  0.044    11     0     3
Ocean                                   75     42.961109     42.962113     42.961575      0.000387  0.581     1     0     3
Ocean dynamics                         300     28.901577     29.020948     28.962229      0.055286  0.392    11     0     3
Ocean thermodynamics and tracers       225      2.774178      2.829652      2.794052      0.021259  0.038    11     0     3
Ocean grid generation and remapp         0      0.000000      0.000000      0.000000      0.000000  0.000    11     0     3
Ocean Other                            450      5.746099      5.757273      5.749961      0.004524  0.078    11     0     3
(Ocean tracer advection)               150      1.112255      1.156682      1.129736      0.016407  0.015    21     0     3
(Ocean adiabatic driver)                75      1.658157      1.672847      1.664196      0.005409  0.023    21     0     3
(Ocean continuity equation *)            0      0.000000      0.000000      0.000000      0.000000  0.000    31     0     3
(Ocean set BBL viscosity)               75      0.124636      0.130739      0.126560      0.002447  0.002    31     0     3
(Ocean message passing *)              150      2.563552      2.650321      2.605615      0.030725  0.035    31     0     3
(Ocean MOM_initialize_state)             2      0.062992      0.064513      0.063690      0.000541  0.001    31     0     3
(Ocean init message passing *)           2      0.026597      0.027445      0.027034      0.000313  0.000    41     0     3
(Ocean mixed layer restrat)              0      0.000000      0.000000      0.000000      0.000000  0.000    31     0     3
(Ocean collective diagnostics)         375      2.101421      2.116710      2.109898      0.006087  0.029    31     0     3
(Ocean Z-space diagnostics)              0      0.000000      0.000000      0.000000      0.000000  0.000    31     0     3
(Ocean ALE)                              0      0.000000      0.000000      0.000000      0.000000  0.000    31     0     3
(Stochastic EOS)                       150      0.000010      0.000011      0.000010      0.000000  0.000    31     0     3
(SGS Temperature Variance)             150      0.000006      0.000006      0.000006      0.000000  0.000    31     0     3
(Ocean diagnostics framework)            0      0.000000      0.000000      0.000000      0.000000  0.000    31     0     3
(Ocean diagnostics remapping)            0      0.000000      0.000000      0.000000      0.000000  0.000    41     0     3
(Ocean diagnostics grid updates)       526      2.578271      2.620529      2.600659      0.018075  0.035    41     0     3
(Ocean init message passing)             4      0.057106      0.091551      0.077696      0.012651  0.001    41     0     3
(Ocean continuity reconstruction       902      0.244770      0.246949      0.245870      0.000798  0.003    41     0     3
(Ocean continuity update)              902      0.064504      0.065162      0.064866      0.000282  0.001    41     0     3
(Ocean continuity correction)          902      2.442698      2.636950      2.546046      0.069912  0.034    41     0     3
(Ocean BT pre-calcs only)             1200      0.418579      0.426857      0.422614      0.003037  0.006    41     0     3
(Ocean BT pre-step halo updates)      1200      2.089825      2.478430      2.292600      0.175197  0.031    41     0     3
(Ocean BT stepping calcs only)         600      0.245192      0.252668      0.248589      0.003267  0.003    41     0     3
(Ocean BT stepping halo updates)       300      0.206105      0.226289      0.220267      0.008216  0.003    41     0     3
(Ocean BT post-calcs only)             900      0.062715      0.063496      0.063146      0.000341  0.001    41     0     3
(Ocean BT post-step halo updates       600      0.358859      0.365623      0.362460      0.003147  0.005    41     0     3
(Ocean BT global synch)                  0      0.000000      0.000000      0.000000      0.000000  0.000    41     0     3
(Ocean Coriolis & mom advection)       300      4.626870      4.907627      4.769758      0.134501  0.065    31     0     3
(Ocean continuity equation)            450      2.816309      3.008026      2.917617      0.068989  0.039    31     0     3
(Ocean pressure force)                 150      1.051312      1.100403      1.077417      0.022604  0.015    31     0     3
(Ocean vertical viscosity)             450      2.773911      2.812691      2.796000      0.014729  0.038    31     0     3
(Ocean horizontal viscosity)           150      4.117474      4.359956      4.239906      0.114744  0.057    31     0     3
(Ocean momentum increments)            300      0.048655      0.050474      0.049281      0.000703  0.001    31     0     3
(Ocean message passing)               1350      1.961361      2.193771      2.041763      0.091361  0.028    31     0     3
(Ocean barotropic mode calc)           300      0.016934      0.017384      0.017147      0.000160  0.000    31     0     3
(Ocean barotropic mode stepping)       300      3.529458      3.895680      3.724841      0.168062  0.050    31     0     3
(Ocean barotropic forcing calc)        300      0.051789      0.052492      0.052218      0.000269  0.001    31     0     3
(Ocean advect tracer)                    0      0.000000      0.000000      0.000000      0.000000  0.000    31     0     3
(Ocean tracer halo updates)              0      0.000000      0.000000      0.000000      0.000000  0.000    41     0     3
(Ocean tracer global synch)              0      0.000000      0.000000      0.000000      0.000000  0.000    41     0     3
(Ocean diffuse tracer)                   0      0.000000      0.000000      0.000000      0.000000  0.000    31     0     3
(Ocean epipycnal diffuse tracer)         0      0.000000      0.000000      0.000000      0.000000  0.000    31     0     3
(Ocean surface forcing)                 76      0.004466      0.004887      0.004762      0.000172  0.000    31     0     3
(Ocean forcing diagnostics)            150      0.000209      0.000246      0.000229      0.000016  0.000    41     0     3
 MPP_STACK high water mark=            0
