NOTE from PE     0: MPP_DOMAINS_SET_STACK_SIZE: stack size set to    32768.
NOTE from PE     0: MPP_DOMAINS_SET_STACK_SIZE: stack size set to  4000000.
NOTE from PE     0: ======== Model being driven by MOM_driver ========
NOTE from PE     0: callTree: o Program MOM_main, MOM_driver.F90
 MOM_domains_mod OMPthreading             1            0            1
NOTE from PE     0: fms_affinity_set: OCEAN affinity assumes hyper-threading hardware disabled
 MOM_domains_mod OMPthreading             0            0            1
 MOM_domains_mod OMPthreading             0            0            1
 MOM_domains_mod OMPthreading             1            0            1
NOTE from PE     0: open_param_file: MOM_input has been opened successfully.
NOTE from PE     0: open_param_file: MOM_override has been opened successfully.
 MOM_domains_mod OMPthreading             1            0            1
 MOM_domains_mod OMPthreading             0            0            1
 MOM_domains_mod OMPthreading             1            0            1

WARNING from PE     0: MOM_file_parser : DT over-ridden.  Line: 'DT = 37' in file MOM_override.


WARNING from PE     0: MOM_file_parser : DT_THERM over-ridden.  Line: 'DT_THERM = 75' in file MOM_override.

NOTE from PE     0: fms_affinity_set: OCEAN affinity assumes hyper-threading hardware disabled
 MOM_domains_mod OMPthreading             0            0            1

WARNING from PE     0: MOM_file_parser : NIGLOBAL over-ridden.  Line: 'NIGLOBAL = 1024' in file MOM_override.


WARNING from PE     0: MOM_file_parser : NJGLOBAL over-ridden.  Line: 'NJGLOBAL = 512' in file MOM_override.

 MOM_in domain decomposition
whalo =    4, ehalo =    4, shalo =    4, nhalo =    4
  X-AXIS =  512 512
  Y-AXIS =  256 256
 MOM_inc domain decomposition
whalo =    2, ehalo =    2, shalo =    2, nhalo =    2
  X-AXIS =  256 256
  Y-AXIS =  128 128
NOTE from PE     0: diag_manager_mod::diag_manager_init: prepend_date only supported when diag_manager_init is called with time_init present.
NOTE from PE     0: diag_manager_mod::diag_manager_init: You are using the legacy version of the diag table
 MOM_in domain decomposition
whalo =    4, ehalo =    4, shalo =    4, nhalo =    4
  X-AXIS =  512 512
  Y-AXIS =  256 256
 MOM_in domain decomposition
whalo =    2, ehalo =    2, shalo =    2, nhalo =    2
  X-AXIS =  256 256
  Y-AXIS =  128 128

WARNING from PE     0: MOM_file_parser : NK over-ridden.  Line: 'NK = 100' in file MOM_override.

 MOM_in domain decomposition
whalo =    4, ehalo =    4, shalo =    4, nhalo =    4
  X-AXIS =  512 512
  Y-AXIS =  256 256
 MOM_in domain decomposition
whalo =    2, ehalo =    2, shalo =    2, nhalo =    2
  X-AXIS =  256 256
  Y-AXIS =  128 128

WARNING from PE     0: Open_file is appending .nc to the filename ./ocean_geometry


WARNING from PE     0: MOM_file_parser : COORD_CONFIG over-ridden.  Line: 'COORD_CONFIG = "linear"' in file MOM_override.

 MOM_in domain decomposition
whalo =    4, ehalo =    4, shalo =    4, nhalo =    4
  X-AXIS =  512 512
  Y-AXIS =  256 256
 MOM_in domain decomposition
whalo =    2, ehalo =    2, shalo =    2, nhalo =    2
  X-AXIS =  256 256
  Y-AXIS =  128 128
 MOM_in domain decomposition
whalo =    4, ehalo =    4, shalo =    4, nhalo =    4
  X-AXIS =  512 512
  Y-AXIS =  256 256
 MOM_in domain decomposition
whalo =    2, ehalo =    2, shalo =    2, nhalo =    2
  X-AXIS =  256 256
  Y-AXIS =  128 128

WARNING from PE     0: ./Depth_list.nc checksums do not match; updating file.


WARNING from PE     0: MOM_file_parser : DT_FORCING over-ridden.  Line: 'DT_FORCING = 75' in file MOM_override.


WARNING from PE     0: MOM_file_parser : DAYMAX over-ridden.  Line: 'DAYMAX = 150' in file MOM_override.


WARNING from PE     0: Unused line in MOM_input : GINT = 0.0098


WARNING from PE     0: open_ASCII_file: File ./CPU_stats opened WRITEONLY already exists!


WARNING from PE     0: open_ASCII_file: File ./ocean.stats opened WRITEONLY already exists!

MOM Time       0.000      0: En 9.167888E-12, MaxCFL  0.00000, Mass 5.286414704261E+18
    Total Energy: 41871C2B47CED3B5  4.8465256975989737E+07
    Total Mass:   5.2864147042613893E+18, Change:   0.0000000000000000E+00 Error:  0.00000E+00 ( 0.0E+00)
MOM Time      50.676     75: En 9.561082E-07, MaxCFL  0.00036, Mass 5.286414704261E+18
    Total Energy: 429263431CDC0BD4  5.0543842567709570E+12
    Total Mass:   5.2864147042613893E+18, Change:   1.8803326967804978E+01 Error:  1.88033E+01 ( 3.6E-18)
MOM Time      99.324    147: En 3.499934E-06, MaxCFL  0.00068, Mass 5.286414704261E+18
    Total Energy: 42B0D3DB4847D81F  1.8502103091160121E+13
    Total Mass:   5.2864147042613893E+18, Change:   1.8635493501689782E+00 Error:  1.86355E+00 ( 3.5E-19)
 MOM_in domain decomposition
whalo =    4, ehalo =    4, shalo =    4, nhalo =    4
  X-AXIS =  512 512
  Y-AXIS =  256 256
 MOM_in domain decomposition
whalo =    2, ehalo =    2, shalo =    2, nhalo =    2
  X-AXIS =  256 256
  Y-AXIS =  128 128
 MOM_in domain decomposition
whalo =    4, ehalo =    4, shalo =    4, nhalo =    4
  X-AXIS =  512 512
  Y-AXIS =  256 256
 MOM_in domain decomposition
whalo =    2, ehalo =    2, shalo =    2, nhalo =    2
  X-AXIS =  256 256
  Y-AXIS =  128 128
MOM Time     150.000    222: En 7.572478E-06, MaxCFL  0.00098, Mass 5.286414704261E+18
    Total Energy: 42C23440762529B2  4.0031258167891391E+13
    Total Mass:   5.2864147042613893E+18, Change:   5.0541591161998811E-01 Error:  5.05416E-01 ( 9.6E-20)
 MOM_in domain decomposition
whalo =    4, ehalo =    4, shalo =    4, nhalo =    4
  X-AXIS =  512 512
  Y-AXIS =  256 256
 MOM_in domain decomposition
whalo =    2, ehalo =    2, shalo =    2, nhalo =    2
  X-AXIS =  256 256
  Y-AXIS =  128 128

WARNING from PE     0: open_ASCII_file: File RESTART/ocean_solo.res opened WRITEONLY already exists!


WARNING from PE     0: open_ASCII_file: File exitcode opened WRITEONLY already exists!

 MPP_DOMAINS_STACK high water mark=      1541600

Tabulating mpp_clock statistics across      4 PEs...

                                      hits          tmin          tmax          tavg          tstd  tfrac grain pemin pemax
Total runtime                            1    151.295564    151.295587    151.295576      0.000011  1.000     0     0     3
Initialization                           1      5.467118      5.467898      5.467331      0.000328  0.036     0     0     3
Main loop                                1    127.075493    127.076879    127.075933      0.000557  0.840     0     0     3
Termination                              1     18.749760     18.751150     18.750509      0.000597  0.124     0     0     3
Ocean Initialization                     2      6.332178      6.349673      6.336876      0.007394  0.042    11     0     3
Ocean                                   74     89.356522     89.363226     89.358932      0.002627  0.591     1     0     3
Ocean dynamics                         444     61.396829     61.455901     61.425744      0.021492  0.406    11     0     3
Ocean thermodynamics and tracers       222      5.332389      5.365078      5.349888      0.011653  0.035    11     0     3
Ocean grid generation and remapp         0      0.000000      0.000000      0.000000      0.000000  0.000    11     0     3
Ocean Other                            518     10.909190     11.133582     11.032570      0.093547  0.073    11     0     3
(Ocean tracer advection)               148      2.125191      2.178723      2.145817      0.020176  0.014    21     0     3
(Ocean adiabatic driver)                74      3.173541      3.230011      3.203950      0.023882  0.021    21     0     3
(Ocean continuity equation *)            0      0.000000      0.000000      0.000000      0.000000  0.000    31     0     3
(Ocean set BBL viscosity)               74      0.193545      0.200682      0.195880      0.002811  0.001    31     0     3
(Ocean message passing *)              148      3.456563      3.731530      3.604932      0.103176  0.024    31     0     3
(Ocean MOM_initialize_state)             2      0.105528      0.109219      0.107996      0.001455  0.001    31     0     3
(Ocean init message passing *)           2      0.037656      0.039527      0.038665      0.000672  0.000    41     0     3
(Ocean mixed layer restrat)              0      0.000000      0.000000      0.000000      0.000000  0.000    31     0     3
(Ocean collective diagnostics)         444      3.921189      3.983551      3.949880      0.023535  0.026    31     0     3
(Ocean Z-space diagnostics)              0      0.000000      0.000000      0.000000      0.000000  0.000    31     0     3
(Ocean ALE)                              0      0.000000      0.000000      0.000000      0.000000  0.000    31     0     3
(Stochastic EOS)                       222      0.000014      0.000018      0.000016      0.000001  0.000    31     0     3
(SGS Temperature Variance)             222      0.000009      0.000009      0.000009      0.000000  0.000    31     0     3
(Ocean diagnostics framework)            0      0.000000      0.000000      0.000000      0.000000  0.000    31     0     3
(Ocean diagnostics remapping)            0      0.000000      0.000000      0.000000      0.000000  0.000    41     0     3
(Ocean diagnostics grid updates)       741      7.438538      7.493026      7.463534      0.020892  0.049    41     0     3
(Ocean init message passing)             4      0.096479      0.341309      0.229104      0.087608  0.002    41     0     3
(Ocean continuity reconstruction      1334      0.641257      0.657852      0.649065      0.006503  0.004    41     0     3
(Ocean continuity update)             1334      0.180197      0.184509      0.182539      0.001610  0.001    41     0     3
(Ocean continuity correction)         1334      6.551787      6.952549      6.755385      0.144312  0.045    41     0     3
(Ocean BT pre-calcs only)             1776      0.906871      0.919047      0.915753      0.005135  0.006    41     0     3
(Ocean BT pre-step halo updates)      1776      3.050688      3.643395      3.362354      0.255998  0.022    41     0     3
(Ocean BT stepping calcs only)         888      0.304283      0.311776      0.307746      0.003025  0.002    41     0     3
(Ocean BT stepping halo updates)       444      0.305050      0.311178      0.308431      0.002479  0.002    41     0     3
(Ocean BT post-calcs only)            1332      0.158547      0.162802      0.161421      0.001680  0.001    41     0     3
(Ocean BT post-step halo updates       888      0.544521      0.550965      0.547573      0.002653  0.004    41     0     3
(Ocean BT global synch)                  0      0.000000      0.000000      0.000000      0.000000  0.000    41     0     3
(Ocean Coriolis & mom advection)       444      7.259410      7.665861      7.460114      0.189405  0.049    31     0     3
(Ocean continuity equation)            666      7.495921      7.883251      7.687512      0.141570  0.051    31     0     3
(Ocean pressure force)                 222      1.766837      1.829063      1.796586      0.027789  0.012    31     0     3
(Ocean vertical viscosity)             666      6.910136      6.965537      6.936517      0.023525  0.046    31     0     3
(Ocean horizontal viscosity)           222      6.642314      6.967984      6.804702      0.158209  0.045    31     0     3
(Ocean momentum increments)            444      0.130937      0.135017      0.133341      0.001530  0.001    31     0     3
(Ocean message passing)               1998      3.343510      4.103255      3.704007      0.304339  0.024    31     0     3
(Ocean barotropic mode calc)           444      0.036249      0.037153      0.036627      0.000391  0.000    31     0     3
(Ocean barotropic mode stepping)       444      5.508342      6.090565      5.819388      0.253271  0.038    31     0     3
(Ocean barotropic forcing calc)        444      0.140752      0.142859      0.142188      0.000842  0.001    31     0     3
(Ocean advect tracer)                    0      0.000000      0.000000      0.000000      0.000000  0.000    31     0     3
(Ocean tracer halo updates)              0      0.000000      0.000000      0.000000      0.000000  0.000    41     0     3
(Ocean tracer global synch)              0      0.000000      0.000000      0.000000      0.000000  0.000    41     0     3
(Ocean diffuse tracer)                   0      0.000000      0.000000      0.000000      0.000000  0.000    31     0     3
(Ocean epipycnal diffuse tracer)         0      0.000000      0.000000      0.000000      0.000000  0.000    31     0     3
(Ocean surface forcing)                 75      0.007339      0.008173      0.007711      0.000305  0.000    31     0     3
(Ocean forcing diagnostics)            148      0.000165      0.000333      0.000247      0.000078  0.000    41     0     3
 MPP_STACK high water mark=            0
