NOTE from PE     0: MPP_DOMAINS_SET_STACK_SIZE: stack size set to    32768.
NOTE from PE     0: MPP_DOMAINS_SET_STACK_SIZE: stack size set to  4000000.
NOTE from PE     0: ======== Model being driven by MOM_driver ========
NOTE from PE     0: callTree: o Program MOM_main, MOM_driver.F90
 MOM_domains_mod OMPthreading             1            0            1
NOTE from PE     0: fms_affinity_set: OCEAN affinity assumes hyper-threading hardware disabled
 MOM_domains_mod OMPthreading             0            0            1
 MOM_domains_mod OMPthreading             1            0            1
 MOM_domains_mod OMPthreading             0            0            1
NOTE from PE     0: open_param_file: MOM_input has been opened successfully.
NOTE from PE     0: open_param_file: MOM_override has been opened successfully.
 MOM_domains_mod OMPthreading             0            0            1
 MOM_domains_mod OMPthreading             1            0            1
 MOM_domains_mod OMPthreading             1            0            1

WARNING from PE     0: MOM_file_parser : DT over-ridden.  Line: 'DT = 150' in file MOM_override.


WARNING from PE     0: MOM_file_parser : DT_THERM over-ridden.  Line: 'DT_THERM = 300' in file MOM_override.

NOTE from PE     0: fms_affinity_set: OCEAN affinity assumes hyper-threading hardware disabled
 MOM_domains_mod OMPthreading             0            0            1

WARNING from PE     0: MOM_file_parser : NIGLOBAL over-ridden.  Line: 'NIGLOBAL = 256' in file MOM_override.


WARNING from PE     0: MOM_file_parser : NJGLOBAL over-ridden.  Line: 'NJGLOBAL = 128' in file MOM_override.

 MOM_in domain decomposition
whalo =    4, ehalo =    4, shalo =    4, nhalo =    4
  X-AXIS =  128 128
  Y-AXIS =   64  64
 MOM_inc domain decomposition
whalo =    2, ehalo =    2, shalo =    2, nhalo =    2
  X-AXIS =   64  64
  Y-AXIS =   32  32
NOTE from PE     0: diag_manager_mod::diag_manager_init: prepend_date only supported when diag_manager_init is called with time_init present.
NOTE from PE     0: diag_manager_mod::diag_manager_init: You are using the legacy version of the diag table
 MOM_in domain decomposition
whalo =    4, ehalo =    4, shalo =    4, nhalo =    4
  X-AXIS =  128 128
  Y-AXIS =   64  64
 MOM_in domain decomposition
whalo =    2, ehalo =    2, shalo =    2, nhalo =    2
  X-AXIS =   64  64
  Y-AXIS =   32  32

WARNING from PE     0: MOM_file_parser : NK over-ridden.  Line: 'NK = 100' in file MOM_override.

 MOM_in domain decomposition
whalo =    4, ehalo =    4, shalo =    4, nhalo =    4
  X-AXIS =  128 128
  Y-AXIS =   64  64
 MOM_in domain decomposition
whalo =    2, ehalo =    2, shalo =    2, nhalo =    2
  X-AXIS =   64  64
  Y-AXIS =   32  32

WARNING from PE     0: Open_file is appending .nc to the filename ./ocean_geometry


WARNING from PE     0: MOM_file_parser : COORD_CONFIG over-ridden.  Line: 'COORD_CONFIG = "linear"' in file MOM_override.

 MOM_in domain decomposition
whalo =    4, ehalo =    4, shalo =    4, nhalo =    4
  X-AXIS =  128 128
  Y-AXIS =   64  64
 MOM_in domain decomposition
whalo =    2, ehalo =    2, shalo =    2, nhalo =    2
  X-AXIS =   64  64
  Y-AXIS =   32  32
 MOM_in domain decomposition
whalo =    4, ehalo =    4, shalo =    4, nhalo =    4
  X-AXIS =  128 128
  Y-AXIS =   64  64
 MOM_in domain decomposition
whalo =    2, ehalo =    2, shalo =    2, nhalo =    2
  X-AXIS =   64  64
  Y-AXIS =   32  32

WARNING from PE     0: ./Depth_list.nc checksums do not match; updating file.


WARNING from PE     0: MOM_file_parser : DT_FORCING over-ridden.  Line: 'DT_FORCING = 300' in file MOM_override.


WARNING from PE     0: MOM_file_parser : DAYMAX over-ridden.  Line: 'DAYMAX = 150' in file MOM_override.


WARNING from PE     0: Unused line in MOM_input : GINT = 0.0098


WARNING from PE     0: open_ASCII_file: File ./CPU_stats opened WRITEONLY already exists!


WARNING from PE     0: open_ASCII_file: File ./ocean.stats opened WRITEONLY already exists!

MOM Time       0.000      0: En 9.166220E-12, MaxCFL  0.00000, Mass 5.286507716715E+18
    Total Energy: 41871B327A267CD1  4.8457295268792756E+07
    Total Mass:   5.2865077167146557E+18, Change:   0.0000000000000000E+00 Error:  0.00000E+00 ( 0.0E+00)
MOM Time      50.000     50: En 1.299121E-05, MaxCFL  0.00126, Mass 5.286507716715E+18
    Total Energy: 42CF3B2F68467E60  6.8678117788924750E+13
    Total Mass:   5.2865077167146557E+18, Change:   2.1975808844383682E+01 Error:  2.19758E+01 ( 4.2E-18)
MOM Time     100.000    100: En 4.033907E-05, MaxCFL  0.00184, Mass 5.286507716715E+18
    Total Energy: 42E83E7939F7FCDF  2.1325280704919097E+14
    Total Mass:   5.2865077167146557E+18, Change:  -3.4183497331743524E+00 Error: -3.41835E+00 (-6.5E-19)
 MOM_in domain decomposition
whalo =    4, ehalo =    4, shalo =    4, nhalo =    4
  X-AXIS =  128 128
  Y-AXIS =   64  64
 MOM_in domain decomposition
whalo =    2, ehalo =    2, shalo =    2, nhalo =    2
  X-AXIS =   64  64
  Y-AXIS =   32  32
 MOM_in domain decomposition
whalo =    4, ehalo =    4, shalo =    4, nhalo =    4
  X-AXIS =  128 128
  Y-AXIS =   64  64
 MOM_in domain decomposition
whalo =    2, ehalo =    2, shalo =    2, nhalo =    2
  X-AXIS =   64  64
  Y-AXIS =   32  32
MOM Time     150.000    150: En 6.648018E-05, MaxCFL  0.00167, Mass 5.286507716715E+18
    Total Energy: 42F3FA3DC20E7723  3.5144798207371419E+14
    Total Mass:   5.2865077167146557E+18, Change:  -3.6027968909208195E+00 Error: -3.60280E+00 (-6.8E-19)
 MOM_in domain decomposition
whalo =    4, ehalo =    4, shalo =    4, nhalo =    4
  X-AXIS =  128 128
  Y-AXIS =   64  64
 MOM_in domain decomposition
whalo =    2, ehalo =    2, shalo =    2, nhalo =    2
  X-AXIS =   64  64
  Y-AXIS =   32  32

WARNING from PE     0: open_ASCII_file: File RESTART/ocean_solo.res opened WRITEONLY already exists!


WARNING from PE     0: open_ASCII_file: File exitcode opened WRITEONLY already exists!

 MPP_DOMAINS_STACK high water mark=       389600

Tabulating mpp_clock statistics across      4 PEs...

                                      hits          tmin          tmax          tavg          tstd  tfrac grain pemin pemax
Total runtime                            1     23.454410     23.454422     23.454416      0.000006  1.000     0     0     3
Initialization                           1      0.621723      0.622472      0.621927      0.000315  0.027     0     0     3
Main loop                                1     21.899144     21.899721     21.899569      0.000246  0.934     0     0     3
Termination                              1      0.931005      0.931204      0.931154      0.000086  0.040     0     0     3
Ocean Initialization                     2      0.675208      0.679133      0.676226      0.001679  0.029    11     0     3
Ocean                                   75     19.691706     19.692027     19.691834      0.000119  0.840     1     0     3
Ocean dynamics                         300     17.579817     17.675531     17.627650      0.037277  0.752    11     0     3
Ocean thermodynamics and tracers       225      0.175008      0.187807      0.182072      0.005142  0.008    11     0     3
Ocean grid generation and remapp         0      0.000000      0.000000      0.000000      0.000000  0.000    11     0     3
Ocean Other                            450      0.635600      0.811878      0.695535      0.070963  0.030    11     0     3
(Ocean tracer advection)               150      0.153591      0.154830      0.154310      0.000512  0.007    21     0     3
(Ocean adiabatic driver)                75      0.020187      0.034154      0.027696      0.005618  0.001    21     0     3
(Ocean continuity equation *)            0      0.000000      0.000000      0.000000      0.000000  0.000    31     0     3
(Ocean set BBL viscosity)               75      0.067477      0.081332      0.072155      0.005481  0.003    31     0     3
(Ocean message passing *)              150      0.860310      0.971186      0.915602      0.040020  0.039    31     0     3
(Ocean MOM_initialize_state)             2      0.018543      0.022884      0.019655      0.001864  0.001    31     0     3
(Ocean init message passing *)           2      0.009776      0.010245      0.010008      0.000167  0.000    41     0     3
(Ocean mixed layer restrat)              0      0.000000      0.000000      0.000000      0.000000  0.000    31     0     3
(Ocean collective diagnostics)         375      0.086307      0.274606      0.148180      0.075953  0.006    31     0     3
(Ocean Z-space diagnostics)              0      0.000000      0.000000      0.000000      0.000000  0.000    31     0     3
(Ocean ALE)                              0      0.000000      0.000000      0.000000      0.000000  0.000    31     0     3
(Stochastic EOS)                       150      0.000008      0.000014      0.000011      0.000003  0.000    31     0     3
(SGS Temperature Variance)             150      0.000006      0.000009      0.000007      0.000001  0.000    31     0     3
(Ocean diagnostics framework)            0      0.000000      0.000000      0.000000      0.000000  0.000    31     0     3
(Ocean diagnostics remapping)            0      0.000000      0.000000      0.000000      0.000000  0.000    41     0     3
(Ocean diagnostics grid updates)       526      0.359871      0.372163      0.365217      0.005459  0.016    41     0     3
(Ocean init message passing)             4      0.014458      0.017248      0.015980      0.001180  0.001    41     0     3
(Ocean continuity reconstruction       902      0.060834      0.062655      0.061855      0.000769  0.003    41     0     3
(Ocean continuity update)              902      0.017276      0.018070      0.017679      0.000339  0.001    41     0     3
(Ocean continuity correction)          902      1.157784      1.274518      1.220514      0.042546  0.052    41     0     3
(Ocean BT pre-calcs only)             1200      0.232450      0.247016      0.241147      0.005923  0.010    41     0     3
(Ocean BT pre-step halo updates)      1200      2.029691      2.466057      2.244106      0.191465  0.096    41     0     3
(Ocean BT stepping calcs only)         600      0.208460      0.220823      0.215366      0.005015  0.009    41     0     3
(Ocean BT stepping halo updates)       300      0.203192      0.209404      0.206013      0.002434  0.009    41     0     3
(Ocean BT post-calcs only)             900      0.023267      0.023990      0.023608      0.000326  0.001    41     0     3
(Ocean BT post-step halo updates       600      0.347047      0.354923      0.350819      0.003380  0.015    41     0     3
(Ocean BT global synch)                  0      0.000000      0.000000      0.000000      0.000000  0.000    41     0     3
(Ocean Coriolis & mom advection)       300      4.365915      4.665152      4.522316      0.137658  0.193    31     0     3
(Ocean continuity equation)            450      1.274416      1.386425      1.333195      0.040115  0.057    31     0     3
(Ocean pressure force)                 150      0.914383      0.962823      0.938322      0.023587  0.040    31     0     3
(Ocean vertical viscosity)             450      1.268329      1.361130      1.308025      0.033557  0.056    31     0     3
(Ocean horizontal viscosity)           150      3.863892      4.118544      3.997219      0.117613  0.170    31     0     3
(Ocean momentum increments)            300      0.012454      0.012769      0.012607      0.000140  0.001    31     0     3
(Ocean message passing)               1350      1.006436      1.189966      1.085914      0.075218  0.046    31     0     3
(Ocean barotropic mode calc)           300      0.009377      0.009807      0.009588      0.000162  0.000    31     0     3
(Ocean barotropic mode stepping)       300      3.104716      3.513549      3.308814      0.179601  0.141    31     0     3
(Ocean barotropic forcing calc)        300      0.012617      0.012985      0.012791      0.000140  0.001    31     0     3
(Ocean advect tracer)                    0      0.000000      0.000000      0.000000      0.000000  0.000    31     0     3
(Ocean tracer halo updates)              0      0.000000      0.000000      0.000000      0.000000  0.000    41     0     3
(Ocean tracer global synch)              0      0.000000      0.000000      0.000000      0.000000  0.000    41     0     3
(Ocean diffuse tracer)                   0      0.000000      0.000000      0.000000      0.000000  0.000    31     0     3
(Ocean epipycnal diffuse tracer)         0      0.000000      0.000000      0.000000      0.000000  0.000    31     0     3
(Ocean surface forcing)                 76      0.001964      0.002776      0.002204      0.000332  0.000    31     0     3
(Ocean forcing diagnostics)            150      0.000195      0.000243      0.000220      0.000019  0.000    41     0     3
 MPP_STACK high water mark=            0
