NOTE from PE     0: MPP_DOMAINS_SET_STACK_SIZE: stack size set to    32768.
NOTE from PE     0: MPP_DOMAINS_SET_STACK_SIZE: stack size set to  4000000.
NOTE from PE     0: ======== Model being driven by MOM_driver ========
NOTE from PE     0: callTree: o Program MOM_main, MOM_driver.F90
NOTE from PE     0: fms_affinity_set: OCEAN affinity assumes hyper-threading hardware disabled
 MOM_domains_mod OMPthreading             0            0            1
 MOM_domains_mod OMPthreading             1            0            1
 MOM_domains_mod OMPthreading             1            0            1
 MOM_domains_mod OMPthreading             0            0            1
NOTE from PE     0: open_param_file: MOM_input has been opened successfully.
NOTE from PE     0: open_param_file: MOM_override has been opened successfully.
 MOM_domains_mod OMPthreading             1            0            1
 MOM_domains_mod OMPthreading             1            0            1
 MOM_domains_mod OMPthreading             0            0            1

WARNING from PE     0: MOM_file_parser : DT over-ridden.  Line: 'DT = 600' in file MOM_override.


WARNING from PE     0: MOM_file_parser : DT_THERM over-ridden.  Line: 'DT_THERM = 1200' in file MOM_override.

NOTE from PE     0: fms_affinity_set: OCEAN affinity assumes hyper-threading hardware disabled
 MOM_domains_mod OMPthreading             0            0            1

WARNING from PE     0: MOM_file_parser : NIGLOBAL over-ridden.  Line: 'NIGLOBAL = 64' in file MOM_override.


WARNING from PE     0: MOM_file_parser : NJGLOBAL over-ridden.  Line: 'NJGLOBAL = 64' in file MOM_override.

 MOM_in domain decomposition
whalo =    4, ehalo =    4, shalo =    4, nhalo =    4
  X-AXIS =   32  32
  Y-AXIS =   32  32
 MOM_inc domain decomposition
whalo =    2, ehalo =    2, shalo =    2, nhalo =    2
  X-AXIS =   16  16
  Y-AXIS =   16  16
NOTE from PE     0: diag_manager_mod::diag_manager_init: prepend_date only supported when diag_manager_init is called with time_init present.
NOTE from PE     0: diag_manager_mod::diag_manager_init: You are using the legacy version of the diag table
 MOM_in domain decomposition
whalo =    4, ehalo =    4, shalo =    4, nhalo =    4
  X-AXIS =   32  32
  Y-AXIS =   32  32
 MOM_in domain decomposition
whalo =    2, ehalo =    2, shalo =    2, nhalo =    2
  X-AXIS =   16  16
  Y-AXIS =   16  16

WARNING from PE     0: MOM_file_parser : NK over-ridden.  Line: 'NK = 100' in file MOM_override.

 MOM_in domain decomposition
whalo =    4, ehalo =    4, shalo =    4, nhalo =    4
  X-AXIS =   32  32
  Y-AXIS =   32  32
 MOM_in domain decomposition
whalo =    2, ehalo =    2, shalo =    2, nhalo =    2
  X-AXIS =   16  16
  Y-AXIS =   16  16

WARNING from PE     0: Open_file is appending .nc to the filename ./ocean_geometry


WARNING from PE     0: MOM_file_parser : COORD_CONFIG over-ridden.  Line: 'COORD_CONFIG = "linear"' in file MOM_override.

 MOM_in domain decomposition
whalo =    4, ehalo =    4, shalo =    4, nhalo =    4
  X-AXIS =   32  32
  Y-AXIS =   32  32
 MOM_in domain decomposition
whalo =    2, ehalo =    2, shalo =    2, nhalo =    2
  X-AXIS =   16  16
  Y-AXIS =   16  16
 MOM_in domain decomposition
whalo =    4, ehalo =    4, shalo =    4, nhalo =    4
  X-AXIS =   32  32
  Y-AXIS =   32  32
 MOM_in domain decomposition
whalo =    2, ehalo =    2, shalo =    2, nhalo =    2
  X-AXIS =   16  16
  Y-AXIS =   16  16

WARNING from PE     0: ./Depth_list.nc checksums do not match; updating file.


WARNING from PE     0: MOM_file_parser : DT_FORCING over-ridden.  Line: 'DT_FORCING = 1200' in file MOM_override.


WARNING from PE     0: MOM_file_parser : DAYMAX over-ridden.  Line: 'DAYMAX = 150' in file MOM_override.


WARNING from PE     0: Unused line in MOM_input : GINT = 0.0098


WARNING from PE     0: open_ASCII_file: File ./CPU_stats opened WRITEONLY already exists!


WARNING from PE     0: open_ASCII_file: File ./ocean.stats opened WRITEONLY already exists!

MOM Time       0.000      0: En 9.154261E-12, MaxCFL  0.00000, Mass 5.287164009544E+18
    Total Energy: 418714367417D6D3  4.8400078511640213E+07
    Total Mass:   5.2871640095440794E+18, Change:   0.0000000000000000E+00 Error:  0.00000E+00 ( 0.0E+00)
MOM Time      50.000     50: En 7.963171E-05, MaxCFL  0.00255, Mass 5.287164009544E+18
    Total Energy: 42F7EEBBD283F64A  4.2102593265648463E+14
    Total Mass:   5.2871640095440794E+18, Change:   3.4495196298033534E+01 Error:  3.44952E+01 ( 6.5E-18)
MOM Time     100.000    100: En 2.338658E-05, MaxCFL  0.00134, Mass 5.287164009544E+18
    Total Energy: 42DC1D4CE3252624  1.2364867833564056E+14
    Total Mass:   5.2871640095440794E+18, Change:  -2.6650572587475096E+00 Error: -2.66506E+00 (-5.0E-19)
 MOM_in domain decomposition
whalo =    4, ehalo =    4, shalo =    4, nhalo =    4
  X-AXIS =   32  32
  Y-AXIS =   32  32
 MOM_in domain decomposition
whalo =    2, ehalo =    2, shalo =    2, nhalo =    2
  X-AXIS =   16  16
  Y-AXIS =   16  16
 MOM_in domain decomposition
whalo =    4, ehalo =    4, shalo =    4, nhalo =    4
  X-AXIS =   32  32
  Y-AXIS =   32  32
 MOM_in domain decomposition
whalo =    2, ehalo =    2, shalo =    2, nhalo =    2
  X-AXIS =   16  16
  Y-AXIS =   16  16
MOM Time     150.000    150: En 5.699787E-05, MaxCFL  0.00205, Mass 5.287164009544E+18
    Total Energy: 42F12152AB7C958D  3.0135709701154481E+14
    Total Mass:   5.2871640095440794E+18, Change:  -8.0114739019887082E+00 Error: -8.01147E+00 (-1.5E-18)
 MOM_in domain decomposition
whalo =    4, ehalo =    4, shalo =    4, nhalo =    4
  X-AXIS =   32  32
  Y-AXIS =   32  32
 MOM_in domain decomposition
whalo =    2, ehalo =    2, shalo =    2, nhalo =    2
  X-AXIS =   16  16
  Y-AXIS =   16  16

WARNING from PE     0: open_ASCII_file: File RESTART/ocean_solo.res opened WRITEONLY already exists!


WARNING from PE     0: open_ASCII_file: File exitcode opened WRITEONLY already exists!

 MPP_DOMAINS_STACK high water mark=       133600

Tabulating mpp_clock statistics across      4 PEs...

                                      hits          tmin          tmax          tavg          tstd  tfrac grain pemin pemax
Total runtime                            1     16.833356     16.833374     16.833365      0.000008  1.000     0     0     3
Initialization                           1      0.292721      0.293435      0.292919      0.000299  0.017     0     0     3
Main loop                                1     16.407917     16.408450     16.408312      0.000228  0.975     0     0     3
Termination                              1      0.130165      0.130345      0.130300      0.000078  0.008     0     0     3
Ocean Initialization                     2      0.313923      0.317131      0.314761      0.001368  0.019    11     0     3
Ocean                                   75     16.111897     16.112125     16.111982      0.000088  0.957     1     0     3
Ocean dynamics                         300     15.510744     15.587131     15.549080      0.037449  0.924    11     0     3
Ocean thermodynamics and tracers       225      0.030156      0.033929      0.032176      0.001344  0.002    11     0     3
Ocean grid generation and remapp         0      0.000000      0.000000      0.000000      0.000000  0.000    11     0     3
Ocean Other                            450      0.180689      0.190254      0.187547      0.003976  0.011    11     0     3
(Ocean tracer advection)               150      0.026145      0.026434      0.026292      0.000109  0.002    21     0     3
(Ocean adiabatic driver)                75      0.003963      0.007442      0.005843      0.001240  0.000    21     0     3
(Ocean continuity equation *)            0      0.000000      0.000000      0.000000      0.000000  0.000    31     0     3
(Ocean set BBL viscosity)               75      0.037190      0.039955      0.038867      0.001077  0.002    31     0     3
(Ocean message passing *)              150      0.356285      0.440999      0.396663      0.039616  0.024    31     0     3
(Ocean MOM_initialize_state)             2      0.009337      0.013735      0.010460      0.001891  0.001    31     0     3
(Ocean init message passing *)           2      0.005154      0.005325      0.005237      0.000061  0.000    41     0     3
(Ocean mixed layer restrat)              0      0.000000      0.000000      0.000000      0.000000  0.000    31     0     3
(Ocean collective diagnostics)         375      0.008951      0.013866      0.012289      0.001949  0.001    31     0     3
(Ocean Z-space diagnostics)              0      0.000000      0.000000      0.000000      0.000000  0.000    31     0     3
(Ocean ALE)                              0      0.000000      0.000000      0.000000      0.000000  0.000    31     0     3
(Stochastic EOS)                       150      0.000008      0.000010      0.000009      0.000001  0.000    31     0     3
(SGS Temperature Variance)             150      0.000006      0.000006      0.000006      0.000000  0.000    31     0     3
(Ocean diagnostics framework)            0      0.000000      0.000000      0.000000      0.000000  0.000    31     0     3
(Ocean diagnostics remapping)            0      0.000000      0.000000      0.000000      0.000000  0.000    41     0     3
(Ocean diagnostics grid updates)       526      0.058918      0.061136      0.060365      0.000859  0.004    41     0     3
(Ocean init message passing)             4      0.004155      0.007610      0.005690      0.001379  0.000    41     0     3
(Ocean continuity reconstruction       902      0.036731      0.038656      0.037846      0.000836  0.002    41     0     3
(Ocean continuity update)              902      0.010693      0.011449      0.011098      0.000317  0.001    41     0     3
(Ocean continuity correction)          902      0.641494      0.669147      0.658531      0.011490  0.039    41     0     3
(Ocean BT pre-calcs only)             1200      0.207950      0.215346      0.211546      0.003155  0.013    41     0     3
(Ocean BT pre-step halo updates)      1200      1.995284      2.391549      2.200148      0.186990  0.131    41     0     3
(Ocean BT stepping calcs only)         600      0.200021      0.209303      0.204324      0.003904  0.012    41     0     3
(Ocean BT stepping halo updates)       300      0.199650      0.200902      0.200326      0.000463  0.012    41     0     3
(Ocean BT post-calcs only)             900      0.018300      0.019090      0.018656      0.000349  0.001    41     0     3
(Ocean BT post-step halo updates       600      0.339821      0.348724      0.345003      0.003511  0.020    41     0     3
(Ocean BT global synch)                  0      0.000000      0.000000      0.000000      0.000000  0.000    41     0     3
(Ocean Coriolis & mom advection)       300      4.289218      4.563067      4.430419      0.132636  0.263    31     0     3
(Ocean continuity equation)            450      0.697945      0.725602      0.714926      0.011127  0.042    31     0     3
(Ocean pressure force)                 150      0.855877      0.904961      0.881292      0.023647  0.052    31     0     3
(Ocean vertical viscosity)             450      1.143106      1.226833      1.177580      0.030727  0.070    31     0     3
(Ocean horizontal viscosity)           150      3.798183      4.042440      3.926684      0.115966  0.233    31     0     3
(Ocean momentum increments)            300      0.007850      0.008119      0.007971      0.000118  0.000    31     0     3
(Ocean message passing)               1350      0.839301      1.026338      0.947962      0.077851  0.056    31     0     3
(Ocean barotropic mode calc)           300      0.008075      0.008287      0.008158      0.000086  0.000    31     0     3
(Ocean barotropic mode stepping)       300      2.993047      3.382811      3.194861      0.183619  0.190    31     0     3
(Ocean barotropic forcing calc)        300      0.007105      0.007434      0.007275      0.000121  0.000    31     0     3
(Ocean advect tracer)                    0      0.000000      0.000000      0.000000      0.000000  0.000    31     0     3
(Ocean tracer halo updates)              0      0.000000      0.000000      0.000000      0.000000  0.000    41     0     3
(Ocean tracer global synch)              0      0.000000      0.000000      0.000000      0.000000  0.000    41     0     3
(Ocean diffuse tracer)                   0      0.000000      0.000000      0.000000      0.000000  0.000    31     0     3
(Ocean epipycnal diffuse tracer)         0      0.000000      0.000000      0.000000      0.000000  0.000    31     0     3
(Ocean surface forcing)                 76      0.001651      0.002364      0.001852      0.000297  0.000    31     0     3
(Ocean forcing diagnostics)            150      0.000143      0.000268      0.000208      0.000056  0.000    41     0     3
 MPP_STACK high water mark=            0
