NOTE from PE     0: MPP_DOMAINS_SET_STACK_SIZE: stack size set to    32768.
NOTE from PE     0: MPP_DOMAINS_SET_STACK_SIZE: stack size set to  4000000.
NOTE from PE     0: ======== Model being driven by MOM_driver ========
NOTE from PE     0: callTree: o Program MOM_main, MOM_driver.F90
NOTE from PE     0: open_param_file: MOM_input has been opened successfully.
NOTE from PE     0: open_param_file: MOM_override has been opened successfully.

WARNING from PE     0: MOM_file_parser : DT over-ridden.  Line: 'DT = 37' in file MOM_override.


WARNING from PE     0: MOM_file_parser : DT_THERM over-ridden.  Line: 'DT_THERM = 75' in file MOM_override.


WARNING from PE     0: MOM_file_parser : NIGLOBAL over-ridden.  Line: 'NIGLOBAL = 1024' in file MOM_override.


WARNING from PE     0: MOM_file_parser : NJGLOBAL over-ridden.  Line: 'NJGLOBAL = 1024' in file MOM_override.

 MOM_in domain decomposition
whalo =    4, ehalo =    4, shalo =    4, nhalo =    4
  X-AXIS =   86  86  85  85  85  85  85  85  85  85  86  86
  Y-AXIS =  128 128 128 128 128 128 128 128
 MOM_inc domain decomposition
whalo =    2, ehalo =    2, shalo =    2, nhalo =    2
  X-AXIS =   43  43  43  43  42  42  42  42  43  43  43  43
  Y-AXIS =   64  64  64  64  64  64  64  64
NOTE from PE     0: diag_manager_mod::diag_manager_init: prepend_date only supported when diag_manager_init is called with time_init present.
NOTE from PE     0: diag_manager_mod::diag_manager_init: You are using the legacy version of the diag table
 MOM_in domain decomposition
whalo =    4, ehalo =    4, shalo =    4, nhalo =    4
  X-AXIS =   86  86  85  85  85  85  85  85  85  85  86  86
  Y-AXIS =  128 128 128 128 128 128 128 128
 MOM_in domain decomposition
whalo =    2, ehalo =    2, shalo =    2, nhalo =    2
  X-AXIS =   43  43  43  43  42  42  42  42  43  43  43  43
  Y-AXIS =   64  64  64  64  64  64  64  64

WARNING from PE     0: MOM_file_parser : NK over-ridden.  Line: 'NK = 100' in file MOM_override.

 MOM_in domain decomposition
whalo =    4, ehalo =    4, shalo =    4, nhalo =    4
  X-AXIS =   86  86  85  85  85  85  85  85  85  85  86  86
  Y-AXIS =  128 128 128 128 128 128 128 128
 MOM_in domain decomposition
whalo =    2, ehalo =    2, shalo =    2, nhalo =    2
  X-AXIS =   43  43  43  43  42  42  42  42  43  43  43  43
  Y-AXIS =   64  64  64  64  64  64  64  64

WARNING from PE     0: Open_file is appending .nc to the filename ./ocean_geometry


WARNING from PE     0: MOM_file_parser : COORD_CONFIG over-ridden.  Line: 'COORD_CONFIG = "linear"' in file MOM_override.

 MOM_in domain decomposition
whalo =    4, ehalo =    4, shalo =    4, nhalo =    4
  X-AXIS =   86  86  85  85  85  85  85  85  85  85  86  86
  Y-AXIS =  128 128 128 128 128 128 128 128
 MOM_in domain decomposition
whalo =    2, ehalo =    2, shalo =    2, nhalo =    2
  X-AXIS =   43  43  43  43  42  42  42  42  43  43  43  43
  Y-AXIS =   64  64  64  64  64  64  64  64
 MOM_in domain decomposition
whalo =    4, ehalo =    4, shalo =    4, nhalo =    4
  X-AXIS =   86  86  85  85  85  85  85  85  85  85  86  86
  Y-AXIS =  128 128 128 128 128 128 128 128
 MOM_in domain decomposition
whalo =    2, ehalo =    2, shalo =    2, nhalo =    2
  X-AXIS =   43  43  43  43  42  42  42  42  43  43  43  43
  Y-AXIS =   64  64  64  64  64  64  64  64

WARNING from PE     0: ./Depth_list.nc checksums do not match; updating file.


WARNING from PE     0: MOM_file_parser : DT_FORCING over-ridden.  Line: 'DT_FORCING = 75' in file MOM_override.


WARNING from PE     0: MOM_file_parser : DAYMAX over-ridden.  Line: 'DAYMAX = 150' in file MOM_override.


WARNING from PE     0: Unused line in MOM_input : GINT = 0.0098


WARNING from PE     0: open_ASCII_file: File ./CPU_stats opened WRITEONLY already exists!


WARNING from PE     0: open_ASCII_file: File ./ocean.stats opened WRITEONLY already exists!

MOM Time       0.000      0: En 9.167942E-12, MaxCFL  0.00000, Mass 5.286411564124E+18
    Total Energy: 41871C336630D599  4.8465516773844905E+07
    Total Mass:   5.2864115641239163E+18, Change:   0.0000000000000000E+00 Error:  0.00000E+00 ( 0.0E+00)
MOM Time      50.676     75: En 9.561068E-07, MaxCFL  0.00036, Mass 5.286411564124E+18
    Total Energy: 42926340A0386CDD  5.0543738260752158E+12
    Total Mass:   5.2864115641239163E+18, Change:   2.7469496140543090E+01 Error:  2.74695E+01 ( 5.2E-18)
MOM Time      99.324    147: En 3.499944E-06, MaxCFL  0.00068, Mass 5.286411564124E+18
    Total Energy: 42B0D3DDD3E4317F  1.8502145795121496E+13
    Total Mass:   5.2864115641239163E+18, Change:  -2.1090870932770445E+00 Error: -2.10909E+00 (-4.0E-19)
 MOM_in domain decomposition
whalo =    4, ehalo =    4, shalo =    4, nhalo =    4
  X-AXIS =   86  86  85  85  85  85  85  85  85  85  86  86
  Y-AXIS =  128 128 128 128 128 128 128 128
 MOM_in domain decomposition
whalo =    2, ehalo =    2, shalo =    2, nhalo =    2
  X-AXIS =   43  43  43  43  42  42  42  42  43  43  43  43
  Y-AXIS =   64  64  64  64  64  64  64  64
 MOM_in domain decomposition
whalo =    4, ehalo =    4, shalo =    4, nhalo =    4
  X-AXIS =   86  86  85  85  85  85  85  85  85  85  86  86
  Y-AXIS =  128 128 128 128 128 128 128 128
 MOM_in domain decomposition
whalo =    2, ehalo =    2, shalo =    2, nhalo =    2
  X-AXIS =   43  43  43  43  42  42  42  42  43  43  43  43
  Y-AXIS =   64  64  64  64  64  64  64  64
 MOM_in domain decomposition
whalo =    4, ehalo =    4, shalo =    4, nhalo =    4
  X-AXIS =   86  86  85  85  85  85  85  85  85  85  86  86
  Y-AXIS =  128 128 128 128 128 128 128 128
 MOM_in domain decomposition
whalo =    2, ehalo =    2, shalo =    2, nhalo =    2
  X-AXIS =   43  43  43  43  42  42  42  42  43  43  43  43
  Y-AXIS =   64  64  64  64  64  64  64  64
 MOM_in domain decomposition
whalo =    4, ehalo =    4, shalo =    4, nhalo =    4
  X-AXIS =   86  86  85  85  85  85  85  85  85  85  86  86
  Y-AXIS =  128 128 128 128 128 128 128 128
 MOM_in domain decomposition
whalo =    2, ehalo =    2, shalo =    2, nhalo =    2
  X-AXIS =   43  43  43  43  42  42  42  42  43  43  43  43
  Y-AXIS =   64  64  64  64  64  64  64  64
MOM Time     150.000    222: En 7.572530E-06, MaxCFL  0.00098, Mass 5.286411564124E+18
    Total Energy: 42C23447FABD413B  4.0031510428290461E+13
    Total Mass:   5.2864115641239163E+18, Change:   2.1165322302052048E-01 Error:  2.11653E-01 ( 4.0E-20)
 MOM_in domain decomposition
whalo =    4, ehalo =    4, shalo =    4, nhalo =    4
  X-AXIS =   86  86  85  85  85  85  85  85  85  85  86  86
  Y-AXIS =  128 128 128 128 128 128 128 128
 MOM_in domain decomposition
whalo =    2, ehalo =    2, shalo =    2, nhalo =    2
  X-AXIS =   43  43  43  43  42  42  42  42  43  43  43  43
  Y-AXIS =   64  64  64  64  64  64  64  64
 MOM_in domain decomposition
whalo =    4, ehalo =    4, shalo =    4, nhalo =    4
  X-AXIS =   86  86  85  85  85  85  85  85  85  85  86  86
  Y-AXIS =  128 128 128 128 128 128 128 128
 MOM_in domain decomposition
whalo =    2, ehalo =    2, shalo =    2, nhalo =    2
  X-AXIS =   43  43  43  43  42  42  42  42  43  43  43  43
  Y-AXIS =   64  64  64  64  64  64  64  64

WARNING from PE     0: open_ASCII_file: File RESTART/ocean_solo.res opened WRITEONLY already exists!


WARNING from PE     0: open_ASCII_file: File exitcode opened WRITEONLY already exists!

 MPP_DOMAINS_STACK high water mark=      875200

Tabulating mpp_clock statistics across     96 PEs...

                                      hits          tmin          tmax          tavg          tstd  tfrac grain pemin pemax
Total runtime                            1    425.097229    425.097229    425.097198      0.000031  1.000     0     0    95
Initialization                           1      1.982830      2.009013      1.996567      0.008349  0.005     0     0    95
Main loop                                1    396.598633    396.604401    396.598724      0.000583  0.933     0     0    95
Termination                              1     26.475805     26.481363     26.481298      0.000564  0.062     0     0    95
Ocean Initialization                     2      2.023066      2.076230      2.034678      0.008090  0.005    11     0    95
Ocean                                   74    342.711395    342.732391    342.724762      0.005150  0.806     1     0    95
Ocean dynamics                         444    336.245636    337.228790    336.613007      0.198037  0.792    11     0    95
Ocean thermodynamics and tracers       222      0.755342      1.118901      1.011766      0.062606  0.002    11     0    95
Ocean grid generation and remapp         0      0.000000      0.000000      0.000000      0.000000  0.000    11     0    95
Ocean Other                            518      1.724122      2.244963      1.943596      0.103331  0.005    11     0    95
(Ocean tracer advection)               148      0.477849      0.766431      0.686055      0.056722  0.002    21     0    95
(Ocean adiabatic driver)                74      0.268518      0.365181      0.325360      0.024743  0.001    21     0    95
(Ocean continuity equation *)            0      0.000000      0.000000      0.000000      0.000000  0.000    31     0    95
(Ocean set BBL viscosity)               74      1.783790      2.372897      2.048921      0.127762  0.005    31     0    95
(Ocean message passing *)              148      0.890154      2.116992      1.370234      0.292916  0.003    31     0    95
(Ocean MOM_initialize_state)             2      0.033099      0.105445      0.055737      0.020992  0.000    31     0    95
(Ocean init message passing *)           2      0.003574      0.069189      0.013041      0.016608  0.000    41     0    95
(Ocean mixed layer restrat)              0      0.000000      0.000000      0.000000      0.000000  0.000    31     0    95
(Ocean collective diagnostics)         444      0.511035      0.910988      0.769219      0.078642  0.002    31     0    95
(Ocean Z-space diagnostics)              0      0.000000      0.000000      0.000000      0.000000  0.000    31     0    95
(Ocean ALE)                              0      0.000000      0.000000      0.000000      0.000000  0.000    31     0    95
(Stochastic EOS)                       222      0.000013      0.000124      0.000035      0.000020  0.000    31     0    95
(SGS Temperature Variance)             222      0.000009      0.000042      0.000021      0.000008  0.000    31     0    95
(Ocean diagnostics framework)            0      0.000000      0.000000      0.000000      0.000000  0.000    31     0    95
(Ocean diagnostics remapping)            0      0.000000      0.000000      0.000000      0.000000  0.000    41     0    95
(Ocean diagnostics grid updates)       741      1.041201      1.901641      1.583391      0.217276  0.004    41     0    95
(Ocean init message passing)             4      0.019780      0.148073      0.062132      0.030325  0.000    41     0    95
(Ocean continuity reconstruction      1334     13.541749     17.566193     15.602483      0.884620  0.037    41     0    95
(Ocean continuity update)             1334      4.435738      9.702648      7.849350      0.970039  0.018    41     0    95
(Ocean continuity correction)         1334     58.513680     80.497704     71.283028      5.956928  0.168    41     0    95
(Ocean BT pre-calcs only)             1776     29.975351     42.024258     36.031727      2.771263  0.085    41     0    95
(Ocean BT pre-step halo updates)      1776      2.411841     21.949274      8.646905      5.024451  0.020    41     0    95
(Ocean BT stepping calcs only)         888      1.014613      1.714149      1.415941      0.171580  0.003    41     0    95
(Ocean BT stepping halo updates)       444      0.124701      0.663100      0.295835      0.119059  0.001    41     0    95
(Ocean BT post-calcs only)            1332      4.856576      6.265170      5.797979      0.343615  0.014    41     0    95
(Ocean BT post-step halo updates       888      0.661335      1.559789      0.980595      0.197767  0.002    41     0    95
(Ocean BT global synch)                  0      0.000000      0.000000      0.000000      0.000000  0.000    41     0    95
(Ocean Coriolis & mom advection)       444     11.141097     15.175592     13.490750      0.827824  0.032    31     0    95
(Ocean continuity equation)            666     82.081985    104.399712     94.679100      6.210612  0.223    31     0    95
(Ocean pressure force)                 222     24.920473     28.033415     26.487936      0.578641  0.062    31     0    95
(Ocean vertical viscosity)             666     74.761559     84.873787     80.044792      2.516429  0.188    31     0    95
(Ocean horizontal viscosity)           222      6.158625      9.710050      7.138133      0.740516  0.017    31     0    95
(Ocean momentum increments)            444     10.332918     11.047929     10.703382      0.193436  0.025    31     0    95
(Ocean message passing)               1998     13.208518     25.982977     19.263004      2.988177  0.045    31     0    95
(Ocean barotropic mode calc)           444      1.261692      1.974886      1.746615      0.162369  0.004    31     0    95
(Ocean barotropic mode stepping)       444     43.293930     69.489792     53.193634      7.039799  0.125    31     0    95
(Ocean barotropic forcing calc)        444      8.151957     11.472792      9.968472      0.898047  0.023    31     0    95
(Ocean advect tracer)                    0      0.000000      0.000000      0.000000      0.000000  0.000    31     0    95
(Ocean tracer halo updates)              0      0.000000      0.000000      0.000000      0.000000  0.000    41     0    95
(Ocean tracer global synch)              0      0.000000      0.000000      0.000000      0.000000  0.000    41     0    95
(Ocean diffuse tracer)                   0      0.000000      0.000000      0.000000      0.000000  0.000    31     0    95
(Ocean epipycnal diffuse tracer)         0      0.000000      0.000000      0.000000      0.000000  0.000    31     0    95
(Ocean surface forcing)                 75      0.001689      0.006299      0.004335      0.001182  0.000    31     0    95
(Ocean forcing diagnostics)            148      0.000338      0.001280      0.000592      0.000184  0.000    41     0    95
 MPP_STACK high water mark=           0
