NOTE from PE     0: MPP_DOMAINS_SET_STACK_SIZE: stack size set to    32768.
NOTE from PE     0: MPP_DOMAINS_SET_STACK_SIZE: stack size set to  4000000.
NOTE from PE     0: ======== Model being driven by MOM_driver ========
NOTE from PE     0: callTree: o Program MOM_main, MOM_driver.F90
NOTE from PE     0: open_param_file: MOM_input has been opened successfully.
NOTE from PE     0: open_param_file: MOM_override has been opened successfully.

WARNING from PE     0: MOM_file_parser : DT over-ridden.  Line: 'DT = 150' in file MOM_override.


WARNING from PE     0: MOM_file_parser : DT_THERM over-ridden.  Line: 'DT_THERM = 300' in file MOM_override.


WARNING from PE     0: MOM_file_parser : NIGLOBAL over-ridden.  Line: 'NIGLOBAL = 256' in file MOM_override.


WARNING from PE     0: MOM_file_parser : NJGLOBAL over-ridden.  Line: 'NJGLOBAL = 256' in file MOM_override.

 MOM_in domain decomposition
whalo =    4, ehalo =    4, shalo =    4, nhalo =    4
  X-AXIS =   32  32  32  32  32  32  32  32
  Y-AXIS =   32  32  32  32  32  32  32  32
 MOM_inc domain decomposition
whalo =    2, ehalo =    2, shalo =    2, nhalo =    2
  X-AXIS =   16  16  16  16  16  16  16  16
  Y-AXIS =   16  16  16  16  16  16  16  16
NOTE from PE     0: diag_manager_mod::diag_manager_init: prepend_date only supported when diag_manager_init is called with time_init present.
NOTE from PE     0: diag_manager_mod::diag_manager_init: You are using the legacy version of the diag table
 MOM_in domain decomposition
whalo =    4, ehalo =    4, shalo =    4, nhalo =    4
  X-AXIS =   32  32  32  32  32  32  32  32
  Y-AXIS =   32  32  32  32  32  32  32  32
 MOM_in domain decomposition
whalo =    2, ehalo =    2, shalo =    2, nhalo =    2
  X-AXIS =   16  16  16  16  16  16  16  16
  Y-AXIS =   16  16  16  16  16  16  16  16

WARNING from PE     0: MOM_file_parser : NK over-ridden.  Line: 'NK = 100' in file MOM_override.

 MOM_in domain decomposition
whalo =    4, ehalo =    4, shalo =    4, nhalo =    4
  X-AXIS =   32  32  32  32  32  32  32  32
  Y-AXIS =   32  32  32  32  32  32  32  32
 MOM_in domain decomposition
whalo =    2, ehalo =    2, shalo =    2, nhalo =    2
  X-AXIS =   16  16  16  16  16  16  16  16
  Y-AXIS =   16  16  16  16  16  16  16  16

WARNING from PE     0: Open_file is appending .nc to the filename ./ocean_geometry


WARNING from PE     0: MOM_file_parser : COORD_CONFIG over-ridden.  Line: 'COORD_CONFIG = "linear"' in file MOM_override.

 MOM_in domain decomposition
whalo =    4, ehalo =    4, shalo =    4, nhalo =    4
  X-AXIS =   32  32  32  32  32  32  32  32
  Y-AXIS =   32  32  32  32  32  32  32  32
 MOM_in domain decomposition
whalo =    2, ehalo =    2, shalo =    2, nhalo =    2
  X-AXIS =   16  16  16  16  16  16  16  16
  Y-AXIS =   16  16  16  16  16  16  16  16
 MOM_in domain decomposition
whalo =    4, ehalo =    4, shalo =    4, nhalo =    4
  X-AXIS =   32  32  32  32  32  32  32  32
  Y-AXIS =   32  32  32  32  32  32  32  32
 MOM_in domain decomposition
whalo =    2, ehalo =    2, shalo =    2, nhalo =    2
  X-AXIS =   16  16  16  16  16  16  16  16
  Y-AXIS =   16  16  16  16  16  16  16  16

WARNING from PE     0: ./Depth_list.nc checksums do not match; updating file.


WARNING from PE     0: MOM_file_parser : DT_FORCING over-ridden.  Line: 'DT_FORCING = 300' in file MOM_override.


WARNING from PE     0: MOM_file_parser : DAYMAX over-ridden.  Line: 'DAYMAX = 150' in file MOM_override.


WARNING from PE     0: Unused line in MOM_input : GINT = 0.0098


WARNING from PE     0: open_ASCII_file: File ./CPU_stats opened WRITEONLY already exists!


WARNING from PE     0: open_ASCII_file: File ./ocean.stats opened WRITEONLY already exists!

MOM Time       0.000      0: En 9.167136E-12, MaxCFL  0.00000, Mass 5.286457540076E+18
    Total Energy: 41871BBB631AB4A4  4.8461676388039857E+07
    Total Mass:   5.2864575400760177E+18, Change:   0.0000000000000000E+00 Error:  0.00000E+00 ( 0.0E+00)
MOM Time      50.000     50: En 1.299125E-05, MaxCFL  0.00126, Mass 5.286457540076E+18
    Total Energy: 42CF3B228ADECE77  6.8677686115740930E+13
    Total Mass:   5.2864575400760177E+18, Change:   1.5174636336605129E+01 Error:  1.51746E+01 ( 2.9E-18)
MOM Time     100.000    100: En 4.033843E-05, MaxCFL  0.00184, Mass 5.286457540076E+18
    Total Energy: 42E83E50EE2EDD65  2.1324739860657116E+14
    Total Mass:   5.2864575400760177E+18, Change:   6.3857150787860295E-01 Error:  6.38572E-01 ( 1.2E-19)
 MOM_in domain decomposition
whalo =    4, ehalo =    4, shalo =    4, nhalo =    4
  X-AXIS =   32  32  32  32  32  32  32  32
  Y-AXIS =   32  32  32  32  32  32  32  32
 MOM_in domain decomposition
whalo =    2, ehalo =    2, shalo =    2, nhalo =    2
  X-AXIS =   16  16  16  16  16  16  16  16
  Y-AXIS =   16  16  16  16  16  16  16  16
 MOM_in domain decomposition
whalo =    4, ehalo =    4, shalo =    4, nhalo =    4
  X-AXIS =   32  32  32  32  32  32  32  32
  Y-AXIS =   32  32  32  32  32  32  32  32
 MOM_in domain decomposition
whalo =    2, ehalo =    2, shalo =    2, nhalo =    2
  X-AXIS =   16  16  16  16  16  16  16  16
  Y-AXIS =   16  16  16  16  16  16  16  16
MOM Time     150.000    150: En 6.647693E-05, MaxCFL  0.00207, Mass 5.286457540076E+18
    Total Energy: 42F3F9F16020E2DF  3.5142747829406194E+14
    Total Mass:   5.2864575400760177E+18, Change:  -3.1801529603707337E+00 Error: -3.18015E+00 (-6.0E-19)
 MOM_in domain decomposition
whalo =    4, ehalo =    4, shalo =    4, nhalo =    4
  X-AXIS =   32  32  32  32  32  32  32  32
  Y-AXIS =   32  32  32  32  32  32  32  32
 MOM_in domain decomposition
whalo =    2, ehalo =    2, shalo =    2, nhalo =    2
  X-AXIS =   16  16  16  16  16  16  16  16
  Y-AXIS =   16  16  16  16  16  16  16  16

WARNING from PE     0: open_ASCII_file: File RESTART/ocean_solo.res opened WRITEONLY already exists!


WARNING from PE     0: open_ASCII_file: File exitcode opened WRITEONLY already exists!

 MPP_DOMAINS_STACK high water mark=      275200

Tabulating mpp_clock statistics across     64 PEs...

                                      hits          tmin          tmax          tavg          tstd  tfrac grain pemin pemax
Total runtime                            1     29.976048     29.976051     29.976046      0.000006  1.000     0     0    63
Initialization                           1      0.271424      0.287349      0.280425      0.005023  0.009     0     0    63
Main loop                                1     27.967133     27.967527     27.967295      0.000066  0.933     0     0    63
Termination                              1      1.715426      1.715464      1.715435      0.000008  0.057     0     0    63
Ocean Initialization                     2      0.276383      0.293272      0.282921      0.004123  0.009    11     0    63
Ocean                                   75     24.654566     24.665291     24.662815      0.002752  0.823     1     0    63
Ocean dynamics                         300     23.743979     24.005663     23.911337      0.070069  0.798    11     0    63
Ocean thermodynamics and tracers       225      0.020132      0.124127      0.086411      0.036744  0.003    11     0    63
Ocean grid generation and remapp         0      0.000000      0.000000      0.000000      0.000000  0.000    11     0    63
Ocean Other                            450      0.192741      0.588784      0.273384      0.114993  0.009    11     0    63
(Ocean tracer advection)               150      0.012440      0.080765      0.056575      0.024563  0.002    21     0    63
(Ocean adiabatic driver)                75      0.007601      0.043185      0.029714      0.012189  0.001    21     0    63
(Ocean continuity equation *)            0      0.000000      0.000000      0.000000      0.000000  0.000    31     0    63
(Ocean set BBL viscosity)               75      0.104785      0.235169      0.200683      0.036111  0.007    31     0    63
(Ocean message passing *)              150      0.250043      0.775887      0.426821      0.167925  0.014    31     0    63
(Ocean MOM_initialize_state)             2      0.006203      0.009124      0.007678      0.000698  0.000    31     0    63
(Ocean init message passing *)           2      0.001749      0.003546      0.002514      0.000394  0.000    41     0    63
(Ocean mixed layer restrat)              0      0.000000      0.000000      0.000000      0.000000  0.000    31     0    63
(Ocean collective diagnostics)         375      0.016971      0.097623      0.061290      0.025083  0.002    31     0    63
(Ocean Z-space diagnostics)              0      0.000000      0.000000      0.000000      0.000000  0.000    31     0    63
(Ocean ALE)                              0      0.000000      0.000000      0.000000      0.000000  0.000    31     0    63
(Stochastic EOS)                       150      0.000011      0.000110      0.000035      0.000019  0.000    31     0    63
(SGS Temperature Variance)             150      0.000005      0.000040      0.000010      0.000006  0.000    31     0    63
(Ocean diagnostics framework)            0      0.000000      0.000000      0.000000      0.000000  0.000    31     0    63
(Ocean diagnostics remapping)            0      0.000000      0.000000      0.000000      0.000000  0.000    41     0    63
(Ocean diagnostics grid updates)       526      0.026304      0.119577      0.085445      0.029927  0.003    41     0    63
(Ocean init message passing)             4      0.003376      0.048995      0.021474      0.012521  0.001    41     0    63
(Ocean continuity reconstruction       902      0.696206      1.360904      1.063985      0.191620  0.035    41     0    63
(Ocean continuity update)              902      0.209080      0.472660      0.380365      0.084944  0.013    41     0    63
(Ocean continuity correction)          902      3.738262      5.905041      4.946023      0.676151  0.165    41     0    63
(Ocean BT pre-calcs only)             1200      1.299790      2.605182      2.070708      0.392770  0.069    41     0    63
(Ocean BT pre-step halo updates)      1200      0.447571      4.944880      1.747909      1.413875  0.058    41     0    63
(Ocean BT stepping calcs only)         600      0.034095      0.052842      0.044450      0.005125  0.001    41     0    63
(Ocean BT stepping halo updates)       300      0.018191      0.044172      0.029518      0.006121  0.001    41     0    63
(Ocean BT post-calcs only)             900      0.199171      0.352359      0.301736      0.053558  0.010    41     0    63
(Ocean BT post-step halo updates       600      0.034435      0.069071      0.049887      0.009250  0.002    41     0    63
(Ocean BT global synch)                  0      0.000000      0.000000      0.000000      0.000000  0.000    41     0    63
(Ocean Coriolis & mom advection)       300      0.535134      1.087114      0.907427      0.201323  0.030    31     0    63
(Ocean continuity equation)            450      4.723162      7.513853      6.389138      0.924088  0.213    31     0    63
(Ocean pressure force)                 150      0.834872      1.948317      1.606414      0.402094  0.054    31     0    63
(Ocean vertical viscosity)             450      3.466386      4.879773      4.345772      0.449053  0.145    31     0    63
(Ocean horizontal viscosity)           150      0.288514      0.520149      0.427864      0.078974  0.014    31     0    63
(Ocean momentum increments)            300      0.434430      0.821502      0.701127      0.142520  0.023    31     0    63
(Ocean message passing)               1350      1.626089      6.790140      3.226044      1.749513  0.108    31     0    63
(Ocean barotropic mode calc)           300      0.027258      0.099647      0.061235      0.019349  0.002    31     0    63
(Ocean barotropic mode stepping)       300      3.052692      6.715051      4.248608      1.047504  0.142    31     0    63
(Ocean barotropic forcing calc)        300      0.245109      0.844971      0.663857      0.223453  0.022    31     0    63
(Ocean advect tracer)                    0      0.000000      0.000000      0.000000      0.000000  0.000    31     0    63
(Ocean tracer halo updates)              0      0.000000      0.000000      0.000000      0.000000  0.000    41     0    63
(Ocean tracer global synch)              0      0.000000      0.000000      0.000000      0.000000  0.000    41     0    63
(Ocean diffuse tracer)                   0      0.000000      0.000000      0.000000      0.000000  0.000    31     0    63
(Ocean epipycnal diffuse tracer)         0      0.000000      0.000000      0.000000      0.000000  0.000    31     0    63
(Ocean surface forcing)                 76      0.001736      0.004222      0.003166      0.000569  0.000    31     0    63
(Ocean forcing diagnostics)            150      0.000243      0.001233      0.000594      0.000212  0.000    41     0    63
 MPP_STACK high water mark=           0
