NOTE: MPP_DOMAINS_SET_STACK_SIZE: stack size set to    32768.
NOTE: MPP_DOMAINS_SET_STACK_SIZE: stack size set to  4000000.
NOTE: ======== Model being driven by MOM_driver ========
NOTE: callTree: o Program MOM_main, MOM_driver.F90
NOTE: open_param_file: MOM_input has been opened successfully.
NOTE: open_param_file: MOM_override has been opened successfully.

WARNING: MOM_file_parser : DT over-ridden.  Line: 'DT = 1200' in file MOM_override.


WARNING: MOM_file_parser : DT_THERM over-ridden.  Line: 'DT_THERM = 2400' in file MOM_override.


WARNING: MOM_file_parser : NIGLOBAL over-ridden.  Line: 'NIGLOBAL = 32' in file MOM_override.


WARNING: MOM_file_parser : NJGLOBAL over-ridden.  Line: 'NJGLOBAL = 32' in file MOM_override.

 MOM_in domain decomposition
whalo =    4, ehalo =    4, shalo =    4, nhalo =    4
  X-AXIS =   32
  Y-AXIS =   32
 MOM_inc domain decomposition
whalo =    2, ehalo =    2, shalo =    2, nhalo =    2
  X-AXIS =   16
  Y-AXIS =   16
NOTE: diag_manager_mod::diag_manager_init: prepend_date only supported when diag_manager_init is called with time_init present.
NOTE: diag_manager_mod::diag_manager_init: You are using the legacy version of the diag table
 MOM_in domain decomposition
whalo =    4, ehalo =    4, shalo =    4, nhalo =    4
  X-AXIS =   32
  Y-AXIS =   32
 MOM_in domain decomposition
whalo =    2, ehalo =    2, shalo =    2, nhalo =    2
  X-AXIS =   16
  Y-AXIS =   16

WARNING: MOM_file_parser : NK over-ridden.  Line: 'NK = 100' in file MOM_override.

 MOM_in domain decomposition
whalo =    4, ehalo =    4, shalo =    4, nhalo =    4
  X-AXIS =   32
  Y-AXIS =   32
 MOM_in domain decomposition
whalo =    2, ehalo =    2, shalo =    2, nhalo =    2
  X-AXIS =   16
  Y-AXIS =   16

WARNING: Open_file is appending .nc to the filename ./ocean_geometry


WARNING: MOM_file_parser : COORD_CONFIG over-ridden.  Line: 'COORD_CONFIG = "linear"' in file MOM_override.

 MOM_in domain decomposition
whalo =    4, ehalo =    4, shalo =    4, nhalo =    4
  X-AXIS =   32
  Y-AXIS =   32
 MOM_in domain decomposition
whalo =    2, ehalo =    2, shalo =    2, nhalo =    2
  X-AXIS =   16
  Y-AXIS =   16
 MOM_in domain decomposition
whalo =    4, ehalo =    4, shalo =    4, nhalo =    4
  X-AXIS =   32
  Y-AXIS =   32
 MOM_in domain decomposition
whalo =    2, ehalo =    2, shalo =    2, nhalo =    2
  X-AXIS =   16
  Y-AXIS =   16

WARNING: ./Depth_list.nc checksums do not match; updating file.


WARNING: MOM_file_parser : DT_FORCING over-ridden.  Line: 'DT_FORCING = 2400' in file MOM_override.


WARNING: MOM_file_parser : DAYMAX over-ridden.  Line: 'DAYMAX = 150' in file MOM_override.


WARNING: Unused line in MOM_input : GINT = 0.0098


WARNING: open_ASCII_file: File ./CPU_stats opened WRITEONLY already exists!


WARNING: open_ASCII_file: File ./ocean.stats opened WRITEONLY already exists!

MOM Time       0.000      0: En 9.113220E-12, MaxCFL  0.00000, Mass 5.289326887310E+18
    Total Energy: 4186FC21742E02FD  4.8202798522466637E+07
    Total Mass:   5.2893268873103186E+18, Change:   0.0000000000000000E+00 Error:  0.00000E+00 ( 0.0E+00)
MOM Time      50.000     50: En 2.411415E-05, MaxCFL  0.00148, Mass 5.289326887310E+18
    Total Energy: 42DD003FDB6B2F97  1.2754763419974236E+14
    Total Mass:   5.2893268873103186E+18, Change:  -8.2694103241927337E+00 Error: -8.26941E+00 (-1.6E-18)
MOM Time     100.000    100: En 4.391675E-05, MaxCFL  0.00199, Mass 5.289326887310E+18
    Total Energy: 42EA6887DCEABA86  2.3229006658504419E+14
    Total Mass:   5.2893268873103186E+18, Change:   5.7180162288315728E+00 Error:  5.71802E+00 ( 1.1E-18)
 MOM_in domain decomposition
whalo =    4, ehalo =    4, shalo =    4, nhalo =    4
  X-AXIS =   32
  Y-AXIS =   32
 MOM_in domain decomposition
whalo =    2, ehalo =    2, shalo =    2, nhalo =    2
  X-AXIS =   16
  Y-AXIS =   16
 MOM_in domain decomposition
whalo =    4, ehalo =    4, shalo =    4, nhalo =    4
  X-AXIS =   32
  Y-AXIS =   32
 MOM_in domain decomposition
whalo =    2, ehalo =    2, shalo =    2, nhalo =    2
  X-AXIS =   16
  Y-AXIS =   16
MOM Time     150.000    150: En 5.356812E-05, MaxCFL  0.00233, Mass 5.289326887310E+18
    Total Energy: 42F01B210FEA41A1  2.8333927764073006E+14
    Total Mass:   5.2893268873103186E+18, Change:  -3.9402663136373803E+00 Error: -3.94027E+00 (-7.4E-19)
 MOM_in domain decomposition
whalo =    4, ehalo =    4, shalo =    4, nhalo =    4
  X-AXIS =   32
  Y-AXIS =   32
 MOM_in domain decomposition
whalo =    2, ehalo =    2, shalo =    2, nhalo =    2
  X-AXIS =   16
  Y-AXIS =   16

WARNING: open_ASCII_file: File RESTART/ocean_solo.res opened WRITEONLY already exists!


WARNING: open_ASCII_file: File exitcode opened WRITEONLY already exists!

 MPP_DOMAINS_STACK high water mark=           0

Tabulating mpp_clock statistics across      1 PEs...

                                      hits          tmin          tmax          tavg          tstd  tfrac grain pemin pemax
Total runtime                            1      9.455530      9.455530      9.455530      0.000000  1.000     0     0     0
Initialization                           1      0.109486      0.109486      0.109486      0.000000  0.012     0     0     0
Main loop                                1      9.316394      9.316394      9.316394      0.000000  0.985     0     0     0
Termination                              1      0.028209      0.028209      0.028209      0.000000  0.003     0     0     0
Ocean Initialization                     2      0.111970      0.111970      0.111970      0.000000  0.012    11     0     0
Ocean                                   75      9.242610      9.242610      9.242610      0.000000  0.977     1     0     0
Ocean dynamics                         300      9.178106      9.178106      9.178106      0.000000  0.971    11     0     0
Ocean thermodynamics and tracers       225      0.008247      0.008247      0.008247      0.000000  0.001    11     0     0
Ocean grid generation and remapp         0      0.000000      0.000000      0.000000      0.000000  0.000    11     0     0
Ocean Other                            450      0.037130      0.037130      0.037130      0.000000  0.004    11     0     0
(Ocean tracer advection)               150      0.004466      0.004466      0.004466      0.000000  0.000    21     0     0
(Ocean adiabatic driver)                75      0.003724      0.003724      0.003724      0.000000  0.000    21     0     0
(Ocean continuity equation *)            0      0.000000      0.000000      0.000000      0.000000  0.000    31     0     0
(Ocean set BBL viscosity)               75      0.085678      0.085678      0.085678      0.000000  0.009    31     0     0
(Ocean message passing *)              150      0.000342      0.000342      0.000342      0.000000  0.000    31     0     0
(Ocean MOM_initialize_state)             2      0.003801      0.003801      0.003801      0.000000  0.000    31     0     0
(Ocean init message passing *)           2      0.000038      0.000038      0.000038      0.000000  0.000    41     0     0
(Ocean mixed layer restrat)              0      0.000000      0.000000      0.000000      0.000000  0.000    31     0     0
(Ocean collective diagnostics)         375      0.010786      0.010786      0.010786      0.000000  0.001    31     0     0
(Ocean Z-space diagnostics)              0      0.000000      0.000000      0.000000      0.000000  0.000    31     0     0
(Ocean ALE)                              0      0.000000      0.000000      0.000000      0.000000  0.000    31     0     0
(Stochastic EOS)                       150      0.000046      0.000046      0.000046      0.000000  0.000    31     0     0
(SGS Temperature Variance)             150      0.000019      0.000019      0.000019      0.000000  0.000    31     0     0
(Ocean diagnostics framework)            0      0.000000      0.000000      0.000000      0.000000  0.000    31     0     0
(Ocean diagnostics remapping)            0      0.000000      0.000000      0.000000      0.000000  0.000    41     0     0
(Ocean diagnostics grid updates)       526      0.012204      0.012204      0.012204      0.000000  0.001    41     0     0
(Ocean init message passing)             4      0.000015      0.000015      0.000015      0.000000  0.000    41     0     0
(Ocean continuity reconstruction       902      0.813981      0.813981      0.813981      0.000000  0.086    41     0     0
(Ocean continuity update)              902      0.069008      0.069008      0.069008      0.000000  0.007    41     0     0
(Ocean continuity correction)          902      3.454490      3.454490      3.454490      0.000000  0.365    41     0     0
(Ocean BT pre-calcs only)             1200      0.502070      0.502070      0.502070      0.000000  0.053    41     0     0
(Ocean BT pre-step halo updates)      1200      0.003187      0.003187      0.003187      0.000000  0.000    41     0     0
(Ocean BT stepping calcs only)         600      0.026794      0.026794      0.026794      0.000000  0.003    41     0     0
(Ocean BT stepping halo updates)       300      0.000037      0.000037      0.000037      0.000000  0.000    41     0     0
(Ocean BT post-calcs only)             900      0.074418      0.074418      0.074418      0.000000  0.008    41     0     0
(Ocean BT post-step halo updates       600      0.000119      0.000119      0.000119      0.000000  0.000    41     0     0
(Ocean BT global synch)                  0      0.000000      0.000000      0.000000      0.000000  0.000    41     0     0
(Ocean Coriolis & mom advection)       300      0.353455      0.353455      0.353455      0.000000  0.037    31     0     0
(Ocean continuity equation)            450      4.334834      4.334834      4.334834      0.000000  0.458    31     0     0
(Ocean pressure force)                 150      0.213782      0.213782      0.213782      0.000000  0.023    31     0     0
(Ocean vertical viscosity)             450      2.930063      2.930063      2.930063      0.000000  0.310    31     0     0
(Ocean horizontal viscosity)           150      0.275373      0.275373      0.275373      0.000000  0.029    31     0     0
(Ocean momentum increments)            300      0.067422      0.067422      0.067422      0.000000  0.007    31     0     0
(Ocean message passing)               1350      0.001195      0.001195      0.001195      0.000000  0.000    31     0     0
(Ocean barotropic mode calc)           300      0.013145      0.013145      0.013145      0.000000  0.001    31     0     0
(Ocean barotropic mode stepping)       300      0.607684      0.607684      0.607684      0.000000  0.064    31     0     0
(Ocean barotropic forcing calc)        300      0.105488      0.105488      0.105488      0.000000  0.011    31     0     0
(Ocean advect tracer)                    0      0.000000      0.000000      0.000000      0.000000  0.000    31     0     0
(Ocean tracer halo updates)              0      0.000000      0.000000      0.000000      0.000000  0.000    41     0     0
(Ocean tracer global synch)              0      0.000000      0.000000      0.000000      0.000000  0.000    41     0     0
(Ocean diffuse tracer)                   0      0.000000      0.000000      0.000000      0.000000  0.000    31     0     0
(Ocean epipycnal diffuse tracer)         0      0.000000      0.000000      0.000000      0.000000  0.000    31     0     0
(Ocean surface forcing)                 76      0.001267      0.001267      0.001267      0.000000  0.000    31     0     0
(Ocean forcing diagnostics)            150      0.000629      0.000629      0.000629      0.000000  0.000    41     0     0
 MPP_STACK high water mark=           0
