NOTE from PE     0: MPP_DOMAINS_SET_STACK_SIZE: stack size set to    32768.
NOTE from PE     0: MPP_DOMAINS_SET_STACK_SIZE: stack size set to  4000000.
NOTE from PE     0: ======== Model being driven by MOM_driver ========
NOTE from PE     0: callTree: o Program MOM_main, MOM_driver.F90
NOTE from PE     0: open_param_file: MOM_input has been opened successfully.
NOTE from PE     0: open_param_file: MOM_override has been opened successfully.

WARNING from PE     0: MOM_file_parser : DT over-ridden.  Line: 'DT = 75' in file MOM_override.


WARNING from PE     0: MOM_file_parser : DT_THERM over-ridden.  Line: 'DT_THERM = 150' in file MOM_override.


WARNING from PE     0: MOM_file_parser : NIGLOBAL over-ridden.  Line: 'NIGLOBAL = 512' in file MOM_override.


WARNING from PE     0: MOM_file_parser : NJGLOBAL over-ridden.  Line: 'NJGLOBAL = 512' in file MOM_override.

 MOM_in domain decomposition
whalo =    4, ehalo =    4, shalo =    4, nhalo =    4
  X-AXIS =   43  43  43  43  42  42  42  42  43  43  43  43
  Y-AXIS =   64  64  64  64  64  64  64  64
 MOM_inc domain decomposition
whalo =    2, ehalo =    2, shalo =    2, nhalo =    2
  X-AXIS =   22  22  21  21  21  21  21  21  21  21  22  22
  Y-AXIS =   32  32  32  32  32  32  32  32
NOTE from PE     0: diag_manager_mod::diag_manager_init: prepend_date only supported when diag_manager_init is called with time_init present.
NOTE from PE     0: diag_manager_mod::diag_manager_init: You are using the legacy version of the diag table
 MOM_in domain decomposition
whalo =    4, ehalo =    4, shalo =    4, nhalo =    4
  X-AXIS =   43  43  43  43  42  42  42  42  43  43  43  43
  Y-AXIS =   64  64  64  64  64  64  64  64
 MOM_in domain decomposition
whalo =    2, ehalo =    2, shalo =    2, nhalo =    2
  X-AXIS =   22  22  21  21  21  21  21  21  21  21  22  22
  Y-AXIS =   32  32  32  32  32  32  32  32

WARNING from PE     0: MOM_file_parser : NK over-ridden.  Line: 'NK = 100' in file MOM_override.

 MOM_in domain decomposition
whalo =    4, ehalo =    4, shalo =    4, nhalo =    4
  X-AXIS =   43  43  43  43  42  42  42  42  43  43  43  43
  Y-AXIS =   64  64  64  64  64  64  64  64
 MOM_in domain decomposition
whalo =    2, ehalo =    2, shalo =    2, nhalo =    2
  X-AXIS =   22  22  21  21  21  21  21  21  21  21  22  22
  Y-AXIS =   32  32  32  32  32  32  32  32

WARNING from PE     0: Open_file is appending .nc to the filename ./ocean_geometry


WARNING from PE     0: MOM_file_parser : COORD_CONFIG over-ridden.  Line: 'COORD_CONFIG = "linear"' in file MOM_override.

 MOM_in domain decomposition
whalo =    4, ehalo =    4, shalo =    4, nhalo =    4
  X-AXIS =   43  43  43  43  42  42  42  42  43  43  43  43
  Y-AXIS =   64  64  64  64  64  64  64  64
 MOM_in domain decomposition
whalo =    2, ehalo =    2, shalo =    2, nhalo =    2
  X-AXIS =   22  22  21  21  21  21  21  21  21  21  22  22
  Y-AXIS =   32  32  32  32  32  32  32  32
 MOM_in domain decomposition
whalo =    4, ehalo =    4, shalo =    4, nhalo =    4
  X-AXIS =   43  43  43  43  42  42  42  42  43  43  43  43
  Y-AXIS =   64  64  64  64  64  64  64  64
 MOM_in domain decomposition
whalo =    2, ehalo =    2, shalo =    2, nhalo =    2
  X-AXIS =   22  22  21  21  21  21  21  21  21  21  22  22
  Y-AXIS =   32  32  32  32  32  32  32  32

WARNING from PE     0: ./Depth_list.nc checksums do not match; updating file.


WARNING from PE     0: MOM_file_parser : DT_FORCING over-ridden.  Line: 'DT_FORCING = 150' in file MOM_override.


WARNING from PE     0: MOM_file_parser : DAYMAX over-ridden.  Line: 'DAYMAX = 150' in file MOM_override.


WARNING from PE     0: Unused line in MOM_input : GINT = 0.0098


WARNING from PE     0: open_ASCII_file: File ./CPU_stats opened WRITEONLY already exists!


WARNING from PE     0: open_ASCII_file: File ./ocean.stats opened WRITEONLY already exists!

MOM Time       0.000      0: En 9.167783E-12, MaxCFL  0.00000, Mass 5.286420478077E+18
    Total Energy: 41871C1BAC854DBF  4.8464757565089695E+07
    Total Mass:   5.2864204780768635E+18, Change:   0.0000000000000000E+00 Error:  0.00000E+00 ( 0.0E+00)
MOM Time      50.000     50: En 3.628263E-06, MaxCFL  0.00070, Mass 5.286420478077E+18
    Total Energy: 42B171D073870213  1.9180526208770074E+13
    Total Mass:   5.2864204780768635E+18, Change:   1.4773794035613044E+01 Error:  1.47738E+01 ( 2.8E-18)
MOM Time     100.000    100: En 1.302025E-05, MaxCFL  0.00126, Mass 5.286420478077E+18
    Total Energy: 42CF4CECC7868B6D  6.8830500949270852E+13
    Total Mass:   5.2864204780768635E+18, Change:  -2.6456666355089919E-01 Error: -2.64567E-01 (-5.0E-20)
 MOM_in domain decomposition
whalo =    4, ehalo =    4, shalo =    4, nhalo =    4
  X-AXIS =   43  43  43  43  42  42  42  42  43  43  43  43
  Y-AXIS =   64  64  64  64  64  64  64  64
 MOM_in domain decomposition
whalo =    2, ehalo =    2, shalo =    2, nhalo =    2
  X-AXIS =   22  22  21  21  21  21  21  21  21  21  22  22
  Y-AXIS =   32  32  32  32  32  32  32  32
 MOM_in domain decomposition
whalo =    4, ehalo =    4, shalo =    4, nhalo =    4
  X-AXIS =   43  43  43  43  42  42  42  42  43  43  43  43
  Y-AXIS =   64  64  64  64  64  64  64  64
 MOM_in domain decomposition
whalo =    2, ehalo =    2, shalo =    2, nhalo =    2
  X-AXIS =   22  22  21  21  21  21  21  21  21  21  22  22
  Y-AXIS =   32  32  32  32  32  32  32  32
MOM Time     150.000    150: En 2.597815E-05, MaxCFL  0.00165, Mass 5.286420478077E+18
    Total Energy: 42DF39BDF15524DF  1.3733144122689948E+14
    Total Mass:   5.2864204780768635E+18, Change:   1.8174544669535653E-01 Error:  1.81745E-01 ( 3.4E-20)
 MOM_in domain decomposition
whalo =    4, ehalo =    4, shalo =    4, nhalo =    4
  X-AXIS =   43  43  43  43  42  42  42  42  43  43  43  43
  Y-AXIS =   64  64  64  64  64  64  64  64
 MOM_in domain decomposition
whalo =    2, ehalo =    2, shalo =    2, nhalo =    2
  X-AXIS =   22  22  21  21  21  21  21  21  21  21  22  22
  Y-AXIS =   32  32  32  32  32  32  32  32

WARNING from PE     0: open_ASCII_file: File RESTART/ocean_solo.res opened WRITEONLY already exists!


WARNING from PE     0: open_ASCII_file: File exitcode opened WRITEONLY already exists!

 MPP_DOMAINS_STACK high water mark=      447200

Tabulating mpp_clock statistics across     96 PEs...

                                      hits          tmin          tmax          tavg          tstd  tfrac grain pemin pemax
Total runtime                            1     84.949242     84.949242     84.949242      0.000000  1.000     0     0    95
Initialization                           1      0.682555      0.714206      0.698960      0.008649  0.008     0     0    95
Main loop                                1     77.565956     77.567337     77.567101      0.000144  0.913     0     0    95
Termination                              1      6.663327      6.664478      6.663345      0.000116  0.078     0     0    95
Ocean Initialization                     2      0.679454      0.722445      0.694633      0.007957  0.008    11     0    95
Ocean                                   75     64.466011     64.475082     64.471733      0.001869  0.759     1     0    95
Ocean dynamics                         300     62.680149     62.959496     62.815693      0.065743  0.739    11     0    95
Ocean thermodynamics and tracers       225      0.208647      0.306095      0.274329      0.019461  0.003    11     0    95
Ocean grid generation and remapp         0      0.000000      0.000000      0.000000      0.000000  0.000    11     0    95
Ocean Other                            450      0.439341      0.627572      0.536051      0.045218  0.006    11     0    95
(Ocean tracer advection)               150      0.136725      0.209737      0.183791      0.016114  0.002    21     0    95
(Ocean adiabatic driver)                75      0.071739      0.106985      0.090293      0.006149  0.001    21     0    95
(Ocean continuity equation *)            0      0.000000      0.000000      0.000000      0.000000  0.000    31     0    95
(Ocean set BBL viscosity)               75      0.445147      0.685732      0.573341      0.064911  0.007    31     0    95
(Ocean message passing *)              150      0.455789      0.951927      0.615695      0.105779  0.007    31     0    95
(Ocean MOM_initialize_state)             2      0.013793      0.018987      0.016417      0.001174  0.000    31     0    95
(Ocean init message passing *)           2      0.003393      0.006924      0.004946      0.000748  0.000    41     0    95
(Ocean mixed layer restrat)              0      0.000000      0.000000      0.000000      0.000000  0.000    31     0    95
(Ocean collective diagnostics)         375      0.136057      0.248355      0.197052      0.020997  0.002    31     0    95
(Ocean Z-space diagnostics)              0      0.000000      0.000000      0.000000      0.000000  0.000    31     0    95
(Ocean ALE)                              0      0.000000      0.000000      0.000000      0.000000  0.000    31     0    95
(Stochastic EOS)                       150      0.000008      0.000201      0.000032      0.000038  0.000    31     0    95
(SGS Temperature Variance)             150      0.000005      0.000023      0.000010      0.000004  0.000    31     0    95
(Ocean diagnostics framework)            0      0.000000      0.000000      0.000000      0.000000  0.000    31     0    95
(Ocean diagnostics remapping)            0      0.000000      0.000000      0.000000      0.000000  0.000    41     0    95
(Ocean diagnostics grid updates)       526      0.154692      0.334429      0.261584      0.041205  0.003    41     0    95
(Ocean init message passing)             4      0.007093      0.095833      0.040087      0.022937  0.000    41     0    95
(Ocean continuity reconstruction       902      2.527528      3.248055      2.780731      0.154712  0.033    41     0    95
(Ocean continuity update)              902      0.692581      1.456570      1.185743      0.180981  0.014    41     0    95
(Ocean continuity correction)          902     11.396323     15.365203     13.670323      1.062081  0.161    41     0    95
(Ocean BT pre-calcs only)             1200      5.445313      7.259766      6.428885      0.489376  0.076    41     0    95
(Ocean BT pre-step halo updates)      1200      0.554070      5.190918      1.771031      0.974322  0.021    41     0    95
(Ocean BT stepping calcs only)         600      0.189951      0.270841      0.240574      0.018547  0.003    41     0    95
(Ocean BT stepping halo updates)       300      0.037415      0.142449      0.079999      0.024726  0.001    41     0    95
(Ocean BT post-calcs only)             900      0.872427      1.063160      0.979940      0.040243  0.012    41     0    95
(Ocean BT post-step halo updates       600      0.110161      0.253932      0.170718      0.034332  0.002    41     0    95
(Ocean BT global synch)                  0      0.000000      0.000000      0.000000      0.000000  0.000    41     0    95
(Ocean Coriolis & mom advection)       300      2.141302      2.670114      2.446836      0.124245  0.029    31     0    95
(Ocean continuity equation)            450     14.738186     19.280930     17.623861      1.177025  0.207    31     0    95
(Ocean pressure force)                 150      4.265214      4.920124      4.707572      0.110293  0.055    31     0    95
(Ocean vertical viscosity)             450     12.828074     14.725942     14.021150      0.535214  0.165    31     0    95
(Ocean horizontal viscosity)           150      1.032766      1.323951      1.140296      0.071515  0.013    31     0    95
(Ocean momentum increments)            300      1.912521      2.093666      2.005764      0.039898  0.024    31     0    95
(Ocean message passing)               1350      3.106754      7.853420      5.203837      1.095977  0.061    31     0    95
(Ocean barotropic mode calc)           300      0.172343      0.303142      0.256564      0.024432  0.003    31     0    95
(Ocean barotropic mode stepping)       300      8.032431     13.269300      9.678605      1.295300  0.114    31     0    95
(Ocean barotropic forcing calc)        300      1.494369      2.176380      1.911736      0.175214  0.023    31     0    95
(Ocean advect tracer)                    0      0.000000      0.000000      0.000000      0.000000  0.000    31     0    95
(Ocean tracer halo updates)              0      0.000000      0.000000      0.000000      0.000000  0.000    41     0    95
(Ocean tracer global synch)              0      0.000000      0.000000      0.000000      0.000000  0.000    41     0    95
(Ocean diffuse tracer)                   0      0.000000      0.000000      0.000000      0.000000  0.000    31     0    95
(Ocean epipycnal diffuse tracer)         0      0.000000      0.000000      0.000000      0.000000  0.000    31     0    95
(Ocean surface forcing)                 76      0.002320      0.006606      0.004204      0.000995  0.000    31     0    95
(Ocean forcing diagnostics)            150      0.000614      0.003740      0.002056      0.000631  0.000    41     0    95
 MPP_STACK high water mark=           0
