NOTE from PE     0: MPP_DOMAINS_SET_STACK_SIZE: stack size set to    32768.
NOTE from PE     0: MPP_DOMAINS_SET_STACK_SIZE: stack size set to  4000000.
NOTE from PE     0: ======== Model being driven by MOM_driver ========
NOTE from PE     0: callTree: o Program MOM_main, MOM_driver.F90
NOTE from PE     0: open_param_file: MOM_input has been opened successfully.
NOTE from PE     0: open_param_file: MOM_override has been opened successfully.

WARNING from PE     0: MOM_file_parser : DT over-ridden.  Line: 'DT = 75' in file MOM_override.


WARNING from PE     0: MOM_file_parser : DT_THERM over-ridden.  Line: 'DT_THERM = 150' in file MOM_override.


WARNING from PE     0: MOM_file_parser : NIGLOBAL over-ridden.  Line: 'NIGLOBAL = 512' in file MOM_override.


WARNING from PE     0: MOM_file_parser : NJGLOBAL over-ridden.  Line: 'NJGLOBAL = 256' in file MOM_override.

 MOM_in domain decomposition
whalo =    4, ehalo =    4, shalo =    4, nhalo =    4
  X-AXIS =   43  43  43  43  42  42  42  42  43  43  43  43
  Y-AXIS =   32  32  32  32  32  32  32  32
 MOM_inc domain decomposition
whalo =    2, ehalo =    2, shalo =    2, nhalo =    2
  X-AXIS =   22  22  21  21  21  21  21  21  21  21  22  22
  Y-AXIS =   16  16  16  16  16  16  16  16
NOTE from PE     0: diag_manager_mod::diag_manager_init: prepend_date only supported when diag_manager_init is called with time_init present.
NOTE from PE     0: diag_manager_mod::diag_manager_init: You are using the legacy version of the diag table
 MOM_in domain decomposition
whalo =    4, ehalo =    4, shalo =    4, nhalo =    4
  X-AXIS =   43  43  43  43  42  42  42  42  43  43  43  43
  Y-AXIS =   32  32  32  32  32  32  32  32
 MOM_in domain decomposition
whalo =    2, ehalo =    2, shalo =    2, nhalo =    2
  X-AXIS =   22  22  21  21  21  21  21  21  21  21  22  22
  Y-AXIS =   16  16  16  16  16  16  16  16

WARNING from PE     0: MOM_file_parser : NK over-ridden.  Line: 'NK = 100' in file MOM_override.

 MOM_in domain decomposition
whalo =    4, ehalo =    4, shalo =    4, nhalo =    4
  X-AXIS =   43  43  43  43  42  42  42  42  43  43  43  43
  Y-AXIS =   32  32  32  32  32  32  32  32
 MOM_in domain decomposition
whalo =    2, ehalo =    2, shalo =    2, nhalo =    2
  X-AXIS =   22  22  21  21  21  21  21  21  21  21  22  22
  Y-AXIS =   16  16  16  16  16  16  16  16

WARNING from PE     0: Open_file is appending .nc to the filename ./ocean_geometry


WARNING from PE     0: MOM_file_parser : COORD_CONFIG over-ridden.  Line: 'COORD_CONFIG = "linear"' in file MOM_override.

 MOM_in domain decomposition
whalo =    4, ehalo =    4, shalo =    4, nhalo =    4
  X-AXIS =   43  43  43  43  42  42  42  42  43  43  43  43
  Y-AXIS =   32  32  32  32  32  32  32  32
 MOM_in domain decomposition
whalo =    2, ehalo =    2, shalo =    2, nhalo =    2
  X-AXIS =   22  22  21  21  21  21  21  21  21  21  22  22
  Y-AXIS =   16  16  16  16  16  16  16  16
 MOM_in domain decomposition
whalo =    4, ehalo =    4, shalo =    4, nhalo =    4
  X-AXIS =   43  43  43  43  42  42  42  42  43  43  43  43
  Y-AXIS =   32  32  32  32  32  32  32  32
 MOM_in domain decomposition
whalo =    2, ehalo =    2, shalo =    2, nhalo =    2
  X-AXIS =   22  22  21  21  21  21  21  21  21  21  22  22
  Y-AXIS =   16  16  16  16  16  16  16  16

WARNING from PE     0: ./Depth_list.nc checksums do not match; updating file.


WARNING from PE     0: MOM_file_parser : DT_FORCING over-ridden.  Line: 'DT_FORCING = 150' in file MOM_override.


WARNING from PE     0: MOM_file_parser : DAYMAX over-ridden.  Line: 'DAYMAX = 150' in file MOM_override.


WARNING from PE     0: Unused line in MOM_input : GINT = 0.0098


WARNING from PE     0: open_ASCII_file: File ./CPU_stats opened WRITEONLY already exists!


WARNING from PE     0: open_ASCII_file: File ./ocean.stats opened WRITEONLY already exists!

MOM Time       0.000      0: En 9.167549E-12, MaxCFL  0.00000, Mass 5.286433166925E+18
    Total Energy: 41871BF8A881B2F2  4.8463637063329592E+07
    Total Mass:   5.2864331669247314E+18, Change:   0.0000000000000000E+00 Error:  0.00000E+00 ( 0.0E+00)
MOM Time      50.000     50: En 3.628256E-06, MaxCFL  0.00070, Mass 5.286433166925E+18
    Total Energy: 42B171D0E6FA0D1A  1.9180533774861102E+13
    Total Mass:   5.2864331669247314E+18, Change:   3.7420280329753389E+01 Error:  3.74203E+01 ( 7.1E-18)
MOM Time     100.000    100: En 1.302024E-05, MaxCFL  0.00126, Mass 5.286433166925E+18
    Total Energy: 42CF4CEFFF3C6045  6.8830608914624539E+13
    Total Mass:   5.2864331669247314E+18, Change:   4.4183971567827696E-01 Error:  4.41840E-01 ( 8.4E-20)
 MOM_in domain decomposition
whalo =    4, ehalo =    4, shalo =    4, nhalo =    4
  X-AXIS =   43  43  43  43  42  42  42  42  43  43  43  43
  Y-AXIS =   32  32  32  32  32  32  32  32
 MOM_in domain decomposition
whalo =    2, ehalo =    2, shalo =    2, nhalo =    2
  X-AXIS =   22  22  21  21  21  21  21  21  21  21  22  22
  Y-AXIS =   16  16  16  16  16  16  16  16
 MOM_in domain decomposition
whalo =    4, ehalo =    4, shalo =    4, nhalo =    4
  X-AXIS =   43  43  43  43  42  42  42  42  43  43  43  43
  Y-AXIS =   32  32  32  32  32  32  32  32
 MOM_in domain decomposition
whalo =    2, ehalo =    2, shalo =    2, nhalo =    2
  X-AXIS =   22  22  21  21  21  21  21  21  21  21  22  22
  Y-AXIS =   16  16  16  16  16  16  16  16
MOM Time     150.000    150: En 2.597818E-05, MaxCFL  0.00165, Mass 5.286433166925E+18
    Total Energy: 42DF39C52AB9C6E6  1.3733192603420359E+14
    Total Mass:   5.2864331669247314E+18, Change:   2.7136951637636431E-01 Error:  2.71370E-01 ( 5.1E-20)
 MOM_in domain decomposition
whalo =    4, ehalo =    4, shalo =    4, nhalo =    4
  X-AXIS =   43  43  43  43  42  42  42  42  43  43  43  43
  Y-AXIS =   32  32  32  32  32  32  32  32
 MOM_in domain decomposition
whalo =    2, ehalo =    2, shalo =    2, nhalo =    2
  X-AXIS =   22  22  21  21  21  21  21  21  21  21  22  22
  Y-AXIS =   16  16  16  16  16  16  16  16

WARNING from PE     0: open_ASCII_file: File RESTART/ocean_solo.res opened WRITEONLY already exists!


WARNING from PE     0: open_ASCII_file: File exitcode opened WRITEONLY already exists!

 MPP_DOMAINS_STACK high water mark=      319200

Tabulating mpp_clock statistics across     96 PEs...

                                      hits          tmin          tmax          tavg          tstd  tfrac grain pemin pemax
Total runtime                            1     43.452774     43.452774     43.452770      0.000004  1.000     0     0    95
Initialization                           1      0.432577      0.458323      0.446943      0.008631  0.010     0     0    95
Main loop                                1     39.629372     39.633400     39.632790      0.000358  0.912     0     0    95
Termination                              1      3.353418      3.353942      3.353431      0.000053  0.077     0     0    95
Ocean Initialization                     2      0.451613      0.477985      0.462621      0.006448  0.011    11     0    95
Ocean                                   75     32.695900     32.703773     32.700302      0.001574  0.753     1     0    95
Ocean dynamics                         300     31.629889     31.895658     31.797537      0.051427  0.732    11     0    95
Ocean thermodynamics and tracers       225      0.110328      0.150372      0.129997      0.010325  0.003    11     0    95
Ocean grid generation and remapp         0      0.000000      0.000000      0.000000      0.000000  0.000    11     0    95
Ocean Other                            450      0.245597      0.357350      0.287811      0.021896  0.007    11     0    95
(Ocean tracer advection)               150      0.073495      0.102172      0.086478      0.007577  0.002    21     0    95
(Ocean adiabatic driver)                75      0.036378      0.050591      0.043356      0.003136  0.001    21     0    95
(Ocean continuity equation *)            0      0.000000      0.000000      0.000000      0.000000  0.000    31     0    95
(Ocean set BBL viscosity)               75      0.225335      0.341545      0.284505      0.032611  0.007    31     0    95
(Ocean message passing *)              150      0.281781      0.597598      0.413775      0.065836  0.010    31     0    95
(Ocean MOM_initialize_state)             2      0.008764      0.013670      0.011255      0.001141  0.000    31     0    95
(Ocean init message passing *)           2      0.001628      0.005264      0.003717      0.000766  0.000    41     0    95
(Ocean mixed layer restrat)              0      0.000000      0.000000      0.000000      0.000000  0.000    31     0    95
(Ocean collective diagnostics)         375      0.083259      0.120563      0.100076      0.008695  0.002    31     0    95
(Ocean Z-space diagnostics)              0      0.000000      0.000000      0.000000      0.000000  0.000    31     0    95
(Ocean ALE)                              0      0.000000      0.000000      0.000000      0.000000  0.000    31     0    95
(Stochastic EOS)                       150      0.000010      0.000497      0.000138      0.000117  0.000    31     0    95
(SGS Temperature Variance)             150      0.000005      0.000024      0.000009      0.000004  0.000    31     0    95
(Ocean diagnostics framework)            0      0.000000      0.000000      0.000000      0.000000  0.000    31     0    95
(Ocean diagnostics remapping)            0      0.000000      0.000000      0.000000      0.000000  0.000    41     0    95
(Ocean diagnostics grid updates)       526      0.099351      0.159812      0.133610      0.014385  0.003    41     0    95
(Ocean init message passing)             4      0.002620      0.076329      0.032553      0.019999  0.001    41     0    95
(Ocean continuity reconstruction       902      1.201406      1.629258      1.406739      0.084830  0.032    41     0    95
(Ocean continuity update)              902      0.322111      0.656012      0.532202      0.079363  0.012    41     0    95
(Ocean continuity correction)          902      6.082558      7.877598      7.008395      0.464161  0.161    41     0    95
(Ocean BT pre-calcs only)             1200      2.582575      3.369702      2.960269      0.195737  0.068    41     0    95
(Ocean BT pre-step halo updates)      1200      0.510202      2.990023      1.265883      0.573840  0.029    41     0    95
(Ocean BT stepping calcs only)         600      0.051168      0.075712      0.062074      0.005943  0.001    41     0    95
(Ocean BT stepping halo updates)       300      0.032386      0.084022      0.049853      0.010582  0.001    41     0    95
(Ocean BT post-calcs only)             900      0.400321      0.492316      0.449051      0.018355  0.010    41     0    95
(Ocean BT post-step halo updates       600      0.072186      0.137430      0.097413      0.014333  0.002    41     0    95
(Ocean BT global synch)                  0      0.000000      0.000000      0.000000      0.000000  0.000    41     0    95
(Ocean Coriolis & mom advection)       300      1.138192      1.393422      1.284071      0.053142  0.030    31     0    95
(Ocean continuity equation)            450      7.745964      9.896034      8.944886      0.561130  0.206    31     0    95
(Ocean pressure force)                 150      2.168582      2.520954      2.324957      0.072765  0.054    31     0    95
(Ocean vertical viscosity)             450      6.105605      7.165357      6.775991      0.309141  0.156    31     0    95
(Ocean horizontal viscosity)           150      0.552726      0.651160      0.597670      0.028547  0.014    31     0    95
(Ocean momentum increments)            300      0.892847      1.043144      0.994504      0.031470  0.023    31     0    95
(Ocean message passing)               1350      1.888513      4.594014      3.063128      0.557511  0.070    31     0    95
(Ocean barotropic mode calc)           300      0.056171      0.123586      0.093334      0.015927  0.002    31     0    95
(Ocean barotropic mode stepping)       300      3.884440      6.637003      4.889877      0.688858  0.113    31     0    95
(Ocean barotropic forcing calc)        300      0.785206      1.047272      0.947540      0.067055  0.022    31     0    95
(Ocean advect tracer)                    0      0.000000      0.000000      0.000000      0.000000  0.000    31     0    95
(Ocean tracer halo updates)              0      0.000000      0.000000      0.000000      0.000000  0.000    41     0    95
(Ocean tracer global synch)              0      0.000000      0.000000      0.000000      0.000000  0.000    41     0    95
(Ocean diffuse tracer)                   0      0.000000      0.000000      0.000000      0.000000  0.000    31     0    95
(Ocean epipycnal diffuse tracer)         0      0.000000      0.000000      0.000000      0.000000  0.000    31     0    95
(Ocean surface forcing)                 76      0.001936      0.006720      0.004517      0.001125  0.000    31     0    95
(Ocean forcing diagnostics)            150      0.000749      0.003627      0.002077      0.000685  0.000    41     0    95
 MPP_STACK high water mark=           0
