NOTE from PE     0: MPP_DOMAINS_SET_STACK_SIZE: stack size set to    32768.
NOTE from PE     0: MPP_DOMAINS_SET_STACK_SIZE: stack size set to  4000000.
NOTE from PE     0: ======== Model being driven by MOM_driver ========
NOTE from PE     0: callTree: o Program MOM_main, MOM_driver.F90
NOTE from PE     0: open_param_file: MOM_input has been opened successfully.
NOTE from PE     0: open_param_file: MOM_override has been opened successfully.

WARNING from PE     0: MOM_file_parser : DT over-ridden.  Line: 'DT = 300' in file MOM_override.


WARNING from PE     0: MOM_file_parser : DT_THERM over-ridden.  Line: 'DT_THERM = 600' in file MOM_override.


WARNING from PE     0: MOM_file_parser : NIGLOBAL over-ridden.  Line: 'NIGLOBAL = 128' in file MOM_override.


WARNING from PE     0: MOM_file_parser : NJGLOBAL over-ridden.  Line: 'NJGLOBAL = 64' in file MOM_override.

 MOM_in domain decomposition
whalo =    4, ehalo =    4, shalo =    4, nhalo =    4
  X-AXIS =   32  32  32  32
  Y-AXIS =   32  32
 MOM_inc domain decomposition
whalo =    2, ehalo =    2, shalo =    2, nhalo =    2
  X-AXIS =   16  16  16  16
  Y-AXIS =   16  16
NOTE from PE     0: diag_manager_mod::diag_manager_init: prepend_date only supported when diag_manager_init is called with time_init present.
NOTE from PE     0: diag_manager_mod::diag_manager_init: You are using the legacy version of the diag table
 MOM_in domain decomposition
whalo =    4, ehalo =    4, shalo =    4, nhalo =    4
  X-AXIS =   32  32  32  32
  Y-AXIS =   32  32
 MOM_in domain decomposition
whalo =    2, ehalo =    2, shalo =    2, nhalo =    2
  X-AXIS =   16  16  16  16
  Y-AXIS =   16  16

WARNING from PE     0: MOM_file_parser : NK over-ridden.  Line: 'NK = 100' in file MOM_override.

 MOM_in domain decomposition
whalo =    4, ehalo =    4, shalo =    4, nhalo =    4
  X-AXIS =   32  32  32  32
  Y-AXIS =   32  32
 MOM_in domain decomposition
whalo =    2, ehalo =    2, shalo =    2, nhalo =    2
  X-AXIS =   16  16  16  16
  Y-AXIS =   16  16

WARNING from PE     0: Open_file is appending .nc to the filename ./ocean_geometry


WARNING from PE     0: MOM_file_parser : COORD_CONFIG over-ridden.  Line: 'COORD_CONFIG = "linear"' in file MOM_override.

 MOM_in domain decomposition
whalo =    4, ehalo =    4, shalo =    4, nhalo =    4
  X-AXIS =   32  32  32  32
  Y-AXIS =   32  32
 MOM_in domain decomposition
whalo =    2, ehalo =    2, shalo =    2, nhalo =    2
  X-AXIS =   16  16  16  16
  Y-AXIS =   16  16
 MOM_in domain decomposition
whalo =    4, ehalo =    4, shalo =    4, nhalo =    4
  X-AXIS =   32  32  32  32
  Y-AXIS =   32  32
 MOM_in domain decomposition
whalo =    2, ehalo =    2, shalo =    2, nhalo =    2
  X-AXIS =   16  16  16  16
  Y-AXIS =   16  16

WARNING from PE     0: ./Depth_list.nc checksums do not match; updating file.


WARNING from PE     0: MOM_file_parser : DT_FORCING over-ridden.  Line: 'DT_FORCING = 600' in file MOM_override.


WARNING from PE     0: MOM_file_parser : DAYMAX over-ridden.  Line: 'DAYMAX = 150' in file MOM_override.


WARNING from PE     0: Unused line in MOM_input : GINT = 0.0098


WARNING from PE     0: open_ASCII_file: File ./CPU_stats opened WRITEONLY already exists!


WARNING from PE     0: open_ASCII_file: File ./ocean.stats opened WRITEONLY already exists!

MOM Time       0.000      0: En 9.160881E-12, MaxCFL  0.00000, Mass 5.286809263738E+18
    Total Energy: 41871816ABDD6DD4  4.8431829483119637E+07
    Total Mass:   5.2868092637381335E+18, Change:   0.0000000000000000E+00 Error:  0.00000E+00 ( 0.0E+00)
MOM Time      50.000     50: En 4.018446E-05, MaxCFL  0.00184, Mass 5.286809263738E+18
    Total Energy: 42E82709D40BD907  2.1244758146221622E+14
    Total Mass:   5.2868092637381345E+18, Change:   2.5998117076487681E+01 Error:  2.59981E+01 ( 4.9E-18)
MOM Time     100.000    100: En 8.025215E-05, MaxCFL  0.00128, Mass 5.286809263738E+18
    Total Energy: 42F81E0E08034442  4.2427781586643612E+14
    Total Mass:   5.2868092637381345E+18, Change:   9.8676960218285430E+00 Error:  9.86770E+00 ( 1.9E-18)
 MOM_in domain decomposition
whalo =    4, ehalo =    4, shalo =    4, nhalo =    4
  X-AXIS =   32  32  32  32
  Y-AXIS =   32  32
 MOM_in domain decomposition
whalo =    2, ehalo =    2, shalo =    2, nhalo =    2
  X-AXIS =   16  16  16  16
  Y-AXIS =   16  16
 MOM_in domain decomposition
whalo =    4, ehalo =    4, shalo =    4, nhalo =    4
  X-AXIS =   32  32  32  32
  Y-AXIS =   32  32
 MOM_in domain decomposition
whalo =    2, ehalo =    2, shalo =    2, nhalo =    2
  X-AXIS =   16  16  16  16
  Y-AXIS =   16  16
MOM Time     150.000    150: En 6.205042E-05, MaxCFL  0.00121, Mass 5.286809263738E+18
    Total Energy: 42F2A5BCDC9A18C0  3.2804875964455600E+14
    Total Mass:   5.2868092637381345E+18, Change:   2.4759953211597008E-01 Error:  2.47600E-01 ( 4.7E-20)
 MOM_in domain decomposition
whalo =    4, ehalo =    4, shalo =    4, nhalo =    4
  X-AXIS =   32  32  32  32
  Y-AXIS =   32  32
 MOM_in domain decomposition
whalo =    2, ehalo =    2, shalo =    2, nhalo =    2
  X-AXIS =   16  16  16  16
  Y-AXIS =   16  16

WARNING from PE     0: open_ASCII_file: File RESTART/ocean_solo.res opened WRITEONLY already exists!


WARNING from PE     0: open_ASCII_file: File exitcode opened WRITEONLY already exists!

 MPP_DOMAINS_STACK high water mark=      202400

Tabulating mpp_clock statistics across      8 PEs...

                                      hits          tmin          tmax          tavg          tstd  tfrac grain pemin pemax
Total runtime                            1     12.416983     12.416984     12.416983      0.000001  1.000     0     0     7
Initialization                           1      0.125717      0.126328      0.126046      0.000204  0.010     0     0     7
Main loop                                1     12.116762     12.117188     12.117123      0.000137  0.976     0     0     7
Termination                              1      0.172041      0.172266      0.172207      0.000065  0.014     0     0     7
Ocean Initialization                     2      0.128267      0.129051      0.128686      0.000251  0.010    11     0     7
Ocean                                   75     11.682650     11.683357     11.683051      0.000229  0.941     1     0     7
Ocean dynamics                         300     11.484785     11.527736     11.508358      0.014729  0.927    11     0     7
Ocean thermodynamics and tracers       225      0.015825      0.027589      0.021635      0.004346  0.002    11     0     7
Ocean grid generation and remapp         0      0.000000      0.000000      0.000000      0.000000  0.000    11     0     7
Ocean Other                            450      0.051783      0.067575      0.057391      0.006076  0.005    11     0     7
(Ocean tracer advection)               150      0.010739      0.017820      0.014032      0.002860  0.001    21     0     7
(Ocean adiabatic driver)                75      0.005004      0.010660      0.007525      0.001800  0.001    21     0     7
(Ocean continuity equation *)            0      0.000000      0.000000      0.000000      0.000000  0.000    31     0     7
(Ocean set BBL viscosity)               75      0.075802      0.102317      0.091148      0.009273  0.007    31     0     7
(Ocean message passing *)              150      0.053879      0.092999      0.066945      0.015016  0.005    31     0     7
(Ocean MOM_initialize_state)             2      0.003582      0.005315      0.003942      0.000528  0.000    31     0     7
(Ocean init message passing *)           2      0.000719      0.001105      0.000970      0.000121  0.000    41     0     7
(Ocean mixed layer restrat)              0      0.000000      0.000000      0.000000      0.000000  0.000    31     0     7
(Ocean collective diagnostics)         375      0.018460      0.022877      0.021149      0.001308  0.002    31     0     7
(Ocean Z-space diagnostics)              0      0.000000      0.000000      0.000000      0.000000  0.000    31     0     7
(Ocean ALE)                              0      0.000000      0.000000      0.000000      0.000000  0.000    31     0     7
(Stochastic EOS)                       150      0.000011      0.000042      0.000021      0.000012  0.000    31     0     7
(SGS Temperature Variance)             150      0.000005      0.000012      0.000007      0.000002  0.000    31     0     7
(Ocean diagnostics framework)            0      0.000000      0.000000      0.000000      0.000000  0.000    31     0     7
(Ocean diagnostics remapping)            0      0.000000      0.000000      0.000000      0.000000  0.000    41     0     7
(Ocean diagnostics grid updates)       526      0.021847      0.028180      0.023731      0.002201  0.002    41     0     7
(Ocean init message passing)             4      0.001486      0.004607      0.002729      0.001097  0.000    41     0     7
(Ocean continuity reconstruction       902      0.614127      0.817002      0.738048      0.073330  0.059    41     0     7
(Ocean continuity update)              902      0.111921      0.143964      0.133834      0.009915  0.011    41     0     7
(Ocean continuity correction)          902      3.345937      3.666060      3.526008      0.101328  0.284    41     0     7
(Ocean BT pre-calcs only)             1200      0.879700      0.915585      0.896909      0.010423  0.072    41     0     7
(Ocean BT pre-step halo updates)      1200      0.121983      0.221605      0.166067      0.034601  0.013    41     0     7
(Ocean BT stepping calcs only)         600      0.029180      0.031798      0.030320      0.000791  0.002    41     0     7
(Ocean BT stepping halo updates)       300      0.004257      0.006113      0.005522      0.000698  0.000    41     0     7
(Ocean BT post-calcs only)             900      0.111849      0.115770      0.113398      0.001287  0.009    41     0     7
(Ocean BT post-step halo updates       600      0.009710      0.013085      0.011796      0.001055  0.001    41     0     7
(Ocean BT global synch)                  0      0.000000      0.000000      0.000000      0.000000  0.000    41     0     7
(Ocean Coriolis & mom advection)       300      0.424704      0.447099      0.432140      0.007509  0.035    31     0     7
(Ocean continuity equation)            450      4.096535      4.610477      4.395300      0.179475  0.354    31     0     7
(Ocean pressure force)                 150      0.454308      0.476410      0.461373      0.006866  0.037    31     0     7
(Ocean vertical viscosity)             450      3.171173      3.253271      3.222591      0.025352  0.260    31     0     7
(Ocean horizontal viscosity)           150      0.287780      0.296586      0.291985      0.002706  0.024    31     0     7
(Ocean momentum increments)            300      0.192651      0.203364      0.199027      0.003509  0.016    31     0     7
(Ocean message passing)               1350      0.437200      0.858920      0.588186      0.154500  0.047    31     0     7
(Ocean barotropic mode calc)           300      0.017505      0.019448      0.018465      0.000606  0.001    31     0     7
(Ocean barotropic mode stepping)       300      1.165562      1.287289      1.225506      0.039984  0.099    31     0     7
(Ocean barotropic forcing calc)        300      0.219389      0.250859      0.237729      0.011491  0.019    31     0     7
(Ocean advect tracer)                    0      0.000000      0.000000      0.000000      0.000000  0.000    31     0     7
(Ocean tracer halo updates)              0      0.000000      0.000000      0.000000      0.000000  0.000    41     0     7
(Ocean tracer global synch)              0      0.000000      0.000000      0.000000      0.000000  0.000    41     0     7
(Ocean diffuse tracer)                   0      0.000000      0.000000      0.000000      0.000000  0.000    31     0     7
(Ocean epipycnal diffuse tracer)         0      0.000000      0.000000      0.000000      0.000000  0.000    31     0     7
(Ocean surface forcing)                 76      0.000869      0.001250      0.000974      0.000109  0.000    31     0     7
(Ocean forcing diagnostics)            150      0.000345      0.000790      0.000568      0.000154  0.000    41     0     7
 MPP_STACK high water mark=           0
