NOTE from PE     0: MPP_DOMAINS_SET_STACK_SIZE: stack size set to    32768.
NOTE from PE     0: MPP_DOMAINS_SET_STACK_SIZE: stack size set to  4000000.
NOTE from PE     0: ======== Model being driven by MOM_driver ========
NOTE from PE     0: callTree: o Program MOM_main, MOM_driver.F90
NOTE from PE     0: open_param_file: MOM_input has been opened successfully.
NOTE from PE     0: open_param_file: MOM_override has been opened successfully.

WARNING from PE     0: MOM_file_parser : DT over-ridden.  Line: 'DT = 600' in file MOM_override.


WARNING from PE     0: MOM_file_parser : DT_THERM over-ridden.  Line: 'DT_THERM = 1200' in file MOM_override.


WARNING from PE     0: MOM_file_parser : NIGLOBAL over-ridden.  Line: 'NIGLOBAL = 64' in file MOM_override.


WARNING from PE     0: MOM_file_parser : NJGLOBAL over-ridden.  Line: 'NJGLOBAL = 64' in file MOM_override.

 MOM_in domain decomposition
whalo =    4, ehalo =    4, shalo =    4, nhalo =    4
  X-AXIS =   32  32
  Y-AXIS =   32  32
 MOM_inc domain decomposition
whalo =    2, ehalo =    2, shalo =    2, nhalo =    2
  X-AXIS =   16  16
  Y-AXIS =   16  16
NOTE from PE     0: diag_manager_mod::diag_manager_init: prepend_date only supported when diag_manager_init is called with time_init present.
NOTE from PE     0: diag_manager_mod::diag_manager_init: You are using the legacy version of the diag table
 MOM_in domain decomposition
whalo =    4, ehalo =    4, shalo =    4, nhalo =    4
  X-AXIS =   32  32
  Y-AXIS =   32  32
 MOM_in domain decomposition
whalo =    2, ehalo =    2, shalo =    2, nhalo =    2
  X-AXIS =   16  16
  Y-AXIS =   16  16

WARNING from PE     0: MOM_file_parser : NK over-ridden.  Line: 'NK = 100' in file MOM_override.

 MOM_in domain decomposition
whalo =    4, ehalo =    4, shalo =    4, nhalo =    4
  X-AXIS =   32  32
  Y-AXIS =   32  32
 MOM_in domain decomposition
whalo =    2, ehalo =    2, shalo =    2, nhalo =    2
  X-AXIS =   16  16
  Y-AXIS =   16  16

WARNING from PE     0: Open_file is appending .nc to the filename ./ocean_geometry


WARNING from PE     0: MOM_file_parser : COORD_CONFIG over-ridden.  Line: 'COORD_CONFIG = "linear"' in file MOM_override.

 MOM_in domain decomposition
whalo =    4, ehalo =    4, shalo =    4, nhalo =    4
  X-AXIS =   32  32
  Y-AXIS =   32  32
 MOM_in domain decomposition
whalo =    2, ehalo =    2, shalo =    2, nhalo =    2
  X-AXIS =   16  16
  Y-AXIS =   16  16
 MOM_in domain decomposition
whalo =    4, ehalo =    4, shalo =    4, nhalo =    4
  X-AXIS =   32  32
  Y-AXIS =   32  32
 MOM_in domain decomposition
whalo =    2, ehalo =    2, shalo =    2, nhalo =    2
  X-AXIS =   16  16
  Y-AXIS =   16  16

WARNING from PE     0: ./Depth_list.nc checksums do not match; updating file.


WARNING from PE     0: MOM_file_parser : DT_FORCING over-ridden.  Line: 'DT_FORCING = 1200' in file MOM_override.


WARNING from PE     0: MOM_file_parser : DAYMAX over-ridden.  Line: 'DAYMAX = 150' in file MOM_override.


WARNING from PE     0: Unused line in MOM_input : GINT = 0.0098


WARNING from PE     0: open_ASCII_file: File ./CPU_stats opened WRITEONLY already exists!


WARNING from PE     0: open_ASCII_file: File ./ocean.stats opened WRITEONLY already exists!

MOM Time       0.000      0: En 9.154260E-12, MaxCFL  0.00000, Mass 5.287164009544E+18
    Total Energy: 418714365C13914D  4.8400075509554483E+07
    Total Mass:   5.2871640095440794E+18, Change:   0.0000000000000000E+00 Error:  0.00000E+00 ( 0.0E+00)
MOM Time      50.000     50: En 7.963171E-05, MaxCFL  0.00255, Mass 5.287164009544E+18
    Total Energy: 42F7EEBBD28BC56F  4.2102593268847094E+14
    Total Mass:   5.2871640095440794E+18, Change:   1.6895713118624585E+01 Error:  1.68957E+01 ( 3.2E-18)
MOM Time     100.000    100: En 2.338658E-05, MaxCFL  0.00134, Mass 5.287164009544E+18
    Total Energy: 42DC1D4CE323DECB  1.2364867833433117E+14
    Total Mass:   5.2871640095440794E+18, Change:   5.2539919529715888E+00 Error:  5.25399E+00 ( 9.9E-19)
 MOM_in domain decomposition
whalo =    4, ehalo =    4, shalo =    4, nhalo =    4
  X-AXIS =   32  32
  Y-AXIS =   32  32
 MOM_in domain decomposition
whalo =    2, ehalo =    2, shalo =    2, nhalo =    2
  X-AXIS =   16  16
  Y-AXIS =   16  16
 MOM_in domain decomposition
whalo =    4, ehalo =    4, shalo =    4, nhalo =    4
  X-AXIS =   32  32
  Y-AXIS =   32  32
 MOM_in domain decomposition
whalo =    2, ehalo =    2, shalo =    2, nhalo =    2
  X-AXIS =   16  16
  Y-AXIS =   16  16
MOM Time     150.000    150: En 5.699787E-05, MaxCFL  0.00205, Mass 5.287164009544E+18
    Total Energy: 42F12152AB6CFB55  3.0135709694763731E+14
    Total Mass:   5.2871640095440794E+18, Change:  -1.3621689141266700E+01 Error: -1.36217E+01 (-2.6E-18)
 MOM_in domain decomposition
whalo =    4, ehalo =    4, shalo =    4, nhalo =    4
  X-AXIS =   32  32
  Y-AXIS =   32  32
 MOM_in domain decomposition
whalo =    2, ehalo =    2, shalo =    2, nhalo =    2
  X-AXIS =   16  16
  Y-AXIS =   16  16

WARNING from PE     0: open_ASCII_file: File RESTART/ocean_solo.res opened WRITEONLY already exists!


WARNING from PE     0: open_ASCII_file: File exitcode opened WRITEONLY already exists!

 MPP_DOMAINS_STACK high water mark=      133600

Tabulating mpp_clock statistics across      4 PEs...

                                      hits          tmin          tmax          tavg          tstd  tfrac grain pemin pemax
Total runtime                            1     10.770277     10.770278     10.770277      0.000001  1.000     0     0     3
Initialization                           1      0.125022      0.125412      0.125198      0.000145  0.012     0     0     3
Main loop                                1     10.551522     10.551956     10.551841      0.000184  0.980     0     0     3
Termination                              1      0.091829      0.092047      0.091990      0.000093  0.009     0     0     3
Ocean Initialization                     2      0.128384      0.128597      0.128460      0.000087  0.012    11     0     3
Ocean                                   75     10.337819     10.338568     10.338180      0.000279  0.960     1     0     3
Ocean dynamics                         300     10.234025     10.236269     10.234662      0.000932  0.950    11     0     3
Ocean thermodynamics and tracers       225      0.012219      0.012868      0.012649      0.000255  0.001    11     0     3
Ocean grid generation and remapp         0      0.000000      0.000000      0.000000      0.000000  0.000    11     0     3
Ocean Other                            450      0.041946      0.043753      0.042829      0.000782  0.004    11     0     3
(Ocean tracer advection)               150      0.007042      0.007305      0.007152      0.000108  0.001    21     0     3
(Ocean adiabatic driver)                75      0.005135      0.005761      0.005446      0.000233  0.001    21     0     3
(Ocean continuity equation *)            0      0.000000      0.000000      0.000000      0.000000  0.000    31     0     3
(Ocean set BBL viscosity)               75      0.079620      0.094239      0.086801      0.005808  0.008    31     0     3
(Ocean message passing *)              150      0.026519      0.029408      0.027950      0.001035  0.003    31     0     3
(Ocean MOM_initialize_state)             2      0.008005      0.009738      0.008466      0.000735  0.001    31     0     3
(Ocean init message passing *)           2      0.001665      0.001850      0.001743      0.000069  0.000    41     0     3
(Ocean mixed layer restrat)              0      0.000000      0.000000      0.000000      0.000000  0.000    31     0     3
(Ocean collective diagnostics)         375      0.013274      0.014527      0.013974      0.000495  0.001    31     0     3
(Ocean Z-space diagnostics)              0      0.000000      0.000000      0.000000      0.000000  0.000    31     0     3
(Ocean ALE)                              0      0.000000      0.000000      0.000000      0.000000  0.000    31     0     3
(Stochastic EOS)                       150      0.000010      0.000030      0.000017      0.000008  0.000    31     0     3
(SGS Temperature Variance)             150      0.000005      0.000012      0.000008      0.000003  0.000    31     0     3
(Ocean diagnostics framework)            0      0.000000      0.000000      0.000000      0.000000  0.000    31     0     3
(Ocean diagnostics remapping)            0      0.000000      0.000000      0.000000      0.000000  0.000    41     0     3
(Ocean diagnostics grid updates)       526      0.014397      0.014777      0.014638      0.000143  0.001    41     0     3
(Ocean init message passing)             4      0.000727      0.001870      0.001330      0.000500  0.000    41     0     3
(Ocean continuity reconstruction       902      0.763469      0.851322      0.806859      0.043117  0.075    41     0     3
(Ocean continuity update)              902      0.089187      0.096000      0.092881      0.002655  0.009    41     0     3
(Ocean continuity correction)          902      3.472785      3.589818      3.533019      0.048998  0.328    41     0     3
(Ocean BT pre-calcs only)             1200      0.673660      0.685118      0.679107      0.004064  0.063    41     0     3
(Ocean BT pre-step halo updates)      1200      0.059333      0.143413      0.105477      0.031317  0.010    41     0     3
(Ocean BT stepping calcs only)         600      0.024954      0.027557      0.026491      0.001103  0.002    41     0     3
(Ocean BT stepping halo updates)       300      0.002572      0.003588      0.003006      0.000444  0.000    41     0     3
(Ocean BT post-calcs only)             900      0.082816      0.085832      0.083931      0.001137  0.008    41     0     3
(Ocean BT post-step halo updates       600      0.007128      0.009470      0.008213      0.000881  0.001    41     0     3
(Ocean BT global synch)                  0      0.000000      0.000000      0.000000      0.000000  0.000    41     0     3
(Ocean Coriolis & mom advection)       300      0.377079      0.382859      0.379383      0.002282  0.035    31     0     3
(Ocean continuity equation)            450      4.322582      4.530203      4.429935      0.093938  0.411    31     0     3
(Ocean pressure force)                 150      0.256055      0.259788      0.258557      0.001504  0.024    31     0     3
(Ocean vertical viscosity)             450      3.042335      3.050812      3.047441      0.003263  0.283    31     0     3
(Ocean horizontal viscosity)           150      0.281896      0.289335      0.284564      0.002832  0.026    31     0     3
(Ocean momentum increments)            300      0.099191      0.102634      0.101311      0.001391  0.009    31     0     3
(Ocean message passing)               1350      0.279002      0.415002      0.347594      0.066916  0.032    31     0     3
(Ocean barotropic mode calc)           300      0.013516      0.013649      0.013572      0.000049  0.001    31     0     3
(Ocean barotropic mode stepping)       300      0.860807      0.952802      0.907199      0.034179  0.084    31     0     3
(Ocean barotropic forcing calc)        300      0.133135      0.138132      0.135434      0.001818  0.013    31     0     3
(Ocean advect tracer)                    0      0.000000      0.000000      0.000000      0.000000  0.000    31     0     3
(Ocean tracer halo updates)              0      0.000000      0.000000      0.000000      0.000000  0.000    41     0     3
(Ocean tracer global synch)              0      0.000000      0.000000      0.000000      0.000000  0.000    41     0     3
(Ocean diffuse tracer)                   0      0.000000      0.000000      0.000000      0.000000  0.000    31     0     3
(Ocean epipycnal diffuse tracer)         0      0.000000      0.000000      0.000000      0.000000  0.000    31     0     3
(Ocean surface forcing)                 76      0.000787      0.001216      0.000935      0.000166  0.000    31     0     3
(Ocean forcing diagnostics)            150      0.000323      0.000724      0.000562      0.000161  0.000    41     0     3
 MPP_STACK high water mark=           0
