NOTE from PE     0: MPP_DOMAINS_SET_STACK_SIZE: stack size set to    32768.
NOTE from PE     0: MPP_DOMAINS_SET_STACK_SIZE: stack size set to  4000000.
NOTE from PE     0: ======== Model being driven by MOM_driver ========
NOTE from PE     0: callTree: o Program MOM_main, MOM_driver.F90
NOTE from PE     0: open_param_file: MOM_input has been opened successfully.
NOTE from PE     0: open_param_file: MOM_override has been opened successfully.

WARNING from PE     0: MOM_file_parser : DT over-ridden.  Line: 'DT = 37' in file MOM_override.


WARNING from PE     0: MOM_file_parser : DT_THERM over-ridden.  Line: 'DT_THERM = 75' in file MOM_override.


WARNING from PE     0: MOM_file_parser : NIGLOBAL over-ridden.  Line: 'NIGLOBAL = 1024' in file MOM_override.


WARNING from PE     0: MOM_file_parser : NJGLOBAL over-ridden.  Line: 'NJGLOBAL = 512' in file MOM_override.

 MOM_in domain decomposition
whalo =    4, ehalo =    4, shalo =    4, nhalo =    4
  X-AXIS =   86  86  85  85  85  85  85  85  85  85  86  86
  Y-AXIS =   64  64  64  64  64  64  64  64
 MOM_inc domain decomposition
whalo =    2, ehalo =    2, shalo =    2, nhalo =    2
  X-AXIS =   43  43  43  43  42  42  42  42  43  43  43  43
  Y-AXIS =   32  32  32  32  32  32  32  32
NOTE from PE     0: diag_manager_mod::diag_manager_init: prepend_date only supported when diag_manager_init is called with time_init present.
NOTE from PE     0: diag_manager_mod::diag_manager_init: You are using the legacy version of the diag table
 MOM_in domain decomposition
whalo =    4, ehalo =    4, shalo =    4, nhalo =    4
  X-AXIS =   86  86  85  85  85  85  85  85  85  85  86  86
  Y-AXIS =   64  64  64  64  64  64  64  64
 MOM_in domain decomposition
whalo =    2, ehalo =    2, shalo =    2, nhalo =    2
  X-AXIS =   43  43  43  43  42  42  42  42  43  43  43  43
  Y-AXIS =   32  32  32  32  32  32  32  32

WARNING from PE     0: MOM_file_parser : NK over-ridden.  Line: 'NK = 100' in file MOM_override.

 MOM_in domain decomposition
whalo =    4, ehalo =    4, shalo =    4, nhalo =    4
  X-AXIS =   86  86  85  85  85  85  85  85  85  85  86  86
  Y-AXIS =   64  64  64  64  64  64  64  64
 MOM_in domain decomposition
whalo =    2, ehalo =    2, shalo =    2, nhalo =    2
  X-AXIS =   43  43  43  43  42  42  42  42  43  43  43  43
  Y-AXIS =   32  32  32  32  32  32  32  32

WARNING from PE     0: Open_file is appending .nc to the filename ./ocean_geometry


WARNING from PE     0: MOM_file_parser : COORD_CONFIG over-ridden.  Line: 'COORD_CONFIG = "linear"' in file MOM_override.

 MOM_in domain decomposition
whalo =    4, ehalo =    4, shalo =    4, nhalo =    4
  X-AXIS =   86  86  85  85  85  85  85  85  85  85  86  86
  Y-AXIS =   64  64  64  64  64  64  64  64
 MOM_in domain decomposition
whalo =    2, ehalo =    2, shalo =    2, nhalo =    2
  X-AXIS =   43  43  43  43  42  42  42  42  43  43  43  43
  Y-AXIS =   32  32  32  32  32  32  32  32
 MOM_in domain decomposition
whalo =    4, ehalo =    4, shalo =    4, nhalo =    4
  X-AXIS =   86  86  85  85  85  85  85  85  85  85  86  86
  Y-AXIS =   64  64  64  64  64  64  64  64
 MOM_in domain decomposition
whalo =    2, ehalo =    2, shalo =    2, nhalo =    2
  X-AXIS =   43  43  43  43  42  42  42  42  43  43  43  43
  Y-AXIS =   32  32  32  32  32  32  32  32

WARNING from PE     0: ./Depth_list.nc checksums do not match; updating file.


WARNING from PE     0: MOM_file_parser : DT_FORCING over-ridden.  Line: 'DT_FORCING = 75' in file MOM_override.


WARNING from PE     0: MOM_file_parser : DAYMAX over-ridden.  Line: 'DAYMAX = 150' in file MOM_override.


WARNING from PE     0: Unused line in MOM_input : GINT = 0.0098


WARNING from PE     0: open_ASCII_file: File ./CPU_stats opened WRITEONLY already exists!


WARNING from PE     0: open_ASCII_file: File ./ocean.stats opened WRITEONLY already exists!

MOM Time       0.000      0: En 9.167888E-12, MaxCFL  0.00000, Mass 5.286414704261E+18
    Total Energy: 41871C2B4287A172  4.8465256316225901E+07
    Total Mass:   5.2864147042613893E+18, Change:   0.0000000000000000E+00 Error:  0.00000E+00 ( 0.0E+00)
MOM Time      50.676     75: En 9.561082E-07, MaxCFL  0.00036, Mass 5.286414704261E+18
    Total Energy: 429263431CDBFD45  5.0543842567673174E+12
    Total Mass:   5.2864147042613893E+18, Change:   2.4812445309513802E+01 Error:  2.48124E+01 ( 4.7E-18)
MOM Time      99.324    147: En 3.499934E-06, MaxCFL  0.00068, Mass 5.286414704261E+18
    Total Energy: 42B0D3DB48481627  1.8502103091222152E+13
    Total Mass:   5.2864147042613893E+18, Change:   1.2584787399027206E+00 Error:  1.25848E+00 ( 2.4E-19)
 MOM_in domain decomposition
whalo =    4, ehalo =    4, shalo =    4, nhalo =    4
  X-AXIS =   86  86  85  85  85  85  85  85  85  85  86  86
  Y-AXIS =   64  64  64  64  64  64  64  64
 MOM_in domain decomposition
whalo =    2, ehalo =    2, shalo =    2, nhalo =    2
  X-AXIS =   43  43  43  43  42  42  42  42  43  43  43  43
  Y-AXIS =   32  32  32  32  32  32  32  32
 MOM_in domain decomposition
whalo =    4, ehalo =    4, shalo =    4, nhalo =    4
  X-AXIS =   86  86  85  85  85  85  85  85  85  85  86  86
  Y-AXIS =   64  64  64  64  64  64  64  64
 MOM_in domain decomposition
whalo =    2, ehalo =    2, shalo =    2, nhalo =    2
  X-AXIS =   43  43  43  43  42  42  42  42  43  43  43  43
  Y-AXIS =   32  32  32  32  32  32  32  32
MOM Time     150.000    222: En 7.572478E-06, MaxCFL  0.00098, Mass 5.286414704261E+18
    Total Energy: 42C234407625E4D9  4.0031258168265695E+13
    Total Mass:   5.2864147042613893E+18, Change:  -7.3779749640755043E-01 Error: -7.37797E-01 (-1.4E-19)
 MOM_in domain decomposition
whalo =    4, ehalo =    4, shalo =    4, nhalo =    4
  X-AXIS =   86  86  85  85  85  85  85  85  85  85  86  86
  Y-AXIS =   64  64  64  64  64  64  64  64
 MOM_in domain decomposition
whalo =    2, ehalo =    2, shalo =    2, nhalo =    2
  X-AXIS =   43  43  43  43  42  42  42  42  43  43  43  43
  Y-AXIS =   32  32  32  32  32  32  32  32

WARNING from PE     0: open_ASCII_file: File RESTART/ocean_solo.res opened WRITEONLY already exists!


WARNING from PE     0: open_ASCII_file: File exitcode opened WRITEONLY already exists!

 MPP_DOMAINS_STACK high water mark=      619200

Tabulating mpp_clock statistics across     96 PEs...

                                      hits          tmin          tmax          tavg          tstd  tfrac grain pemin pemax
Total runtime                            1    215.655518    215.655518    215.655518      0.000000  1.000     0     0    95
Initialization                           1      1.058086      1.085646      1.072158      0.008205  0.005     0     0    95
Main loop                                1    201.071808    201.082291    201.077698      0.002451  0.932     0     0    95
Termination                              1     13.481847     13.490789     13.484943      0.002424  0.063     0     0    95
Ocean Initialization                     2      1.073656      1.118604      1.085620      0.007188  0.005    11     0    95
Ocean                                   74    174.821579    174.842773    174.836502      0.003869  0.811     1     0    95
Ocean dynamics                         444    171.438843    172.019547    171.665771      0.107919  0.796    11     0    95
Ocean thermodynamics and tracers       222      0.355651      0.550509      0.489020      0.039695  0.002    11     0    95
Ocean grid generation and remapp         0      0.000000      0.000000      0.000000      0.000000  0.000    11     0    95
Ocean Other                            518      0.891274      1.214183      1.010079      0.062173  0.005    11     0    95
(Ocean tracer advection)               148      0.227163      0.377360      0.326435      0.032676  0.002    21     0    95
(Ocean adiabatic driver)                74      0.128201      0.188250      0.162315      0.010207  0.001    21     0    95
(Ocean continuity equation *)            0      0.000000      0.000000      0.000000      0.000000  0.000    31     0    95
(Ocean set BBL viscosity)               74      0.964907      1.258606      1.096404      0.068940  0.005    31     0    95
(Ocean message passing *)              148      0.611443      1.228297      0.863270      0.169258  0.004    31     0    95
(Ocean MOM_initialize_state)             2      0.017726      0.035537      0.025546      0.003956  0.000    31     0    95
(Ocean init message passing *)           2      0.002323      0.016320      0.005669      0.003001  0.000    41     0    95
(Ocean mixed layer restrat)              0      0.000000      0.000000      0.000000      0.000000  0.000    31     0    95
(Ocean collective diagnostics)         444      0.265449      0.446385      0.376938      0.041100  0.002    31     0    95
(Ocean Z-space diagnostics)              0      0.000000      0.000000      0.000000      0.000000  0.000    31     0    95
(Ocean ALE)                              0      0.000000      0.000000      0.000000      0.000000  0.000    31     0    95
(Stochastic EOS)                       222      0.000014      0.000217      0.000046      0.000039  0.000    31     0    95
(SGS Temperature Variance)             222      0.000010      0.000040      0.000018      0.000006  0.000    31     0    95
(Ocean diagnostics framework)            0      0.000000      0.000000      0.000000      0.000000  0.000    31     0    95
(Ocean diagnostics remapping)            0      0.000000      0.000000      0.000000      0.000000  0.000    41     0    95
(Ocean diagnostics grid updates)       741      0.468908      0.997627      0.785216      0.119202  0.004    41     0    95
(Ocean init message passing)             4      0.012470      0.107814      0.044581      0.024118  0.000    41     0    95
(Ocean continuity reconstruction      1334      7.159990      8.989185      7.999105      0.397256  0.037    41     0    95
(Ocean continuity update)             1334      2.590020      4.632560      3.782226      0.453027  0.018    41     0    95
(Ocean continuity correction)         1334     30.448263     43.285881     37.586689      3.177119  0.174    41     0    95
(Ocean BT pre-calcs only)             1776     14.429400     20.285482     17.906607      1.377384  0.083    41     0    95
(Ocean BT pre-step halo updates)      1776      1.619414     10.987544      4.672834      2.490370  0.022    41     0    95
(Ocean BT stepping calcs only)         888      0.295782      0.557574      0.424473      0.059638  0.002    41     0    95
(Ocean BT stepping halo updates)       444      0.088841      0.347824      0.184568      0.064790  0.001    41     0    95
(Ocean BT post-calcs only)            1332      2.335001      3.003633      2.756161      0.167791  0.013    41     0    95
(Ocean BT post-step halo updates       888      0.238791      0.735345      0.441337      0.107880  0.002    41     0    95
(Ocean BT global synch)                  0      0.000000      0.000000      0.000000      0.000000  0.000    41     0    95
(Ocean Coriolis & mom advection)       444      5.794171      7.902690      6.701406      0.375687  0.031    31     0    95
(Ocean continuity equation)            666     41.948486     54.773125     49.346111      3.346071  0.229    31     0    95
(Ocean pressure force)                 222     12.700081     14.153313     13.333339      0.318308  0.062    31     0    95
(Ocean vertical viscosity)             666     37.226543     42.467499     40.271591      1.405998  0.187    31     0    95
(Ocean horizontal viscosity)           222      2.756145      3.382066      2.977582      0.146570  0.014    31     0    95
(Ocean momentum increments)            444      5.306047      5.675721      5.507225      0.087006  0.026    31     0    95
(Ocean message passing)               1998      7.374555     15.327780     11.056496      1.553811  0.051    31     0    95
(Ocean barotropic mode calc)           444      0.567203      0.939522      0.803392      0.085245  0.004    31     0    95
(Ocean barotropic mode stepping)       444     20.807169     34.774117     26.402102      3.286360  0.122    31     0    95
(Ocean barotropic forcing calc)        444      4.091685      5.772154      5.189704      0.426117  0.024    31     0    95
(Ocean advect tracer)                    0      0.000000      0.000000      0.000000      0.000000  0.000    31     0    95
(Ocean tracer halo updates)              0      0.000000      0.000000      0.000000      0.000000  0.000    41     0    95
(Ocean tracer global synch)              0      0.000000      0.000000      0.000000      0.000000  0.000    41     0    95
(Ocean diffuse tracer)                   0      0.000000      0.000000      0.000000      0.000000  0.000    31     0    95
(Ocean epipycnal diffuse tracer)         0      0.000000      0.000000      0.000000      0.000000  0.000    31     0    95
(Ocean surface forcing)                 75      0.002470      0.006766      0.004612      0.001001  0.000    31     0    95
(Ocean forcing diagnostics)            148      0.000523      0.004012      0.002537      0.000740  0.000    41     0    95
 MPP_STACK high water mark=           0
