NOTE from PE     0: MPP_DOMAINS_SET_STACK_SIZE: stack size set to    32768.
NOTE from PE     0: MPP_DOMAINS_SET_STACK_SIZE: stack size set to  4000000.
NOTE from PE     0: ======== Model being driven by MOM_driver ========
NOTE from PE     0: callTree: o Program MOM_main, MOM_driver.F90
NOTE from PE     0: open_param_file: MOM_input has been opened successfully.
NOTE from PE     0: open_param_file: MOM_override has been opened successfully.

WARNING from PE     0: MOM_file_parser : DT over-ridden.  Line: 'DT = 300' in file MOM_override.


WARNING from PE     0: MOM_file_parser : DT_THERM over-ridden.  Line: 'DT_THERM = 600' in file MOM_override.


WARNING from PE     0: MOM_file_parser : NIGLOBAL over-ridden.  Line: 'NIGLOBAL = 128' in file MOM_override.


WARNING from PE     0: MOM_file_parser : NJGLOBAL over-ridden.  Line: 'NJGLOBAL = 128' in file MOM_override.

 MOM_in domain decomposition
whalo =    4, ehalo =    4, shalo =    4, nhalo =    4
  X-AXIS =   32  32  32  32
  Y-AXIS =   32  32  32  32
 MOM_inc domain decomposition
whalo =    2, ehalo =    2, shalo =    2, nhalo =    2
  X-AXIS =   16  16  16  16
  Y-AXIS =   16  16  16  16
NOTE from PE     0: diag_manager_mod::diag_manager_init: prepend_date only supported when diag_manager_init is called with time_init present.
NOTE from PE     0: diag_manager_mod::diag_manager_init: You are using the legacy version of the diag table
 MOM_in domain decomposition
whalo =    4, ehalo =    4, shalo =    4, nhalo =    4
  X-AXIS =   32  32  32  32
  Y-AXIS =   32  32  32  32
 MOM_in domain decomposition
whalo =    2, ehalo =    2, shalo =    2, nhalo =    2
  X-AXIS =   16  16  16  16
  Y-AXIS =   16  16  16  16

WARNING from PE     0: MOM_file_parser : NK over-ridden.  Line: 'NK = 100' in file MOM_override.

 MOM_in domain decomposition
whalo =    4, ehalo =    4, shalo =    4, nhalo =    4
  X-AXIS =   32  32  32  32
  Y-AXIS =   32  32  32  32
 MOM_in domain decomposition
whalo =    2, ehalo =    2, shalo =    2, nhalo =    2
  X-AXIS =   16  16  16  16
  Y-AXIS =   16  16  16  16

WARNING from PE     0: Open_file is appending .nc to the filename ./ocean_geometry


WARNING from PE     0: MOM_file_parser : COORD_CONFIG over-ridden.  Line: 'COORD_CONFIG = "linear"' in file MOM_override.

 MOM_in domain decomposition
whalo =    4, ehalo =    4, shalo =    4, nhalo =    4
  X-AXIS =   32  32  32  32
  Y-AXIS =   32  32  32  32
 MOM_in domain decomposition
whalo =    2, ehalo =    2, shalo =    2, nhalo =    2
  X-AXIS =   16  16  16  16
  Y-AXIS =   16  16  16  16
 MOM_in domain decomposition
whalo =    4, ehalo =    4, shalo =    4, nhalo =    4
  X-AXIS =   32  32  32  32
  Y-AXIS =   32  32  32  32
 MOM_in domain decomposition
whalo =    2, ehalo =    2, shalo =    2, nhalo =    2
  X-AXIS =   16  16  16  16
  Y-AXIS =   16  16  16  16

WARNING from PE     0: ./Depth_list.nc checksums do not match; updating file.


WARNING from PE     0: MOM_file_parser : DT_FORCING over-ridden.  Line: 'DT_FORCING = 600' in file MOM_override.


WARNING from PE     0: MOM_file_parser : DAYMAX over-ridden.  Line: 'DAYMAX = 150' in file MOM_override.


WARNING from PE     0: Unused line in MOM_input : GINT = 0.0098


WARNING from PE     0: open_ASCII_file: File ./CPU_stats opened WRITEONLY already exists!


WARNING from PE     0: open_ASCII_file: File ./ocean.stats opened WRITEONLY already exists!

MOM Time       0.000      0: En 9.164543E-12, MaxCFL  0.00000, Mass 5.286601636954E+18
    Total Energy: 41871A38330EA000  4.8449286382141113E+07
    Total Mass:   5.2866016369539963E+18, Change:   0.0000000000000000E+00 Error:  0.00000E+00 ( 0.0E+00)
MOM Time      50.000     50: En 4.018195E-05, MaxCFL  0.00184, Mass 5.286601636954E+18
    Total Energy: 42E82668CA0D57F2  2.1242596716819156E+14
    Total Mass:   5.2866016369539963E+18, Change:   8.4805247037050407E+01 Error:  8.48052E+01 ( 1.6E-17)
MOM Time     100.000    100: En 8.022032E-05, MaxCFL  0.00256, Mass 5.286601636954E+18
    Total Energy: 42F81B5D021CBF72  4.2409285765016712E+14
    Total Mass:   5.2866016369539973E+18, Change:  -3.9945119739020605E+00 Error: -3.99451E+00 (-7.6E-19)
 MOM_in domain decomposition
whalo =    4, ehalo =    4, shalo =    4, nhalo =    4
  X-AXIS =   32  32  32  32
  Y-AXIS =   32  32  32  32
 MOM_in domain decomposition
whalo =    2, ehalo =    2, shalo =    2, nhalo =    2
  X-AXIS =   16  16  16  16
  Y-AXIS =   16  16  16  16
 MOM_in domain decomposition
whalo =    4, ehalo =    4, shalo =    4, nhalo =    4
  X-AXIS =   32  32  32  32
  Y-AXIS =   32  32  32  32
 MOM_in domain decomposition
whalo =    2, ehalo =    2, shalo =    2, nhalo =    2
  X-AXIS =   16  16  16  16
  Y-AXIS =   16  16  16  16
MOM Time     150.000    150: En 6.198263E-05, MaxCFL  0.00212, Mass 5.286601636954E+18
    Total Energy: 42F2A055AEEB6F14  3.2767746550756925E+14
    Total Mass:   5.2866016369539963E+18, Change:   2.3279813841664314E+00 Error:  2.32798E+00 ( 4.4E-19)
 MOM_in domain decomposition
whalo =    4, ehalo =    4, shalo =    4, nhalo =    4
  X-AXIS =   32  32  32  32
  Y-AXIS =   32  32  32  32
 MOM_in domain decomposition
whalo =    2, ehalo =    2, shalo =    2, nhalo =    2
  X-AXIS =   16  16  16  16
  Y-AXIS =   16  16  16  16

WARNING from PE     0: open_ASCII_file: File RESTART/ocean_solo.res opened WRITEONLY already exists!


WARNING from PE     0: open_ASCII_file: File exitcode opened WRITEONLY already exists!

 MPP_DOMAINS_STACK high water mark=      275200

Tabulating mpp_clock statistics across     16 PEs...

                                      hits          tmin          tmax          tavg          tstd  tfrac grain pemin pemax
Total runtime                            1     17.681517     17.681519     17.681519      0.000000  1.000     0     0    15
Initialization                           1      0.146384      0.149199      0.148204      0.000790  0.008     0     0    15
Main loop                                1     17.182392     17.182484     17.182472      0.000021  0.972     0     0    15
Termination                              1      0.347957      0.348130      0.348114      0.000041  0.020     0     0    15
Ocean Initialization                     2      0.148876      0.152079      0.150599      0.000858  0.009    11     0    15
Ocean                                   75     16.500431     16.501375     16.501020      0.000271  0.933     1     0    15
Ocean dynamics                         300     16.103554     16.191563     16.158794      0.029953  0.914    11     0    15
Ocean thermodynamics and tracers       225      0.023416      0.051378      0.039458      0.009801  0.002    11     0    15
Ocean grid generation and remapp         0      0.000000      0.000000      0.000000      0.000000  0.000    11     0    15
Ocean Other                            450      0.086765      0.115488      0.100340      0.007180  0.006    11     0    15
(Ocean tracer advection)               150      0.015352      0.034457      0.025448      0.006966  0.001    21     0    15
(Ocean adiabatic driver)                75      0.007986      0.018951      0.013842      0.003302  0.001    21     0    15
(Ocean continuity equation *)            0      0.000000      0.000000      0.000000      0.000000  0.000    31     0    15
(Ocean set BBL viscosity)               75      0.098559      0.148328      0.124645      0.014568  0.007    31     0    15
(Ocean message passing *)              150      0.120954      0.225648      0.161552      0.034316  0.009    31     0    15
(Ocean MOM_initialize_state)             2      0.004305      0.006323      0.004728      0.000443  0.000    31     0    15
(Ocean init message passing *)           2      0.000800      0.001449      0.001179      0.000161  0.000    41     0    15
(Ocean mixed layer restrat)              0      0.000000      0.000000      0.000000      0.000000  0.000    31     0    15
(Ocean collective diagnostics)         375      0.026237      0.034849      0.031136      0.002762  0.002    31     0    15
(Ocean Z-space diagnostics)              0      0.000000      0.000000      0.000000      0.000000  0.000    31     0    15
(Ocean ALE)                              0      0.000000      0.000000      0.000000      0.000000  0.000    31     0    15
(Stochastic EOS)                       150      0.000016      0.000051      0.000026      0.000010  0.000    31     0    15
(SGS Temperature Variance)             150      0.000005      0.000016      0.000008      0.000003  0.000    31     0    15
(Ocean diagnostics framework)            0      0.000000      0.000000      0.000000      0.000000  0.000    31     0    15
(Ocean diagnostics remapping)            0      0.000000      0.000000      0.000000      0.000000  0.000    41     0    15
(Ocean diagnostics grid updates)       526      0.035316      0.055008      0.045814      0.006512  0.003    41     0    15
(Ocean init message passing)             4      0.002536      0.010499      0.006059      0.002541  0.000    41     0    15
(Ocean continuity reconstruction       902      0.733520      0.953590      0.853497      0.065514  0.048    41     0    15
(Ocean continuity update)              902      0.232583      0.333522      0.291641      0.031629  0.016    41     0    15
(Ocean continuity correction)          902      3.586727      4.382799      4.003891      0.220994  0.226    41     0    15
(Ocean BT pre-calcs only)             1200      1.626994      1.953938      1.785821      0.081936  0.101    41     0    15
(Ocean BT pre-step halo updates)      1200      0.189911      0.499643      0.372268      0.085947  0.021    41     0    15
(Ocean BT stepping calcs only)         600      0.040048      0.051097      0.044619      0.003049  0.003    41     0    15
(Ocean BT stepping halo updates)       300      0.009139      0.018826      0.013926      0.002842  0.001    41     0    15
(Ocean BT post-calcs only)             900      0.203762      0.215055      0.210242      0.003110  0.012    41     0    15
(Ocean BT post-step halo updates       600      0.012760      0.021813      0.018411      0.002261  0.001    41     0    15
(Ocean BT global synch)                  0      0.000000      0.000000      0.000000      0.000000  0.000    41     0    15
(Ocean Coriolis & mom advection)       300      0.572741      0.674030      0.615867      0.029136  0.035    31     0    15
(Ocean continuity equation)            450      4.633914      5.566906      5.147264      0.252544  0.291    31     0    15
(Ocean pressure force)                 150      1.029409      1.109708      1.067454      0.020671  0.060    31     0    15
(Ocean vertical viscosity)             450      3.497767      3.681711      3.582623      0.059325  0.203    31     0    15
(Ocean horizontal viscosity)           150      0.305840      0.317666      0.312402      0.003645  0.018    31     0    15
(Ocean momentum increments)            300      0.442255      0.466699      0.453363      0.006170  0.026    31     0    15
(Ocean message passing)               1350      0.866714      1.598995      1.194934      0.239539  0.068    31     0    15
(Ocean barotropic mode calc)           300      0.033282      0.069578      0.044737      0.008499  0.003    31     0    15
(Ocean barotropic mode stepping)       300      2.215405      2.717152      2.448249      0.140025  0.138    31     0    15
(Ocean barotropic forcing calc)        300      0.407578      0.518650      0.462821      0.031506  0.026    31     0    15
(Ocean advect tracer)                    0      0.000000      0.000000      0.000000      0.000000  0.000    31     0    15
(Ocean tracer halo updates)              0      0.000000      0.000000      0.000000      0.000000  0.000    41     0    15
(Ocean tracer global synch)              0      0.000000      0.000000      0.000000      0.000000  0.000    41     0    15
(Ocean diffuse tracer)                   0      0.000000      0.000000      0.000000      0.000000  0.000    31     0    15
(Ocean epipycnal diffuse tracer)         0      0.000000      0.000000      0.000000      0.000000  0.000    31     0    15
(Ocean surface forcing)                 76      0.000975      0.001289      0.001064      0.000072  0.000    31     0    15
(Ocean forcing diagnostics)            150      0.000274      0.000897      0.000435      0.000165  0.000    41     0    15
 MPP_STACK high water mark=           0
