NOTE from PE     0: MPP_DOMAINS_SET_STACK_SIZE: stack size set to    32768.
NOTE from PE     0: MPP_DOMAINS_SET_STACK_SIZE: stack size set to  4000000.
NOTE from PE     0: ======== Model being driven by MOM_driver ========
NOTE from PE     0: callTree: o Program MOM_main, MOM_driver.F90
 MOM_domains_mod OMPthreading             1            0            1
NOTE from PE     0: fms_affinity_set: OCEAN affinity assumes hyper-threading hardware disabled
 MOM_domains_mod OMPthreading             0            0            1
NOTE from PE     0: open_param_file: MOM_input has been opened successfully.
 MOM_domains_mod OMPthreading             0            0            1
 MOM_domains_mod OMPthreading             1            0            1
 MOM_domains_mod OMPthreading             0            0            1
 MOM_domains_mod OMPthreading             1            0            1
 MOM_domains_mod OMPthreading             1            0            1
 MOM_domains_mod OMPthreading             0            0            1
NOTE from PE     0: open_param_file: MOM_override has been opened successfully.
 MOM_domains_mod OMPthreading             1            0            1
 MOM_domains_mod OMPthreading             1            0            1
 MOM_domains_mod OMPthreading             1            0            1
 MOM_domains_mod OMPthreading             0            0            1
 MOM_domains_mod OMPthreading             1            0            1
 MOM_domains_mod OMPthreading             0            0            1
 MOM_domains_mod OMPthreading             0            0            1

WARNING from PE     0: MOM_file_parser : DT over-ridden.  Line: 'DT = 300' in file MOM_override.


WARNING from PE     0: MOM_file_parser : DT_THERM over-ridden.  Line: 'DT_THERM = 600' in file MOM_override.

NOTE from PE     0: fms_affinity_set: OCEAN affinity assumes hyper-threading hardware disabled
 MOM_domains_mod OMPthreading             0            0            1

WARNING from PE     0: MOM_file_parser : NIGLOBAL over-ridden.  Line: 'NIGLOBAL = 128' in file MOM_override.


WARNING from PE     0: MOM_file_parser : NJGLOBAL over-ridden.  Line: 'NJGLOBAL = 64' in file MOM_override.

 MOM_in domain decomposition
whalo =    4, ehalo =    4, shalo =    4, nhalo =    4
  X-AXIS =   32  32  32  32
  Y-AXIS =   32  32
 MOM_inc domain decomposition
whalo =    2, ehalo =    2, shalo =    2, nhalo =    2
  X-AXIS =   16  16  16  16
  Y-AXIS =   16  16
NOTE from PE     0: diag_manager_mod::diag_manager_init: prepend_date only supported when diag_manager_init is called with time_init present.
NOTE from PE     0: diag_manager_mod::diag_manager_init: You are using the legacy version of the diag table
 MOM_in domain decomposition
whalo =    4, ehalo =    4, shalo =    4, nhalo =    4
  X-AXIS =   32  32  32  32
  Y-AXIS =   32  32
 MOM_in domain decomposition
whalo =    2, ehalo =    2, shalo =    2, nhalo =    2
  X-AXIS =   16  16  16  16
  Y-AXIS =   16  16

WARNING from PE     0: MOM_file_parser : NK over-ridden.  Line: 'NK = 100' in file MOM_override.

 MOM_in domain decomposition
whalo =    4, ehalo =    4, shalo =    4, nhalo =    4
  X-AXIS =   32  32  32  32
  Y-AXIS =   32  32
 MOM_in domain decomposition
whalo =    2, ehalo =    2, shalo =    2, nhalo =    2
  X-AXIS =   16  16  16  16
  Y-AXIS =   16  16

WARNING from PE     0: Open_file is appending .nc to the filename ./ocean_geometry


WARNING from PE     0: MOM_file_parser : COORD_CONFIG over-ridden.  Line: 'COORD_CONFIG = "linear"' in file MOM_override.

 MOM_in domain decomposition
whalo =    4, ehalo =    4, shalo =    4, nhalo =    4
  X-AXIS =   32  32  32  32
  Y-AXIS =   32  32
 MOM_in domain decomposition
whalo =    2, ehalo =    2, shalo =    2, nhalo =    2
  X-AXIS =   16  16  16  16
  Y-AXIS =   16  16
 MOM_in domain decomposition
whalo =    4, ehalo =    4, shalo =    4, nhalo =    4
  X-AXIS =   32  32  32  32
  Y-AXIS =   32  32
 MOM_in domain decomposition
whalo =    2, ehalo =    2, shalo =    2, nhalo =    2
  X-AXIS =   16  16  16  16
  Y-AXIS =   16  16

WARNING from PE     0: ./Depth_list.nc checksums do not match; updating file.


WARNING from PE     0: MOM_file_parser : DT_FORCING over-ridden.  Line: 'DT_FORCING = 600' in file MOM_override.


WARNING from PE     0: MOM_file_parser : DAYMAX over-ridden.  Line: 'DAYMAX = 150' in file MOM_override.


WARNING from PE     0: Unused line in MOM_input : GINT = 0.0098


WARNING from PE     0: open_ASCII_file: File ./CPU_stats opened WRITEONLY already exists!


WARNING from PE     0: open_ASCII_file: File ./ocean.stats opened WRITEONLY already exists!

MOM Time       0.000      0: En 9.160879E-12, MaxCFL  0.00000, Mass 5.286809263738E+18
    Total Energy: 418718166E7BA898  4.8431821810380161E+07
    Total Mass:   5.2868092637381345E+18, Change:   0.0000000000000000E+00 Error:  0.00000E+00 ( 0.0E+00)
MOM Time      50.000     50: En 4.018446E-05, MaxCFL  0.00184, Mass 5.286809263738E+18
    Total Energy: 42E82709D4715FCE  2.1244758167014244E+14
    Total Mass:   5.2868092637381345E+18, Change:   3.8615434439730649E+01 Error:  3.86154E+01 ( 7.3E-18)
MOM Time     100.000    100: En 8.025215E-05, MaxCFL  0.00128, Mass 5.286809263738E+18
    Total Energy: 42F81E0E087E2055  4.2427781636966931E+14
    Total Mass:   5.2868092637381345E+18, Change:  -3.3754377044436197E+00 Error: -3.37544E+00 (-6.4E-19)
 MOM_in domain decomposition
whalo =    4, ehalo =    4, shalo =    4, nhalo =    4
  X-AXIS =   32  32  32  32
  Y-AXIS =   32  32
 MOM_in domain decomposition
whalo =    2, ehalo =    2, shalo =    2, nhalo =    2
  X-AXIS =   16  16  16  16
  Y-AXIS =   16  16
 MOM_in domain decomposition
whalo =    4, ehalo =    4, shalo =    4, nhalo =    4
  X-AXIS =   32  32  32  32
  Y-AXIS =   32  32
 MOM_in domain decomposition
whalo =    2, ehalo =    2, shalo =    2, nhalo =    2
  X-AXIS =   16  16  16  16
  Y-AXIS =   16  16
MOM Time     150.000    150: En 6.205042E-05, MaxCFL  0.00121, Mass 5.286809263738E+18
    Total Energy: 42F2A5BCDC9AEE47  3.2804875964797244E+14
    Total Mass:   5.2868092637381345E+18, Change:   3.3469535747542807E+00 Error:  3.34695E+00 ( 6.3E-19)
 MOM_in domain decomposition
whalo =    4, ehalo =    4, shalo =    4, nhalo =    4
  X-AXIS =   32  32  32  32
  Y-AXIS =   32  32
 MOM_in domain decomposition
whalo =    2, ehalo =    2, shalo =    2, nhalo =    2
  X-AXIS =   16  16  16  16
  Y-AXIS =   16  16

WARNING from PE     0: open_ASCII_file: File RESTART/ocean_solo.res opened WRITEONLY already exists!


WARNING from PE     0: open_ASCII_file: File exitcode opened WRITEONLY already exists!

 MPP_DOMAINS_STACK high water mark=       202400

Tabulating mpp_clock statistics across      8 PEs...

                                      hits          tmin          tmax          tavg          tstd  tfrac grain pemin pemax
Total runtime                            1     18.861846     18.876150     18.867364      0.005979  1.000     0     0     7
Initialization                           1      0.363751      0.377898      0.369098      0.005720  0.020     0     0     7
Main loop                                1     18.259306     18.260290     18.260159      0.000323  0.967     0     0     7
Termination                              1      0.237096      0.237271      0.237247      0.000057  0.013     0     0     7
Ocean Initialization                     2      0.363020      0.379594      0.368716      0.006187  0.020    11     0     7
Ocean                                   75     17.727817     17.729955     17.729129      0.000775  0.939     1     0     7
Ocean dynamics                         300     16.963852     17.051881     17.002025      0.034135  0.901    11     0     7
Ocean thermodynamics and tracers       225      0.025771      0.030128      0.028164      0.001510  0.001    11     0     7
Ocean grid generation and remapp         0      0.000000      0.000000      0.000000      0.000000  0.000    11     0     7
Ocean Other                            450      0.240839      0.310410      0.262080      0.027098  0.014    11     0     7
(Ocean tracer advection)               150      0.021841      0.022413      0.022177      0.000204  0.001    21     0     7
(Ocean adiabatic driver)                75      0.003811      0.007678      0.005936      0.001310  0.000    21     0     7
(Ocean continuity equation *)            0      0.000000      0.000000      0.000000      0.000000  0.000    31     0     7
(Ocean set BBL viscosity)               75      0.031498      0.040684      0.037036      0.003416  0.002    31     0     7
(Ocean message passing *)              150      0.509999      0.603286      0.566773      0.034180  0.030    31     0     7
(Ocean MOM_initialize_state)             2      0.010074      0.014562      0.010843      0.001409  0.001    31     0     7
(Ocean init message passing *)           2      0.005624      0.007498      0.006683      0.000626  0.000    41     0     7
(Ocean mixed layer restrat)              0      0.000000      0.000000      0.000000      0.000000  0.000    31     0     7
(Ocean collective diagnostics)         375      0.008932      0.013279      0.011850      0.001661  0.001    31     0     7
(Ocean Z-space diagnostics)              0      0.000000      0.000000      0.000000      0.000000  0.000    31     0     7
(Ocean ALE)                              0      0.000000      0.000000      0.000000      0.000000  0.000    31     0     7
(Stochastic EOS)                       150      0.000010      0.000017      0.000011      0.000002  0.000    31     0     7
(SGS Temperature Variance)             150      0.000006      0.000008      0.000006      0.000001  0.000    31     0     7
(Ocean diagnostics framework)            0      0.000000      0.000000      0.000000      0.000000  0.000    31     0     7
(Ocean diagnostics remapping)            0      0.000000      0.000000      0.000000      0.000000  0.000    41     0     7
(Ocean diagnostics grid updates)       526      0.063866      0.065329      0.064742      0.000518  0.003    41     0     7
(Ocean init message passing)             4      0.005107      0.009501      0.007354      0.001598  0.000    41     0     7
(Ocean continuity reconstruction       902      0.036716      0.039250      0.037965      0.000924  0.002    41     0     7
(Ocean continuity update)              902      0.010824      0.011607      0.011181      0.000278  0.001    41     0     7
(Ocean continuity correction)          902      0.582456      0.647312      0.616090      0.022012  0.033    41     0     7
(Ocean BT pre-calcs only)             1200      0.207297      0.216830      0.212488      0.003710  0.011    41     0     7
(Ocean BT pre-step halo updates)      1200      3.308946      3.760181      3.547570      0.182822  0.188    41     0     7
(Ocean BT stepping calcs only)         600      0.197460      0.212616      0.204753      0.005347  0.011    41     0     7
(Ocean BT stepping halo updates)       300      0.335894      0.401123      0.368105      0.031179  0.020    41     0     7
(Ocean BT post-calcs only)             900      0.017964      0.019365      0.018719      0.000510  0.001    41     0     7
(Ocean BT post-step halo updates       600      0.540925      0.571255      0.556317      0.011002  0.029    41     0     7
(Ocean BT global synch)                  0      0.000000      0.000000      0.000000      0.000000  0.000    41     0     7
(Ocean Coriolis & mom advection)       300      4.292368      4.605483      4.438532      0.124699  0.235    31     0     7
(Ocean continuity equation)            450      0.637486      0.705143      0.672406      0.022901  0.036    31     0     7
(Ocean pressure force)                 150      0.849966      0.914966      0.879354      0.026285  0.047    31     0     7
(Ocean vertical viscosity)             450      0.454492      0.516516      0.476250      0.023390  0.025    31     0     7
(Ocean horizontal viscosity)           150      3.809608      4.126135      3.949963      0.121915  0.209    31     0     7
(Ocean momentum increments)            300      0.007760      0.008220      0.007990      0.000167  0.000    31     0     7
(Ocean message passing)               1350      1.278628      1.503784      1.402188      0.081711  0.074    31     0     7
(Ocean barotropic mode calc)           300      0.008052      0.008437      0.008233      0.000116  0.000    31     0     7
(Ocean barotropic mode stepping)       300      4.672230      5.106421      4.922793      0.176857  0.261    31     0     7
(Ocean barotropic forcing calc)        300      0.007083      0.007413      0.007230      0.000130  0.000    31     0     7
(Ocean advect tracer)                    0      0.000000      0.000000      0.000000      0.000000  0.000    31     0     7
(Ocean tracer halo updates)              0      0.000000      0.000000      0.000000      0.000000  0.000    41     0     7
(Ocean tracer global synch)              0      0.000000      0.000000      0.000000      0.000000  0.000    41     0     7
(Ocean diffuse tracer)                   0      0.000000      0.000000      0.000000      0.000000  0.000    31     0     7
(Ocean epipycnal diffuse tracer)         0      0.000000      0.000000      0.000000      0.000000  0.000    31     0     7
(Ocean surface forcing)                 76      0.001678      0.002325      0.001782      0.000207  0.000    31     0     7
(Ocean forcing diagnostics)            150      0.000117      0.000268      0.000189      0.000068  0.000    41     0     7
 MPP_STACK high water mark=            0
