NOTE from PE     0: MPP_DOMAINS_SET_STACK_SIZE: stack size set to    32768.
NOTE from PE     0: MPP_DOMAINS_SET_STACK_SIZE: stack size set to  4000000.
NOTE from PE     0: ======== Model being driven by MOM_driver ========
NOTE from PE     0: callTree: o Program MOM_main, MOM_driver.F90
 MOM_domains_mod OMPthreading             1            0            1
NOTE from PE     0: fms_affinity_set: OCEAN affinity assumes hyper-threading hardware disabled
 MOM_domains_mod OMPthreading             0            0            1
NOTE from PE     0: open_param_file: MOM_input has been opened successfully.
 MOM_domains_mod OMPthreading             0            0            1
 MOM_domains_mod OMPthreading             1            0            1
 MOM_domains_mod OMPthreading             1            0            1
 MOM_domains_mod OMPthreading             1            0            1
 MOM_domains_mod OMPthreading             0            0            1
 MOM_domains_mod OMPthreading             0            0            1
NOTE from PE     0: open_param_file: MOM_override has been opened successfully.
 MOM_domains_mod OMPthreading             0            0            1
 MOM_domains_mod OMPthreading             0            0            1
 MOM_domains_mod OMPthreading             1            0            1
 MOM_domains_mod OMPthreading             1            0            1
 MOM_domains_mod OMPthreading             1            0            1
 MOM_domains_mod OMPthreading             0            0            1
 MOM_domains_mod OMPthreading             1            0            1

WARNING from PE     0: MOM_file_parser : DT over-ridden.  Line: 'DT = 37' in file MOM_override.


WARNING from PE     0: MOM_file_parser : DT_THERM over-ridden.  Line: 'DT_THERM = 75' in file MOM_override.

NOTE from PE     0: fms_affinity_set: OCEAN affinity assumes hyper-threading hardware disabled
 MOM_domains_mod OMPthreading             0            0            1

WARNING from PE     0: MOM_file_parser : NIGLOBAL over-ridden.  Line: 'NIGLOBAL = 1024' in file MOM_override.


WARNING from PE     0: MOM_file_parser : NJGLOBAL over-ridden.  Line: 'NJGLOBAL = 512' in file MOM_override.

 MOM_in domain decomposition
whalo =    4, ehalo =    4, shalo =    4, nhalo =    4
  X-AXIS =  256 256 256 256
  Y-AXIS =  256 256
 MOM_inc domain decomposition
whalo =    2, ehalo =    2, shalo =    2, nhalo =    2
  X-AXIS =  128 128 128 128
  Y-AXIS =  128 128
NOTE from PE     0: diag_manager_mod::diag_manager_init: prepend_date only supported when diag_manager_init is called with time_init present.
NOTE from PE     0: diag_manager_mod::diag_manager_init: You are using the legacy version of the diag table
 MOM_in domain decomposition
whalo =    4, ehalo =    4, shalo =    4, nhalo =    4
  X-AXIS =  256 256 256 256
  Y-AXIS =  256 256
 MOM_in domain decomposition
whalo =    2, ehalo =    2, shalo =    2, nhalo =    2
  X-AXIS =  128 128 128 128
  Y-AXIS =  128 128

WARNING from PE     0: MOM_file_parser : NK over-ridden.  Line: 'NK = 100' in file MOM_override.

 MOM_in domain decomposition
whalo =    4, ehalo =    4, shalo =    4, nhalo =    4
  X-AXIS =  256 256 256 256
  Y-AXIS =  256 256
 MOM_in domain decomposition
whalo =    2, ehalo =    2, shalo =    2, nhalo =    2
  X-AXIS =  128 128 128 128
  Y-AXIS =  128 128

WARNING from PE     0: Open_file is appending .nc to the filename ./ocean_geometry


WARNING from PE     0: MOM_file_parser : COORD_CONFIG over-ridden.  Line: 'COORD_CONFIG = "linear"' in file MOM_override.

 MOM_in domain decomposition
whalo =    4, ehalo =    4, shalo =    4, nhalo =    4
  X-AXIS =  256 256 256 256
  Y-AXIS =  256 256
 MOM_in domain decomposition
whalo =    2, ehalo =    2, shalo =    2, nhalo =    2
  X-AXIS =  128 128 128 128
  Y-AXIS =  128 128
 MOM_in domain decomposition
whalo =    4, ehalo =    4, shalo =    4, nhalo =    4
  X-AXIS =  256 256 256 256
  Y-AXIS =  256 256
 MOM_in domain decomposition
whalo =    2, ehalo =    2, shalo =    2, nhalo =    2
  X-AXIS =  128 128 128 128
  Y-AXIS =  128 128

WARNING from PE     0: ./Depth_list.nc checksums do not match; updating file.


WARNING from PE     0: MOM_file_parser : DT_FORCING over-ridden.  Line: 'DT_FORCING = 75' in file MOM_override.


WARNING from PE     0: MOM_file_parser : DAYMAX over-ridden.  Line: 'DAYMAX = 150' in file MOM_override.


WARNING from PE     0: Unused line in MOM_input : GINT = 0.0098


WARNING from PE     0: open_ASCII_file: File ./CPU_stats opened WRITEONLY already exists!


WARNING from PE     0: open_ASCII_file: File ./ocean.stats opened WRITEONLY already exists!

MOM Time       0.000      0: En 9.167888E-12, MaxCFL  0.00000, Mass 5.286414704261E+18
    Total Energy: 41871C2B47CED3B5  4.8465256975989737E+07
    Total Mass:   5.2864147042613893E+18, Change:   0.0000000000000000E+00 Error:  0.00000E+00 ( 0.0E+00)
MOM Time      50.676     75: En 9.561082E-07, MaxCFL  0.00036, Mass 5.286414704261E+18
    Total Energy: 429263431CDC0BD4  5.0543842567709570E+12
    Total Mass:   5.2864147042613893E+18, Change:   1.8803326967804978E+01 Error:  1.88033E+01 ( 3.6E-18)
MOM Time      99.324    147: En 3.499934E-06, MaxCFL  0.00068, Mass 5.286414704261E+18
    Total Energy: 42B0D3DB4847D81F  1.8502103091160121E+13
    Total Mass:   5.2864147042613893E+18, Change:   1.8635493501689782E+00 Error:  1.86355E+00 ( 3.5E-19)
 MOM_in domain decomposition
whalo =    4, ehalo =    4, shalo =    4, nhalo =    4
  X-AXIS =  256 256 256 256
  Y-AXIS =  256 256
 MOM_in domain decomposition
whalo =    2, ehalo =    2, shalo =    2, nhalo =    2
  X-AXIS =  128 128 128 128
  Y-AXIS =  128 128
 MOM_in domain decomposition
whalo =    4, ehalo =    4, shalo =    4, nhalo =    4
  X-AXIS =  256 256 256 256
  Y-AXIS =  256 256
 MOM_in domain decomposition
whalo =    2, ehalo =    2, shalo =    2, nhalo =    2
  X-AXIS =  128 128 128 128
  Y-AXIS =  128 128
MOM Time     150.000    222: En 7.572478E-06, MaxCFL  0.00098, Mass 5.286414704261E+18
    Total Energy: 42C23440762529B2  4.0031258167891391E+13
    Total Mass:   5.2864147042613893E+18, Change:   5.0541591161998811E-01 Error:  5.05416E-01 ( 9.6E-20)
 MOM_in domain decomposition
whalo =    4, ehalo =    4, shalo =    4, nhalo =    4
  X-AXIS =  256 256 256 256
  Y-AXIS =  256 256
 MOM_in domain decomposition
whalo =    2, ehalo =    2, shalo =    2, nhalo =    2
  X-AXIS =  128 128 128 128
  Y-AXIS =  128 128

WARNING from PE     0: open_ASCII_file: File RESTART/ocean_solo.res opened WRITEONLY already exists!


WARNING from PE     0: open_ASCII_file: File exitcode opened WRITEONLY already exists!

 MPP_DOMAINS_STACK high water mark=      1546400

Tabulating mpp_clock statistics across      8 PEs...

                                      hits          tmin          tmax          tavg          tstd  tfrac grain pemin pemax
Total runtime                            1    119.133402    119.148790    119.137811      0.006403  1.000     0     0     7
Initialization                           1      3.266570      3.281497      3.270766      0.006049  0.027     0     0     7
Main loop                                1     97.697427     97.698908     97.698006      0.000563  0.820     0     0     7
Termination                              1     18.145927     18.148115     18.147453      0.000721  0.152     0     0     7
Ocean Initialization                     2      3.510722      3.543483      3.517028      0.010891  0.030    11     0     7
Ocean                                   74     61.603217     61.616862     61.609020      0.004376  0.517     1     0     7
Ocean dynamics                         444     45.294367     45.804660     45.468309      0.196922  0.382    11     0     7
Ocean thermodynamics and tracers       222      2.731092      2.803862      2.761660      0.019790  0.023    11     0     7
Ocean grid generation and remapp         0      0.000000      0.000000      0.000000      0.000000  0.000    11     0     7
Ocean Other                            518      5.174768      5.914904      5.617518      0.245045  0.047    11     0     7
(Ocean tracer advection)               148      0.897587      0.936363      0.906700      0.012892  0.008    21     0     7
(Ocean adiabatic driver)                74      1.832976      1.869860      1.854844      0.012929  0.016    21     0     7
(Ocean continuity equation *)            0      0.000000      0.000000      0.000000      0.000000  0.000    31     0     7
(Ocean set BBL viscosity)               74      0.105312      0.136920      0.124612      0.011158  0.001    31     0     7
(Ocean message passing *)              148      3.609771      4.077620      3.867607      0.168031  0.032    31     0     7
(Ocean MOM_initialize_state)             2      0.073257      0.076598      0.075202      0.001263  0.001    31     0     7
(Ocean init message passing *)           2      0.038845      0.045934      0.041991      0.002335  0.000    41     0     7
(Ocean mixed layer restrat)              0      0.000000      0.000000      0.000000      0.000000  0.000    31     0     7
(Ocean collective diagnostics)         444      2.100305      2.159445      2.126763      0.020465  0.018    31     0     7
(Ocean Z-space diagnostics)              0      0.000000      0.000000      0.000000      0.000000  0.000    31     0     7
(Ocean ALE)                              0      0.000000      0.000000      0.000000      0.000000  0.000    31     0     7
(Stochastic EOS)                       222      0.000016      0.000483      0.000076      0.000154  0.000    31     0     7
(SGS Temperature Variance)             222      0.000009      0.000010      0.000009      0.000000  0.000    31     0     7
(Ocean diagnostics framework)            0      0.000000      0.000000      0.000000      0.000000  0.000    31     0     7
(Ocean diagnostics remapping)            0      0.000000      0.000000      0.000000      0.000000  0.000    41     0     7
(Ocean diagnostics grid updates)       741      4.070095      4.106899      4.092578      0.009686  0.034    41     0     7
(Ocean init message passing)             4      0.070831      0.135525      0.099180      0.023783  0.001    41     0     7
(Ocean continuity reconstruction      1334      0.353943      0.367069      0.361775      0.004124  0.003    41     0     7
(Ocean continuity update)             1334      0.094493      0.096860      0.095891      0.000755  0.001    41     0     7
(Ocean continuity correction)         1334      3.511261      3.904051      3.715452      0.138892  0.031    41     0     7
(Ocean BT pre-calcs only)             1776      0.615520      0.631399      0.625398      0.005875  0.005    41     0     7
(Ocean BT pre-step halo updates)      1776      4.991096      5.833549      5.474221      0.271836  0.046    41     0     7
(Ocean BT stepping calcs only)         888      0.275958      0.291039      0.284547      0.005644  0.002    41     0     7
(Ocean BT stepping halo updates)       444      0.500232      0.598985      0.549222      0.042979  0.005    41     0     7
(Ocean BT post-calcs only)            1332      0.091770      0.094978      0.093401      0.001049  0.001    41     0     7
(Ocean BT post-step halo updates       888      0.849732      0.885531      0.866544      0.014922  0.007    41     0     7
(Ocean BT global synch)                  0      0.000000      0.000000      0.000000      0.000000  0.000    41     0     7
(Ocean Coriolis & mom advection)       444      6.823135      7.283422      7.056932      0.195871  0.059    31     0     7
(Ocean continuity equation)            666      4.054029      4.458301      4.270050      0.142365  0.036    31     0     7
(Ocean pressure force)                 222      1.545616      1.659320      1.598237      0.040970  0.013    31     0     7
(Ocean vertical viscosity)             666      3.098989      3.177260      3.133353      0.028173  0.026    31     0     7
(Ocean horizontal viscosity)           222      6.098670      6.480107      6.298192      0.156948  0.053    31     0     7
(Ocean momentum increments)            444      0.072070      0.073093      0.072661      0.000315  0.001    31     0     7
(Ocean message passing)               1998      3.677588      4.749978      4.182817      0.303272  0.035    31     0     7
(Ocean barotropic mode calc)           444      0.025312      0.026099      0.025681      0.000274  0.000    31     0     7
(Ocean barotropic mode stepping)       444      7.553938      8.470499      8.070642      0.290582  0.068    31     0     7
(Ocean barotropic forcing calc)        444      0.076438      0.077587      0.077015      0.000413  0.001    31     0     7
(Ocean advect tracer)                    0      0.000000      0.000000      0.000000      0.000000  0.000    31     0     7
(Ocean tracer halo updates)              0      0.000000      0.000000      0.000000      0.000000  0.000    41     0     7
(Ocean tracer global synch)              0      0.000000      0.000000      0.000000      0.000000  0.000    41     0     7
(Ocean diffuse tracer)                   0      0.000000      0.000000      0.000000      0.000000  0.000    31     0     7
(Ocean epipycnal diffuse tracer)         0      0.000000      0.000000      0.000000      0.000000  0.000    31     0     7
(Ocean surface forcing)                 75      0.003729      0.005415      0.004524      0.000535  0.000    31     0     7
(Ocean forcing diagnostics)            148      0.000128      0.001570      0.000522      0.000564  0.000    41     0     7
 MPP_STACK high water mark=            0
