NOTE from PE     0: MPP_DOMAINS_SET_STACK_SIZE: stack size set to    32768.
NOTE from PE     0: MPP_DOMAINS_SET_STACK_SIZE: stack size set to  4000000.
NOTE from PE     0: ======== Model being driven by MOM_driver ========
NOTE from PE     0: callTree: o Program MOM_main, MOM_driver.F90
NOTE from PE     0: fms_affinity_set: OCEAN affinity assumes hyper-threading hardware disabled
 MOM_domains_mod OMPthreading             1            0            1
 MOM_domains_mod OMPthreading             0            0            1
NOTE from PE     0: open_param_file: MOM_input has been opened successfully.
 MOM_domains_mod OMPthreading             0            0            1
 MOM_domains_mod OMPthreading             1            0            1
 MOM_domains_mod OMPthreading             1            0            1
 MOM_domains_mod OMPthreading             0            0            1
 MOM_domains_mod OMPthreading             0            0            1
 MOM_domains_mod OMPthreading             1            0            1
NOTE from PE     0: open_param_file: MOM_override has been opened successfully.
 MOM_domains_mod OMPthreading             1            0            1
 MOM_domains_mod OMPthreading             0            0            1
 MOM_domains_mod OMPthreading             0            0            1
 MOM_domains_mod OMPthreading             1            0            1
 MOM_domains_mod OMPthreading             1            0            1
 MOM_domains_mod OMPthreading             0            0            1
 MOM_domains_mod OMPthreading             1            0            1

WARNING from PE     0: MOM_file_parser : DT over-ridden.  Line: 'DT = 150' in file MOM_override.


WARNING from PE     0: MOM_file_parser : DT_THERM over-ridden.  Line: 'DT_THERM = 300' in file MOM_override.

NOTE from PE     0: fms_affinity_set: OCEAN affinity assumes hyper-threading hardware disabled
 MOM_domains_mod OMPthreading             0            0            1

WARNING from PE     0: MOM_file_parser : NIGLOBAL over-ridden.  Line: 'NIGLOBAL = 256' in file MOM_override.


WARNING from PE     0: MOM_file_parser : NJGLOBAL over-ridden.  Line: 'NJGLOBAL = 128' in file MOM_override.

 MOM_in domain decomposition
whalo =    4, ehalo =    4, shalo =    4, nhalo =    4
  X-AXIS =   64  64  64  64
  Y-AXIS =   64  64
 MOM_inc domain decomposition
whalo =    2, ehalo =    2, shalo =    2, nhalo =    2
  X-AXIS =   32  32  32  32
  Y-AXIS =   32  32
NOTE from PE     0: diag_manager_mod::diag_manager_init: prepend_date only supported when diag_manager_init is called with time_init present.
NOTE from PE     0: diag_manager_mod::diag_manager_init: You are using the legacy version of the diag table
 MOM_in domain decomposition
whalo =    4, ehalo =    4, shalo =    4, nhalo =    4
  X-AXIS =   64  64  64  64
  Y-AXIS =   64  64
 MOM_in domain decomposition
whalo =    2, ehalo =    2, shalo =    2, nhalo =    2
  X-AXIS =   32  32  32  32
  Y-AXIS =   32  32

WARNING from PE     0: MOM_file_parser : NK over-ridden.  Line: 'NK = 100' in file MOM_override.

 MOM_in domain decomposition
whalo =    4, ehalo =    4, shalo =    4, nhalo =    4
  X-AXIS =   64  64  64  64
  Y-AXIS =   64  64
 MOM_in domain decomposition
whalo =    2, ehalo =    2, shalo =    2, nhalo =    2
  X-AXIS =   32  32  32  32
  Y-AXIS =   32  32

WARNING from PE     0: Open_file is appending .nc to the filename ./ocean_geometry


WARNING from PE     0: MOM_file_parser : COORD_CONFIG over-ridden.  Line: 'COORD_CONFIG = "linear"' in file MOM_override.

 MOM_in domain decomposition
whalo =    4, ehalo =    4, shalo =    4, nhalo =    4
  X-AXIS =   64  64  64  64
  Y-AXIS =   64  64
 MOM_in domain decomposition
whalo =    2, ehalo =    2, shalo =    2, nhalo =    2
  X-AXIS =   32  32  32  32
  Y-AXIS =   32  32
 MOM_in domain decomposition
whalo =    4, ehalo =    4, shalo =    4, nhalo =    4
  X-AXIS =   64  64  64  64
  Y-AXIS =   64  64
 MOM_in domain decomposition
whalo =    2, ehalo =    2, shalo =    2, nhalo =    2
  X-AXIS =   32  32  32  32
  Y-AXIS =   32  32

WARNING from PE     0: ./Depth_list.nc checksums do not match; updating file.


WARNING from PE     0: MOM_file_parser : DT_FORCING over-ridden.  Line: 'DT_FORCING = 300' in file MOM_override.


WARNING from PE     0: MOM_file_parser : DAYMAX over-ridden.  Line: 'DAYMAX = 150' in file MOM_override.


WARNING from PE     0: Unused line in MOM_input : GINT = 0.0098


WARNING from PE     0: open_ASCII_file: File ./CPU_stats opened WRITEONLY already exists!


WARNING from PE     0: open_ASCII_file: File ./ocean.stats opened WRITEONLY already exists!

MOM Time       0.000      0: En 9.166220E-12, MaxCFL  0.00000, Mass 5.286507716715E+18
    Total Energy: 41871B327A267CD1  4.8457295268792756E+07
    Total Mass:   5.2865077167146557E+18, Change:   0.0000000000000000E+00 Error:  0.00000E+00 ( 0.0E+00)
MOM Time      50.000     50: En 1.299121E-05, MaxCFL  0.00126, Mass 5.286507716715E+18
    Total Energy: 42CF3B2F68467E60  6.8678117788924750E+13
    Total Mass:   5.2865077167146557E+18, Change:   2.1975808844383682E+01 Error:  2.19758E+01 ( 4.2E-18)
MOM Time     100.000    100: En 4.033907E-05, MaxCFL  0.00184, Mass 5.286507716715E+18
    Total Energy: 42E83E7939F7FCDF  2.1325280704919097E+14
    Total Mass:   5.2865077167146557E+18, Change:  -3.4183497331743524E+00 Error: -3.41835E+00 (-6.5E-19)
 MOM_in domain decomposition
whalo =    4, ehalo =    4, shalo =    4, nhalo =    4
  X-AXIS =   64  64  64  64
  Y-AXIS =   64  64
 MOM_in domain decomposition
whalo =    2, ehalo =    2, shalo =    2, nhalo =    2
  X-AXIS =   32  32  32  32
  Y-AXIS =   32  32
 MOM_in domain decomposition
whalo =    4, ehalo =    4, shalo =    4, nhalo =    4
  X-AXIS =   64  64  64  64
  Y-AXIS =   64  64
 MOM_in domain decomposition
whalo =    2, ehalo =    2, shalo =    2, nhalo =    2
  X-AXIS =   32  32  32  32
  Y-AXIS =   32  32
MOM Time     150.000    150: En 6.648018E-05, MaxCFL  0.00167, Mass 5.286507716715E+18
    Total Energy: 42F3FA3DC20E7723  3.5144798207371419E+14
    Total Mass:   5.2865077167146557E+18, Change:  -3.6027968909208195E+00 Error: -3.60280E+00 (-6.8E-19)
 MOM_in domain decomposition
whalo =    4, ehalo =    4, shalo =    4, nhalo =    4
  X-AXIS =   64  64  64  64
  Y-AXIS =   64  64
 MOM_in domain decomposition
whalo =    2, ehalo =    2, shalo =    2, nhalo =    2
  X-AXIS =   32  32  32  32
  Y-AXIS =   32  32

WARNING from PE     0: open_ASCII_file: File RESTART/ocean_solo.res opened WRITEONLY already exists!


WARNING from PE     0: open_ASCII_file: File exitcode opened WRITEONLY already exists!

 MPP_DOMAINS_STACK high water mark=       394400

Tabulating mpp_clock statistics across      8 PEs...

                                      hits          tmin          tmax          tavg          tstd  tfrac grain pemin pemax
Total runtime                            1     22.876021     22.889998     22.879763      0.005909  1.000     0     0     7
Initialization                           1      0.494665      0.508085      0.498166      0.005529  0.022     0     0     7
Main loop                                1     21.442734     21.443326     21.443237      0.000191  0.937     0     0     7
Termination                              1      0.937244      0.937427      0.937402      0.000060  0.041     0     0     7
Ocean Initialization                     2      0.508835      0.525941      0.512844      0.006419  0.022    11     0     7
Ocean                                   75     19.540137     19.542126     19.541253      0.000782  0.854     1     0     7
Ocean dynamics                         300     17.925151     18.053346     17.977195      0.046782  0.785    11     0     7
Ocean thermodynamics and tracers       225      0.077687      0.080416      0.079265      0.000824  0.003    11     0     7
Ocean grid generation and remapp         0      0.000000      0.000000      0.000000      0.000000  0.000    11     0     7
Ocean Other                            450      0.375478      0.586326      0.495142      0.071787  0.022    11     0     7
(Ocean tracer advection)               150      0.067965      0.070735      0.069344      0.000828  0.003    21     0     7
(Ocean adiabatic driver)                75      0.009251      0.011136      0.009862      0.000670  0.000    21     0     7
(Ocean continuity equation *)            0      0.000000      0.000000      0.000000      0.000000  0.000    31     0     7
(Ocean set BBL viscosity)               75      0.040602      0.058289      0.051069      0.006845  0.002    31     0     7
(Ocean message passing *)              150      0.878303      1.046021      0.979113      0.061058  0.043    31     0     7
(Ocean MOM_initialize_state)             2      0.013113      0.018047      0.013945      0.001556  0.001    31     0     7
(Ocean init message passing *)           2      0.008728      0.011241      0.010020      0.000863  0.000    41     0     7
(Ocean mixed layer restrat)              0      0.000000      0.000000      0.000000      0.000000  0.000    31     0     7
(Ocean collective diagnostics)         375      0.030444      0.135637      0.106233      0.042736  0.005    31     0     7
(Ocean Z-space diagnostics)              0      0.000000      0.000000      0.000000      0.000000  0.000    31     0     7
(Ocean ALE)                              0      0.000000      0.000000      0.000000      0.000000  0.000    31     0     7
(Stochastic EOS)                       150      0.000010      0.000018      0.000013      0.000003  0.000    31     0     7
(SGS Temperature Variance)             150      0.000006      0.000016      0.000007      0.000003  0.000    31     0     7
(Ocean diagnostics framework)            0      0.000000      0.000000      0.000000      0.000000  0.000    31     0     7
(Ocean diagnostics remapping)            0      0.000000      0.000000      0.000000      0.000000  0.000    41     0     7
(Ocean diagnostics grid updates)       526      0.205012      0.211346      0.207881      0.002249  0.009    41     0     7
(Ocean init message passing)             4      0.012941      0.018672      0.015872      0.002025  0.001    41     0     7
(Ocean continuity reconstruction       902      0.048018      0.050807      0.049428      0.000982  0.002    41     0     7
(Ocean continuity update)              902      0.013420      0.014227      0.013854      0.000267  0.001    41     0     7
(Ocean continuity correction)          902      0.676340      0.742063      0.705616      0.023678  0.031    41     0     7
(Ocean BT pre-calcs only)             1200      0.221433      0.238451      0.228288      0.006166  0.010    41     0     7
(Ocean BT pre-step halo updates)      1200      3.294706      3.790544      3.545151      0.209439  0.155    41     0     7
(Ocean BT stepping calcs only)         600      0.202092      0.218478      0.209137      0.005644  0.009    41     0     7
(Ocean BT stepping halo updates)       300      0.332637      0.400317      0.365368      0.032293  0.016    41     0     7
(Ocean BT post-calcs only)             900      0.020489      0.021772      0.021069      0.000443  0.001    41     0     7
(Ocean BT post-step halo updates       600      0.543212      0.574816      0.558940      0.012257  0.024    41     0     7
(Ocean BT global synch)                  0      0.000000      0.000000      0.000000      0.000000  0.000    41     0     7
(Ocean Coriolis & mom advection)       300      4.341517      4.650923      4.501427      0.133351  0.197    31     0     7
(Ocean continuity equation)            450      0.744347      0.824301      0.783388      0.027611  0.034    31     0     7
(Ocean pressure force)                 150      0.893129      0.949858      0.916352      0.021797  0.040    31     0     7
(Ocean vertical viscosity)             450      0.522827      0.603206      0.562515      0.025110  0.025    31     0     7
(Ocean horizontal viscosity)           150      3.859158      4.149716      4.008411      0.118026  0.175    31     0     7
(Ocean momentum increments)            300      0.009632      0.010161      0.009907      0.000188  0.000    31     0     7
(Ocean message passing)               1350      1.537060      1.762654      1.635090      0.066753  0.071    31     0     7
(Ocean barotropic mode calc)           300      0.008810      0.009171      0.008987      0.000124  0.000    31     0     7
(Ocean barotropic mode stepping)       300      4.706127      5.205209      4.948359      0.199054  0.216    31     0     7
(Ocean barotropic forcing calc)        300      0.009578      0.010199      0.009818      0.000185  0.000    31     0     7
(Ocean advect tracer)                    0      0.000000      0.000000      0.000000      0.000000  0.000    31     0     7
(Ocean tracer halo updates)              0      0.000000      0.000000      0.000000      0.000000  0.000    41     0     7
(Ocean tracer global synch)              0      0.000000      0.000000      0.000000      0.000000  0.000    41     0     7
(Ocean diffuse tracer)                   0      0.000000      0.000000      0.000000      0.000000  0.000    31     0     7
(Ocean epipycnal diffuse tracer)         0      0.000000      0.000000      0.000000      0.000000  0.000    31     0     7
(Ocean surface forcing)                 76      0.001651      0.002408      0.001784      0.000237  0.000    31     0     7
(Ocean forcing diagnostics)            150      0.000119      0.000297      0.000202      0.000079  0.000    41     0     7
 MPP_STACK high water mark=            0
