NOTE from PE     0: MPP_DOMAINS_SET_STACK_SIZE: stack size set to    32768.
NOTE from PE     0: MPP_DOMAINS_SET_STACK_SIZE: stack size set to  4000000.
NOTE from PE     0: ======== Model being driven by MOM_driver ========
NOTE from PE     0: callTree: o Program MOM_main, MOM_driver.F90
 MOM_domains_mod OMPthreading             1            0            1
NOTE from PE     0: fms_affinity_set: OCEAN affinity assumes hyper-threading hardware disabled
 MOM_domains_mod OMPthreading             0            0            1
NOTE from PE     0: open_param_file: MOM_input has been opened successfully.
 MOM_domains_mod OMPthreading             0            0            1
 MOM_domains_mod OMPthreading             1            0            1
 MOM_domains_mod OMPthreading             0            0            1
 MOM_domains_mod OMPthreading             1            0            1
 MOM_domains_mod OMPthreading             0            0            1
 MOM_domains_mod OMPthreading             1            0            1
NOTE from PE     0: open_param_file: MOM_override has been opened successfully.
 MOM_domains_mod OMPthreading             1            0            1
 MOM_domains_mod OMPthreading             0            0            1
 MOM_domains_mod OMPthreading             1            0            1
 MOM_domains_mod OMPthreading             0            0            1
 MOM_domains_mod OMPthreading             0            0            1
 MOM_domains_mod OMPthreading             1            0            1
 MOM_domains_mod OMPthreading             1            0            1

WARNING from PE     0: MOM_file_parser : DT over-ridden.  Line: 'DT = 75' in file MOM_override.


WARNING from PE     0: MOM_file_parser : DT_THERM over-ridden.  Line: 'DT_THERM = 150' in file MOM_override.

NOTE from PE     0: fms_affinity_set: OCEAN affinity assumes hyper-threading hardware disabled
 MOM_domains_mod OMPthreading             0            0            1

WARNING from PE     0: MOM_file_parser : NIGLOBAL over-ridden.  Line: 'NIGLOBAL = 512' in file MOM_override.


WARNING from PE     0: MOM_file_parser : NJGLOBAL over-ridden.  Line: 'NJGLOBAL = 512' in file MOM_override.

 MOM_in domain decomposition
whalo =    4, ehalo =    4, shalo =    4, nhalo =    4
  X-AXIS =  128 128 128 128
  Y-AXIS =  256 256
 MOM_inc domain decomposition
whalo =    2, ehalo =    2, shalo =    2, nhalo =    2
  X-AXIS =   64  64  64  64
  Y-AXIS =  128 128
NOTE from PE     0: diag_manager_mod::diag_manager_init: prepend_date only supported when diag_manager_init is called with time_init present.
NOTE from PE     0: diag_manager_mod::diag_manager_init: You are using the legacy version of the diag table
 MOM_in domain decomposition
whalo =    4, ehalo =    4, shalo =    4, nhalo =    4
  X-AXIS =  128 128 128 128
  Y-AXIS =  256 256
 MOM_in domain decomposition
whalo =    2, ehalo =    2, shalo =    2, nhalo =    2
  X-AXIS =   64  64  64  64
  Y-AXIS =  128 128

WARNING from PE     0: MOM_file_parser : NK over-ridden.  Line: 'NK = 100' in file MOM_override.

 MOM_in domain decomposition
whalo =    4, ehalo =    4, shalo =    4, nhalo =    4
  X-AXIS =  128 128 128 128
  Y-AXIS =  256 256
 MOM_in domain decomposition
whalo =    2, ehalo =    2, shalo =    2, nhalo =    2
  X-AXIS =   64  64  64  64
  Y-AXIS =  128 128

WARNING from PE     0: Open_file is appending .nc to the filename ./ocean_geometry


WARNING from PE     0: MOM_file_parser : COORD_CONFIG over-ridden.  Line: 'COORD_CONFIG = "linear"' in file MOM_override.

 MOM_in domain decomposition
whalo =    4, ehalo =    4, shalo =    4, nhalo =    4
  X-AXIS =  128 128 128 128
  Y-AXIS =  256 256
 MOM_in domain decomposition
whalo =    2, ehalo =    2, shalo =    2, nhalo =    2
  X-AXIS =   64  64  64  64
  Y-AXIS =  128 128
 MOM_in domain decomposition
whalo =    4, ehalo =    4, shalo =    4, nhalo =    4
  X-AXIS =  128 128 128 128
  Y-AXIS =  256 256
 MOM_in domain decomposition
whalo =    2, ehalo =    2, shalo =    2, nhalo =    2
  X-AXIS =   64  64  64  64
  Y-AXIS =  128 128

WARNING from PE     0: ./Depth_list.nc checksums do not match; updating file.


WARNING from PE     0: MOM_file_parser : DT_FORCING over-ridden.  Line: 'DT_FORCING = 150' in file MOM_override.


WARNING from PE     0: MOM_file_parser : DAYMAX over-ridden.  Line: 'DAYMAX = 150' in file MOM_override.


WARNING from PE     0: Unused line in MOM_input : GINT = 0.0098


WARNING from PE     0: open_ASCII_file: File ./CPU_stats opened WRITEONLY already exists!


WARNING from PE     0: open_ASCII_file: File ./ocean.stats opened WRITEONLY already exists!

MOM Time       0.000      0: En 9.167783E-12, MaxCFL  0.00000, Mass 5.286420478077E+18
    Total Energy: 41871C1BB355D5A8  4.8464758416911423E+07
    Total Mass:   5.2864204780768635E+18, Change:   0.0000000000000000E+00 Error:  0.00000E+00 ( 0.0E+00)
MOM Time      50.000     50: En 3.628263E-06, MaxCFL  0.00070, Mass 5.286420478077E+18
    Total Energy: 42B171D0738932E6  1.9180526209330898E+13
    Total Mass:   5.2864204780768635E+18, Change:   7.1212031765190824E+00 Error:  7.12120E+00 ( 1.3E-18)
MOM Time     100.000    100: En 1.302025E-05, MaxCFL  0.00126, Mass 5.286420478077E+18
    Total Energy: 42CF4CECC7742046  6.8830500939840547E+13
    Total Mass:   5.2864204780768635E+18, Change:   6.2132118529516145E-01 Error:  6.21321E-01 ( 1.2E-19)
 MOM_in domain decomposition
whalo =    4, ehalo =    4, shalo =    4, nhalo =    4
  X-AXIS =  128 128 128 128
  Y-AXIS =  256 256
 MOM_in domain decomposition
whalo =    2, ehalo =    2, shalo =    2, nhalo =    2
  X-AXIS =   64  64  64  64
  Y-AXIS =  128 128
 MOM_in domain decomposition
whalo =    4, ehalo =    4, shalo =    4, nhalo =    4
  X-AXIS =  128 128 128 128
  Y-AXIS =  256 256
 MOM_in domain decomposition
whalo =    2, ehalo =    2, shalo =    2, nhalo =    2
  X-AXIS =   64  64  64  64
  Y-AXIS =  128 128
MOM Time     150.000    150: En 2.597815E-05, MaxCFL  0.00165, Mass 5.286420478077E+18
    Total Energy: 42DF39BDF142389B  1.3733144120752242E+14
    Total Mass:   5.2864204780768635E+18, Change:   6.9982464594652249E-01 Error:  6.99825E-01 ( 1.3E-19)
 MOM_in domain decomposition
whalo =    4, ehalo =    4, shalo =    4, nhalo =    4
  X-AXIS =  128 128 128 128
  Y-AXIS =  256 256
 MOM_in domain decomposition
whalo =    2, ehalo =    2, shalo =    2, nhalo =    2
  X-AXIS =   64  64  64  64
  Y-AXIS =  128 128

WARNING from PE     0: open_ASCII_file: File RESTART/ocean_solo.res opened WRITEONLY already exists!


WARNING from PE     0: open_ASCII_file: File exitcode opened WRITEONLY already exists!

 MPP_DOMAINS_STACK high water mark=      1290400

Tabulating mpp_clock statistics across      8 PEs...

                                      hits          tmin          tmax          tavg          tstd  tfrac grain pemin pemax
Total runtime                            1     59.853410     59.864709     59.856354      0.004826  1.000     0     0     7
Initialization                           1      1.837237      1.847961      1.839951      0.004402  0.031     0     0     7
Main loop                                1     49.345763     49.346420     49.346319      0.000211  0.824     0     0     7
Termination                              1      8.668964      8.669128      8.669105      0.000053  0.145     0     0     7
Ocean Initialization                     2      1.957106      1.975431      1.960950      0.006372  0.033    11     0     7
Ocean                                   75     32.299508     32.310459     32.303120      0.003931  0.540     1     0     7
Ocean dynamics                         300     23.932485     24.587004     24.116944      0.248414  0.403    11     0     7
Ocean thermodynamics and tracers       225      0.541770      0.586521      0.567432      0.017336  0.009    11     0     7
Ocean grid generation and remapp         0      0.000000      0.000000      0.000000      0.000000  0.000    11     0     7
Ocean Other                            450      2.633650      3.499893      3.100417      0.267256  0.052    11     0     7
(Ocean tracer advection)               150      0.463280      0.468097      0.464721      0.001445  0.008    21     0     7
(Ocean adiabatic driver)                75      0.073586      0.120912      0.102605      0.017734  0.002    21     0     7
(Ocean continuity equation *)            0      0.000000      0.000000      0.000000      0.000000  0.000    31     0     7
(Ocean set BBL viscosity)               75      0.188700      0.214827      0.202144      0.009489  0.003    31     0     7
(Ocean message passing *)              150      3.071340      3.810596      3.527060      0.257435  0.059    31     0     7
(Ocean MOM_initialize_state)             2      0.046623      0.051199      0.048477      0.001334  0.001    31     0     7
(Ocean init message passing *)           2      0.030500      0.039723      0.035356      0.003209  0.001    41     0     7
(Ocean mixed layer restrat)              0      0.000000      0.000000      0.000000      0.000000  0.000    31     0     7
(Ocean collective diagnostics)         375      0.857406      1.034325      0.975040      0.064175  0.016    31     0     7
(Ocean Z-space diagnostics)              0      0.000000      0.000000      0.000000      0.000000  0.000    31     0     7
(Ocean ALE)                              0      0.000000      0.000000      0.000000      0.000000  0.000    31     0     7
(Stochastic EOS)                       150      0.000010      0.000015      0.000012      0.000002  0.000    31     0     7
(SGS Temperature Variance)             150      0.000006      0.000006      0.000006      0.000000  0.000    31     0     7
(Ocean diagnostics framework)            0      0.000000      0.000000      0.000000      0.000000  0.000    31     0     7
(Ocean diagnostics remapping)            0      0.000000      0.000000      0.000000      0.000000  0.000    41     0     7
(Ocean diagnostics grid updates)       526      1.443934      1.473402      1.455187      0.008082  0.024    41     0     7
(Ocean init message passing)             4      0.054817      0.079545      0.063611      0.007721  0.001    41     0     7
(Ocean continuity reconstruction       902      0.137959      0.141742      0.139988      0.001308  0.002    41     0     7
(Ocean continuity update)              902      0.037374      0.038592      0.037863      0.000369  0.001    41     0     7
(Ocean continuity correction)          902      1.389480      1.595170      1.478696      0.074333  0.025    41     0     7
(Ocean BT pre-calcs only)             1200      0.310373      0.320543      0.317062      0.003666  0.005    41     0     7
(Ocean BT pre-step halo updates)      1200      3.355320      3.825480      3.613084      0.156104  0.060    41     0     7
(Ocean BT stepping calcs only)         600      0.216104      0.230431      0.224503      0.005470  0.004    41     0     7
(Ocean BT stepping halo updates)       300      0.336672      0.401447      0.370657      0.029377  0.006    41     0     7
(Ocean BT post-calcs only)             900      0.040742      0.044197      0.041630      0.001036  0.001    41     0     7
(Ocean BT post-step halo updates       600      0.568375      0.600840      0.584196      0.012463  0.010    41     0     7
(Ocean BT global synch)                  0      0.000000      0.000000      0.000000      0.000000  0.000    41     0     7
(Ocean Coriolis & mom advection)       300      4.497482      4.789471      4.664363      0.119443  0.078    31     0     7
(Ocean continuity equation)            450      1.604656      1.814417      1.696564      0.075143  0.028    31     0     7
(Ocean pressure force)                 150      0.975252      1.035696      1.004906      0.024717  0.017    31     0     7
(Ocean vertical viscosity)             450      1.105575      1.170535      1.133905      0.022105  0.019    31     0     7
(Ocean horizontal viscosity)           150      3.959594      4.195962      4.103521      0.096613  0.069    31     0     7
(Ocean momentum increments)            300      0.028833      0.029589      0.029269      0.000249  0.000    31     0     7
(Ocean message passing)               1350      2.157817      2.704651      2.473420      0.196172  0.041    31     0     7
(Ocean barotropic mode calc)           300      0.012756      0.013275      0.013068      0.000186  0.000    31     0     7
(Ocean barotropic mode stepping)       300      4.917011      5.448131      5.195015      0.162197  0.087    31     0     7
(Ocean barotropic forcing calc)        300      0.030339      0.030723      0.030518      0.000135  0.001    31     0     7
(Ocean advect tracer)                    0      0.000000      0.000000      0.000000      0.000000  0.000    31     0     7
(Ocean tracer halo updates)              0      0.000000      0.000000      0.000000      0.000000  0.000    41     0     7
(Ocean tracer global synch)              0      0.000000      0.000000      0.000000      0.000000  0.000    41     0     7
(Ocean diffuse tracer)                   0      0.000000      0.000000      0.000000      0.000000  0.000    31     0     7
(Ocean epipycnal diffuse tracer)         0      0.000000      0.000000      0.000000      0.000000  0.000    31     0     7
(Ocean surface forcing)                 76      0.002638      0.003484      0.002841      0.000263  0.000    31     0     7
(Ocean forcing diagnostics)            150      0.000147      0.000272      0.000210      0.000055  0.000    41     0     7
 MPP_STACK high water mark=            0
