NOTE from PE     0: MPP_DOMAINS_SET_STACK_SIZE: stack size set to    32768.
NOTE from PE     0: MPP_DOMAINS_SET_STACK_SIZE: stack size set to  4000000.
NOTE from PE     0: ======== Model being driven by MOM_driver ========
NOTE from PE     0: callTree: o Program MOM_main, MOM_driver.F90
NOTE from PE     0: fms_affinity_set: OCEAN affinity assumes hyper-threading hardware disabled
 MOM_domains_mod OMPthreading             1            0            1
 MOM_domains_mod OMPthreading             0            0            1
NOTE from PE     0: open_param_file: MOM_input has been opened successfully.
 MOM_domains_mod OMPthreading             1            0            1
 MOM_domains_mod OMPthreading             0            0            1
 MOM_domains_mod OMPthreading             0            0            1
 MOM_domains_mod OMPthreading             1            0            1
 MOM_domains_mod OMPthreading             1            0            1
 MOM_domains_mod OMPthreading             0            0            1
NOTE from PE     0: open_param_file: MOM_override has been opened successfully.
 MOM_domains_mod OMPthreading             0            0            1
 MOM_domains_mod OMPthreading             1            0            1
 MOM_domains_mod OMPthreading             1            0            1
 MOM_domains_mod OMPthreading             1            0            1
 MOM_domains_mod OMPthreading             0            0            1
 MOM_domains_mod OMPthreading             1            0            1
 MOM_domains_mod OMPthreading             0            0            1

WARNING from PE     0: MOM_file_parser : DT over-ridden.  Line: 'DT = 1200' in file MOM_override.


WARNING from PE     0: MOM_file_parser : DT_THERM over-ridden.  Line: 'DT_THERM = 2400' in file MOM_override.

NOTE from PE     0: fms_affinity_set: OCEAN affinity assumes hyper-threading hardware disabled
 MOM_domains_mod OMPthreading             0            0            1

WARNING from PE     0: MOM_file_parser : NIGLOBAL over-ridden.  Line: 'NIGLOBAL = 32' in file MOM_override.


WARNING from PE     0: MOM_file_parser : NJGLOBAL over-ridden.  Line: 'NJGLOBAL = 32' in file MOM_override.

 MOM_in domain decomposition
whalo =    4, ehalo =    4, shalo =    4, nhalo =    4
  X-AXIS =    8   8   8   8
  Y-AXIS =   16  16
 MOM_inc domain decomposition
whalo =    2, ehalo =    2, shalo =    2, nhalo =    2
  X-AXIS =    4   4   4   4
  Y-AXIS =    8   8
NOTE from PE     0: diag_manager_mod::diag_manager_init: prepend_date only supported when diag_manager_init is called with time_init present.
NOTE from PE     0: diag_manager_mod::diag_manager_init: You are using the legacy version of the diag table
 MOM_in domain decomposition
whalo =    4, ehalo =    4, shalo =    4, nhalo =    4
  X-AXIS =    8   8   8   8
  Y-AXIS =   16  16
 MOM_in domain decomposition
whalo =    2, ehalo =    2, shalo =    2, nhalo =    2
  X-AXIS =    4   4   4   4
  Y-AXIS =    8   8

WARNING from PE     0: MOM_file_parser : NK over-ridden.  Line: 'NK = 100' in file MOM_override.

 MOM_in domain decomposition
whalo =    4, ehalo =    4, shalo =    4, nhalo =    4
  X-AXIS =    8   8   8   8
  Y-AXIS =   16  16
 MOM_in domain decomposition
whalo =    2, ehalo =    2, shalo =    2, nhalo =    2
  X-AXIS =    4   4   4   4
  Y-AXIS =    8   8

WARNING from PE     0: Open_file is appending .nc to the filename ./ocean_geometry


WARNING from PE     0: MOM_file_parser : COORD_CONFIG over-ridden.  Line: 'COORD_CONFIG = "linear"' in file MOM_override.

 MOM_in domain decomposition
whalo =    4, ehalo =    4, shalo =    4, nhalo =    4
  X-AXIS =    8   8   8   8
  Y-AXIS =   16  16
 MOM_in domain decomposition
whalo =    2, ehalo =    2, shalo =    2, nhalo =    2
  X-AXIS =    4   4   4   4
  Y-AXIS =    8   8
 MOM_in domain decomposition
whalo =    4, ehalo =    4, shalo =    4, nhalo =    4
  X-AXIS =    8   8   8   8
  Y-AXIS =   16  16
 MOM_in domain decomposition
whalo =    2, ehalo =    2, shalo =    2, nhalo =    2
  X-AXIS =    4   4   4   4
  Y-AXIS =    8   8

WARNING from PE     0: ./Depth_list.nc checksums do not match; updating file.


WARNING from PE     0: MOM_file_parser : DT_FORCING over-ridden.  Line: 'DT_FORCING = 2400' in file MOM_override.


WARNING from PE     0: MOM_file_parser : DAYMAX over-ridden.  Line: 'DAYMAX = 150' in file MOM_override.


WARNING from PE     0: Unused line in MOM_input : GINT = 0.0098


WARNING from PE     0: open_ASCII_file: File ./CPU_stats opened WRITEONLY already exists!


WARNING from PE     0: open_ASCII_file: File ./ocean.stats opened WRITEONLY already exists!

MOM Time       0.000      0: En 9.113220E-12, MaxCFL  0.00000, Mass 5.289326887310E+18
    Total Energy: 4186FC216CCDC25B  4.8202797600468360E+07
    Total Mass:   5.2893268873103186E+18, Change:   0.0000000000000000E+00 Error:  0.00000E+00 ( 0.0E+00)
MOM Time      50.000     50: En 2.411415E-05, MaxCFL  0.00148, Mass 5.289326887310E+18
    Total Energy: 42DD003FDC23154B  1.2754763438805317E+14
    Total Mass:   5.2893268873103186E+18, Change:  -4.2356698535497571E+01 Error: -4.23567E+01 (-8.0E-18)
MOM Time     100.000    100: En 4.391675E-05, MaxCFL  0.00199, Mass 5.289326887310E+18
    Total Energy: 42EA6887DCF0C4E6  2.3229006659741519E+14
    Total Mass:   5.2893268873103186E+18, Change:   7.8416584052112057E+00 Error:  7.84166E+00 ( 1.5E-18)
 MOM_in domain decomposition
whalo =    4, ehalo =    4, shalo =    4, nhalo =    4
  X-AXIS =    8   8   8   8
  Y-AXIS =   16  16
 MOM_in domain decomposition
whalo =    2, ehalo =    2, shalo =    2, nhalo =    2
  X-AXIS =    4   4   4   4
  Y-AXIS =    8   8
 MOM_in domain decomposition
whalo =    4, ehalo =    4, shalo =    4, nhalo =    4
  X-AXIS =    8   8   8   8
  Y-AXIS =   16  16
 MOM_in domain decomposition
whalo =    2, ehalo =    2, shalo =    2, nhalo =    2
  X-AXIS =    4   4   4   4
  Y-AXIS =    8   8
MOM Time     150.000    150: En 5.356812E-05, MaxCFL  0.00233, Mass 5.289326887310E+18
    Total Energy: 42F01B210F98DB53  2.8333927730731719E+14
    Total Mass:   5.2893268873103186E+18, Change:   6.0941296403016167E+00 Error:  6.09413E+00 ( 1.2E-18)
 MOM_in domain decomposition
whalo =    4, ehalo =    4, shalo =    4, nhalo =    4
  X-AXIS =    8   8   8   8
  Y-AXIS =   16  16
 MOM_in domain decomposition
whalo =    2, ehalo =    2, shalo =    2, nhalo =    2
  X-AXIS =    4   4   4   4
  Y-AXIS =    8   8

WARNING from PE     0: open_ASCII_file: File RESTART/ocean_solo.res opened WRITEONLY already exists!


WARNING from PE     0: open_ASCII_file: File exitcode opened WRITEONLY already exists!

 MPP_DOMAINS_STACK high water mark=        90400

Tabulating mpp_clock statistics across      8 PEs...

                                      hits          tmin          tmax          tavg          tstd  tfrac grain pemin pemax
Total runtime                            1     17.181530     17.196463     17.185366      0.006409  0.999     0     0     7
Initialization                           1      0.282988      0.297621      0.286676      0.006125  0.017     0     0     7
Main loop                                1     16.855385     16.855896     16.855820      0.000165  0.980     0     0     7
Termination                              1      0.041651      0.041887      0.041857      0.000078  0.002     0     0     7
Ocean Initialization                     2      0.275950      0.293393      0.280047      0.006773  0.016    11     0     7
Ocean                                   75     16.755164     16.756136     16.755705      0.000403  0.974     1     0     7
Ocean dynamics                         300     16.329433     16.426442     16.374981      0.034168  0.952    11     0     7
Ocean thermodynamics and tracers       225      0.007107      0.007474      0.007270      0.000110  0.000    11     0     7
Ocean grid generation and remapp         0      0.000000      0.000000      0.000000      0.000000  0.000    11     0     7
Ocean Other                            450      0.180829      0.220687      0.195833      0.013775  0.011    11     0     7
(Ocean tracer advection)               150      0.005873      0.006047      0.005951      0.000061  0.000    21     0     7
(Ocean adiabatic driver)                75      0.001139      0.001372      0.001271      0.000063  0.000    21     0     7
(Ocean continuity equation *)            0      0.000000      0.000000      0.000000      0.000000  0.000    31     0     7
(Ocean set BBL viscosity)               75      0.023948      0.030485      0.028392      0.002411  0.002    31     0     7
(Ocean message passing *)              150      0.285479      0.386398      0.339207      0.034611  0.020    31     0     7
(Ocean MOM_initialize_state)             2      0.010082      0.014989      0.010717      0.001615  0.001    31     0     7
(Ocean init message passing *)           2      0.004082      0.005226      0.004778      0.000377  0.000    41     0     7
(Ocean mixed layer restrat)              0      0.000000      0.000000      0.000000      0.000000  0.000    31     0     7
(Ocean collective diagnostics)         375      0.003583      0.004185      0.003905      0.000241  0.000    31     0     7
(Ocean Z-space diagnostics)              0      0.000000      0.000000      0.000000      0.000000  0.000    31     0     7
(Ocean ALE)                              0      0.000000      0.000000      0.000000      0.000000  0.000    31     0     7
(Stochastic EOS)                       150      0.000010      0.000011      0.000010      0.000000  0.000    31     0     7
(SGS Temperature Variance)             150      0.000006      0.000006      0.000006      0.000000  0.000    31     0     7
(Ocean diagnostics framework)            0      0.000000      0.000000      0.000000      0.000000  0.000    31     0     7
(Ocean diagnostics remapping)            0      0.000000      0.000000      0.000000      0.000000  0.000    41     0     7
(Ocean diagnostics grid updates)       526      0.015782      0.016118      0.015961      0.000113  0.001    41     0     7
(Ocean init message passing)             4      0.001795      0.005467      0.003570      0.001356  0.000    41     0     7
(Ocean continuity reconstruction       902      0.033326      0.035668      0.034425      0.000847  0.002    41     0     7
(Ocean continuity update)              902      0.009962      0.011435      0.010451      0.000448  0.001    41     0     7
(Ocean continuity correction)          902      0.508858      0.551805      0.526901      0.015204  0.031    41     0     7
(Ocean BT pre-calcs only)             1200      0.189733      0.200757      0.195653      0.004177  0.011    41     0     7
(Ocean BT pre-step halo updates)      1200      3.182847      3.690189      3.443136      0.184087  0.200    41     0     7
(Ocean BT stepping calcs only)         600      0.192016      0.207171      0.200304      0.005534  0.012    41     0     7
(Ocean BT stepping halo updates)       300      0.331587      0.396946      0.364608      0.031027  0.021    41     0     7
(Ocean BT post-calcs only)             900      0.017328      0.019439      0.018062      0.000676  0.001    41     0     7
(Ocean BT post-step halo updates       600      0.537835      0.567352      0.551183      0.011614  0.032    41     0     7
(Ocean BT global synch)                  0      0.000000      0.000000      0.000000      0.000000  0.000    41     0     7
(Ocean Coriolis & mom advection)       300      4.223916      4.545439      4.375550      0.129371  0.254    31     0     7
(Ocean continuity equation)            450      0.556579      0.603098      0.576496      0.015771  0.034    31     0     7
(Ocean pressure force)                 150      0.824700      0.890074      0.857635      0.025838  0.050    31     0     7
(Ocean vertical viscosity)             450      0.419680      0.475564      0.430847      0.017267  0.025    31     0     7
(Ocean horizontal viscosity)           150      3.751898      4.019036      3.884212      0.109050  0.226    31     0     7
(Ocean momentum increments)            300      0.007044      0.007662      0.007324      0.000191  0.000    31     0     7
(Ocean message passing)               1350      1.217064      1.395990      1.316504      0.071203  0.077    31     0     7
(Ocean barotropic mode calc)           300      0.007165      0.007666      0.007424      0.000162  0.000    31     0     7
(Ocean barotropic mode stepping)       300      4.557385      5.006678      4.787398      0.175182  0.278    31     0     7
(Ocean barotropic forcing calc)        300      0.006125      0.006529      0.006325      0.000155  0.000    31     0     7
(Ocean advect tracer)                    0      0.000000      0.000000      0.000000      0.000000  0.000    31     0     7
(Ocean tracer halo updates)              0      0.000000      0.000000      0.000000      0.000000  0.000    41     0     7
(Ocean tracer global synch)              0      0.000000      0.000000      0.000000      0.000000  0.000    41     0     7
(Ocean diffuse tracer)                   0      0.000000      0.000000      0.000000      0.000000  0.000    31     0     7
(Ocean epipycnal diffuse tracer)         0      0.000000      0.000000      0.000000      0.000000  0.000    31     0     7
(Ocean surface forcing)                 76      0.001621      0.002285      0.001747      0.000205  0.000    31     0     7
(Ocean forcing diagnostics)            150      0.000110      0.000256      0.000184      0.000066  0.000    41     0     7
 MPP_STACK high water mark=            0
