NOTE: MPP_DOMAINS_SET_STACK_SIZE: stack size set to    32768.
NOTE: MPP_DOMAINS_SET_STACK_SIZE: stack size set to  4000000.
NOTE: ======== Model being driven by MOM_driver ========
NOTE: callTree: o Program MOM_main, MOM_driver.F90
NOTE: fms_affinity_set: OCEAN affinity assumes hyper-threading hardware disabled
 MOM_domains_mod OMPthreading             0            0            1
NOTE: open_param_file: MOM_input has been opened successfully.
NOTE: open_param_file: MOM_override has been opened successfully.

WARNING: MOM_file_parser : DT over-ridden.  Line: 'DT = 600' in file MOM_override.


WARNING: MOM_file_parser : DT_THERM over-ridden.  Line: 'DT_THERM = 1200' in file MOM_override.

NOTE: fms_affinity_set: OCEAN affinity assumes hyper-threading hardware disabled
 MOM_domains_mod OMPthreading             0            0            1

WARNING: MOM_file_parser : NIGLOBAL over-ridden.  Line: 'NIGLOBAL = 64' in file MOM_override.


WARNING: MOM_file_parser : NJGLOBAL over-ridden.  Line: 'NJGLOBAL = 64' in file MOM_override.

 MOM_in domain decomposition
whalo =    4, ehalo =    4, shalo =    4, nhalo =    4
  X-AXIS =   64
  Y-AXIS =   64
 MOM_inc domain decomposition
whalo =    2, ehalo =    2, shalo =    2, nhalo =    2
  X-AXIS =   32
  Y-AXIS =   32
NOTE: diag_manager_mod::diag_manager_init: prepend_date only supported when diag_manager_init is called with time_init present.
NOTE: diag_manager_mod::diag_manager_init: You are using the legacy version of the diag table
 MOM_in domain decomposition
whalo =    4, ehalo =    4, shalo =    4, nhalo =    4
  X-AXIS =   64
  Y-AXIS =   64
 MOM_in domain decomposition
whalo =    2, ehalo =    2, shalo =    2, nhalo =    2
  X-AXIS =   32
  Y-AXIS =   32

WARNING: MOM_file_parser : NK over-ridden.  Line: 'NK = 100' in file MOM_override.

 MOM_in domain decomposition
whalo =    4, ehalo =    4, shalo =    4, nhalo =    4
  X-AXIS =   64
  Y-AXIS =   64
 MOM_in domain decomposition
whalo =    2, ehalo =    2, shalo =    2, nhalo =    2
  X-AXIS =   32
  Y-AXIS =   32

WARNING: Open_file is appending .nc to the filename ./ocean_geometry


WARNING: MOM_file_parser : COORD_CONFIG over-ridden.  Line: 'COORD_CONFIG = "linear"' in file MOM_override.

 MOM_in domain decomposition
whalo =    4, ehalo =    4, shalo =    4, nhalo =    4
  X-AXIS =   64
  Y-AXIS =   64
 MOM_in domain decomposition
whalo =    2, ehalo =    2, shalo =    2, nhalo =    2
  X-AXIS =   32
  Y-AXIS =   32
 MOM_in domain decomposition
whalo =    4, ehalo =    4, shalo =    4, nhalo =    4
  X-AXIS =   64
  Y-AXIS =   64
 MOM_in domain decomposition
whalo =    2, ehalo =    2, shalo =    2, nhalo =    2
  X-AXIS =   32
  Y-AXIS =   32

WARNING: ./Depth_list.nc checksums do not match; updating file.


WARNING: MOM_file_parser : DT_FORCING over-ridden.  Line: 'DT_FORCING = 1200' in file MOM_override.


WARNING: MOM_file_parser : DAYMAX over-ridden.  Line: 'DAYMAX = 150' in file MOM_override.


WARNING: Unused line in MOM_input : GINT = 0.0098


WARNING: open_ASCII_file: File ./CPU_stats opened WRITEONLY already exists!


WARNING: open_ASCII_file: File ./ocean.stats opened WRITEONLY already exists!

MOM Time       0.000      0: En 9.154261E-12, MaxCFL  0.00000, Mass 5.287164009544E+18
    Total Energy: 418714367417D6D3  4.8400078511640213E+07
    Total Mass:   5.2871640095440794E+18, Change:   0.0000000000000000E+00 Error:  0.00000E+00 ( 0.0E+00)
MOM Time      50.000     50: En 7.963171E-05, MaxCFL  0.00255, Mass 5.287164009544E+18
    Total Energy: 42F7EEBBD283F64A  4.2102593265648463E+14
    Total Mass:   5.2871640095440794E+18, Change:   3.4495196298033534E+01 Error:  3.44952E+01 ( 6.5E-18)
MOM Time     100.000    100: En 2.338658E-05, MaxCFL  0.00134, Mass 5.287164009544E+18
    Total Energy: 42DC1D4CE3252624  1.2364867833564056E+14
    Total Mass:   5.2871640095440794E+18, Change:  -2.6650572587475096E+00 Error: -2.66506E+00 (-5.0E-19)
 MOM_in domain decomposition
whalo =    4, ehalo =    4, shalo =    4, nhalo =    4
  X-AXIS =   64
  Y-AXIS =   64
 MOM_in domain decomposition
whalo =    2, ehalo =    2, shalo =    2, nhalo =    2
  X-AXIS =   32
  Y-AXIS =   32
 MOM_in domain decomposition
whalo =    4, ehalo =    4, shalo =    4, nhalo =    4
  X-AXIS =   64
  Y-AXIS =   64
 MOM_in domain decomposition
whalo =    2, ehalo =    2, shalo =    2, nhalo =    2
  X-AXIS =   32
  Y-AXIS =   32
MOM Time     150.000    150: En 5.699787E-05, MaxCFL  0.00205, Mass 5.287164009544E+18
    Total Energy: 42F12152AB7C958D  3.0135709701154481E+14
    Total Mass:   5.2871640095440794E+18, Change:  -8.0114739019887082E+00 Error: -8.01147E+00 (-1.5E-18)
 MOM_in domain decomposition
whalo =    4, ehalo =    4, shalo =    4, nhalo =    4
  X-AXIS =   64
  Y-AXIS =   64
 MOM_in domain decomposition
whalo =    2, ehalo =    2, shalo =    2, nhalo =    2
  X-AXIS =   32
  Y-AXIS =   32

WARNING: open_ASCII_file: File RESTART/ocean_solo.res opened WRITEONLY already exists!


WARNING: open_ASCII_file: File exitcode opened WRITEONLY already exists!

 MPP_DOMAINS_STACK high water mark=            0

Tabulating mpp_clock statistics across      1 PEs...

                                      hits          tmin          tmax          tavg          tstd  tfrac grain pemin pemax
Total runtime                            1     13.635065     13.635065     13.635065      0.000000  1.000     0     0     0
Initialization                           1      0.328817      0.328817      0.328817      0.000000  0.024     0     0     0
Main loop                                1     13.153230     13.153230     13.153230      0.000000  0.965     0     0     0
Termination                              1      0.151496      0.151496      0.151496      0.000000  0.011     0     0     0
Ocean Initialization                     2      0.353397      0.353397      0.353397      0.000000  0.026    11     0     0
Ocean                                   75     12.818185     12.818185     12.818185      0.000000  0.940     1     0     0
Ocean dynamics                         300     12.188521     12.188521     12.188521      0.000000  0.894    11     0     0
Ocean thermodynamics and tracers       225      0.090957      0.090957      0.090957      0.000000  0.007    11     0     0
Ocean grid generation and remapp         0      0.000000      0.000000      0.000000      0.000000  0.000    11     0     0
Ocean Other                            450      0.329985      0.329985      0.329985      0.000000  0.024    11     0     0
(Ocean tracer advection)               150      0.082535      0.082535      0.082535      0.000000  0.006    21     0     0
(Ocean adiabatic driver)                75      0.008366      0.008366      0.008366      0.000000  0.001    21     0     0
(Ocean continuity equation *)            0      0.000000      0.000000      0.000000      0.000000  0.000    31     0     0
(Ocean set BBL viscosity)               75      0.052726      0.052726      0.052726      0.000000  0.004    31     0     0
(Ocean message passing *)              150      0.001878      0.001878      0.001878      0.000000  0.000    31     0     0
(Ocean MOM_initialize_state)             2      0.008581      0.008581      0.008581      0.000000  0.001    31     0     0
(Ocean init message passing *)           2      0.000047      0.000047      0.000047      0.000000  0.000    41     0     0
(Ocean mixed layer restrat)              0      0.000000      0.000000      0.000000      0.000000  0.000    31     0     0
(Ocean collective diagnostics)         375      0.132051      0.132051      0.132051      0.000000  0.010    31     0     0
(Ocean Z-space diagnostics)              0      0.000000      0.000000      0.000000      0.000000  0.000    31     0     0
(Ocean ALE)                              0      0.000000      0.000000      0.000000      0.000000  0.000    31     0     0
(Stochastic EOS)                       150      0.000009      0.000009      0.000009      0.000000  0.000    31     0     0
(SGS Temperature Variance)             150      0.000006      0.000006      0.000006      0.000000  0.000    31     0     0
(Ocean diagnostics framework)            0      0.000000      0.000000      0.000000      0.000000  0.000    31     0     0
(Ocean diagnostics remapping)            0      0.000000      0.000000      0.000000      0.000000  0.000    41     0     0
(Ocean diagnostics grid updates)       526      0.191391      0.191391      0.191391      0.000000  0.014    41     0     0
(Ocean init message passing)             4      0.000031      0.000031      0.000031      0.000000  0.000    41     0     0
(Ocean continuity reconstruction       902      0.048080      0.048080      0.048080      0.000000  0.004    41     0     0
(Ocean continuity update)              902      0.013323      0.013323      0.013323      0.000000  0.001    41     0     0
(Ocean continuity correction)          902      0.790287      0.790287      0.790287      0.000000  0.058    41     0     0
(Ocean BT pre-calcs only)             1200      0.215049      0.215049      0.215049      0.000000  0.016    41     0     0
(Ocean BT pre-step halo updates)      1200      0.016082      0.016082      0.016082      0.000000  0.001    41     0     0
(Ocean BT stepping calcs only)         600      0.197176      0.197176      0.197176      0.000000  0.014    41     0     0
(Ocean BT stepping halo updates)       300      0.000883      0.000883      0.000883      0.000000  0.000    41     0     0
(Ocean BT post-calcs only)             900      0.020057      0.020057      0.020057      0.000000  0.001    41     0     0
(Ocean BT post-step halo updates       600      0.001537      0.001537      0.001537      0.000000  0.000    41     0     0
(Ocean BT global synch)                  0      0.000000      0.000000      0.000000      0.000000  0.000    41     0     0
(Ocean Coriolis & mom advection)       300      4.336115      4.336115      4.336115      0.000000  0.318    31     0     0
(Ocean continuity equation)            450      0.867382      0.867382      0.867382      0.000000  0.064    31     0     0
(Ocean pressure force)                 150      0.878623      0.878623      0.878623      0.000000  0.064    31     0     0
(Ocean vertical viscosity)             450      1.258506      1.258506      1.258506      0.000000  0.092    31     0     0
(Ocean horizontal viscosity)           150      3.849897      3.849897      3.849897      0.000000  0.282    31     0     0
(Ocean momentum increments)            300      0.009601      0.009601      0.009601      0.000000  0.001    31     0     0
(Ocean message passing)               1350      0.004327      0.004327      0.004327      0.000000  0.000    31     0     0
(Ocean barotropic mode calc)           300      0.008405      0.008405      0.008405      0.000000  0.001    31     0     0
(Ocean barotropic mode stepping)       300      0.465534      0.465534      0.465534      0.000000  0.034    31     0     0
(Ocean barotropic forcing calc)        300      0.009590      0.009590      0.009590      0.000000  0.001    31     0     0
(Ocean advect tracer)                    0      0.000000      0.000000      0.000000      0.000000  0.000    31     0     0
(Ocean tracer halo updates)              0      0.000000      0.000000      0.000000      0.000000  0.000    41     0     0
(Ocean tracer global synch)              0      0.000000      0.000000      0.000000      0.000000  0.000    41     0     0
(Ocean diffuse tracer)                   0      0.000000      0.000000      0.000000      0.000000  0.000    31     0     0
(Ocean epipycnal diffuse tracer)         0      0.000000      0.000000      0.000000      0.000000  0.000    31     0     0
(Ocean surface forcing)                 76      0.002572      0.002572      0.002572      0.000000  0.000    31     0     0
(Ocean forcing diagnostics)            150      0.000284      0.000284      0.000284      0.000000  0.000    41     0     0
 MPP_STACK high water mark=            0
