NOTE: MPP_DOMAINS_SET_STACK_SIZE: stack size set to    32768.
NOTE: MPP_DOMAINS_SET_STACK_SIZE: stack size set to  4000000.
NOTE: ======== Model being driven by MOM_driver ========
NOTE: callTree: o Program MOM_main, MOM_driver.F90
NOTE: fms_affinity_set: OCEAN affinity assumes hyper-threading hardware disabled
 MOM_domains_mod OMPthreading             0            0            1
NOTE: open_param_file: MOM_input has been opened successfully.
NOTE: open_param_file: MOM_override has been opened successfully.

WARNING: MOM_file_parser : DT over-ridden.  Line: 'DT = 300' in file MOM_override.


WARNING: MOM_file_parser : DT_THERM over-ridden.  Line: 'DT_THERM = 600' in file MOM_override.

NOTE: fms_affinity_set: OCEAN affinity assumes hyper-threading hardware disabled
 MOM_domains_mod OMPthreading             0            0            1

WARNING: MOM_file_parser : NIGLOBAL over-ridden.  Line: 'NIGLOBAL = 128' in file MOM_override.


WARNING: MOM_file_parser : NJGLOBAL over-ridden.  Line: 'NJGLOBAL = 128' in file MOM_override.

 MOM_in domain decomposition
whalo =    4, ehalo =    4, shalo =    4, nhalo =    4
  X-AXIS =  128
  Y-AXIS =  128
 MOM_inc domain decomposition
whalo =    2, ehalo =    2, shalo =    2, nhalo =    2
  X-AXIS =   64
  Y-AXIS =   64
NOTE: diag_manager_mod::diag_manager_init: prepend_date only supported when diag_manager_init is called with time_init present.
NOTE: diag_manager_mod::diag_manager_init: You are using the legacy version of the diag table
 MOM_in domain decomposition
whalo =    4, ehalo =    4, shalo =    4, nhalo =    4
  X-AXIS =  128
  Y-AXIS =  128
 MOM_in domain decomposition
whalo =    2, ehalo =    2, shalo =    2, nhalo =    2
  X-AXIS =   64
  Y-AXIS =   64

WARNING: MOM_file_parser : NK over-ridden.  Line: 'NK = 100' in file MOM_override.

 MOM_in domain decomposition
whalo =    4, ehalo =    4, shalo =    4, nhalo =    4
  X-AXIS =  128
  Y-AXIS =  128
 MOM_in domain decomposition
whalo =    2, ehalo =    2, shalo =    2, nhalo =    2
  X-AXIS =   64
  Y-AXIS =   64

WARNING: Open_file is appending .nc to the filename ./ocean_geometry


WARNING: MOM_file_parser : COORD_CONFIG over-ridden.  Line: 'COORD_CONFIG = "linear"' in file MOM_override.

 MOM_in domain decomposition
whalo =    4, ehalo =    4, shalo =    4, nhalo =    4
  X-AXIS =  128
  Y-AXIS =  128
 MOM_in domain decomposition
whalo =    2, ehalo =    2, shalo =    2, nhalo =    2
  X-AXIS =   64
  Y-AXIS =   64
 MOM_in domain decomposition
whalo =    4, ehalo =    4, shalo =    4, nhalo =    4
  X-AXIS =  128
  Y-AXIS =  128
 MOM_in domain decomposition
whalo =    2, ehalo =    2, shalo =    2, nhalo =    2
  X-AXIS =   64
  Y-AXIS =   64

WARNING: ./Depth_list.nc checksums do not match; updating file.


WARNING: MOM_file_parser : DT_FORCING over-ridden.  Line: 'DT_FORCING = 600' in file MOM_override.


WARNING: MOM_file_parser : DAYMAX over-ridden.  Line: 'DAYMAX = 150' in file MOM_override.


WARNING: Unused line in MOM_input : GINT = 0.0098


WARNING: open_ASCII_file: File ./CPU_stats opened WRITEONLY already exists!


WARNING: open_ASCII_file: File ./ocean.stats opened WRITEONLY already exists!

MOM Time       0.000      0: En 9.164543E-12, MaxCFL  0.00000, Mass 5.286601636954E+18
    Total Energy: 41871A38398144CF  4.8449287188119523E+07
    Total Mass:   5.2866016369539973E+18, Change:   0.0000000000000000E+00 Error:  0.00000E+00 ( 0.0E+00)
MOM Time      50.000     50: En 4.018195E-05, MaxCFL  0.00184, Mass 5.286601636954E+18
    Total Energy: 42E82668CA5050DD  2.1242596730535091E+14
    Total Mass:   5.2866016369539973E+18, Change:   2.6458583890128665E+01 Error:  2.64586E+01 ( 5.0E-18)
MOM Time     100.000    100: En 8.022032E-05, MaxCFL  0.00256, Mass 5.286601636954E+18
    Total Energy: 42F81B5D0215799F  4.2409285762037794E+14
    Total Mass:   5.2866016369539973E+18, Change:   2.1118856013716432E+00 Error:  2.11189E+00 ( 4.0E-19)
 MOM_in domain decomposition
whalo =    4, ehalo =    4, shalo =    4, nhalo =    4
  X-AXIS =  128
  Y-AXIS =  128
 MOM_in domain decomposition
whalo =    2, ehalo =    2, shalo =    2, nhalo =    2
  X-AXIS =   64
  Y-AXIS =   64
 MOM_in domain decomposition
whalo =    4, ehalo =    4, shalo =    4, nhalo =    4
  X-AXIS =  128
  Y-AXIS =  128
 MOM_in domain decomposition
whalo =    2, ehalo =    2, shalo =    2, nhalo =    2
  X-AXIS =   64
  Y-AXIS =   64
MOM Time     150.000    150: En 6.198263E-05, MaxCFL  0.00212, Mass 5.286601636954E+18
    Total Energy: 42F2A055AEF4E490  3.2767746554631300E+14
    Total Mass:   5.2866016369539973E+18, Change:  -3.9504982865571137E-01 Error: -3.95050E-01 (-7.5E-20)
 MOM_in domain decomposition
whalo =    4, ehalo =    4, shalo =    4, nhalo =    4
  X-AXIS =  128
  Y-AXIS =  128
 MOM_in domain decomposition
whalo =    2, ehalo =    2, shalo =    2, nhalo =    2
  X-AXIS =   64
  Y-AXIS =   64

WARNING: open_ASCII_file: File RESTART/ocean_solo.res opened WRITEONLY already exists!


WARNING: open_ASCII_file: File exitcode opened WRITEONLY already exists!

 MPP_DOMAINS_STACK high water mark=            0

Tabulating mpp_clock statistics across      1 PEs...

                                      hits          tmin          tmax          tavg          tstd  tfrac grain pemin pemax
Total runtime                            1     19.357291     19.357291     19.357291      0.000000  1.000     0     0     0
Initialization                           1      0.793055      0.793055      0.793055      0.000000  0.041     0     0     0
Main loop                                1     17.980394     17.980394     17.980394      0.000000  0.929     0     0     0
Termination                              1      0.582217      0.582217      0.582217      0.000000  0.030     0     0     0
Ocean Initialization                     2      0.895937      0.895937      0.895937      0.000000  0.046    11     0     0
Ocean                                   75     16.697741     16.697741     16.697741      0.000000  0.863     1     0     0
Ocean dynamics                         300     14.406291     14.406291     14.406291      0.000000  0.744    11     0     0
Ocean thermodynamics and tracers       225      0.335541      0.335541      0.335541      0.000000  0.017    11     0     0
Ocean grid generation and remapp         0      0.000000      0.000000      0.000000      0.000000  0.000    11     0     0
Ocean Other                            450      1.214967      1.214967      1.214967      0.000000  0.063    11     0     0
(Ocean tracer advection)               150      0.289345      0.289345      0.289345      0.000000  0.015    21     0     0
(Ocean adiabatic driver)                75      0.046124      0.046124      0.046124      0.000000  0.002    21     0     0
(Ocean continuity equation *)            0      0.000000      0.000000      0.000000      0.000000  0.000    31     0     0
(Ocean set BBL viscosity)               75      0.129740      0.129740      0.129740      0.000000  0.007    31     0     0
(Ocean message passing *)              150      0.002213      0.002213      0.002213      0.000000  0.000    31     0     0
(Ocean MOM_initialize_state)             2      0.015005      0.015005      0.015005      0.000000  0.001    31     0     0
(Ocean init message passing *)           2      0.000054      0.000054      0.000054      0.000000  0.000    41     0     0
(Ocean mixed layer restrat)              0      0.000000      0.000000      0.000000      0.000000  0.000    31     0     0
(Ocean collective diagnostics)         375      0.423385      0.423385      0.423385      0.000000  0.022    31     0     0
(Ocean Z-space diagnostics)              0      0.000000      0.000000      0.000000      0.000000  0.000    31     0     0
(Ocean ALE)                              0      0.000000      0.000000      0.000000      0.000000  0.000    31     0     0
(Stochastic EOS)                       150      0.000009      0.000009      0.000009      0.000000  0.000    31     0     0
(SGS Temperature Variance)             150      0.000006      0.000006      0.000006      0.000000  0.000    31     0     0
(Ocean diagnostics framework)            0      0.000000      0.000000      0.000000      0.000000  0.000    31     0     0
(Ocean diagnostics remapping)            0      0.000000      0.000000      0.000000      0.000000  0.000    41     0     0
(Ocean diagnostics grid updates)       526      0.681974      0.681974      0.681974      0.000000  0.035    41     0     0
(Ocean init message passing)             4      0.000040      0.000040      0.000040      0.000000  0.000    41     0     0
(Ocean continuity reconstruction       902      0.087079      0.087079      0.087079      0.000000  0.004    41     0     0
(Ocean continuity update)              902      0.024892      0.024892      0.024892      0.000000  0.001    41     0     0
(Ocean continuity correction)          902      1.407374      1.407374      1.407374      0.000000  0.073    41     0     0
(Ocean BT pre-calcs only)             1200      0.254635      0.254635      0.254635      0.000000  0.013    41     0     0
(Ocean BT pre-step halo updates)      1200      0.016880      0.016880      0.016880      0.000000  0.001    41     0     0
(Ocean BT stepping calcs only)         600      0.210738      0.210738      0.210738      0.000000  0.011    41     0     0
(Ocean BT stepping halo updates)       300      0.001072      0.001072      0.001072      0.000000  0.000    41     0     0
(Ocean BT post-calcs only)             900      0.028323      0.028323      0.028323      0.000000  0.001    41     0     0
(Ocean BT post-step halo updates       600      0.001542      0.001542      0.001542      0.000000  0.000    41     0     0
(Ocean BT global synch)                  0      0.000000      0.000000      0.000000      0.000000  0.000    41     0     0
(Ocean Coriolis & mom advection)       300      4.478555      4.478555      4.478555      0.000000  0.231    31     0     0
(Ocean continuity equation)            450      1.551658      1.551658      1.551658      0.000000  0.080    31     0     0
(Ocean pressure force)                 150      0.940319      0.940319      0.940319      0.000000  0.049    31     0     0
(Ocean vertical viscosity)             450      1.478681      1.478681      1.478681      0.000000  0.076    31     0     0
(Ocean horizontal viscosity)           150      3.927379      3.927379      3.927379      0.000000  0.203    31     0     0
(Ocean momentum increments)            300      0.018060      0.018060      0.018060      0.000000  0.001    31     0     0
(Ocean message passing)               1350      0.005024      0.005024      0.005024      0.000000  0.000    31     0     0
(Ocean barotropic mode calc)           300      0.009830      0.009830      0.009830      0.000000  0.001    31     0     0
(Ocean barotropic mode stepping)       300      0.544584      0.544584      0.544584      0.000000  0.028    31     0     0
(Ocean barotropic forcing calc)        300      0.018934      0.018934      0.018934      0.000000  0.001    31     0     0
(Ocean advect tracer)                    0      0.000000      0.000000      0.000000      0.000000  0.000    31     0     0
(Ocean tracer halo updates)              0      0.000000      0.000000      0.000000      0.000000  0.000    41     0     0
(Ocean tracer global synch)              0      0.000000      0.000000      0.000000      0.000000  0.000    41     0     0
(Ocean diffuse tracer)                   0      0.000000      0.000000      0.000000      0.000000  0.000    31     0     0
(Ocean epipycnal diffuse tracer)         0      0.000000      0.000000      0.000000      0.000000  0.000    31     0     0
(Ocean surface forcing)                 76      0.006590      0.006590      0.006590      0.000000  0.000    31     0     0
(Ocean forcing diagnostics)            150      0.000285      0.000285      0.000285      0.000000  0.000    41     0     0
 MPP_STACK high water mark=            0
