NOTE: MPP_DOMAINS_SET_STACK_SIZE: stack size set to    32768.
NOTE: MPP_DOMAINS_SET_STACK_SIZE: stack size set to  4000000.
NOTE: ======== Model being driven by MOM_driver ========
NOTE: callTree: o Program MOM_main, MOM_driver.F90
NOTE: fms_affinity_set: OCEAN affinity assumes hyper-threading hardware disabled
 MOM_domains_mod OMPthreading             0            0            1
NOTE: open_param_file: MOM_input has been opened successfully.
NOTE: open_param_file: MOM_override has been opened successfully.

WARNING: MOM_file_parser : DT over-ridden.  Line: 'DT = 37' in file MOM_override.


WARNING: MOM_file_parser : DT_THERM over-ridden.  Line: 'DT_THERM = 75' in file MOM_override.

NOTE: fms_affinity_set: OCEAN affinity assumes hyper-threading hardware disabled
 MOM_domains_mod OMPthreading             0            0            1

WARNING: MOM_file_parser : NIGLOBAL over-ridden.  Line: 'NIGLOBAL = 1024' in file MOM_override.


WARNING: MOM_file_parser : NJGLOBAL over-ridden.  Line: 'NJGLOBAL = 512' in file MOM_override.

 MOM_in domain decomposition
whalo =    4, ehalo =    4, shalo =    4, nhalo =    4
  X-AXIS = 1024
  Y-AXIS =  512
 MOM_inc domain decomposition
whalo =    2, ehalo =    2, shalo =    2, nhalo =    2
  X-AXIS =  512
  Y-AXIS =  256
NOTE: diag_manager_mod::diag_manager_init: prepend_date only supported when diag_manager_init is called with time_init present.
NOTE: diag_manager_mod::diag_manager_init: You are using the legacy version of the diag table
 MOM_in domain decomposition
whalo =    4, ehalo =    4, shalo =    4, nhalo =    4
  X-AXIS = 1024
  Y-AXIS =  512
 MOM_in domain decomposition
whalo =    2, ehalo =    2, shalo =    2, nhalo =    2
  X-AXIS =  512
  Y-AXIS =  256

WARNING: MOM_file_parser : NK over-ridden.  Line: 'NK = 100' in file MOM_override.

 MOM_in domain decomposition
whalo =    4, ehalo =    4, shalo =    4, nhalo =    4
  X-AXIS = 1024
  Y-AXIS =  512
 MOM_in domain decomposition
whalo =    2, ehalo =    2, shalo =    2, nhalo =    2
  X-AXIS =  512
  Y-AXIS =  256

WARNING: Open_file is appending .nc to the filename ./ocean_geometry


WARNING: MOM_file_parser : COORD_CONFIG over-ridden.  Line: 'COORD_CONFIG = "linear"' in file MOM_override.

 MOM_in domain decomposition
whalo =    4, ehalo =    4, shalo =    4, nhalo =    4
  X-AXIS = 1024
  Y-AXIS =  512
 MOM_in domain decomposition
whalo =    2, ehalo =    2, shalo =    2, nhalo =    2
  X-AXIS =  512
  Y-AXIS =  256
 MOM_in domain decomposition
whalo =    4, ehalo =    4, shalo =    4, nhalo =    4
  X-AXIS = 1024
  Y-AXIS =  512
 MOM_in domain decomposition
whalo =    2, ehalo =    2, shalo =    2, nhalo =    2
  X-AXIS =  512
  Y-AXIS =  256

WARNING: ./Depth_list.nc checksums do not match; updating file.


WARNING: MOM_file_parser : DT_FORCING over-ridden.  Line: 'DT_FORCING = 75' in file MOM_override.


WARNING: MOM_file_parser : DAYMAX over-ridden.  Line: 'DAYMAX = 150' in file MOM_override.


WARNING: Unused line in MOM_input : GINT = 0.0098


WARNING: open_ASCII_file: File ./CPU_stats opened WRITEONLY already exists!


WARNING: open_ASCII_file: File ./ocean.stats opened WRITEONLY already exists!

MOM Time       0.000      0: En 9.167888E-12, MaxCFL  0.00000, Mass 5.286414704261E+18
    Total Energy: 41871C2B47CED3B5  4.8465256975989737E+07
    Total Mass:   5.2864147042613893E+18, Change:   0.0000000000000000E+00 Error:  0.00000E+00 ( 0.0E+00)
MOM Time      50.676     75: En 9.561082E-07, MaxCFL  0.00036, Mass 5.286414704261E+18
    Total Energy: 429263431CDC0BD4  5.0543842567709570E+12
    Total Mass:   5.2864147042613893E+18, Change:   1.8803326967804978E+01 Error:  1.88033E+01 ( 3.6E-18)
MOM Time      99.324    147: En 3.499934E-06, MaxCFL  0.00068, Mass 5.286414704261E+18
    Total Energy: 42B0D3DB4847D81F  1.8502103091160121E+13
    Total Mass:   5.2864147042613893E+18, Change:   1.8635493501689782E+00 Error:  1.86355E+00 ( 3.5E-19)
 MOM_in domain decomposition
whalo =    4, ehalo =    4, shalo =    4, nhalo =    4
  X-AXIS = 1024
  Y-AXIS =  512
 MOM_in domain decomposition
whalo =    2, ehalo =    2, shalo =    2, nhalo =    2
  X-AXIS =  512
  Y-AXIS =  256
 MOM_in domain decomposition
whalo =    4, ehalo =    4, shalo =    4, nhalo =    4
  X-AXIS = 1024
  Y-AXIS =  512
 MOM_in domain decomposition
whalo =    2, ehalo =    2, shalo =    2, nhalo =    2
  X-AXIS =  512
  Y-AXIS =  256
MOM Time     150.000    222: En 7.572478E-06, MaxCFL  0.00098, Mass 5.286414704261E+18
    Total Energy: 42C23440762529B2  4.0031258167891391E+13
    Total Mass:   5.2864147042613893E+18, Change:   5.0541591161998811E-01 Error:  5.05416E-01 ( 9.6E-20)
 MOM_in domain decomposition
whalo =    4, ehalo =    4, shalo =    4, nhalo =    4
  X-AXIS = 1024
  Y-AXIS =  512
 MOM_in domain decomposition
whalo =    2, ehalo =    2, shalo =    2, nhalo =    2
  X-AXIS =  512
  Y-AXIS =  256

WARNING: open_ASCII_file: File RESTART/ocean_solo.res opened WRITEONLY already exists!


WARNING: open_ASCII_file: File exitcode opened WRITEONLY already exists!

 MPP_DOMAINS_STACK high water mark=            0

Tabulating mpp_clock statistics across      1 PEs...

                                      hits          tmin          tmax          tavg          tstd  tfrac grain pemin pemax
Total runtime                            1    328.625679    328.625679    328.625679      0.000000  1.000     0     0     0
Initialization                           1     17.884733     17.884733     17.884733      0.000000  0.054     0     0     0
Main loop                                1    285.039660    285.039660    285.039660      0.000000  0.867     0     0     0
Termination                              1     25.632854     25.632854     25.632854      0.000000  0.078     0     0     0
Ocean Initialization                     2     21.372598     21.372598     21.372598      0.000000  0.065    11     0     0
Ocean                                   74    228.982850    228.982850    228.982850      0.000000  0.697     1     0     0
Ocean dynamics                         444    132.948638    132.948638    132.948638      0.000000  0.405    11     0     0
Ocean thermodynamics and tracers       222     21.091116     21.091116     21.091116      0.000000  0.064    11     0     0
Ocean grid generation and remapp         0      0.000000      0.000000      0.000000      0.000000  0.000    11     0     0
Ocean Other                            518     42.672063     42.672063     42.672063      0.000000  0.130    11     0     0
(Ocean tracer advection)               148      8.431292      8.431292      8.431292      0.000000  0.026    21     0     0
(Ocean adiabatic driver)                74     12.659687     12.659687     12.659687      0.000000  0.039    21     0     0
(Ocean continuity equation *)            0      0.000000      0.000000      0.000000      0.000000  0.000    31     0     0
(Ocean set BBL viscosity)               74      0.621526      0.621526      0.621526      0.000000  0.002    31     0     0
(Ocean message passing *)              148      0.130394      0.130394      0.130394      0.000000  0.000    31     0     0
(Ocean MOM_initialize_state)             2      0.544037      0.544037      0.544037      0.000000  0.002    31     0     0
(Ocean init message passing *)           2      0.000061      0.000061      0.000061      0.000000  0.000    41     0     0
(Ocean mixed layer restrat)              0      0.000000      0.000000      0.000000      0.000000  0.000    31     0     0
(Ocean collective diagnostics)         444     15.881314     15.881314     15.881314      0.000000  0.048    31     0     0
(Ocean Z-space diagnostics)              0      0.000000      0.000000      0.000000      0.000000  0.000    31     0     0
(Ocean ALE)                              0      0.000000      0.000000      0.000000      0.000000  0.000    31     0     0
(Stochastic EOS)                       222      0.000025      0.000025      0.000025      0.000000  0.000    31     0     0
(SGS Temperature Variance)             222      0.000009      0.000009      0.000009      0.000000  0.000    31     0     0
(Ocean diagnostics framework)            0      0.000000      0.000000      0.000000      0.000000  0.000    31     0     0
(Ocean diagnostics remapping)            0      0.000000      0.000000      0.000000      0.000000  0.000    41     0     0
(Ocean diagnostics grid updates)       741     29.603361     29.603361     29.603361      0.000000  0.090    41     0     0
(Ocean init message passing)             4      0.000053      0.000053      0.000053      0.000000  0.000    41     0     0
(Ocean continuity reconstruction      1334      2.378568      2.378568      2.378568      0.000000  0.007    41     0     0
(Ocean continuity update)             1334      0.694719      0.694719      0.694719      0.000000  0.002    41     0     0
(Ocean continuity correction)         1334     19.894921     19.894921     19.894921      0.000000  0.061    41     0     0
(Ocean BT pre-calcs only)             1776      2.597063      2.597063      2.597063      0.000000  0.008    41     0     0
(Ocean BT pre-step halo updates)      1776      0.036469      0.036469      0.036469      0.000000  0.000    41     0     0
(Ocean BT stepping calcs only)         888      0.445570      0.445570      0.445570      0.000000  0.001    41     0     0
(Ocean BT stepping halo updates)       444      0.001715      0.001715      0.001715      0.000000  0.000    41     0     0
(Ocean BT post-calcs only)            1332      0.622531      0.622531      0.622531      0.000000  0.002    41     0     0
(Ocean BT post-step halo updates       888      0.002636      0.002636      0.002636      0.000000  0.000    41     0     0
(Ocean BT global synch)                  0      0.000000      0.000000      0.000000      0.000000  0.000    41     0     0
(Ocean Coriolis & mom advection)       444     10.072866     10.072866     10.072866      0.000000  0.031    31     0     0
(Ocean continuity equation)            666     23.149200     23.149200     23.149200      0.000000  0.070    31     0     0
(Ocean pressure force)                 222      2.835752      2.835752      2.835752      0.000000  0.009    31     0     0
(Ocean vertical viscosity)             666     23.441878     23.441878     23.441878      0.000000  0.071    31     0     0
(Ocean horizontal viscosity)           222      9.187898      9.187898      9.187898      0.000000  0.028    31     0     0
(Ocean momentum increments)            444      0.539601      0.539601      0.539601      0.000000  0.002    31     0     0
(Ocean message passing)               1998      0.009188      0.009188      0.009188      0.000000  0.000    31     0     0
(Ocean barotropic mode calc)           444      0.098229      0.098229      0.098229      0.000000  0.000    31     0     0
(Ocean barotropic mode stepping)       444      3.960263      3.960263      3.960263      0.000000  0.012    31     0     0
(Ocean barotropic forcing calc)        444      0.554550      0.554550      0.554550      0.000000  0.002    31     0     0
(Ocean advect tracer)                    0      0.000000      0.000000      0.000000      0.000000  0.000    31     0     0
(Ocean tracer halo updates)              0      0.000000      0.000000      0.000000      0.000000  0.000    41     0     0
(Ocean tracer global synch)              0      0.000000      0.000000      0.000000      0.000000  0.000    41     0     0
(Ocean diffuse tracer)                   0      0.000000      0.000000      0.000000      0.000000  0.000    31     0     0
(Ocean epipycnal diffuse tracer)         0      0.000000      0.000000      0.000000      0.000000  0.000    31     0     0
(Ocean surface forcing)                 75      0.032678      0.032678      0.032678      0.000000  0.000    31     0     0
(Ocean forcing diagnostics)            148      0.000303      0.000303      0.000303      0.000000  0.000    41     0     0
 MPP_STACK high water mark=            0
