NOTE from PE     0: MPP_DOMAINS_SET_STACK_SIZE: stack size set to    32768.
NOTE from PE     0: MPP_DOMAINS_SET_STACK_SIZE: stack size set to  4000000.
NOTE from PE     0: ======== Model being driven by MOM_driver ========
NOTE from PE     0: callTree: o Program MOM_main, MOM_driver.F90
NOTE from PE     0: open_param_file: MOM_input has been opened successfully.
NOTE from PE     0: open_param_file: MOM_override has been opened successfully.

WARNING from PE     0: MOM_file_parser : DT over-ridden.  Line: 'DT = 300' in file MOM_override.


WARNING from PE     0: MOM_file_parser : DT_THERM over-ridden.  Line: 'DT_THERM = 600' in file MOM_override.


WARNING from PE     0: MOM_file_parser : NIGLOBAL over-ridden.  Line: 'NIGLOBAL = 128' in file MOM_override.


WARNING from PE     0: MOM_file_parser : NJGLOBAL over-ridden.  Line: 'NJGLOBAL = 64' in file MOM_override.

 MOM_in domain decomposition
whalo =    4, ehalo =    4, shalo =    4, nhalo =    4
  X-AXIS =   32  32  32  32
  Y-AXIS =   32  32
 MOM_inc domain decomposition
whalo =    2, ehalo =    2, shalo =    2, nhalo =    2
  X-AXIS =   16  16  16  16
  Y-AXIS =   16  16
NOTE from PE     0: diag_manager_mod::diag_manager_init: prepend_date only supported when diag_manager_init is called with time_init present.
NOTE from PE     0: diag_manager_mod::diag_manager_init: You are using the legacy version of the diag table
 MOM_in domain decomposition
whalo =    4, ehalo =    4, shalo =    4, nhalo =    4
  X-AXIS =   32  32  32  32
  Y-AXIS =   32  32
 MOM_in domain decomposition
whalo =    2, ehalo =    2, shalo =    2, nhalo =    2
  X-AXIS =   16  16  16  16
  Y-AXIS =   16  16

WARNING from PE     0: MOM_file_parser : NK over-ridden.  Line: 'NK = 100' in file MOM_override.

 MOM_in domain decomposition
whalo =    4, ehalo =    4, shalo =    4, nhalo =    4
  X-AXIS =   32  32  32  32
  Y-AXIS =   32  32
 MOM_in domain decomposition
whalo =    2, ehalo =    2, shalo =    2, nhalo =    2
  X-AXIS =   16  16  16  16
  Y-AXIS =   16  16

WARNING from PE     0: Open_file is appending .nc to the filename ./ocean_geometry


WARNING from PE     0: MOM_file_parser : COORD_CONFIG over-ridden.  Line: 'COORD_CONFIG = "linear"' in file MOM_override.

 MOM_in domain decomposition
whalo =    4, ehalo =    4, shalo =    4, nhalo =    4
  X-AXIS =   32  32  32  32
  Y-AXIS =   32  32
 MOM_in domain decomposition
whalo =    2, ehalo =    2, shalo =    2, nhalo =    2
  X-AXIS =   16  16  16  16
  Y-AXIS =   16  16
 MOM_in domain decomposition
whalo =    4, ehalo =    4, shalo =    4, nhalo =    4
  X-AXIS =   32  32  32  32
  Y-AXIS =   32  32
 MOM_in domain decomposition
whalo =    2, ehalo =    2, shalo =    2, nhalo =    2
  X-AXIS =   16  16  16  16
  Y-AXIS =   16  16

WARNING from PE     0: ./Depth_list.nc checksums do not match; updating file.


WARNING from PE     0: MOM_file_parser : DT_FORCING over-ridden.  Line: 'DT_FORCING = 600' in file MOM_override.


WARNING from PE     0: MOM_file_parser : DAYMAX over-ridden.  Line: 'DAYMAX = 150' in file MOM_override.


WARNING from PE     0: Unused line in MOM_input : GINT = 0.0098


WARNING from PE     0: open_ASCII_file: File ./CPU_stats opened WRITEONLY already exists!


WARNING from PE     0: open_ASCII_file: File ./ocean.stats opened WRITEONLY already exists!

MOM Time       0.000      0: En 9.160881E-12, MaxCFL  0.00000, Mass 5.286809263738E+18
    Total Energy: 41871816ABDD6DD4  4.8431829483119637E+07
    Total Mass:   5.2868092637381335E+18, Change:   0.0000000000000000E+00 Error:  0.00000E+00 ( 0.0E+00)
MOM Time      50.000     50: En 4.018446E-05, MaxCFL  0.00184, Mass 5.286809263738E+18
    Total Energy: 42E82709D40BD907  2.1244758146221622E+14
    Total Mass:   5.2868092637381345E+18, Change:   2.5998117076487681E+01 Error:  2.59981E+01 ( 4.9E-18)
MOM Time     100.000    100: En 8.025215E-05, MaxCFL  0.00128, Mass 5.286809263738E+18
    Total Energy: 42F81E0E08034442  4.2427781586643612E+14
    Total Mass:   5.2868092637381345E+18, Change:   9.8676960218285430E+00 Error:  9.86770E+00 ( 1.9E-18)
 MOM_in domain decomposition
whalo =    4, ehalo =    4, shalo =    4, nhalo =    4
  X-AXIS =   32  32  32  32
  Y-AXIS =   32  32
 MOM_in domain decomposition
whalo =    2, ehalo =    2, shalo =    2, nhalo =    2
  X-AXIS =   16  16  16  16
  Y-AXIS =   16  16
 MOM_in domain decomposition
whalo =    4, ehalo =    4, shalo =    4, nhalo =    4
  X-AXIS =   32  32  32  32
  Y-AXIS =   32  32
 MOM_in domain decomposition
whalo =    2, ehalo =    2, shalo =    2, nhalo =    2
  X-AXIS =   16  16  16  16
  Y-AXIS =   16  16
MOM Time     150.000    150: En 6.205042E-05, MaxCFL  0.00121, Mass 5.286809263738E+18
    Total Energy: 42F2A5BCDC9A18C0  3.2804875964455600E+14
    Total Mass:   5.2868092637381345E+18, Change:   2.4759953211597008E-01 Error:  2.47600E-01 ( 4.7E-20)
 MOM_in domain decomposition
whalo =    4, ehalo =    4, shalo =    4, nhalo =    4
  X-AXIS =   32  32  32  32
  Y-AXIS =   32  32
 MOM_in domain decomposition
whalo =    2, ehalo =    2, shalo =    2, nhalo =    2
  X-AXIS =   16  16  16  16
  Y-AXIS =   16  16

WARNING from PE     0: open_ASCII_file: File RESTART/ocean_solo.res opened WRITEONLY already exists!


WARNING from PE     0: open_ASCII_file: File exitcode opened WRITEONLY already exists!

 MPP_DOMAINS_STACK high water mark=      202400

Tabulating mpp_clock statistics across      8 PEs...

                                      hits          tmin          tmax          tavg          tstd  tfrac grain pemin pemax
Total runtime                            1     10.376051     10.376053     10.376053      0.000001  1.000     0     0     7
Initialization                           1      0.124793      0.125631      0.125290      0.000289  0.012     0     0     7
Main loop                                1     10.081527     10.081853     10.081808      0.000106  0.972     0     0     7
Termination                              1      0.167015      0.167258      0.167223      0.000079  0.016     0     0     7
Ocean Initialization                     2      0.127688      0.128818      0.128154      0.000345  0.012    11     0     7
Ocean                                   75      9.687252      9.687715      9.687464      0.000170  0.934     1     0     7
Ocean dynamics                         300      9.572124      9.584039      9.577577      0.004274  0.923    11     0     7
Ocean thermodynamics and tracers       225      0.008319      0.008574      0.008440      0.000083  0.001    11     0     7
Ocean grid generation and remapp         0      0.000000      0.000000      0.000000      0.000000  0.000    11     0     7
Ocean Other                            450      0.039612      0.045797      0.043056      0.002217  0.004    11     0     7
(Ocean tracer advection)               150      0.004303      0.004513      0.004411      0.000072  0.000    21     0     7
(Ocean adiabatic driver)                75      0.003927      0.004006      0.003971      0.000029  0.000    21     0     7
(Ocean continuity equation *)            0      0.000000      0.000000      0.000000      0.000000  0.000    31     0     7
(Ocean set BBL viscosity)               75      0.061645      0.083524      0.073906      0.007586  0.007    31     0     7
(Ocean message passing *)              150      0.039747      0.050205      0.045079      0.004056  0.004    31     0     7
(Ocean MOM_initialize_state)             2      0.003436      0.005075      0.003851      0.000482  0.000    31     0     7
(Ocean init message passing *)           2      0.000860      0.001245      0.001094      0.000131  0.000    41     0     7
(Ocean mixed layer restrat)              0      0.000000      0.000000      0.000000      0.000000  0.000    31     0     7
(Ocean collective diagnostics)         375      0.011043      0.011528      0.011257      0.000168  0.001    31     0     7
(Ocean Z-space diagnostics)              0      0.000000      0.000000      0.000000      0.000000  0.000    31     0     7
(Ocean ALE)                              0      0.000000      0.000000      0.000000      0.000000  0.000    31     0     7
(Stochastic EOS)                       150      0.000019      0.000052      0.000038      0.000013  0.000    31     0     7
(SGS Temperature Variance)             150      0.000013      0.000031      0.000022      0.000007  0.000    31     0     7
(Ocean diagnostics framework)            0      0.000000      0.000000      0.000000      0.000000  0.000    31     0     7
(Ocean diagnostics remapping)            0      0.000000      0.000000      0.000000      0.000000  0.000    41     0     7
(Ocean diagnostics grid updates)       526      0.012133      0.012386      0.012303      0.000080  0.001    41     0     7
(Ocean init message passing)             4      0.001584      0.005116      0.003138      0.001189  0.000    41     0     7
(Ocean continuity reconstruction       902      0.555879      0.775927      0.689702      0.082018  0.066    41     0     7
(Ocean continuity update)              902      0.066706      0.069481      0.067923      0.000816  0.007    41     0     7
(Ocean continuity correction)          902      3.152369      3.342547      3.280902      0.071654  0.316    41     0     7
(Ocean BT pre-calcs only)             1200      0.503415      0.513071      0.509294      0.003388  0.049    41     0     7
(Ocean BT pre-step halo updates)      1200      0.116084      0.201969      0.145859      0.032140  0.014    41     0     7
(Ocean BT stepping calcs only)         600      0.023044      0.027862      0.024985      0.001770  0.002    41     0     7
(Ocean BT stepping halo updates)       300      0.004428      0.008127      0.005889      0.001180  0.001    41     0     7
(Ocean BT post-calcs only)             900      0.075503      0.077673      0.076654      0.000740  0.007    41     0     7
(Ocean BT post-step halo updates       600      0.011361      0.015640      0.013338      0.001322  0.001    41     0     7
(Ocean BT global synch)                  0      0.000000      0.000000      0.000000      0.000000  0.000    41     0     7
(Ocean Coriolis & mom advection)       300      0.346908      0.361076      0.351393      0.004087  0.034    31     0     7
(Ocean continuity equation)            450      3.773772      4.183407      4.035812      0.151641  0.389    31     0     7
(Ocean pressure force)                 150      0.212871      0.216983      0.214888      0.001352  0.021    31     0     7
(Ocean vertical viscosity)             450      2.950732      3.020240      2.999279      0.021010  0.289    31     0     7
(Ocean horizontal viscosity)           150      0.268466      0.276734      0.271745      0.003105  0.026    31     0     7
(Ocean momentum increments)            300      0.067522      0.069365      0.068696      0.000646  0.007    31     0     7
(Ocean message passing)               1350      0.332270      0.697457      0.469882      0.126509  0.045    31     0     7
(Ocean barotropic mode calc)           300      0.013062      0.013740      0.013399      0.000213  0.001    31     0     7
(Ocean barotropic mode stepping)       300      0.741895      0.834965      0.777042      0.033331  0.075    31     0     7
(Ocean barotropic forcing calc)        300      0.104349      0.106407      0.105734      0.000619  0.010    31     0     7
(Ocean advect tracer)                    0      0.000000      0.000000      0.000000      0.000000  0.000    31     0     7
(Ocean tracer halo updates)              0      0.000000      0.000000      0.000000      0.000000  0.000    41     0     7
(Ocean tracer global synch)              0      0.000000      0.000000      0.000000      0.000000  0.000    41     0     7
(Ocean diffuse tracer)                   0      0.000000      0.000000      0.000000      0.000000  0.000    31     0     7
(Ocean epipycnal diffuse tracer)         0      0.000000      0.000000      0.000000      0.000000  0.000    31     0     7
(Ocean surface forcing)                 76      0.000877      0.001232      0.000985      0.000101  0.000    31     0     7
(Ocean forcing diagnostics)            150      0.000495      0.000829      0.000672      0.000134  0.000    41     0     7
 MPP_STACK high water mark=           0
