NOTE: MPP_DOMAINS_SET_STACK_SIZE: stack size set to    32768.
NOTE: MPP_DOMAINS_SET_STACK_SIZE: stack size set to  4000000.
NOTE: ======== Model being driven by MOM_driver ========
NOTE: callTree: o Program MOM_main, MOM_driver.F90
NOTE: open_param_file: MOM_input has been opened successfully.
NOTE: open_param_file: MOM_override has been opened successfully.

WARNING: MOM_file_parser : DT over-ridden.  Line: 'DT = 1200' in file MOM_override.


WARNING: MOM_file_parser : DT_THERM over-ridden.  Line: 'DT_THERM = 2400' in file MOM_override.


WARNING: MOM_file_parser : NIGLOBAL over-ridden.  Line: 'NIGLOBAL = 32' in file MOM_override.


WARNING: MOM_file_parser : NJGLOBAL over-ridden.  Line: 'NJGLOBAL = 32' in file MOM_override.

 MOM_in domain decomposition
whalo =    4, ehalo =    4, shalo =    4, nhalo =    4
  X-AXIS =   32
  Y-AXIS =   32
 MOM_inc domain decomposition
whalo =    2, ehalo =    2, shalo =    2, nhalo =    2
  X-AXIS =   16
  Y-AXIS =   16
NOTE: diag_manager_mod::diag_manager_init: prepend_date only supported when diag_manager_init is called with time_init present.
NOTE: diag_manager_mod::diag_manager_init: You are using the legacy version of the diag table
 MOM_in domain decomposition
whalo =    4, ehalo =    4, shalo =    4, nhalo =    4
  X-AXIS =   32
  Y-AXIS =   32
 MOM_in domain decomposition
whalo =    2, ehalo =    2, shalo =    2, nhalo =    2
  X-AXIS =   16
  Y-AXIS =   16

WARNING: MOM_file_parser : NK over-ridden.  Line: 'NK = 100' in file MOM_override.

 MOM_in domain decomposition
whalo =    4, ehalo =    4, shalo =    4, nhalo =    4
  X-AXIS =   32
  Y-AXIS =   32
 MOM_in domain decomposition
whalo =    2, ehalo =    2, shalo =    2, nhalo =    2
  X-AXIS =   16
  Y-AXIS =   16

WARNING: Open_file is appending .nc to the filename ./ocean_geometry


WARNING: MOM_file_parser : COORD_CONFIG over-ridden.  Line: 'COORD_CONFIG = "linear"' in file MOM_override.

 MOM_in domain decomposition
whalo =    4, ehalo =    4, shalo =    4, nhalo =    4
  X-AXIS =   32
  Y-AXIS =   32
 MOM_in domain decomposition
whalo =    2, ehalo =    2, shalo =    2, nhalo =    2
  X-AXIS =   16
  Y-AXIS =   16
 MOM_in domain decomposition
whalo =    4, ehalo =    4, shalo =    4, nhalo =    4
  X-AXIS =   32
  Y-AXIS =   32
 MOM_in domain decomposition
whalo =    2, ehalo =    2, shalo =    2, nhalo =    2
  X-AXIS =   16
  Y-AXIS =   16

WARNING: ./Depth_list.nc checksums do not match; updating file.


WARNING: MOM_file_parser : DT_FORCING over-ridden.  Line: 'DT_FORCING = 2400' in file MOM_override.


WARNING: MOM_file_parser : DAYMAX over-ridden.  Line: 'DAYMAX = 150' in file MOM_override.


WARNING: Unused line in MOM_input : GINT = 0.0098


WARNING: open_ASCII_file: File ./CPU_stats opened WRITEONLY already exists!


WARNING: open_ASCII_file: File ./ocean.stats opened WRITEONLY already exists!

MOM Time       0.000      0: En 9.113220E-12, MaxCFL  0.00000, Mass 5.289326887310E+18
    Total Energy: 4186FC21742E02FD  4.8202798522466637E+07
    Total Mass:   5.2893268873103186E+18, Change:   0.0000000000000000E+00 Error:  0.00000E+00 ( 0.0E+00)
MOM Time      50.000     50: En 2.411415E-05, MaxCFL  0.00148, Mass 5.289326887310E+18
    Total Energy: 42DD003FDB6B2F97  1.2754763419974236E+14
    Total Mass:   5.2893268873103186E+18, Change:  -8.2694103241927337E+00 Error: -8.26941E+00 (-1.6E-18)
MOM Time     100.000    100: En 4.391675E-05, MaxCFL  0.00199, Mass 5.289326887310E+18
    Total Energy: 42EA6887DCEABA86  2.3229006658504419E+14
    Total Mass:   5.2893268873103186E+18, Change:   5.7180162288315728E+00 Error:  5.71802E+00 ( 1.1E-18)
 MOM_in domain decomposition
whalo =    4, ehalo =    4, shalo =    4, nhalo =    4
  X-AXIS =   32
  Y-AXIS =   32
 MOM_in domain decomposition
whalo =    2, ehalo =    2, shalo =    2, nhalo =    2
  X-AXIS =   16
  Y-AXIS =   16
 MOM_in domain decomposition
whalo =    4, ehalo =    4, shalo =    4, nhalo =    4
  X-AXIS =   32
  Y-AXIS =   32
 MOM_in domain decomposition
whalo =    2, ehalo =    2, shalo =    2, nhalo =    2
  X-AXIS =   16
  Y-AXIS =   16
MOM Time     150.000    150: En 5.356812E-05, MaxCFL  0.00233, Mass 5.289326887310E+18
    Total Energy: 42F01B210FEA41A1  2.8333927764073006E+14
    Total Mass:   5.2893268873103186E+18, Change:  -3.9402663136373803E+00 Error: -3.94027E+00 (-7.4E-19)
 MOM_in domain decomposition
whalo =    4, ehalo =    4, shalo =    4, nhalo =    4
  X-AXIS =   32
  Y-AXIS =   32
 MOM_in domain decomposition
whalo =    2, ehalo =    2, shalo =    2, nhalo =    2
  X-AXIS =   16
  Y-AXIS =   16

WARNING: open_ASCII_file: File RESTART/ocean_solo.res opened WRITEONLY already exists!


WARNING: open_ASCII_file: File exitcode opened WRITEONLY already exists!

 MPP_DOMAINS_STACK high water mark=           0

Tabulating mpp_clock statistics across      1 PEs...

                                      hits          tmin          tmax          tavg          tstd  tfrac grain pemin pemax
Total runtime                            1     10.082362     10.082362     10.082362      0.000000  1.000     0     0     0
Initialization                           1      0.626134      0.626134      0.626134      0.000000  0.062     0     0     0
Main loop                                1      9.411783      9.411783      9.411783      0.000000  0.933     0     0     0
Termination                              1      0.033028      0.033028      0.033028      0.000000  0.003     0     0     0
Ocean Initialization                     2      0.606958      0.606958      0.606958      0.000000  0.060    11     0     0
Ocean                                   75      9.252370      9.252370      9.252370      0.000000  0.918     1     0     0
Ocean dynamics                         300      9.180251      9.180251      9.180251      0.000000  0.911    11     0     0
Ocean thermodynamics and tracers       225      0.010069      0.010069      0.010069      0.000000  0.001    11     0     0
Ocean grid generation and remapp         0      0.000000      0.000000      0.000000      0.000000  0.000    11     0     0
Ocean Other                            450      0.042190      0.042190      0.042190      0.000000  0.004    11     0     0
(Ocean tracer advection)               150      0.006262      0.006262      0.006262      0.000000  0.001    21     0     0
(Ocean adiabatic driver)                75      0.003761      0.003761      0.003761      0.000000  0.000    21     0     0
(Ocean continuity equation *)            0      0.000000      0.000000      0.000000      0.000000  0.000    31     0     0
(Ocean set BBL viscosity)               75      0.088937      0.088937      0.088937      0.000000  0.009    31     0     0
(Ocean message passing *)              150      0.000297      0.000297      0.000297      0.000000  0.000    31     0     0
(Ocean MOM_initialize_state)             2      0.016801      0.016801      0.016801      0.000000  0.002    31     0     0
(Ocean init message passing *)           2      0.003201      0.003201      0.003201      0.000000  0.000    41     0     0
(Ocean mixed layer restrat)              0      0.000000      0.000000      0.000000      0.000000  0.000    31     0     0
(Ocean collective diagnostics)         375      0.014267      0.014267      0.014267      0.000000  0.001    31     0     0
(Ocean Z-space diagnostics)              0      0.000000      0.000000      0.000000      0.000000  0.000    31     0     0
(Ocean ALE)                              0      0.000000      0.000000      0.000000      0.000000  0.000    31     0     0
(Stochastic EOS)                       150      0.000021      0.000021      0.000021      0.000000  0.000    31     0     0
(SGS Temperature Variance)             150      0.000010      0.000010      0.000010      0.000000  0.000    31     0     0
(Ocean diagnostics framework)            0      0.000000      0.000000      0.000000      0.000000  0.000    31     0     0
(Ocean diagnostics remapping)            0      0.000000      0.000000      0.000000      0.000000  0.000    41     0     0
(Ocean diagnostics grid updates)       526      0.013214      0.013214      0.013214      0.000000  0.001    41     0     0
(Ocean init message passing)             4      0.000014      0.000014      0.000014      0.000000  0.000    41     0     0
(Ocean continuity reconstruction       902      0.808788      0.808788      0.808788      0.000000  0.080    41     0     0
(Ocean continuity update)              902      0.070089      0.070089      0.070089      0.000000  0.007    41     0     0
(Ocean continuity correction)          902      3.480712      3.480712      3.480712      0.000000  0.345    41     0     0
(Ocean BT pre-calcs only)             1200      0.497396      0.497396      0.497396      0.000000  0.049    41     0     0
(Ocean BT pre-step halo updates)      1200      0.002758      0.002758      0.002758      0.000000  0.000    41     0     0
(Ocean BT stepping calcs only)         600      0.026606      0.026606      0.026606      0.000000  0.003    41     0     0
(Ocean BT stepping halo updates)       300      0.000036      0.000036      0.000036      0.000000  0.000    41     0     0
(Ocean BT post-calcs only)             900      0.075149      0.075149      0.075149      0.000000  0.007    41     0     0
(Ocean BT post-step halo updates       600      0.000151      0.000151      0.000151      0.000000  0.000    41     0     0
(Ocean BT global synch)                  0      0.000000      0.000000      0.000000      0.000000  0.000    41     0     0
(Ocean Coriolis & mom advection)       300      0.351601      0.351601      0.351601      0.000000  0.035    31     0     0
(Ocean continuity equation)            450      4.355805      4.355805      4.355805      0.000000  0.432    31     0     0
(Ocean pressure force)                 150      0.215457      0.215457      0.215457      0.000000  0.021    31     0     0
(Ocean vertical viscosity)             450      2.921113      2.921113      2.921113      0.000000  0.290    31     0     0
(Ocean horizontal viscosity)           150      0.271293      0.271293      0.271293      0.000000  0.027    31     0     0
(Ocean momentum increments)            300      0.066567      0.066567      0.066567      0.000000  0.007    31     0     0
(Ocean message passing)               1350      0.000948      0.000948      0.000948      0.000000  0.000    31     0     0
(Ocean barotropic mode calc)           300      0.012911      0.012911      0.012911      0.000000  0.001    31     0     0
(Ocean barotropic mode stepping)       300      0.603517      0.603517      0.603517      0.000000  0.060    31     0     0
(Ocean barotropic forcing calc)        300      0.105068      0.105068      0.105068      0.000000  0.010    31     0     0
(Ocean advect tracer)                    0      0.000000      0.000000      0.000000      0.000000  0.000    31     0     0
(Ocean tracer halo updates)              0      0.000000      0.000000      0.000000      0.000000  0.000    41     0     0
(Ocean tracer global synch)              0      0.000000      0.000000      0.000000      0.000000  0.000    41     0     0
(Ocean diffuse tracer)                   0      0.000000      0.000000      0.000000      0.000000  0.000    31     0     0
(Ocean epipycnal diffuse tracer)         0      0.000000      0.000000      0.000000      0.000000  0.000    31     0     0
(Ocean surface forcing)                 76      0.006162      0.006162      0.006162      0.000000  0.001    31     0     0
(Ocean forcing diagnostics)            150      0.002604      0.002604      0.002604      0.000000  0.000    41     0     0
 MPP_STACK high water mark=           0
