NOTE from PE     0: MPP_DOMAINS_SET_STACK_SIZE: stack size set to    32768.
NOTE from PE     0: MPP_DOMAINS_SET_STACK_SIZE: stack size set to  4000000.
NOTE from PE     0: ======== Model being driven by MOM_driver ========
NOTE from PE     0: callTree: o Program MOM_main, MOM_driver.F90
NOTE from PE     0: open_param_file: MOM_input has been opened successfully.
NOTE from PE     0: open_param_file: MOM_override has been opened successfully.

WARNING from PE     0: MOM_file_parser : DT over-ridden.  Line: 'DT = 75' in file MOM_override.


WARNING from PE     0: MOM_file_parser : DT_THERM over-ridden.  Line: 'DT_THERM = 150' in file MOM_override.


WARNING from PE     0: MOM_file_parser : NIGLOBAL over-ridden.  Line: 'NIGLOBAL = 512' in file MOM_override.


WARNING from PE     0: MOM_file_parser : NJGLOBAL over-ridden.  Line: 'NJGLOBAL = 512' in file MOM_override.

 MOM_in domain decomposition
whalo =    4, ehalo =    4, shalo =    4, nhalo =    4
  X-AXIS =   32  32  32  32  32  32  32  32  32  32  32  32  32  32  32  32
  Y-AXIS =   43  43  43  43  42  42  42  42  43  43  43  43
 MOM_inc domain decomposition
whalo =    2, ehalo =    2, shalo =    2, nhalo =    2
  X-AXIS =   16  16  16  16  16  16  16  16  16  16  16  16  16  16  16  16
  Y-AXIS =   22  22  21  21  21  21  21  21  21  21  22  22
NOTE from PE     0: diag_manager_mod::diag_manager_init: prepend_date only supported when diag_manager_init is called with time_init present.
NOTE from PE     0: diag_manager_mod::diag_manager_init: You are using the legacy version of the diag table
 MOM_in domain decomposition
whalo =    4, ehalo =    4, shalo =    4, nhalo =    4
  X-AXIS =   32  32  32  32  32  32  32  32  32  32  32  32  32  32  32  32
  Y-AXIS =   43  43  43  43  42  42  42  42  43  43  43  43
 MOM_in domain decomposition
whalo =    2, ehalo =    2, shalo =    2, nhalo =    2
  X-AXIS =   16  16  16  16  16  16  16  16  16  16  16  16  16  16  16  16
  Y-AXIS =   22  22  21  21  21  21  21  21  21  21  22  22

WARNING from PE     0: MOM_file_parser : NK over-ridden.  Line: 'NK = 100' in file MOM_override.

 MOM_in domain decomposition
whalo =    4, ehalo =    4, shalo =    4, nhalo =    4
  X-AXIS =   32  32  32  32  32  32  32  32  32  32  32  32  32  32  32  32
  Y-AXIS =   43  43  43  43  42  42  42  42  43  43  43  43
 MOM_in domain decomposition
whalo =    2, ehalo =    2, shalo =    2, nhalo =    2
  X-AXIS =   16  16  16  16  16  16  16  16  16  16  16  16  16  16  16  16
  Y-AXIS =   22  22  21  21  21  21  21  21  21  21  22  22

WARNING from PE     0: Open_file is appending .nc to the filename ./ocean_geometry


WARNING from PE     0: MOM_file_parser : COORD_CONFIG over-ridden.  Line: 'COORD_CONFIG = "linear"' in file MOM_override.

 MOM_in domain decomposition
whalo =    4, ehalo =    4, shalo =    4, nhalo =    4
  X-AXIS =   32  32  32  32  32  32  32  32  32  32  32  32  32  32  32  32
  Y-AXIS =   43  43  43  43  42  42  42  42  43  43  43  43
 MOM_in domain decomposition
whalo =    2, ehalo =    2, shalo =    2, nhalo =    2
  X-AXIS =   16  16  16  16  16  16  16  16  16  16  16  16  16  16  16  16
  Y-AXIS =   22  22  21  21  21  21  21  21  21  21  22  22
 MOM_in domain decomposition
whalo =    4, ehalo =    4, shalo =    4, nhalo =    4
  X-AXIS =   32  32  32  32  32  32  32  32  32  32  32  32  32  32  32  32
  Y-AXIS =   43  43  43  43  42  42  42  42  43  43  43  43
 MOM_in domain decomposition
whalo =    2, ehalo =    2, shalo =    2, nhalo =    2
  X-AXIS =   16  16  16  16  16  16  16  16  16  16  16  16  16  16  16  16
  Y-AXIS =   22  22  21  21  21  21  21  21  21  21  22  22

WARNING from PE     0: ./Depth_list.nc checksums do not match; updating file.


WARNING from PE     0: MOM_file_parser : DT_FORCING over-ridden.  Line: 'DT_FORCING = 150' in file MOM_override.


WARNING from PE     0: MOM_file_parser : DAYMAX over-ridden.  Line: 'DAYMAX = 150' in file MOM_override.


WARNING from PE     0: Unused line in MOM_input : GINT = 0.0098


WARNING from PE     0: open_ASCII_file: File ./CPU_stats opened WRITEONLY already exists!


WARNING from PE     0: open_ASCII_file: File ./ocean.stats opened WRITEONLY already exists!

MOM Time       0.000      0: En 9.167783E-12, MaxCFL  0.00000, Mass 5.286420478077E+18
    Total Energy: 41871C1BAC854DBF  4.8464757565089695E+07
    Total Mass:   5.2864204780768635E+18, Change:   0.0000000000000000E+00 Error:  0.00000E+00 ( 0.0E+00)
MOM Time      50.000     50: En 3.628263E-06, MaxCFL  0.00070, Mass 5.286420478077E+18
    Total Energy: 42B171D073870213  1.9180526208770074E+13
    Total Mass:   5.2864204780768635E+18, Change:   1.4773794035613044E+01 Error:  1.47738E+01 ( 2.8E-18)
MOM Time     100.000    100: En 1.302025E-05, MaxCFL  0.00126, Mass 5.286420478077E+18
    Total Energy: 42CF4CECC7868B6D  6.8830500949270852E+13
    Total Mass:   5.2864204780768635E+18, Change:  -2.6456666355089919E-01 Error: -2.64567E-01 (-5.0E-20)
 MOM_in domain decomposition
whalo =    4, ehalo =    4, shalo =    4, nhalo =    4
  X-AXIS =   32  32  32  32  32  32  32  32  32  32  32  32  32  32  32  32
  Y-AXIS =   43  43  43  43  42  42  42  42  43  43  43  43
 MOM_in domain decomposition
whalo =    2, ehalo =    2, shalo =    2, nhalo =    2
  X-AXIS =   16  16  16  16  16  16  16  16  16  16  16  16  16  16  16  16
  Y-AXIS =   22  22  21  21  21  21  21  21  21  21  22  22
 MOM_in domain decomposition
whalo =    4, ehalo =    4, shalo =    4, nhalo =    4
  X-AXIS =   32  32  32  32  32  32  32  32  32  32  32  32  32  32  32  32
  Y-AXIS =   43  43  43  43  42  42  42  42  43  43  43  43
 MOM_in domain decomposition
whalo =    2, ehalo =    2, shalo =    2, nhalo =    2
  X-AXIS =   16  16  16  16  16  16  16  16  16  16  16  16  16  16  16  16
  Y-AXIS =   22  22  21  21  21  21  21  21  21  21  22  22
MOM Time     150.000    150: En 2.597815E-05, MaxCFL  0.00165, Mass 5.286420478077E+18
    Total Energy: 42DF39BDF15524DF  1.3733144122689948E+14
    Total Mass:   5.2864204780768635E+18, Change:   1.8174544669535653E-01 Error:  1.81745E-01 ( 3.4E-20)
 MOM_in domain decomposition
whalo =    4, ehalo =    4, shalo =    4, nhalo =    4
  X-AXIS =   32  32  32  32  32  32  32  32  32  32  32  32  32  32  32  32
  Y-AXIS =   43  43  43  43  42  42  42  42  43  43  43  43
 MOM_in domain decomposition
whalo =    2, ehalo =    2, shalo =    2, nhalo =    2
  X-AXIS =   16  16  16  16  16  16  16  16  16  16  16  16  16  16  16  16
  Y-AXIS =   22  22  21  21  21  21  21  21  21  21  22  22

WARNING from PE     0: open_ASCII_file: File RESTART/ocean_solo.res opened WRITEONLY already exists!


WARNING from PE     0: open_ASCII_file: File exitcode opened WRITEONLY already exists!

 MPP_DOMAINS_STACK high water mark=      319200

Tabulating mpp_clock statistics across    192 PEs...

                                      hits          tmin          tmax          tavg          tstd  tfrac grain pemin pemax
Total runtime                            1     61.640480     61.640583     61.640491      0.000010  1.000     0     0   191
Initialization                           1      0.969653      1.035903      1.006076      0.022032  0.016     0     0   191
Main loop                                1     52.906261     52.908340     52.907459      0.000144  0.858     0     0   191
Termination                              1      7.670071      7.673489      7.670895      0.000197  0.124     0     0   191
Ocean Initialization                     2      0.971238      1.038922      1.000825      0.017263  0.016    11     0   191
Ocean                                   75     37.839252     37.854729     37.847431      0.003124  0.614     1     0   191
Ocean dynamics                         300     36.695141     36.958321     36.843571      0.044796  0.598    11     0   191
Ocean thermodynamics and tracers       225      0.100430      0.158527      0.135931      0.015218  0.002    11     0   191
Ocean grid generation and remapp         0      0.000000      0.000000      0.000000      0.000000  0.000    11     0   191
Ocean Other                            450      0.266806      0.474463      0.357732      0.041242  0.006    11     0   191
(Ocean tracer advection)               150      0.068559      0.109060      0.091650      0.010414  0.001    21     0   191
(Ocean adiabatic driver)                75      0.031713      0.051341      0.043956      0.005214  0.001    21     0   191
(Ocean continuity equation *)            0      0.000000      0.000000      0.000000      0.000000  0.000    31     0   191
(Ocean set BBL viscosity)               75      0.230721      0.326152      0.290069      0.015186  0.005    31     0   191
(Ocean message passing *)              150      0.318371      0.753591      0.463200      0.085052  0.008    31     0   191
(Ocean MOM_initialize_state)             2      0.013807      0.025444      0.019541      0.002281  0.000    31     0   191
(Ocean init message passing *)           2      0.002823      0.012472      0.006830      0.002051  0.000    41     0   191
(Ocean mixed layer restrat)              0      0.000000      0.000000      0.000000      0.000000  0.000    31     0   191
(Ocean collective diagnostics)         375      0.057101      0.133215      0.097280      0.015570  0.002    31     0   191
(Ocean Z-space diagnostics)              0      0.000000      0.000000      0.000000      0.000000  0.000    31     0   191
(Ocean ALE)                              0      0.000000      0.000000      0.000000      0.000000  0.000    31     0   191
(Stochastic EOS)                       150      0.000012      0.001876      0.000250      0.000316  0.000    31     0   191
(SGS Temperature Variance)             150      0.000005      0.000021      0.000008      0.000003  0.000    31     0   191
(Ocean diagnostics framework)            0      0.000000      0.000000      0.000000      0.000000  0.000    31     0   191
(Ocean diagnostics remapping)            0      0.000000      0.000000      0.000000      0.000000  0.000    41     0   191
(Ocean diagnostics grid updates)       526      0.096499      0.165627      0.131807      0.017491  0.002    41     0   191
(Ocean init message passing)             4      0.002984      0.217704      0.065480      0.047532  0.001    41     0   191
(Ocean continuity reconstruction       902      1.249862      1.767353      1.436740      0.070242  0.023    41     0   191
(Ocean continuity update)              902      0.397907      0.700874      0.585874      0.059485  0.010    41     0   191
(Ocean continuity correction)          902      6.078163      8.354583      7.252351      0.541522  0.118    41     0   191
(Ocean BT pre-calcs only)             1200      2.440156      3.893432      3.119185      0.256667  0.051    41     0   191
(Ocean BT pre-step halo updates)      1200      2.047630      6.181896      3.742637      0.771381  0.061    41     0   191
(Ocean BT stepping calcs only)         600      0.045303      0.081333      0.066546      0.008433  0.001    41     0   191
(Ocean BT stepping halo updates)       300      0.057452      1.180066      0.292114      0.199840  0.005    41     0   191
(Ocean BT post-calcs only)             900      0.323501      0.514583      0.431624      0.041616  0.007    41     0   191
(Ocean BT post-step halo updates       600      0.207887      1.056687      0.462192      0.170467  0.007    41     0   191
(Ocean BT global synch)                  0      0.000000      0.000000      0.000000      0.000000  0.000    41     0   191
(Ocean Coriolis & mom advection)       300      1.180476      2.145593      1.339981      0.151062  0.022    31     0   191
(Ocean continuity equation)            450      7.740242     10.449981      9.272861      0.573407  0.150    31     0   191
(Ocean pressure force)                 150      2.144102      2.574491      2.414175      0.082771  0.039    31     0   191
(Ocean vertical viscosity)             450      6.045496      7.878414      6.828094      0.338065  0.111    31     0   191
(Ocean horizontal viscosity)           150      0.566936      1.199819      0.611365      0.065436  0.010    31     0   191
(Ocean momentum increments)            300      0.819542      1.026189      0.964426      0.034389  0.016    31     0   191
(Ocean message passing)               1350      2.707267      5.498269      4.177038      0.564223  0.068    31     0   191
(Ocean barotropic mode calc)           300      0.064817      0.166352      0.119897      0.020472  0.002    31     0   191
(Ocean barotropic mode stepping)       300      6.460480     10.286238      8.121073      0.767688  0.132    31     0   191
(Ocean barotropic forcing calc)        300      0.774368      1.576961      1.018315      0.099235  0.017    31     0   191
(Ocean advect tracer)                    0      0.000000      0.000000      0.000000      0.000000  0.000    31     0   191
(Ocean tracer halo updates)              0      0.000000      0.000000      0.000000      0.000000  0.000    41     0   191
(Ocean tracer global synch)              0      0.000000      0.000000      0.000000      0.000000  0.000    41     0   191
(Ocean diffuse tracer)                   0      0.000000      0.000000      0.000000      0.000000  0.000    31     0   191
(Ocean epipycnal diffuse tracer)         0      0.000000      0.000000      0.000000      0.000000  0.000    31     0   191
(Ocean surface forcing)                 76      0.001766      0.012213      0.006780      0.002406  0.000    31     0   191
(Ocean forcing diagnostics)            150      0.000934      0.007604      0.003254      0.001249  0.000    41     0   191
 MPP_STACK high water mark=           0
