NOTE from PE     0: MPP_DOMAINS_SET_STACK_SIZE: stack size set to    32768.
NOTE from PE     0: MPP_DOMAINS_SET_STACK_SIZE: stack size set to  4000000.
NOTE from PE     0: ======== Model being driven by MOM_driver ========
NOTE from PE     0: callTree: o Program MOM_main, MOM_driver.F90
NOTE from PE     0: open_param_file: MOM_input has been opened successfully.
NOTE from PE     0: open_param_file: MOM_override has been opened successfully.

WARNING from PE     0: MOM_file_parser : DT over-ridden.  Line: 'DT = 150' in file MOM_override.


WARNING from PE     0: MOM_file_parser : DT_THERM over-ridden.  Line: 'DT_THERM = 300' in file MOM_override.


WARNING from PE     0: MOM_file_parser : NIGLOBAL over-ridden.  Line: 'NIGLOBAL = 256' in file MOM_override.


WARNING from PE     0: MOM_file_parser : NJGLOBAL over-ridden.  Line: 'NJGLOBAL = 128' in file MOM_override.

 MOM_in domain decomposition
whalo =    4, ehalo =    4, shalo =    4, nhalo =    4
  X-AXIS =   32  32  32  32  32  32  32  32
  Y-AXIS =   32  32  32  32
 MOM_inc domain decomposition
whalo =    2, ehalo =    2, shalo =    2, nhalo =    2
  X-AXIS =   16  16  16  16  16  16  16  16
  Y-AXIS =   16  16  16  16
NOTE from PE     0: diag_manager_mod::diag_manager_init: prepend_date only supported when diag_manager_init is called with time_init present.
NOTE from PE     0: diag_manager_mod::diag_manager_init: You are using the legacy version of the diag table
 MOM_in domain decomposition
whalo =    4, ehalo =    4, shalo =    4, nhalo =    4
  X-AXIS =   32  32  32  32  32  32  32  32
  Y-AXIS =   32  32  32  32
 MOM_in domain decomposition
whalo =    2, ehalo =    2, shalo =    2, nhalo =    2
  X-AXIS =   16  16  16  16  16  16  16  16
  Y-AXIS =   16  16  16  16

WARNING from PE     0: MOM_file_parser : NK over-ridden.  Line: 'NK = 100' in file MOM_override.

 MOM_in domain decomposition
whalo =    4, ehalo =    4, shalo =    4, nhalo =    4
  X-AXIS =   32  32  32  32  32  32  32  32
  Y-AXIS =   32  32  32  32
 MOM_in domain decomposition
whalo =    2, ehalo =    2, shalo =    2, nhalo =    2
  X-AXIS =   16  16  16  16  16  16  16  16
  Y-AXIS =   16  16  16  16

WARNING from PE     0: Open_file is appending .nc to the filename ./ocean_geometry


WARNING from PE     0: MOM_file_parser : COORD_CONFIG over-ridden.  Line: 'COORD_CONFIG = "linear"' in file MOM_override.

 MOM_in domain decomposition
whalo =    4, ehalo =    4, shalo =    4, nhalo =    4
  X-AXIS =   32  32  32  32  32  32  32  32
  Y-AXIS =   32  32  32  32
 MOM_in domain decomposition
whalo =    2, ehalo =    2, shalo =    2, nhalo =    2
  X-AXIS =   16  16  16  16  16  16  16  16
  Y-AXIS =   16  16  16  16
 MOM_in domain decomposition
whalo =    4, ehalo =    4, shalo =    4, nhalo =    4
  X-AXIS =   32  32  32  32  32  32  32  32
  Y-AXIS =   32  32  32  32
 MOM_in domain decomposition
whalo =    2, ehalo =    2, shalo =    2, nhalo =    2
  X-AXIS =   16  16  16  16  16  16  16  16
  Y-AXIS =   16  16  16  16

WARNING from PE     0: ./Depth_list.nc checksums do not match; updating file.


WARNING from PE     0: MOM_file_parser : DT_FORCING over-ridden.  Line: 'DT_FORCING = 300' in file MOM_override.


WARNING from PE     0: MOM_file_parser : DAYMAX over-ridden.  Line: 'DAYMAX = 150' in file MOM_override.


WARNING from PE     0: Unused line in MOM_input : GINT = 0.0098


WARNING from PE     0: open_ASCII_file: File ./CPU_stats opened WRITEONLY already exists!


WARNING from PE     0: open_ASCII_file: File ./ocean.stats opened WRITEONLY already exists!

MOM Time       0.000      0: En 9.166218E-12, MaxCFL  0.00000, Mass 5.286507716715E+18
    Total Energy: 41871B321AC54A09  4.8457283346332617E+07
    Total Mass:   5.2865077167146557E+18, Change:   0.0000000000000000E+00 Error:  0.00000E+00 ( 0.0E+00)
MOM Time      50.000     50: En 1.299121E-05, MaxCFL  0.00126, Mass 5.286507716715E+18
    Total Energy: 42CF3B2F684BDF8D  6.8678117791679102E+13
    Total Mass:   5.2865077167146557E+18, Change:   8.7610779580014636E+01 Error:  8.76108E+01 ( 1.7E-17)
MOM Time     100.000    100: En 4.033907E-05, MaxCFL  0.00184, Mass 5.286507716715E+18
    Total Energy: 42E83E7939F7BB54  2.1325280704866662E+14
    Total Mass:   5.2865077167146557E+18, Change:  -2.3128586331204541E+00 Error: -2.31286E+00 (-4.4E-19)
 MOM_in domain decomposition
whalo =    4, ehalo =    4, shalo =    4, nhalo =    4
  X-AXIS =   32  32  32  32  32  32  32  32
  Y-AXIS =   32  32  32  32
 MOM_in domain decomposition
whalo =    2, ehalo =    2, shalo =    2, nhalo =    2
  X-AXIS =   16  16  16  16  16  16  16  16
  Y-AXIS =   16  16  16  16
 MOM_in domain decomposition
whalo =    4, ehalo =    4, shalo =    4, nhalo =    4
  X-AXIS =   32  32  32  32  32  32  32  32
  Y-AXIS =   32  32  32  32
 MOM_in domain decomposition
whalo =    2, ehalo =    2, shalo =    2, nhalo =    2
  X-AXIS =   16  16  16  16  16  16  16  16
  Y-AXIS =   16  16  16  16
MOM Time     150.000    150: En 6.648018E-05, MaxCFL  0.00167, Mass 5.286507716715E+18
    Total Energy: 42F3FA3DC212BA92  3.5144798209117712E+14
    Total Mass:   5.2865077167146557E+18, Change:  -6.3696809356704875E-01 Error: -6.36968E-01 (-1.2E-19)
 MOM_in domain decomposition
whalo =    4, ehalo =    4, shalo =    4, nhalo =    4
  X-AXIS =   32  32  32  32  32  32  32  32
  Y-AXIS =   32  32  32  32
 MOM_in domain decomposition
whalo =    2, ehalo =    2, shalo =    2, nhalo =    2
  X-AXIS =   16  16  16  16  16  16  16  16
  Y-AXIS =   16  16  16  16

WARNING from PE     0: open_ASCII_file: File RESTART/ocean_solo.res opened WRITEONLY already exists!


WARNING from PE     0: open_ASCII_file: File exitcode opened WRITEONLY already exists!

 MPP_DOMAINS_STACK high water mark=      275200

Tabulating mpp_clock statistics across     32 PEs...

                                      hits          tmin          tmax          tavg          tstd  tfrac grain pemin pemax
Total runtime                            1     14.358980     14.358984     14.358984      0.000001  1.000     0     0    31
Initialization                           1      0.178068      0.184344      0.181434      0.002101  0.013     0     0    31
Main loop                                1     13.516044     13.516348     13.516286      0.000045  0.941     0     0    31
Termination                              1      0.655102      0.655420      0.655402      0.000055  0.046     0     0    31
Ocean Initialization                     2      0.180290      0.187292      0.183394      0.002102  0.013    11     0    31
Ocean                                   75     12.155858     12.157289     12.156609      0.000402  0.847     1     0    31
Ocean dynamics                         300     11.942304     11.962907     11.951633      0.005140  0.832    11     0    31
Ocean thermodynamics and tracers       225      0.022408      0.029058      0.026459      0.001773  0.002    11     0    31
Ocean grid generation and remapp         0      0.000000      0.000000      0.000000      0.000000  0.000    11     0    31
Ocean Other                            450      0.059550      0.078731      0.069538      0.004712  0.005    11     0    31
(Ocean tracer advection)               150      0.015110      0.018896      0.017369      0.001177  0.001    21     0    31
(Ocean adiabatic driver)                75      0.006655      0.010569      0.008978      0.001238  0.001    21     0    31
(Ocean continuity equation *)            0      0.000000      0.000000      0.000000      0.000000  0.000    31     0    31
(Ocean set BBL viscosity)               75      0.075175      0.100665      0.088369      0.007352  0.006    31     0    31
(Ocean message passing *)              150      0.079468      0.093382      0.086633      0.003727  0.006    31     0    31
(Ocean MOM_initialize_state)             2      0.003500      0.006076      0.004169      0.000467  0.000    31     0    31
(Ocean init message passing *)           2      0.000926      0.001601      0.001266      0.000181  0.000    41     0    31
(Ocean mixed layer restrat)              0      0.000000      0.000000      0.000000      0.000000  0.000    31     0    31
(Ocean collective diagnostics)         375      0.019107      0.025387      0.021636      0.001644  0.002    31     0    31
(Ocean Z-space diagnostics)              0      0.000000      0.000000      0.000000      0.000000  0.000    31     0    31
(Ocean ALE)                              0      0.000000      0.000000      0.000000      0.000000  0.000    31     0    31
(Stochastic EOS)                       150      0.000009      0.000177      0.000044      0.000039  0.000    31     0    31
(SGS Temperature Variance)             150      0.000005      0.000023      0.000010      0.000005  0.000    31     0    31
(Ocean diagnostics framework)            0      0.000000      0.000000      0.000000      0.000000  0.000    31     0    31
(Ocean diagnostics remapping)            0      0.000000      0.000000      0.000000      0.000000  0.000    41     0    31
(Ocean diagnostics grid updates)       526      0.021150      0.031907      0.025533      0.002473  0.002    41     0    31
(Ocean init message passing)             4      0.001764      0.018636      0.008592      0.005010  0.001    41     0    31
(Ocean continuity reconstruction       902      0.522305      0.841304      0.667234      0.073518  0.046    41     0    31
(Ocean continuity update)              902      0.107953      0.138287      0.127192      0.007280  0.009    41     0    31
(Ocean continuity correction)          902      3.054053      3.732067      3.504055      0.175567  0.244    41     0    31
(Ocean BT pre-calcs only)             1200      0.861423      0.944836      0.891492      0.023521  0.062    41     0    31
(Ocean BT pre-step halo updates)      1200      0.270806      0.637752      0.381299      0.085044  0.027    41     0    31
(Ocean BT stepping calcs only)         600      0.026212      0.032171      0.029634      0.001574  0.002    41     0    31
(Ocean BT stepping halo updates)       300      0.007133      0.022965      0.012406      0.004038  0.001    41     0    31
(Ocean BT post-calcs only)             900      0.111684      0.117103      0.113979      0.001378  0.008    41     0    31
(Ocean BT post-step halo updates       600      0.016434      0.026795      0.021274      0.002942  0.001    41     0    31
(Ocean BT global synch)                  0      0.000000      0.000000      0.000000      0.000000  0.000    41     0    31
(Ocean Coriolis & mom advection)       300      0.423104      0.438310      0.429394      0.003421  0.030    31     0    31
(Ocean continuity equation)            450      3.681760      4.624014      4.295877      0.243903  0.299    31     0    31
(Ocean pressure force)                 150      0.437572      0.464640      0.453036      0.006951  0.032    31     0    31
(Ocean vertical viscosity)             450      3.156250      3.322137      3.221723      0.047090  0.224    31     0    31
(Ocean horizontal viscosity)           150      0.288694      0.301007      0.293249      0.002692  0.020    31     0    31
(Ocean momentum increments)            300      0.188445      0.205801      0.197885      0.004112  0.014    31     0    31
(Ocean message passing)               1350      0.574406      1.357231      0.901704      0.195819  0.063    31     0    31
(Ocean barotropic mode calc)           300      0.017324      0.022196      0.019767      0.001072  0.001    31     0    31
(Ocean barotropic mode stepping)       300      1.315228      1.692463      1.451818      0.094482  0.101    31     0    31
(Ocean barotropic forcing calc)        300      0.215869      0.257370      0.242634      0.010841  0.017    31     0    31
(Ocean advect tracer)                    0      0.000000      0.000000      0.000000      0.000000  0.000    31     0    31
(Ocean tracer halo updates)              0      0.000000      0.000000      0.000000      0.000000  0.000    41     0    31
(Ocean tracer global synch)              0      0.000000      0.000000      0.000000      0.000000  0.000    41     0    31
(Ocean diffuse tracer)                   0      0.000000      0.000000      0.000000      0.000000  0.000    31     0    31
(Ocean epipycnal diffuse tracer)         0      0.000000      0.000000      0.000000      0.000000  0.000    31     0    31
(Ocean surface forcing)                 76      0.001169      0.002153      0.001723      0.000245  0.000    31     0    31
(Ocean forcing diagnostics)            150      0.000450      0.001385      0.000869      0.000273  0.000    41     0    31
 MPP_STACK high water mark=           0
