NOTE from PE     0: MPP_DOMAINS_SET_STACK_SIZE: stack size set to    32768.
NOTE from PE     0: MPP_DOMAINS_SET_STACK_SIZE: stack size set to  4000000.
NOTE from PE     0: ======== Model being driven by MOM_driver ========
NOTE from PE     0: callTree: o Program MOM_main, MOM_driver.F90
NOTE from PE     0: open_param_file: MOM_input has been opened successfully.
NOTE from PE     0: open_param_file: MOM_override has been opened successfully.

WARNING from PE     0: MOM_file_parser : DT over-ridden.  Line: 'DT = 300' in file MOM_override.


WARNING from PE     0: MOM_file_parser : DT_THERM over-ridden.  Line: 'DT_THERM = 600' in file MOM_override.


WARNING from PE     0: MOM_file_parser : NIGLOBAL over-ridden.  Line: 'NIGLOBAL = 128' in file MOM_override.


WARNING from PE     0: MOM_file_parser : NJGLOBAL over-ridden.  Line: 'NJGLOBAL = 128' in file MOM_override.

 MOM_in domain decomposition
whalo =    4, ehalo =    4, shalo =    4, nhalo =    4
  X-AXIS =   32  32  32  32
  Y-AXIS =   32  32  32  32
 MOM_inc domain decomposition
whalo =    2, ehalo =    2, shalo =    2, nhalo =    2
  X-AXIS =   16  16  16  16
  Y-AXIS =   16  16  16  16
NOTE from PE     0: diag_manager_mod::diag_manager_init: prepend_date only supported when diag_manager_init is called with time_init present.
NOTE from PE     0: diag_manager_mod::diag_manager_init: You are using the legacy version of the diag table
 MOM_in domain decomposition
whalo =    4, ehalo =    4, shalo =    4, nhalo =    4
  X-AXIS =   32  32  32  32
  Y-AXIS =   32  32  32  32
 MOM_in domain decomposition
whalo =    2, ehalo =    2, shalo =    2, nhalo =    2
  X-AXIS =   16  16  16  16
  Y-AXIS =   16  16  16  16

WARNING from PE     0: MOM_file_parser : NK over-ridden.  Line: 'NK = 100' in file MOM_override.

 MOM_in domain decomposition
whalo =    4, ehalo =    4, shalo =    4, nhalo =    4
  X-AXIS =   32  32  32  32
  Y-AXIS =   32  32  32  32
 MOM_in domain decomposition
whalo =    2, ehalo =    2, shalo =    2, nhalo =    2
  X-AXIS =   16  16  16  16
  Y-AXIS =   16  16  16  16

WARNING from PE     0: Open_file is appending .nc to the filename ./ocean_geometry


WARNING from PE     0: MOM_file_parser : COORD_CONFIG over-ridden.  Line: 'COORD_CONFIG = "linear"' in file MOM_override.

 MOM_in domain decomposition
whalo =    4, ehalo =    4, shalo =    4, nhalo =    4
  X-AXIS =   32  32  32  32
  Y-AXIS =   32  32  32  32
 MOM_in domain decomposition
whalo =    2, ehalo =    2, shalo =    2, nhalo =    2
  X-AXIS =   16  16  16  16
  Y-AXIS =   16  16  16  16
 MOM_in domain decomposition
whalo =    4, ehalo =    4, shalo =    4, nhalo =    4
  X-AXIS =   32  32  32  32
  Y-AXIS =   32  32  32  32
 MOM_in domain decomposition
whalo =    2, ehalo =    2, shalo =    2, nhalo =    2
  X-AXIS =   16  16  16  16
  Y-AXIS =   16  16  16  16

WARNING from PE     0: ./Depth_list.nc checksums do not match; updating file.


WARNING from PE     0: MOM_file_parser : DT_FORCING over-ridden.  Line: 'DT_FORCING = 600' in file MOM_override.


WARNING from PE     0: MOM_file_parser : DAYMAX over-ridden.  Line: 'DAYMAX = 150' in file MOM_override.


WARNING from PE     0: Unused line in MOM_input : GINT = 0.0098


WARNING from PE     0: open_ASCII_file: File ./CPU_stats opened WRITEONLY already exists!


WARNING from PE     0: open_ASCII_file: File ./ocean.stats opened WRITEONLY already exists!

MOM Time       0.000      0: En 9.164543E-12, MaxCFL  0.00000, Mass 5.286601636954E+18
    Total Energy: 41871A38330EA000  4.8449286382141113E+07
    Total Mass:   5.2866016369539963E+18, Change:   0.0000000000000000E+00 Error:  0.00000E+00 ( 0.0E+00)
MOM Time      50.000     50: En 4.018195E-05, MaxCFL  0.00184, Mass 5.286601636954E+18
    Total Energy: 42E82668CA0D57F2  2.1242596716819156E+14
    Total Mass:   5.2866016369539963E+18, Change:   8.4805247037050407E+01 Error:  8.48052E+01 ( 1.6E-17)
MOM Time     100.000    100: En 8.022032E-05, MaxCFL  0.00256, Mass 5.286601636954E+18
    Total Energy: 42F81B5D021CBF72  4.2409285765016712E+14
    Total Mass:   5.2866016369539973E+18, Change:  -3.9945119739020605E+00 Error: -3.99451E+00 (-7.6E-19)
 MOM_in domain decomposition
whalo =    4, ehalo =    4, shalo =    4, nhalo =    4
  X-AXIS =   32  32  32  32
  Y-AXIS =   32  32  32  32
 MOM_in domain decomposition
whalo =    2, ehalo =    2, shalo =    2, nhalo =    2
  X-AXIS =   16  16  16  16
  Y-AXIS =   16  16  16  16
 MOM_in domain decomposition
whalo =    4, ehalo =    4, shalo =    4, nhalo =    4
  X-AXIS =   32  32  32  32
  Y-AXIS =   32  32  32  32
 MOM_in domain decomposition
whalo =    2, ehalo =    2, shalo =    2, nhalo =    2
  X-AXIS =   16  16  16  16
  Y-AXIS =   16  16  16  16
MOM Time     150.000    150: En 6.198263E-05, MaxCFL  0.00212, Mass 5.286601636954E+18
    Total Energy: 42F2A055AEEB6F14  3.2767746550756925E+14
    Total Mass:   5.2866016369539963E+18, Change:   2.3279813841664314E+00 Error:  2.32798E+00 ( 4.4E-19)
 MOM_in domain decomposition
whalo =    4, ehalo =    4, shalo =    4, nhalo =    4
  X-AXIS =   32  32  32  32
  Y-AXIS =   32  32  32  32
 MOM_in domain decomposition
whalo =    2, ehalo =    2, shalo =    2, nhalo =    2
  X-AXIS =   16  16  16  16
  Y-AXIS =   16  16  16  16

WARNING from PE     0: open_ASCII_file: File RESTART/ocean_solo.res opened WRITEONLY already exists!


WARNING from PE     0: open_ASCII_file: File exitcode opened WRITEONLY already exists!

 MPP_DOMAINS_STACK high water mark=      275200

Tabulating mpp_clock statistics across     16 PEs...

                                      hits          tmin          tmax          tavg          tstd  tfrac grain pemin pemax
Total runtime                            1     11.853524     11.853528     11.853526      0.000001  1.000     0     0    15
Initialization                           1      0.142972      0.145716      0.144629      0.000927  0.012     0     0    15
Main loop                                1     11.380674     11.381248     11.381202      0.000136  0.960     0     0    15
Termination                              1      0.324622      0.324846      0.324827      0.000053  0.027     0     0    15
Ocean Initialization                     2      0.146357      0.149270      0.147581      0.000905  0.012    11     0    15
Ocean                                   75     10.730787     10.731771     10.731262      0.000323  0.905     1     0    15
Ocean dynamics                         300     10.579420     10.603036     10.592485      0.007208  0.894    11     0    15
Ocean thermodynamics and tracers       225      0.010317      0.012522      0.011037      0.000737  0.001    11     0    15
Ocean grid generation and remapp         0      0.000000      0.000000      0.000000      0.000000  0.000    11     0    15
Ocean Other                            450      0.044324      0.056646      0.051131      0.002789  0.004    11     0    15
(Ocean tracer advection)               150      0.005441      0.006954      0.006057      0.000522  0.001    21     0    15
(Ocean adiabatic driver)                75      0.004406      0.005897      0.004926      0.000438  0.000    21     0    15
(Ocean continuity equation *)            0      0.000000      0.000000      0.000000      0.000000  0.000    31     0    15
(Ocean set BBL viscosity)               75      0.066694      0.089970      0.080744      0.007180  0.007    31     0    15
(Ocean message passing *)              150      0.056446      0.079594      0.065806      0.007333  0.006    31     0    15
(Ocean MOM_initialize_state)             2      0.003698      0.006148      0.004331      0.000521  0.000    31     0    15
(Ocean init message passing *)           2      0.000922      0.001824      0.001498      0.000229  0.000    41     0    15
(Ocean mixed layer restrat)              0      0.000000      0.000000      0.000000      0.000000  0.000    31     0    15
(Ocean collective diagnostics)         375      0.012570      0.014537      0.013115      0.000480  0.001    31     0    15
(Ocean Z-space diagnostics)              0      0.000000      0.000000      0.000000      0.000000  0.000    31     0    15
(Ocean ALE)                              0      0.000000      0.000000      0.000000      0.000000  0.000    31     0    15
(Stochastic EOS)                       150      0.000010      0.000064      0.000032      0.000018  0.000    31     0    15
(SGS Temperature Variance)             150      0.000005      0.000024      0.000012      0.000007  0.000    31     0    15
(Ocean diagnostics framework)            0      0.000000      0.000000      0.000000      0.000000  0.000    31     0    15
(Ocean diagnostics remapping)            0      0.000000      0.000000      0.000000      0.000000  0.000    41     0    15
(Ocean diagnostics grid updates)       526      0.013419      0.015729      0.014551      0.000930  0.001    41     0    15
(Ocean init message passing)             4      0.002224      0.010652      0.005081      0.002601  0.000    41     0    15
(Ocean continuity reconstruction       902      0.540732      0.864590      0.715812      0.092341  0.060    41     0    15
(Ocean continuity update)              902      0.085400      0.097032      0.092371      0.003389  0.008    41     0    15
(Ocean continuity correction)          902      3.244159      3.581479      3.456651      0.095794  0.292    41     0    15
(Ocean BT pre-calcs only)             1200      0.657529      0.700182      0.679829      0.013721  0.057    41     0    15
(Ocean BT pre-step halo updates)      1200      0.150686      0.374545      0.247545      0.056119  0.021    41     0    15
(Ocean BT stepping calcs only)         600      0.023306      0.031278      0.025806      0.002341  0.002    41     0    15
(Ocean BT stepping halo updates)       300      0.006455      0.017073      0.011883      0.003626  0.001    41     0    15
(Ocean BT post-calcs only)             900      0.082966      0.087221      0.084611      0.001095  0.007    41     0    15
(Ocean BT post-step halo updates       600      0.016794      0.028476      0.022652      0.003365  0.002    41     0    15
(Ocean BT global synch)                  0      0.000000      0.000000      0.000000      0.000000  0.000    41     0    15
(Ocean Coriolis & mom advection)       300      0.371196      0.384338      0.376840      0.003123  0.032    31     0    15
(Ocean continuity equation)            450      3.867542      4.538216      4.262094      0.183715  0.360    31     0    15
(Ocean pressure force)                 150      0.256265      0.265007      0.261329      0.003157  0.022    31     0    15
(Ocean vertical viscosity)             450      3.023239      3.127984      3.071456      0.028730  0.259    31     0    15
(Ocean horizontal viscosity)           150      0.277779      0.286539      0.282832      0.002491  0.024    31     0    15
(Ocean momentum increments)            300      0.099966      0.107880      0.103346      0.002267  0.009    31     0    15
(Ocean message passing)               1350      0.503756      0.987510      0.690813      0.144443  0.058    31     0    15
(Ocean barotropic mode calc)           300      0.013854      0.014689      0.014121      0.000210  0.001    31     0    15
(Ocean barotropic mode stepping)       300      0.962100      1.213655      1.073360      0.067170  0.091    31     0    15
(Ocean barotropic forcing calc)        300      0.125716      0.137665      0.133645      0.003663  0.011    31     0    15
(Ocean advect tracer)                    0      0.000000      0.000000      0.000000      0.000000  0.000    31     0    15
(Ocean tracer halo updates)              0      0.000000      0.000000      0.000000      0.000000  0.000    41     0    15
(Ocean tracer global synch)              0      0.000000      0.000000      0.000000      0.000000  0.000    41     0    15
(Ocean diffuse tracer)                   0      0.000000      0.000000      0.000000      0.000000  0.000    31     0    15
(Ocean epipycnal diffuse tracer)         0      0.000000      0.000000      0.000000      0.000000  0.000    31     0    15
(Ocean surface forcing)                 76      0.001005      0.001289      0.001148      0.000081  0.000    31     0    15
(Ocean forcing diagnostics)            150      0.000376      0.001028      0.000644      0.000217  0.000    41     0    15
 MPP_STACK high water mark=           0
