NOTE from PE     0: MPP_DOMAINS_SET_STACK_SIZE: stack size set to    32768.
NOTE from PE     0: MPP_DOMAINS_SET_STACK_SIZE: stack size set to  4000000.
NOTE from PE     0: ======== Model being driven by MOM_driver ========
NOTE from PE     0: callTree: o Program MOM_main, MOM_driver.F90
NOTE from PE     0: open_param_file: MOM_input has been opened successfully.
NOTE from PE     0: open_param_file: MOM_override has been opened successfully.

WARNING from PE     0: MOM_file_parser : DT over-ridden.  Line: 'DT = 75' in file MOM_override.


WARNING from PE     0: MOM_file_parser : DT_THERM over-ridden.  Line: 'DT_THERM = 150' in file MOM_override.


WARNING from PE     0: MOM_file_parser : NIGLOBAL over-ridden.  Line: 'NIGLOBAL = 512' in file MOM_override.


WARNING from PE     0: MOM_file_parser : NJGLOBAL over-ridden.  Line: 'NJGLOBAL = 384' in file MOM_override.

 MOM_in domain decomposition
whalo =    4, ehalo =    4, shalo =    4, nhalo =    4
  X-AXIS =   32  32  32  32  32  32  32  32  32  32  32  32  32  32  32  32
  Y-AXIS =   32  32  32  32  32  32  32  32  32  32  32  32
 MOM_inc domain decomposition
whalo =    2, ehalo =    2, shalo =    2, nhalo =    2
  X-AXIS =   16  16  16  16  16  16  16  16  16  16  16  16  16  16  16  16
  Y-AXIS =   16  16  16  16  16  16  16  16  16  16  16  16
NOTE from PE     0: diag_manager_mod::diag_manager_init: prepend_date only supported when diag_manager_init is called with time_init present.
NOTE from PE     0: diag_manager_mod::diag_manager_init: You are using the legacy version of the diag table
 MOM_in domain decomposition
whalo =    4, ehalo =    4, shalo =    4, nhalo =    4
  X-AXIS =   32  32  32  32  32  32  32  32  32  32  32  32  32  32  32  32
  Y-AXIS =   32  32  32  32  32  32  32  32  32  32  32  32
 MOM_in domain decomposition
whalo =    2, ehalo =    2, shalo =    2, nhalo =    2
  X-AXIS =   16  16  16  16  16  16  16  16  16  16  16  16  16  16  16  16
  Y-AXIS =   16  16  16  16  16  16  16  16  16  16  16  16

WARNING from PE     0: MOM_file_parser : NK over-ridden.  Line: 'NK = 100' in file MOM_override.

 MOM_in domain decomposition
whalo =    4, ehalo =    4, shalo =    4, nhalo =    4
  X-AXIS =   32  32  32  32  32  32  32  32  32  32  32  32  32  32  32  32
  Y-AXIS =   32  32  32  32  32  32  32  32  32  32  32  32
 MOM_in domain decomposition
whalo =    2, ehalo =    2, shalo =    2, nhalo =    2
  X-AXIS =   16  16  16  16  16  16  16  16  16  16  16  16  16  16  16  16
  Y-AXIS =   16  16  16  16  16  16  16  16  16  16  16  16

WARNING from PE     0: Open_file is appending .nc to the filename ./ocean_geometry


WARNING from PE     0: MOM_file_parser : COORD_CONFIG over-ridden.  Line: 'COORD_CONFIG = "linear"' in file MOM_override.

 MOM_in domain decomposition
whalo =    4, ehalo =    4, shalo =    4, nhalo =    4
  X-AXIS =   32  32  32  32  32  32  32  32  32  32  32  32  32  32  32  32
  Y-AXIS =   32  32  32  32  32  32  32  32  32  32  32  32
 MOM_in domain decomposition
whalo =    2, ehalo =    2, shalo =    2, nhalo =    2
  X-AXIS =   16  16  16  16  16  16  16  16  16  16  16  16  16  16  16  16
  Y-AXIS =   16  16  16  16  16  16  16  16  16  16  16  16
 MOM_in domain decomposition
whalo =    4, ehalo =    4, shalo =    4, nhalo =    4
  X-AXIS =   32  32  32  32  32  32  32  32  32  32  32  32  32  32  32  32
  Y-AXIS =   32  32  32  32  32  32  32  32  32  32  32  32
 MOM_in domain decomposition
whalo =    2, ehalo =    2, shalo =    2, nhalo =    2
  X-AXIS =   16  16  16  16  16  16  16  16  16  16  16  16  16  16  16  16
  Y-AXIS =   16  16  16  16  16  16  16  16  16  16  16  16

WARNING from PE     0: ./Depth_list.nc checksums do not match; updating file.


WARNING from PE     0: MOM_file_parser : DT_FORCING over-ridden.  Line: 'DT_FORCING = 150' in file MOM_override.


WARNING from PE     0: MOM_file_parser : DAYMAX over-ridden.  Line: 'DAYMAX = 150' in file MOM_override.


WARNING from PE     0: Unused line in MOM_input : GINT = 0.0098


WARNING from PE     0: open_ASCII_file: File ./CPU_stats opened WRITEONLY already exists!


WARNING from PE     0: open_ASCII_file: File ./ocean.stats opened WRITEONLY already exists!

MOM Time       0.000      0: En 9.167723E-12, MaxCFL  0.00000, Mass 5.286423805966E+18
    Total Energy: 41871C12B5028250  4.8464470626225114E+07
    Total Mass:   5.2864238059656540E+18, Change:   0.0000000000000000E+00 Error:  0.00000E+00 ( 0.0E+00)
MOM Time      50.000     50: En 3.628262E-06, MaxCFL  0.00070, Mass 5.286423805966E+18
    Total Energy: 42B171D0917647BF  1.9180528170567746E+13
    Total Mass:   5.2864238059656540E+18, Change:   4.2731115339672264E+01 Error:  4.27311E+01 ( 8.1E-18)
MOM Time     100.000    100: En 1.302024E-05, MaxCFL  0.00126, Mass 5.286423805966E+18
    Total Energy: 42CF4CED9D574D7F  6.8830528974490992E+13
    Total Mass:   5.2864238059656540E+18, Change:   9.9355762605957931E-01 Error:  9.93558E-01 ( 1.9E-19)
 MOM_in domain decomposition
whalo =    4, ehalo =    4, shalo =    4, nhalo =    4
  X-AXIS =   32  32  32  32  32  32  32  32  32  32  32  32  32  32  32  32
  Y-AXIS =   32  32  32  32  32  32  32  32  32  32  32  32
 MOM_in domain decomposition
whalo =    2, ehalo =    2, shalo =    2, nhalo =    2
  X-AXIS =   16  16  16  16  16  16  16  16  16  16  16  16  16  16  16  16
  Y-AXIS =   16  16  16  16  16  16  16  16  16  16  16  16
 MOM_in domain decomposition
whalo =    4, ehalo =    4, shalo =    4, nhalo =    4
  X-AXIS =   32  32  32  32  32  32  32  32  32  32  32  32  32  32  32  32
  Y-AXIS =   32  32  32  32  32  32  32  32  32  32  32  32
 MOM_in domain decomposition
whalo =    2, ehalo =    2, shalo =    2, nhalo =    2
  X-AXIS =   16  16  16  16  16  16  16  16  16  16  16  16  16  16  16  16
  Y-AXIS =   16  16  16  16  16  16  16  16  16  16  16  16
MOM Time     150.000    150: En 2.597816E-05, MaxCFL  0.00165, Mass 5.286423805966E+18
    Total Energy: 42DF39BFD1D6E954  1.3733156718890131E+14
    Total Mass:   5.2864238059656540E+18, Change:  -1.2549079625366364E+00 Error: -1.25491E+00 (-2.4E-19)
 MOM_in domain decomposition
whalo =    4, ehalo =    4, shalo =    4, nhalo =    4
  X-AXIS =   32  32  32  32  32  32  32  32  32  32  32  32  32  32  32  32
  Y-AXIS =   32  32  32  32  32  32  32  32  32  32  32  32
 MOM_in domain decomposition
whalo =    2, ehalo =    2, shalo =    2, nhalo =    2
  X-AXIS =   16  16  16  16  16  16  16  16  16  16  16  16  16  16  16  16
  Y-AXIS =   16  16  16  16  16  16  16  16  16  16  16  16

WARNING from PE     0: open_ASCII_file: File RESTART/ocean_solo.res opened WRITEONLY already exists!


WARNING from PE     0: open_ASCII_file: File exitcode opened WRITEONLY already exists!

 MPP_DOMAINS_STACK high water mark=      275200

Tabulating mpp_clock statistics across    192 PEs...

                                      hits          tmin          tmax          tavg          tstd  tfrac grain pemin pemax
Total runtime                            1     43.740135     43.740147     43.740131      0.000011  1.000     0     0   191
Initialization                           1      0.865885      0.934182      0.902097      0.021065  0.021     0     0   191
Main loop                                1     37.228355     37.228962     37.228573      0.000144  0.851     0     0   191
Termination                              1      5.565875      5.567521      5.565897      0.000118  0.127     0     0   191
Ocean Initialization                     2      0.869487      0.943311      0.895936      0.017747  0.020    11     0   191
Ocean                                   75     26.295506     26.306461     26.301092      0.002140  0.601     1     0   191
Ocean dynamics                         300     25.309082     25.606085     25.534843      0.051554  0.584    11     0   191
Ocean thermodynamics and tracers       225      0.086619      0.114320      0.103535      0.006296  0.002    11     0   191
Ocean grid generation and remapp         0      0.000000      0.000000      0.000000      0.000000  0.000    11     0   191
Ocean Other                            450      0.212652      0.388681      0.258654      0.032416  0.006    11     0   191
(Ocean tracer advection)               150      0.058787      0.078801      0.069481      0.004187  0.002    21     0   191
(Ocean adiabatic driver)                75      0.027566      0.037798      0.033783      0.002307  0.001    21     0   191
(Ocean continuity equation *)            0      0.000000      0.000000      0.000000      0.000000  0.000    31     0   191
(Ocean set BBL viscosity)               75      0.187070      0.244388      0.219807      0.009935  0.005    31     0   191
(Ocean message passing *)              150      0.291597      0.601819      0.378158      0.054480  0.009    31     0   191
(Ocean MOM_initialize_state)             2      0.013333      0.025152      0.018480      0.002322  0.000    31     0   191
(Ocean init message passing *)           2      0.002360      0.011449      0.006528      0.002041  0.000    41     0   191
(Ocean mixed layer restrat)              0      0.000000      0.000000      0.000000      0.000000  0.000    31     0   191
(Ocean collective diagnostics)         375      0.055962      0.099964      0.079236      0.009004  0.002    31     0   191
(Ocean Z-space diagnostics)              0      0.000000      0.000000      0.000000      0.000000  0.000    31     0   191
(Ocean ALE)                              0      0.000000      0.000000      0.000000      0.000000  0.000    31     0   191
(Stochastic EOS)                       150      0.000011      0.001809      0.000291      0.000389  0.000    31     0   191
(SGS Temperature Variance)             150      0.000005      0.000022      0.000008      0.000003  0.000    31     0   191
(Ocean diagnostics framework)            0      0.000000      0.000000      0.000000      0.000000  0.000    31     0   191
(Ocean diagnostics remapping)            0      0.000000      0.000000      0.000000      0.000000  0.000    41     0   191
(Ocean diagnostics grid updates)       526      0.086622      0.121504      0.103782      0.008326  0.002    41     0   191
(Ocean init message passing)             4      0.002695      0.189520      0.057510      0.039915  0.001    41     0   191
(Ocean continuity reconstruction       902      1.014488      1.209177      1.097203      0.037149  0.025    41     0   191
(Ocean continuity update)              902      0.311752      0.469004      0.422515      0.029347  0.010    41     0   191
(Ocean continuity correction)          902      4.621337      5.979674      5.407042      0.350819  0.124    41     0   191
(Ocean BT pre-calcs only)             1200      1.967349      2.747648      2.220557      0.117630  0.051    41     0   191
(Ocean BT pre-step halo updates)      1200      0.851513      2.945498      1.820172      0.463764  0.042    41     0   191
(Ocean BT stepping calcs only)         600      0.035357      0.056491      0.044431      0.003930  0.001    41     0   191
(Ocean BT stepping halo updates)       300      0.039418      0.942143      0.134136      0.137052  0.003    41     0   191
(Ocean BT post-calcs only)             900      0.224256      0.375285      0.307564      0.032196  0.007    41     0   191
(Ocean BT post-step halo updates       600      0.117937      1.274812      0.293890      0.203109  0.007    41     0   191
(Ocean BT global synch)                  0      0.000000      0.000000      0.000000      0.000000  0.000    41     0   191
(Ocean Coriolis & mom advection)       300      0.926174      1.107852      1.009736      0.027356  0.023    31     0   191
(Ocean continuity equation)            450      6.044765      7.518372      6.925912      0.377283  0.158    31     0   191
(Ocean pressure force)                 150      1.697087      1.878940      1.798477      0.038916  0.041    31     0   191
(Ocean vertical viscosity)             450      4.366860      5.383513      4.632495      0.115423  0.106    31     0   191
(Ocean horizontal viscosity)           150      0.432368      0.542456      0.471869      0.022039  0.011    31     0   191
(Ocean momentum increments)            300      0.612527      0.778174      0.720999      0.028382  0.016    31     0   191
(Ocean message passing)               1350      1.965925      3.876947      2.770687      0.449534  0.063    31     0   191
(Ocean barotropic mode calc)           300      0.051367      0.091586      0.070895      0.007739  0.002    31     0   191
(Ocean barotropic mode stepping)       300      3.562057      6.087179      4.828987      0.545430  0.110    31     0   191
(Ocean barotropic forcing calc)        300      0.625939      0.829217      0.766223      0.031838  0.018    31     0   191
(Ocean advect tracer)                    0      0.000000      0.000000      0.000000      0.000000  0.000    31     0   191
(Ocean tracer halo updates)              0      0.000000      0.000000      0.000000      0.000000  0.000    41     0   191
(Ocean tracer global synch)              0      0.000000      0.000000      0.000000      0.000000  0.000    41     0   191
(Ocean diffuse tracer)                   0      0.000000      0.000000      0.000000      0.000000  0.000    31     0   191
(Ocean epipycnal diffuse tracer)         0      0.000000      0.000000      0.000000      0.000000  0.000    31     0   191
(Ocean surface forcing)                 76      0.001568      0.012225      0.006554      0.002469  0.000    31     0   191
(Ocean forcing diagnostics)            150      0.000687      0.007328      0.003041      0.001109  0.000    41     0   191
 MPP_STACK high water mark=           0
