NOTE from PE     0: MPP_DOMAINS_SET_STACK_SIZE: stack size set to    32768.
NOTE from PE     0: MPP_DOMAINS_SET_STACK_SIZE: stack size set to  4000000.
NOTE from PE     0: ======== Model being driven by MOM_driver ========
NOTE from PE     0: callTree: o Program MOM_main, MOM_driver.F90
NOTE from PE     0: open_param_file: MOM_input has been opened successfully.
NOTE from PE     0: open_param_file: MOM_override has been opened successfully.

WARNING from PE     0: MOM_file_parser : DT over-ridden.  Line: 'DT = 37' in file MOM_override.


WARNING from PE     0: MOM_file_parser : DT_THERM over-ridden.  Line: 'DT_THERM = 75' in file MOM_override.


WARNING from PE     0: MOM_file_parser : NIGLOBAL over-ridden.  Line: 'NIGLOBAL = 1024' in file MOM_override.


WARNING from PE     0: MOM_file_parser : NJGLOBAL over-ridden.  Line: 'NJGLOBAL = 1024' in file MOM_override.

 MOM_in domain decomposition
whalo =    4, ehalo =    4, shalo =    4, nhalo =    4
  X-AXIS =   64  64  64  64  64  64  64  64  64  64  64  64  64  64  64  64
  Y-AXIS =   86  86  85  85  85  85  85  85  85  85  86  86
 MOM_inc domain decomposition
whalo =    2, ehalo =    2, shalo =    2, nhalo =    2
  X-AXIS =   32  32  32  32  32  32  32  32  32  32  32  32  32  32  32  32
  Y-AXIS =   43  43  43  43  42  42  42  42  43  43  43  43
NOTE from PE     0: diag_manager_mod::diag_manager_init: prepend_date only supported when diag_manager_init is called with time_init present.
NOTE from PE     0: diag_manager_mod::diag_manager_init: You are using the legacy version of the diag table
 MOM_in domain decomposition
whalo =    4, ehalo =    4, shalo =    4, nhalo =    4
  X-AXIS =   64  64  64  64  64  64  64  64  64  64  64  64  64  64  64  64
  Y-AXIS =   86  86  85  85  85  85  85  85  85  85  86  86
 MOM_in domain decomposition
whalo =    2, ehalo =    2, shalo =    2, nhalo =    2
  X-AXIS =   32  32  32  32  32  32  32  32  32  32  32  32  32  32  32  32
  Y-AXIS =   43  43  43  43  42  42  42  42  43  43  43  43

WARNING from PE     0: MOM_file_parser : NK over-ridden.  Line: 'NK = 100' in file MOM_override.

 MOM_in domain decomposition
whalo =    4, ehalo =    4, shalo =    4, nhalo =    4
  X-AXIS =   64  64  64  64  64  64  64  64  64  64  64  64  64  64  64  64
  Y-AXIS =   86  86  85  85  85  85  85  85  85  85  86  86
 MOM_in domain decomposition
whalo =    2, ehalo =    2, shalo =    2, nhalo =    2
  X-AXIS =   32  32  32  32  32  32  32  32  32  32  32  32  32  32  32  32
  Y-AXIS =   43  43  43  43  42  42  42  42  43  43  43  43

WARNING from PE     0: Open_file is appending .nc to the filename ./ocean_geometry


WARNING from PE     0: MOM_file_parser : COORD_CONFIG over-ridden.  Line: 'COORD_CONFIG = "linear"' in file MOM_override.

 MOM_in domain decomposition
whalo =    4, ehalo =    4, shalo =    4, nhalo =    4
  X-AXIS =   64  64  64  64  64  64  64  64  64  64  64  64  64  64  64  64
  Y-AXIS =   86  86  85  85  85  85  85  85  85  85  86  86
 MOM_in domain decomposition
whalo =    2, ehalo =    2, shalo =    2, nhalo =    2
  X-AXIS =   32  32  32  32  32  32  32  32  32  32  32  32  32  32  32  32
  Y-AXIS =   43  43  43  43  42  42  42  42  43  43  43  43
 MOM_in domain decomposition
whalo =    4, ehalo =    4, shalo =    4, nhalo =    4
  X-AXIS =   64  64  64  64  64  64  64  64  64  64  64  64  64  64  64  64
  Y-AXIS =   86  86  85  85  85  85  85  85  85  85  86  86
 MOM_in domain decomposition
whalo =    2, ehalo =    2, shalo =    2, nhalo =    2
  X-AXIS =   32  32  32  32  32  32  32  32  32  32  32  32  32  32  32  32
  Y-AXIS =   43  43  43  43  42  42  42  42  43  43  43  43

WARNING from PE     0: ./Depth_list.nc checksums do not match; updating file.


WARNING from PE     0: MOM_file_parser : DT_FORCING over-ridden.  Line: 'DT_FORCING = 75' in file MOM_override.


WARNING from PE     0: MOM_file_parser : DAYMAX over-ridden.  Line: 'DAYMAX = 150' in file MOM_override.


WARNING from PE     0: Unused line in MOM_input : GINT = 0.0098


WARNING from PE     0: open_ASCII_file: File ./CPU_stats opened WRITEONLY already exists!


WARNING from PE     0: open_ASCII_file: File ./ocean.stats opened WRITEONLY already exists!

MOM Time       0.000      0: En 9.167942E-12, MaxCFL  0.00000, Mass 5.286411564124E+18
    Total Energy: 41871C336630D599  4.8465516773844905E+07
    Total Mass:   5.2864115641239163E+18, Change:   0.0000000000000000E+00 Error:  0.00000E+00 ( 0.0E+00)
MOM Time      50.676     75: En 9.561068E-07, MaxCFL  0.00036, Mass 5.286411564124E+18
    Total Energy: 42926340A0386CDD  5.0543738260752158E+12
    Total Mass:   5.2864115641239163E+18, Change:   2.7469496140543090E+01 Error:  2.74695E+01 ( 5.2E-18)
MOM Time      99.324    147: En 3.499944E-06, MaxCFL  0.00068, Mass 5.286411564124E+18
    Total Energy: 42B0D3DDD3E4317F  1.8502145795121496E+13
    Total Mass:   5.2864115641239163E+18, Change:  -2.1090870932770445E+00 Error: -2.10909E+00 (-4.0E-19)
 MOM_in domain decomposition
whalo =    4, ehalo =    4, shalo =    4, nhalo =    4
  X-AXIS =   64  64  64  64  64  64  64  64  64  64  64  64  64  64  64  64
  Y-AXIS =   86  86  85  85  85  85  85  85  85  85  86  86
 MOM_in domain decomposition
whalo =    2, ehalo =    2, shalo =    2, nhalo =    2
  X-AXIS =   32  32  32  32  32  32  32  32  32  32  32  32  32  32  32  32
  Y-AXIS =   43  43  43  43  42  42  42  42  43  43  43  43
 MOM_in domain decomposition
whalo =    4, ehalo =    4, shalo =    4, nhalo =    4
  X-AXIS =   64  64  64  64  64  64  64  64  64  64  64  64  64  64  64  64
  Y-AXIS =   86  86  85  85  85  85  85  85  85  85  86  86
 MOM_in domain decomposition
whalo =    2, ehalo =    2, shalo =    2, nhalo =    2
  X-AXIS =   32  32  32  32  32  32  32  32  32  32  32  32  32  32  32  32
  Y-AXIS =   43  43  43  43  42  42  42  42  43  43  43  43
 MOM_in domain decomposition
whalo =    4, ehalo =    4, shalo =    4, nhalo =    4
  X-AXIS =   64  64  64  64  64  64  64  64  64  64  64  64  64  64  64  64
  Y-AXIS =   86  86  85  85  85  85  85  85  85  85  86  86
 MOM_in domain decomposition
whalo =    2, ehalo =    2, shalo =    2, nhalo =    2
  X-AXIS =   32  32  32  32  32  32  32  32  32  32  32  32  32  32  32  32
  Y-AXIS =   43  43  43  43  42  42  42  42  43  43  43  43
 MOM_in domain decomposition
whalo =    4, ehalo =    4, shalo =    4, nhalo =    4
  X-AXIS =   64  64  64  64  64  64  64  64  64  64  64  64  64  64  64  64
  Y-AXIS =   86  86  85  85  85  85  85  85  85  85  86  86
 MOM_in domain decomposition
whalo =    2, ehalo =    2, shalo =    2, nhalo =    2
  X-AXIS =   32  32  32  32  32  32  32  32  32  32  32  32  32  32  32  32
  Y-AXIS =   43  43  43  43  42  42  42  42  43  43  43  43
MOM Time     150.000    222: En 7.572530E-06, MaxCFL  0.00098, Mass 5.286411564124E+18
    Total Energy: 42C23447FABD413B  4.0031510428290461E+13
    Total Mass:   5.2864115641239163E+18, Change:   2.1165322302052048E-01 Error:  2.11653E-01 ( 4.0E-20)
 MOM_in domain decomposition
whalo =    4, ehalo =    4, shalo =    4, nhalo =    4
  X-AXIS =   64  64  64  64  64  64  64  64  64  64  64  64  64  64  64  64
  Y-AXIS =   86  86  85  85  85  85  85  85  85  85  86  86
 MOM_in domain decomposition
whalo =    2, ehalo =    2, shalo =    2, nhalo =    2
  X-AXIS =   32  32  32  32  32  32  32  32  32  32  32  32  32  32  32  32
  Y-AXIS =   43  43  43  43  42  42  42  42  43  43  43  43
 MOM_in domain decomposition
whalo =    4, ehalo =    4, shalo =    4, nhalo =    4
  X-AXIS =   64  64  64  64  64  64  64  64  64  64  64  64  64  64  64  64
  Y-AXIS =   86  86  85  85  85  85  85  85  85  85  86  86
 MOM_in domain decomposition
whalo =    2, ehalo =    2, shalo =    2, nhalo =    2
  X-AXIS =   32  32  32  32  32  32  32  32  32  32  32  32  32  32  32  32
  Y-AXIS =   43  43  43  43  42  42  42  42  43  43  43  43

WARNING from PE     0: open_ASCII_file: File RESTART/ocean_solo.res opened WRITEONLY already exists!


WARNING from PE     0: open_ASCII_file: File exitcode opened WRITEONLY already exists!

 MPP_DOMAINS_STACK high water mark=      619200

Tabulating mpp_clock statistics across    192 PEs...

                                      hits          tmin          tmax          tavg          tstd  tfrac grain pemin pemax
Total runtime                            1    270.506866    270.506897    270.506866      0.000030  1.000     0     0   191
Initialization                           1      1.817536      1.881129      1.852624      0.019416  0.007     0     0   191
Main loop                                1    240.337189    240.345215    240.337326      0.000575  0.888     0     0   191
Termination                              1     28.263206     28.271883     28.271830      0.000624  0.105     0     0   191
Ocean Initialization                     2      1.818194      1.885322      1.849382      0.016981  0.007    11     0   191
Ocean                                   74    181.811783    181.832199    181.820389      0.004778  0.672     1     0   191
Ocean dynamics                         444    178.238861    178.931442    178.633362      0.121629  0.660    11     0   191
Ocean thermodynamics and tracers       222      0.375530      0.528807      0.468804      0.037950  0.002    11     0   191
Ocean grid generation and remapp         0      0.000000      0.000000      0.000000      0.000000  0.000    11     0   191
Ocean Other                            518      0.913495      1.223416      1.032785      0.053770  0.004    11     0   191
(Ocean tracer advection)               148      0.245878      0.356911      0.313727      0.027209  0.001    21     0   191
(Ocean adiabatic driver)                74      0.110208      0.175870      0.154810      0.013157  0.001    21     0   191
(Ocean continuity equation *)            0      0.000000      0.000000      0.000000      0.000000  0.000    31     0   191
(Ocean set BBL viscosity)               74      0.901898      1.261149      1.066603      0.063905  0.004    31     0   191
(Ocean message passing *)              148      0.620104      1.610628      0.934349      0.183669  0.003    31     0   191
(Ocean MOM_initialize_state)             2      0.021898      0.107137      0.032754      0.021122  0.000    31     0   191
(Ocean init message passing *)           2      0.003250      0.085054      0.010490      0.016188  0.000    41     0   191
(Ocean mixed layer restrat)              0      0.000000      0.000000      0.000000      0.000000  0.000    31     0   191
(Ocean collective diagnostics)         444      0.220274      0.432694      0.355127      0.049183  0.001    31     0   191
(Ocean Z-space diagnostics)              0      0.000000      0.000000      0.000000      0.000000  0.000    31     0   191
(Ocean ALE)                              0      0.000000      0.000000      0.000000      0.000000  0.000    31     0   191
(Stochastic EOS)                       222      0.000015      0.001062      0.000079      0.000145  0.000    31     0   191
(SGS Temperature Variance)             222      0.000009      0.000040      0.000018      0.000007  0.000    31     0   191
(Ocean diagnostics framework)            0      0.000000      0.000000      0.000000      0.000000  0.000    31     0   191
(Ocean diagnostics remapping)            0      0.000000      0.000000      0.000000      0.000000  0.000    41     0   191
(Ocean diagnostics grid updates)       741      0.553851      0.974727      0.779321      0.101367  0.003    41     0   191
(Ocean init message passing)             4      0.008255      0.238421      0.083095      0.050227  0.000    41     0   191
(Ocean continuity reconstruction      1334      6.844254      9.408985      7.882710      0.475505  0.029    41     0   191
(Ocean continuity update)             1334      2.168191      4.548010      3.623382      0.414445  0.013    41     0   191
(Ocean continuity correction)         1334     33.038448     46.473743     40.297329      2.846757  0.149    41     0   191
(Ocean BT pre-calcs only)             1776     14.630005     21.277197     17.663614      1.489350  0.065    41     0   191
(Ocean BT pre-step halo updates)      1776      2.519858     15.502775      7.029803      2.574127  0.026    41     0   191
(Ocean BT stepping calcs only)         888      0.285956      1.193948      0.549666      0.191407  0.002    41     0   191
(Ocean BT stepping halo updates)       444      0.123981      1.902200      0.485898      0.355204  0.002    41     0   191
(Ocean BT post-calcs only)            1332      1.221893      2.943337      2.403929      0.388090  0.009    41     0   191
(Ocean BT post-step halo updates       888      0.505027      2.924956      1.375110      0.558259  0.005    41     0   191
(Ocean BT global synch)                  0      0.000000      0.000000      0.000000      0.000000  0.000    41     0   191
(Ocean Coriolis & mom advection)       444      6.007231      7.991741      7.002491      0.421480  0.026    31     0   191
(Ocean continuity equation)            666     44.157001     57.514217     51.784695      2.882889  0.191    31     0   191
(Ocean pressure force)                 222     12.620136     14.351695     13.535439      0.327813  0.050    31     0   191
(Ocean vertical viscosity)             666     36.496559     42.565018     40.147346      1.275481  0.148    31     0   191
(Ocean horizontal viscosity)           222      2.955468      3.957947      3.274020      0.184114  0.012    31     0   191
(Ocean momentum increments)            444      3.747803      5.741968      5.263908      0.345504  0.019    31     0   191
(Ocean message passing)               1998      7.947153     17.905514     12.519517      1.810996  0.046    31     0   191
(Ocean barotropic mode calc)           444      0.510862      0.836820      0.726890      0.072095  0.003    31     0   191
(Ocean barotropic mode stepping)       444     24.125044     38.886395     29.522696      3.179491  0.109    31     0   191
(Ocean barotropic forcing calc)        444      4.294774      5.500568      4.928421      0.272616  0.018    31     0   191
(Ocean advect tracer)                    0      0.000000      0.000000      0.000000      0.000000  0.000    31     0   191
(Ocean tracer halo updates)              0      0.000000      0.000000      0.000000      0.000000  0.000    41     0   191
(Ocean tracer global synch)              0      0.000000      0.000000      0.000000      0.000000  0.000    41     0   191
(Ocean diffuse tracer)                   0      0.000000      0.000000      0.000000      0.000000  0.000    31     0   191
(Ocean epipycnal diffuse tracer)         0      0.000000      0.000000      0.000000      0.000000  0.000    31     0   191
(Ocean surface forcing)                 75      0.001805      0.013535      0.006995      0.002383  0.000    31     0   191
(Ocean forcing diagnostics)            148      0.000735      0.008519      0.004036      0.001451  0.000    41     0   191
 MPP_STACK high water mark=           0
