NOTE from PE     0: MPP_DOMAINS_SET_STACK_SIZE: stack size set to    32768.
NOTE from PE     0: MPP_DOMAINS_SET_STACK_SIZE: stack size set to  4000000.
NOTE from PE     0: ======== Model being driven by MOM_driver ========
NOTE from PE     0: callTree: o Program MOM_main, MOM_driver.F90
NOTE from PE     0: open_param_file: MOM_input has been opened successfully.
NOTE from PE     0: open_param_file: MOM_override has been opened successfully.

WARNING from PE     0: MOM_file_parser : DT over-ridden.  Line: 'DT = 37' in file MOM_override.


WARNING from PE     0: MOM_file_parser : DT_THERM over-ridden.  Line: 'DT_THERM = 75' in file MOM_override.


WARNING from PE     0: MOM_file_parser : NIGLOBAL over-ridden.  Line: 'NIGLOBAL = 1024' in file MOM_override.


WARNING from PE     0: MOM_file_parser : NJGLOBAL over-ridden.  Line: 'NJGLOBAL = 512' in file MOM_override.

 MOM_in domain decomposition
whalo =    4, ehalo =    4, shalo =    4, nhalo =    4
  X-AXIS =   64  64  64  64  64  64  64  64  64  64  64  64  64  64  64  64
  Y-AXIS =   43  43  43  43  42  42  42  42  43  43  43  43
 MOM_inc domain decomposition
whalo =    2, ehalo =    2, shalo =    2, nhalo =    2
  X-AXIS =   32  32  32  32  32  32  32  32  32  32  32  32  32  32  32  32
  Y-AXIS =   22  22  21  21  21  21  21  21  21  21  22  22
NOTE from PE     0: diag_manager_mod::diag_manager_init: prepend_date only supported when diag_manager_init is called with time_init present.
NOTE from PE     0: diag_manager_mod::diag_manager_init: You are using the legacy version of the diag table
 MOM_in domain decomposition
whalo =    4, ehalo =    4, shalo =    4, nhalo =    4
  X-AXIS =   64  64  64  64  64  64  64  64  64  64  64  64  64  64  64  64
  Y-AXIS =   43  43  43  43  42  42  42  42  43  43  43  43
 MOM_in domain decomposition
whalo =    2, ehalo =    2, shalo =    2, nhalo =    2
  X-AXIS =   32  32  32  32  32  32  32  32  32  32  32  32  32  32  32  32
  Y-AXIS =   22  22  21  21  21  21  21  21  21  21  22  22

WARNING from PE     0: MOM_file_parser : NK over-ridden.  Line: 'NK = 100' in file MOM_override.

 MOM_in domain decomposition
whalo =    4, ehalo =    4, shalo =    4, nhalo =    4
  X-AXIS =   64  64  64  64  64  64  64  64  64  64  64  64  64  64  64  64
  Y-AXIS =   43  43  43  43  42  42  42  42  43  43  43  43
 MOM_in domain decomposition
whalo =    2, ehalo =    2, shalo =    2, nhalo =    2
  X-AXIS =   32  32  32  32  32  32  32  32  32  32  32  32  32  32  32  32
  Y-AXIS =   22  22  21  21  21  21  21  21  21  21  22  22

WARNING from PE     0: Open_file is appending .nc to the filename ./ocean_geometry


WARNING from PE     0: MOM_file_parser : COORD_CONFIG over-ridden.  Line: 'COORD_CONFIG = "linear"' in file MOM_override.

 MOM_in domain decomposition
whalo =    4, ehalo =    4, shalo =    4, nhalo =    4
  X-AXIS =   64  64  64  64  64  64  64  64  64  64  64  64  64  64  64  64
  Y-AXIS =   43  43  43  43  42  42  42  42  43  43  43  43
 MOM_in domain decomposition
whalo =    2, ehalo =    2, shalo =    2, nhalo =    2
  X-AXIS =   32  32  32  32  32  32  32  32  32  32  32  32  32  32  32  32
  Y-AXIS =   22  22  21  21  21  21  21  21  21  21  22  22
 MOM_in domain decomposition
whalo =    4, ehalo =    4, shalo =    4, nhalo =    4
  X-AXIS =   64  64  64  64  64  64  64  64  64  64  64  64  64  64  64  64
  Y-AXIS =   43  43  43  43  42  42  42  42  43  43  43  43
 MOM_in domain decomposition
whalo =    2, ehalo =    2, shalo =    2, nhalo =    2
  X-AXIS =   32  32  32  32  32  32  32  32  32  32  32  32  32  32  32  32
  Y-AXIS =   22  22  21  21  21  21  21  21  21  21  22  22

WARNING from PE     0: ./Depth_list.nc checksums do not match; updating file.


WARNING from PE     0: MOM_file_parser : DT_FORCING over-ridden.  Line: 'DT_FORCING = 75' in file MOM_override.


WARNING from PE     0: MOM_file_parser : DAYMAX over-ridden.  Line: 'DAYMAX = 150' in file MOM_override.


WARNING from PE     0: Unused line in MOM_input : GINT = 0.0098


WARNING from PE     0: open_ASCII_file: File ./CPU_stats opened WRITEONLY already exists!


WARNING from PE     0: open_ASCII_file: File ./ocean.stats opened WRITEONLY already exists!

MOM Time       0.000      0: En 9.167888E-12, MaxCFL  0.00000, Mass 5.286414704261E+18
    Total Energy: 41871C2B4287A172  4.8465256316225901E+07
    Total Mass:   5.2864147042613893E+18, Change:   0.0000000000000000E+00 Error:  0.00000E+00 ( 0.0E+00)
MOM Time      50.676     75: En 9.561082E-07, MaxCFL  0.00036, Mass 5.286414704261E+18
    Total Energy: 429263431CDBFD45  5.0543842567673174E+12
    Total Mass:   5.2864147042613893E+18, Change:   2.4812445309513802E+01 Error:  2.48124E+01 ( 4.7E-18)
MOM Time      99.324    147: En 3.499934E-06, MaxCFL  0.00068, Mass 5.286414704261E+18
    Total Energy: 42B0D3DB48481627  1.8502103091222152E+13
    Total Mass:   5.2864147042613893E+18, Change:   1.2584787399027206E+00 Error:  1.25848E+00 ( 2.4E-19)
 MOM_in domain decomposition
whalo =    4, ehalo =    4, shalo =    4, nhalo =    4
  X-AXIS =   64  64  64  64  64  64  64  64  64  64  64  64  64  64  64  64
  Y-AXIS =   43  43  43  43  42  42  42  42  43  43  43  43
 MOM_in domain decomposition
whalo =    2, ehalo =    2, shalo =    2, nhalo =    2
  X-AXIS =   32  32  32  32  32  32  32  32  32  32  32  32  32  32  32  32
  Y-AXIS =   22  22  21  21  21  21  21  21  21  21  22  22
 MOM_in domain decomposition
whalo =    4, ehalo =    4, shalo =    4, nhalo =    4
  X-AXIS =   64  64  64  64  64  64  64  64  64  64  64  64  64  64  64  64
  Y-AXIS =   43  43  43  43  42  42  42  42  43  43  43  43
 MOM_in domain decomposition
whalo =    2, ehalo =    2, shalo =    2, nhalo =    2
  X-AXIS =   32  32  32  32  32  32  32  32  32  32  32  32  32  32  32  32
  Y-AXIS =   22  22  21  21  21  21  21  21  21  21  22  22
MOM Time     150.000    222: En 7.572478E-06, MaxCFL  0.00098, Mass 5.286414704261E+18
    Total Energy: 42C234407625E4D9  4.0031258168265695E+13
    Total Mass:   5.2864147042613893E+18, Change:  -7.3779749640755043E-01 Error: -7.37797E-01 (-1.4E-19)
 MOM_in domain decomposition
whalo =    4, ehalo =    4, shalo =    4, nhalo =    4
  X-AXIS =   64  64  64  64  64  64  64  64  64  64  64  64  64  64  64  64
  Y-AXIS =   43  43  43  43  42  42  42  42  43  43  43  43
 MOM_in domain decomposition
whalo =    2, ehalo =    2, shalo =    2, nhalo =    2
  X-AXIS =   32  32  32  32  32  32  32  32  32  32  32  32  32  32  32  32
  Y-AXIS =   22  22  21  21  21  21  21  21  21  21  22  22

WARNING from PE     0: open_ASCII_file: File RESTART/ocean_solo.res opened WRITEONLY already exists!


WARNING from PE     0: open_ASCII_file: File exitcode opened WRITEONLY already exists!

 MPP_DOMAINS_STACK high water mark=      447200

Tabulating mpp_clock statistics across    192 PEs...

                                      hits          tmin          tmax          tavg          tstd  tfrac grain pemin pemax
Total runtime                            1    138.131363    138.131393    138.131363      0.000030  1.000     0     0   191
Initialization                           1      1.168828      1.236265      1.203571      0.019405  0.009     0     0   191
Main loop                                1    122.359344    122.359848    122.359474      0.000096  0.886     0     0   191
Termination                              1     14.528477     14.529047     14.528493      0.000041  0.105     0     0   191
Ocean Initialization                     2      1.170990      1.261332      1.201399      0.017662  0.009    11     0   191
Ocean                                   74     93.722214     93.738831     93.731209      0.003359  0.679     1     0   191
Ocean dynamics                         444     91.701668     92.188965     91.983147      0.113270  0.666    11     0   191
Ocean thermodynamics and tracers       222      0.181630      0.260330      0.224018      0.023572  0.002    11     0   191
Ocean grid generation and remapp         0      0.000000      0.000000      0.000000      0.000000  0.000    11     0   191
Ocean Other                            518      0.455249      0.807178      0.564419      0.083087  0.004    11     0   191
(Ocean tracer advection)               148      0.120780      0.175141      0.150022      0.016716  0.001    21     0   191
(Ocean adiabatic driver)                74      0.057437      0.085556      0.073829      0.007201  0.001    21     0   191
(Ocean continuity equation *)            0      0.000000      0.000000      0.000000      0.000000  0.000    31     0   191
(Ocean set BBL viscosity)               74      0.402738      0.642342      0.516430      0.036229  0.004    31     0   191
(Ocean message passing *)              148      0.457373      1.104666      0.690149      0.172678  0.005    31     0   191
(Ocean MOM_initialize_state)             2      0.012520      0.038886      0.020675      0.005206  0.000    31     0   191
(Ocean init message passing *)           2      0.001503      0.016820      0.006070      0.002477  0.000    41     0   191
(Ocean mixed layer restrat)              0      0.000000      0.000000      0.000000      0.000000  0.000    31     0   191
(Ocean collective diagnostics)         444      0.114312      0.225536      0.179759      0.027006  0.001    31     0   191
(Ocean Z-space diagnostics)              0      0.000000      0.000000      0.000000      0.000000  0.000    31     0   191
(Ocean ALE)                              0      0.000000      0.000000      0.000000      0.000000  0.000    31     0   191
(Stochastic EOS)                       222      0.000021      0.003256      0.000287      0.000383  0.000    31     0   191
(SGS Temperature Variance)             222      0.000007      0.000040      0.000014      0.000006  0.000    31     0   191
(Ocean diagnostics framework)            0      0.000000      0.000000      0.000000      0.000000  0.000    31     0   191
(Ocean diagnostics remapping)            0      0.000000      0.000000      0.000000      0.000000  0.000    41     0   191
(Ocean diagnostics grid updates)       741      0.303091      0.479324      0.406588      0.042205  0.003    41     0   191
(Ocean init message passing)             4      0.002084      0.225962      0.072627      0.052167  0.001    41     0   191
(Ocean continuity reconstruction      1334      3.453166      4.862613      3.946531      0.274086  0.029    41     0   191
(Ocean continuity update)             1334      1.087068      2.089204      1.682089      0.220082  0.012    41     0   191
(Ocean continuity correction)         1334     17.133652     24.155958     20.766699      1.453223  0.150    41     0   191
(Ocean BT pre-calcs only)             1776      6.657358     10.379587      8.523564      0.787168  0.062    41     0   191
(Ocean BT pre-step halo updates)      1776      1.625862      9.935478      4.577208      1.852598  0.033    41     0   191
(Ocean BT stepping calcs only)         888      0.128964      0.386730      0.212566      0.060438  0.002    41     0   191
(Ocean BT stepping halo updates)       444      0.105061      1.055038      0.363023      0.238014  0.003    41     0   191
(Ocean BT post-calcs only)            1332      0.600567      1.468040      1.186788      0.200970  0.009    41     0   191
(Ocean BT post-step halo updates       888      0.374962      1.468310      0.798617      0.287484  0.006    41     0   191
(Ocean BT global synch)                  0      0.000000      0.000000      0.000000      0.000000  0.000    41     0   191
(Ocean Coriolis & mom advection)       444      3.144591      3.991060      3.610131      0.193335  0.026    31     0   191
(Ocean continuity equation)            666     22.145229     29.974686     26.389315      1.573716  0.191    31     0   191
(Ocean pressure force)                 222      6.043413      7.588105      6.682349      0.245484  0.048    31     0   191
(Ocean vertical viscosity)             666     17.848549     21.696913     19.829100      0.871383  0.144    31     0   191
(Ocean horizontal viscosity)           222      1.534397      2.020782      1.670574      0.081606  0.012    31     0   191
(Ocean momentum increments)            444      1.674348      2.830740      2.580178      0.223630  0.019    31     0   191
(Ocean message passing)               1998      5.046244     12.101145      7.807262      1.417462  0.057    31     0   191
(Ocean barotropic mode calc)           444      0.194142      0.378859      0.305451      0.035100  0.002    31     0   191
(Ocean barotropic mode stepping)       444     12.514075     21.086699     15.672475      1.747397  0.113    31     0   191
(Ocean barotropic forcing calc)        444      2.006534      2.842649      2.512327      0.242828  0.018    31     0   191
(Ocean advect tracer)                    0      0.000000      0.000000      0.000000      0.000000  0.000    31     0   191
(Ocean tracer halo updates)              0      0.000000      0.000000      0.000000      0.000000  0.000    41     0   191
(Ocean tracer global synch)              0      0.000000      0.000000      0.000000      0.000000  0.000    41     0   191
(Ocean diffuse tracer)                   0      0.000000      0.000000      0.000000      0.000000  0.000    31     0   191
(Ocean epipycnal diffuse tracer)         0      0.000000      0.000000      0.000000      0.000000  0.000    31     0   191
(Ocean surface forcing)                 75      0.001610      0.012898      0.006675      0.002546  0.000    31     0   191
(Ocean forcing diagnostics)            148      0.000457      0.002712      0.001190      0.000615  0.000    41     0   191
 MPP_STACK high water mark=           0
