NOTE from PE     0: MPP_DOMAINS_SET_STACK_SIZE: stack size set to    32768.
NOTE from PE     0: MPP_DOMAINS_SET_STACK_SIZE: stack size set to  4000000.
NOTE from PE     0: ======== Model being driven by MOM_driver ========
NOTE from PE     0: callTree: o Program MOM_main, MOM_driver.F90
NOTE from PE     0: open_param_file: MOM_input has been opened successfully.
NOTE from PE     0: open_param_file: MOM_override has been opened successfully.

WARNING from PE     0: MOM_file_parser : DT over-ridden.  Line: 'DT = 75' in file MOM_override.


WARNING from PE     0: MOM_file_parser : DT_THERM over-ridden.  Line: 'DT_THERM = 150' in file MOM_override.


WARNING from PE     0: MOM_file_parser : NIGLOBAL over-ridden.  Line: 'NIGLOBAL = 512' in file MOM_override.


WARNING from PE     0: MOM_file_parser : NJGLOBAL over-ridden.  Line: 'NJGLOBAL = 256' in file MOM_override.

 MOM_in domain decomposition
whalo =    4, ehalo =    4, shalo =    4, nhalo =    4
  X-AXIS =   32  32  32  32  32  32  32  32  32  32  32  32  32  32  32  32
  Y-AXIS =   32  32  32  32  32  32  32  32
 MOM_inc domain decomposition
whalo =    2, ehalo =    2, shalo =    2, nhalo =    2
  X-AXIS =   16  16  16  16  16  16  16  16  16  16  16  16  16  16  16  16
  Y-AXIS =   16  16  16  16  16  16  16  16
NOTE from PE     0: diag_manager_mod::diag_manager_init: prepend_date only supported when diag_manager_init is called with time_init present.
NOTE from PE     0: diag_manager_mod::diag_manager_init: You are using the legacy version of the diag table
 MOM_in domain decomposition
whalo =    4, ehalo =    4, shalo =    4, nhalo =    4
  X-AXIS =   32  32  32  32  32  32  32  32  32  32  32  32  32  32  32  32
  Y-AXIS =   32  32  32  32  32  32  32  32
 MOM_in domain decomposition
whalo =    2, ehalo =    2, shalo =    2, nhalo =    2
  X-AXIS =   16  16  16  16  16  16  16  16  16  16  16  16  16  16  16  16
  Y-AXIS =   16  16  16  16  16  16  16  16

WARNING from PE     0: MOM_file_parser : NK over-ridden.  Line: 'NK = 100' in file MOM_override.

 MOM_in domain decomposition
whalo =    4, ehalo =    4, shalo =    4, nhalo =    4
  X-AXIS =   32  32  32  32  32  32  32  32  32  32  32  32  32  32  32  32
  Y-AXIS =   32  32  32  32  32  32  32  32
 MOM_in domain decomposition
whalo =    2, ehalo =    2, shalo =    2, nhalo =    2
  X-AXIS =   16  16  16  16  16  16  16  16  16  16  16  16  16  16  16  16
  Y-AXIS =   16  16  16  16  16  16  16  16

WARNING from PE     0: Open_file is appending .nc to the filename ./ocean_geometry


WARNING from PE     0: MOM_file_parser : COORD_CONFIG over-ridden.  Line: 'COORD_CONFIG = "linear"' in file MOM_override.

 MOM_in domain decomposition
whalo =    4, ehalo =    4, shalo =    4, nhalo =    4
  X-AXIS =   32  32  32  32  32  32  32  32  32  32  32  32  32  32  32  32
  Y-AXIS =   32  32  32  32  32  32  32  32
 MOM_in domain decomposition
whalo =    2, ehalo =    2, shalo =    2, nhalo =    2
  X-AXIS =   16  16  16  16  16  16  16  16  16  16  16  16  16  16  16  16
  Y-AXIS =   16  16  16  16  16  16  16  16
 MOM_in domain decomposition
whalo =    4, ehalo =    4, shalo =    4, nhalo =    4
  X-AXIS =   32  32  32  32  32  32  32  32  32  32  32  32  32  32  32  32
  Y-AXIS =   32  32  32  32  32  32  32  32
 MOM_in domain decomposition
whalo =    2, ehalo =    2, shalo =    2, nhalo =    2
  X-AXIS =   16  16  16  16  16  16  16  16  16  16  16  16  16  16  16  16
  Y-AXIS =   16  16  16  16  16  16  16  16

WARNING from PE     0: ./Depth_list.nc checksums do not match; updating file.


WARNING from PE     0: MOM_file_parser : DT_FORCING over-ridden.  Line: 'DT_FORCING = 150' in file MOM_override.


WARNING from PE     0: MOM_file_parser : DAYMAX over-ridden.  Line: 'DAYMAX = 150' in file MOM_override.


WARNING from PE     0: Unused line in MOM_input : GINT = 0.0098


WARNING from PE     0: open_ASCII_file: File ./CPU_stats opened WRITEONLY already exists!


WARNING from PE     0: open_ASCII_file: File ./ocean.stats opened WRITEONLY already exists!

MOM Time       0.000      0: En 9.167549E-12, MaxCFL  0.00000, Mass 5.286433166925E+18
    Total Energy: 41871BF8A881B2F2  4.8463637063329592E+07
    Total Mass:   5.2864331669247314E+18, Change:   0.0000000000000000E+00 Error:  0.00000E+00 ( 0.0E+00)
MOM Time      50.000     50: En 3.628256E-06, MaxCFL  0.00070, Mass 5.286433166925E+18
    Total Energy: 42B171D0E6FA0D1A  1.9180533774861102E+13
    Total Mass:   5.2864331669247314E+18, Change:   3.7420280329753389E+01 Error:  3.74203E+01 ( 7.1E-18)
MOM Time     100.000    100: En 1.302024E-05, MaxCFL  0.00126, Mass 5.286433166925E+18
    Total Energy: 42CF4CEFFF3C6045  6.8830608914624539E+13
    Total Mass:   5.2864331669247314E+18, Change:   4.4183971567827696E-01 Error:  4.41840E-01 ( 8.4E-20)
 MOM_in domain decomposition
whalo =    4, ehalo =    4, shalo =    4, nhalo =    4
  X-AXIS =   32  32  32  32  32  32  32  32  32  32  32  32  32  32  32  32
  Y-AXIS =   32  32  32  32  32  32  32  32
 MOM_in domain decomposition
whalo =    2, ehalo =    2, shalo =    2, nhalo =    2
  X-AXIS =   16  16  16  16  16  16  16  16  16  16  16  16  16  16  16  16
  Y-AXIS =   16  16  16  16  16  16  16  16
 MOM_in domain decomposition
whalo =    4, ehalo =    4, shalo =    4, nhalo =    4
  X-AXIS =   32  32  32  32  32  32  32  32  32  32  32  32  32  32  32  32
  Y-AXIS =   32  32  32  32  32  32  32  32
 MOM_in domain decomposition
whalo =    2, ehalo =    2, shalo =    2, nhalo =    2
  X-AXIS =   16  16  16  16  16  16  16  16  16  16  16  16  16  16  16  16
  Y-AXIS =   16  16  16  16  16  16  16  16
MOM Time     150.000    150: En 2.597818E-05, MaxCFL  0.00165, Mass 5.286433166925E+18
    Total Energy: 42DF39C52AB9C6E6  1.3733192603420359E+14
    Total Mass:   5.2864331669247314E+18, Change:   2.7136951637636431E-01 Error:  2.71370E-01 ( 5.1E-20)
 MOM_in domain decomposition
whalo =    4, ehalo =    4, shalo =    4, nhalo =    4
  X-AXIS =   32  32  32  32  32  32  32  32  32  32  32  32  32  32  32  32
  Y-AXIS =   32  32  32  32  32  32  32  32
 MOM_in domain decomposition
whalo =    2, ehalo =    2, shalo =    2, nhalo =    2
  X-AXIS =   16  16  16  16  16  16  16  16  16  16  16  16  16  16  16  16
  Y-AXIS =   16  16  16  16  16  16  16  16

WARNING from PE     0: open_ASCII_file: File RESTART/ocean_solo.res opened WRITEONLY already exists!


WARNING from PE     0: open_ASCII_file: File exitcode opened WRITEONLY already exists!

 MPP_DOMAINS_STACK high water mark=      275200

Tabulating mpp_clock statistics across    128 PEs...

                                      hits          tmin          tmax          tavg          tstd  tfrac grain pemin pemax
Total runtime                            1     30.141579     30.141586     30.141584      0.000002  1.000     0     0   127
Initialization                           1      0.543256      0.579558      0.565170      0.011862  0.019     0     0   127
Main loop                                1     26.180590     26.180998     26.180712      0.000106  0.869     0     0   127
Termination                              1      3.370796      3.371717      3.370812      0.000081  0.112     0     0   127
Ocean Initialization                     2      0.541037      0.582465      0.559290      0.009405  0.019    11     0   127
Ocean                                   75     19.594627     19.601101     19.597849      0.001336  0.650     1     0   127
Ocean dynamics                         300     19.027843     19.150162     19.090233      0.023708  0.633    11     0   127
Ocean thermodynamics and tracers       225      0.033932      0.053218      0.043446      0.003924  0.001    11     0   127
Ocean grid generation and remapp         0      0.000000      0.000000      0.000000      0.000000  0.000    11     0   127
Ocean Other                            450      0.151003      0.232384      0.185499      0.015618  0.006    11     0   127
(Ocean tracer advection)               150      0.021936      0.036553      0.029240      0.003020  0.001    21     0   127
(Ocean adiabatic driver)                75      0.011289      0.017118      0.013915      0.001152  0.000    21     0   127
(Ocean continuity equation *)            0      0.000000      0.000000      0.000000      0.000000  0.000    31     0   127
(Ocean set BBL viscosity)               75      0.153158      0.210389      0.179870      0.010011  0.006    31     0   127
(Ocean message passing *)              150      0.176758      0.351620      0.278841      0.029030  0.009    31     0   127
(Ocean MOM_initialize_state)             2      0.009092      0.014784      0.011727      0.001334  0.000    31     0   127
(Ocean init message passing *)           2      0.002566      0.007561      0.004666      0.001092  0.000    41     0   127
(Ocean mixed layer restrat)              0      0.000000      0.000000      0.000000      0.000000  0.000    31     0   127
(Ocean collective diagnostics)         375      0.030431      0.045776      0.039704      0.003425  0.001    31     0   127
(Ocean Z-space diagnostics)              0      0.000000      0.000000      0.000000      0.000000  0.000    31     0   127
(Ocean ALE)                              0      0.000000      0.000000      0.000000      0.000000  0.000    31     0   127
(Stochastic EOS)                       150      0.000029      0.000821      0.000198      0.000189  0.000    31     0   127
(SGS Temperature Variance)             150      0.000005      0.000023      0.000009      0.000004  0.000    31     0   127
(Ocean diagnostics framework)            0      0.000000      0.000000      0.000000      0.000000  0.000    31     0   127
(Ocean diagnostics remapping)            0      0.000000      0.000000      0.000000      0.000000  0.000    41     0   127
(Ocean diagnostics grid updates)       526      0.039694      0.073120      0.054398      0.007039  0.002    41     0   127
(Ocean init message passing)             4      0.003075      0.130327      0.046564      0.030801  0.002    41     0   127
(Ocean continuity reconstruction       902      0.781622      0.972842      0.860592      0.037970  0.029    41     0   127
(Ocean continuity update)              902      0.226635      0.357137      0.310978      0.025806  0.010    41     0   127
(Ocean continuity correction)          902      3.749648      4.854044      4.351642      0.301889  0.144    41     0   127
(Ocean BT pre-calcs only)             1200      1.474979      2.023068      1.762635      0.131314  0.058    41     0   127
(Ocean BT pre-step halo updates)      1200      0.562558      1.644206      0.953364      0.214628  0.032    41     0   127
(Ocean BT stepping calcs only)         600      0.032884      0.048625      0.038508      0.003131  0.001    41     0   127
(Ocean BT stepping halo updates)       300      0.034509      0.091899      0.059077      0.011918  0.002    41     0   127
(Ocean BT post-calcs only)             900      0.175953      0.287564      0.235334      0.029192  0.008    41     0   127
(Ocean BT post-step halo updates       600      0.072157      0.161675      0.114629      0.022307  0.004    41     0   127
(Ocean BT global synch)                  0      0.000000      0.000000      0.000000      0.000000  0.000    41     0   127
(Ocean Coriolis & mom advection)       300      0.740086      0.926140      0.807828      0.036833  0.027    31     0   127
(Ocean continuity equation)            450      4.887570      5.986046      5.521733      0.305033  0.183    31     0   127
(Ocean pressure force)                 150      1.260713      1.386536      1.335329      0.024812  0.044    31     0   127
(Ocean vertical viscosity)             450      3.728184      4.193742      3.977847      0.080011  0.132    31     0   127
(Ocean horizontal viscosity)           150      0.348178      0.406715      0.364246      0.012147  0.012    31     0   127
(Ocean momentum increments)            300      0.451941      0.592436      0.527419      0.028547  0.017    31     0   127
(Ocean message passing)               1350      1.464131      2.236388      1.779778      0.150770  0.059    31     0   127
(Ocean barotropic mode calc)           300      0.042075      0.076018      0.052297      0.005424  0.002    31     0   127
(Ocean barotropic mode stepping)       300      2.695944      4.015882      3.169305      0.298225  0.105    31     0   127
(Ocean barotropic forcing calc)        300      0.378206      0.570265      0.508428      0.038021  0.017    31     0   127
(Ocean advect tracer)                    0      0.000000      0.000000      0.000000      0.000000  0.000    31     0   127
(Ocean tracer halo updates)              0      0.000000      0.000000      0.000000      0.000000  0.000    41     0   127
(Ocean tracer global synch)              0      0.000000      0.000000      0.000000      0.000000  0.000    41     0   127
(Ocean diffuse tracer)                   0      0.000000      0.000000      0.000000      0.000000  0.000    31     0   127
(Ocean epipycnal diffuse tracer)         0      0.000000      0.000000      0.000000      0.000000  0.000    31     0   127
(Ocean surface forcing)                 76      0.002219      0.008838      0.005371      0.001510  0.000    31     0   127
(Ocean forcing diagnostics)            150      0.000857      0.004364      0.002289      0.000796  0.000    41     0   127
 MPP_STACK high water mark=           0
