NOTE from PE     0: MPP_DOMAINS_SET_STACK_SIZE: stack size set to    32768.
NOTE from PE     0: MPP_DOMAINS_SET_STACK_SIZE: stack size set to  4000000.
NOTE from PE     0: ======== Model being driven by MOM_driver ========
NOTE from PE     0: callTree: o Program MOM_main, MOM_driver.F90
NOTE from PE     0: open_param_file: MOM_input has been opened successfully.
NOTE from PE     0: open_param_file: MOM_override has been opened successfully.

WARNING from PE     0: MOM_file_parser : DT over-ridden.  Line: 'DT = 600' in file MOM_override.


WARNING from PE     0: MOM_file_parser : DT_THERM over-ridden.  Line: 'DT_THERM = 1200' in file MOM_override.


WARNING from PE     0: MOM_file_parser : NIGLOBAL over-ridden.  Line: 'NIGLOBAL = 64' in file MOM_override.


WARNING from PE     0: MOM_file_parser : NJGLOBAL over-ridden.  Line: 'NJGLOBAL = 64' in file MOM_override.

 MOM_in domain decomposition
whalo =    4, ehalo =    4, shalo =    4, nhalo =    4
  X-AXIS =   32  32
  Y-AXIS =   32  32
 MOM_inc domain decomposition
whalo =    2, ehalo =    2, shalo =    2, nhalo =    2
  X-AXIS =   16  16
  Y-AXIS =   16  16
NOTE from PE     0: diag_manager_mod::diag_manager_init: prepend_date only supported when diag_manager_init is called with time_init present.
NOTE from PE     0: diag_manager_mod::diag_manager_init: You are using the legacy version of the diag table
 MOM_in domain decomposition
whalo =    4, ehalo =    4, shalo =    4, nhalo =    4
  X-AXIS =   32  32
  Y-AXIS =   32  32
 MOM_in domain decomposition
whalo =    2, ehalo =    2, shalo =    2, nhalo =    2
  X-AXIS =   16  16
  Y-AXIS =   16  16

WARNING from PE     0: MOM_file_parser : NK over-ridden.  Line: 'NK = 100' in file MOM_override.

 MOM_in domain decomposition
whalo =    4, ehalo =    4, shalo =    4, nhalo =    4
  X-AXIS =   32  32
  Y-AXIS =   32  32
 MOM_in domain decomposition
whalo =    2, ehalo =    2, shalo =    2, nhalo =    2
  X-AXIS =   16  16
  Y-AXIS =   16  16

WARNING from PE     0: Open_file is appending .nc to the filename ./ocean_geometry


WARNING from PE     0: MOM_file_parser : COORD_CONFIG over-ridden.  Line: 'COORD_CONFIG = "linear"' in file MOM_override.

 MOM_in domain decomposition
whalo =    4, ehalo =    4, shalo =    4, nhalo =    4
  X-AXIS =   32  32
  Y-AXIS =   32  32
 MOM_in domain decomposition
whalo =    2, ehalo =    2, shalo =    2, nhalo =    2
  X-AXIS =   16  16
  Y-AXIS =   16  16
 MOM_in domain decomposition
whalo =    4, ehalo =    4, shalo =    4, nhalo =    4
  X-AXIS =   32  32
  Y-AXIS =   32  32
 MOM_in domain decomposition
whalo =    2, ehalo =    2, shalo =    2, nhalo =    2
  X-AXIS =   16  16
  Y-AXIS =   16  16

WARNING from PE     0: ./Depth_list.nc checksums do not match; updating file.


WARNING from PE     0: MOM_file_parser : DT_FORCING over-ridden.  Line: 'DT_FORCING = 1200' in file MOM_override.


WARNING from PE     0: MOM_file_parser : DAYMAX over-ridden.  Line: 'DAYMAX = 150' in file MOM_override.


WARNING from PE     0: Unused line in MOM_input : GINT = 0.0098


WARNING from PE     0: open_ASCII_file: File ./CPU_stats opened WRITEONLY already exists!


WARNING from PE     0: open_ASCII_file: File ./ocean.stats opened WRITEONLY already exists!

MOM Time       0.000      0: En 9.154260E-12, MaxCFL  0.00000, Mass 5.287164009544E+18
    Total Energy: 418714365C13914D  4.8400075509554483E+07
    Total Mass:   5.2871640095440794E+18, Change:   0.0000000000000000E+00 Error:  0.00000E+00 ( 0.0E+00)
MOM Time      50.000     50: En 7.963171E-05, MaxCFL  0.00255, Mass 5.287164009544E+18
    Total Energy: 42F7EEBBD28BC56F  4.2102593268847094E+14
    Total Mass:   5.2871640095440794E+18, Change:   1.6895713118624585E+01 Error:  1.68957E+01 ( 3.2E-18)
MOM Time     100.000    100: En 2.338658E-05, MaxCFL  0.00134, Mass 5.287164009544E+18
    Total Energy: 42DC1D4CE323DECB  1.2364867833433117E+14
    Total Mass:   5.2871640095440794E+18, Change:   5.2539919529715888E+00 Error:  5.25399E+00 ( 9.9E-19)
 MOM_in domain decomposition
whalo =    4, ehalo =    4, shalo =    4, nhalo =    4
  X-AXIS =   32  32
  Y-AXIS =   32  32
 MOM_in domain decomposition
whalo =    2, ehalo =    2, shalo =    2, nhalo =    2
  X-AXIS =   16  16
  Y-AXIS =   16  16
 MOM_in domain decomposition
whalo =    4, ehalo =    4, shalo =    4, nhalo =    4
  X-AXIS =   32  32
  Y-AXIS =   32  32
 MOM_in domain decomposition
whalo =    2, ehalo =    2, shalo =    2, nhalo =    2
  X-AXIS =   16  16
  Y-AXIS =   16  16
MOM Time     150.000    150: En 5.699787E-05, MaxCFL  0.00205, Mass 5.287164009544E+18
    Total Energy: 42F12152AB6CFB55  3.0135709694763731E+14
    Total Mass:   5.2871640095440794E+18, Change:  -1.3621689141266700E+01 Error: -1.36217E+01 (-2.6E-18)
 MOM_in domain decomposition
whalo =    4, ehalo =    4, shalo =    4, nhalo =    4
  X-AXIS =   32  32
  Y-AXIS =   32  32
 MOM_in domain decomposition
whalo =    2, ehalo =    2, shalo =    2, nhalo =    2
  X-AXIS =   16  16
  Y-AXIS =   16  16

WARNING from PE     0: open_ASCII_file: File RESTART/ocean_solo.res opened WRITEONLY already exists!


WARNING from PE     0: open_ASCII_file: File exitcode opened WRITEONLY already exists!

 MPP_DOMAINS_STACK high water mark=      133600

Tabulating mpp_clock statistics across      4 PEs...

                                      hits          tmin          tmax          tavg          tstd  tfrac grain pemin pemax
Total runtime                            1     10.093374     10.093375     10.093374      0.000000  1.000     0     0     3
Initialization                           1      0.124792      0.125072      0.124937      0.000106  0.012     0     0     3
Main loop                                1      9.878996      9.879320      9.879238      0.000140  0.979     0     0     3
Termination                              1      0.087780      0.087993      0.087939      0.000092  0.009     0     0     3
Ocean Initialization                     2      0.127731      0.128023      0.127853      0.000110  0.013    11     0     3
Ocean                                   75      9.692959      9.693208      9.693119      0.000097  0.960     1     0     3
Ocean dynamics                         300      9.590718      9.598126      9.593939      0.002749  0.951    11     0     3
Ocean thermodynamics and tracers       225      0.008366      0.008973      0.008555      0.000243  0.001    11     0     3
Ocean grid generation and remapp         0      0.000000      0.000000      0.000000      0.000000  0.000    11     0     3
Ocean Other                            450      0.039922      0.043000      0.041841      0.001153  0.004    11     0     3
(Ocean tracer advection)               150      0.004359      0.004957      0.004538      0.000244  0.000    21     0     3
(Ocean adiabatic driver)                75      0.003956      0.003988      0.003970      0.000012  0.000    21     0     3
(Ocean continuity equation *)            0      0.000000      0.000000      0.000000      0.000000  0.000    31     0     3
(Ocean set BBL viscosity)               75      0.072794      0.086706      0.079608      0.005540  0.008    31     0     3
(Ocean message passing *)              150      0.031758      0.038836      0.035046      0.002745  0.003    31     0     3
(Ocean MOM_initialize_state)             2      0.008044      0.009556      0.008460      0.000634  0.001    31     0     3
(Ocean init message passing *)           2      0.001467      0.001666      0.001547      0.000073  0.000    41     0     3
(Ocean mixed layer restrat)              0      0.000000      0.000000      0.000000      0.000000  0.000    31     0     3
(Ocean collective diagnostics)         375      0.011056      0.011114      0.011094      0.000023  0.001    31     0     3
(Ocean Z-space diagnostics)              0      0.000000      0.000000      0.000000      0.000000  0.000    31     0     3
(Ocean ALE)                              0      0.000000      0.000000      0.000000      0.000000  0.000    31     0     3
(Stochastic EOS)                       150      0.000022      0.000028      0.000026      0.000003  0.000    31     0     3
(SGS Temperature Variance)             150      0.000009      0.000015      0.000011      0.000002  0.000    31     0     3
(Ocean diagnostics framework)            0      0.000000      0.000000      0.000000      0.000000  0.000    31     0     3
(Ocean diagnostics remapping)            0      0.000000      0.000000      0.000000      0.000000  0.000    41     0     3
(Ocean diagnostics grid updates)       526      0.012097      0.012327      0.012232      0.000088  0.001    41     0     3
(Ocean init message passing)             4      0.000655      0.001720      0.001071      0.000438  0.000    41     0     3
(Ocean continuity reconstruction       902      0.738110      0.829658      0.781697      0.043557  0.077    41     0     3
(Ocean continuity update)              902      0.067721      0.069211      0.068685      0.000571  0.007    41     0     3
(Ocean continuity correction)          902      3.361845      3.412119      3.378736      0.019606  0.335    41     0     3
(Ocean BT pre-calcs only)             1200      0.499871      0.515954      0.507054      0.006096  0.050    41     0     3
(Ocean BT pre-step halo updates)      1200      0.080362      0.120651      0.107144      0.016189  0.011    41     0     3
(Ocean BT stepping calcs only)         600      0.023098      0.025852      0.024490      0.001024  0.002    41     0     3
(Ocean BT stepping halo updates)       300      0.002736      0.002853      0.002799      0.000042  0.000    41     0     3
(Ocean BT post-calcs only)             900      0.075263      0.076338      0.075945      0.000407  0.008    41     0     3
(Ocean BT post-step halo updates       600      0.006613      0.009026      0.007715      0.000875  0.001    41     0     3
(Ocean BT global synch)                  0      0.000000      0.000000      0.000000      0.000000  0.000    41     0     3
(Ocean Coriolis & mom advection)       300      0.348676      0.358557      0.353074      0.004067  0.035    31     0     3
(Ocean continuity equation)            450      4.166201      4.306736      4.226303      0.058084  0.419    31     0     3
(Ocean pressure force)                 150      0.214559      0.219038      0.216127      0.001720  0.021    31     0     3
(Ocean vertical viscosity)             450      2.959466      3.019935      2.982126      0.023593  0.295    31     0     3
(Ocean horizontal viscosity)           150      0.270630      0.275073      0.272539      0.001714  0.027    31     0     3
(Ocean momentum increments)            300      0.068627      0.069861      0.069035      0.000490  0.007    31     0     3
(Ocean message passing)               1350      0.283429      0.421437      0.356917      0.064608  0.035    31     0     3
(Ocean barotropic mode calc)           300      0.013049      0.013374      0.013229      0.000123  0.001    31     0     3
(Ocean barotropic mode stepping)       300      0.692842      0.747332      0.726032      0.020240  0.072    31     0     3
(Ocean barotropic forcing calc)        300      0.104076      0.106831      0.105880      0.001068  0.010    31     0     3
(Ocean advect tracer)                    0      0.000000      0.000000      0.000000      0.000000  0.000    31     0     3
(Ocean tracer halo updates)              0      0.000000      0.000000      0.000000      0.000000  0.000    41     0     3
(Ocean tracer global synch)              0      0.000000      0.000000      0.000000      0.000000  0.000    41     0     3
(Ocean diffuse tracer)                   0      0.000000      0.000000      0.000000      0.000000  0.000    31     0     3
(Ocean epipycnal diffuse tracer)         0      0.000000      0.000000      0.000000      0.000000  0.000    31     0     3
(Ocean surface forcing)                 76      0.000837      0.001240      0.000943      0.000171  0.000    31     0     3
(Ocean forcing diagnostics)            150      0.000532      0.000565      0.000549      0.000014  0.000    41     0     3
 MPP_STACK high water mark=           0
