NOTE from PE     0: MPP_DOMAINS_SET_STACK_SIZE: stack size set to    32768.
NOTE from PE     0: MPP_DOMAINS_SET_STACK_SIZE: stack size set to  4000000.
NOTE from PE     0: ======== Model being driven by MOM_driver ========
NOTE from PE     0: callTree: o Program MOM_main, MOM_driver.F90
NOTE from PE     0: fms_affinity_set: OCEAN affinity assumes hyper-threading hardware disabled
 MOM_domains_mod OMPthreading             1            0            1
 MOM_domains_mod OMPthreading             0            0            1
NOTE from PE     0: open_param_file: MOM_input has been opened successfully.
NOTE from PE     0: open_param_file: MOM_override has been opened successfully.
 MOM_domains_mod OMPthreading             1            0            1

WARNING from PE     0: MOM_file_parser : DT over-ridden.  Line: 'DT = 150' in file MOM_override.


WARNING from PE     0: MOM_file_parser : DT_THERM over-ridden.  Line: 'DT_THERM = 300' in file MOM_override.

NOTE from PE     0: fms_affinity_set: OCEAN affinity assumes hyper-threading hardware disabled
 MOM_domains_mod OMPthreading             0            0            1

WARNING from PE     0: MOM_file_parser : NIGLOBAL over-ridden.  Line: 'NIGLOBAL = 256' in file MOM_override.


WARNING from PE     0: MOM_file_parser : NJGLOBAL over-ridden.  Line: 'NJGLOBAL = 256' in file MOM_override.

 MOM_in domain decomposition
whalo =    4, ehalo =    4, shalo =    4, nhalo =    4
  X-AXIS =  128 128
  Y-AXIS =  256
 MOM_inc domain decomposition
whalo =    2, ehalo =    2, shalo =    2, nhalo =    2
  X-AXIS =   64  64
  Y-AXIS =  128
NOTE from PE     0: diag_manager_mod::diag_manager_init: prepend_date only supported when diag_manager_init is called with time_init present.
NOTE from PE     0: diag_manager_mod::diag_manager_init: You are using the legacy version of the diag table
 MOM_in domain decomposition
whalo =    4, ehalo =    4, shalo =    4, nhalo =    4
  X-AXIS =  128 128
  Y-AXIS =  256
 MOM_in domain decomposition
whalo =    2, ehalo =    2, shalo =    2, nhalo =    2
  X-AXIS =   64  64
  Y-AXIS =  128

WARNING from PE     0: MOM_file_parser : NK over-ridden.  Line: 'NK = 100' in file MOM_override.

 MOM_in domain decomposition
whalo =    4, ehalo =    4, shalo =    4, nhalo =    4
  X-AXIS =  128 128
  Y-AXIS =  256
 MOM_in domain decomposition
whalo =    2, ehalo =    2, shalo =    2, nhalo =    2
  X-AXIS =   64  64
  Y-AXIS =  128

WARNING from PE     0: Open_file is appending .nc to the filename ./ocean_geometry


WARNING from PE     0: MOM_file_parser : COORD_CONFIG over-ridden.  Line: 'COORD_CONFIG = "linear"' in file MOM_override.

 MOM_in domain decomposition
whalo =    4, ehalo =    4, shalo =    4, nhalo =    4
  X-AXIS =  128 128
  Y-AXIS =  256
 MOM_in domain decomposition
whalo =    2, ehalo =    2, shalo =    2, nhalo =    2
  X-AXIS =   64  64
  Y-AXIS =  128
 MOM_in domain decomposition
whalo =    4, ehalo =    4, shalo =    4, nhalo =    4
  X-AXIS =  128 128
  Y-AXIS =  256
 MOM_in domain decomposition
whalo =    2, ehalo =    2, shalo =    2, nhalo =    2
  X-AXIS =   64  64
  Y-AXIS =  128

WARNING from PE     0: ./Depth_list.nc checksums do not match; updating file.


WARNING from PE     0: MOM_file_parser : DT_FORCING over-ridden.  Line: 'DT_FORCING = 300' in file MOM_override.


WARNING from PE     0: MOM_file_parser : DAYMAX over-ridden.  Line: 'DAYMAX = 150' in file MOM_override.


WARNING from PE     0: Unused line in MOM_input : GINT = 0.0098


WARNING from PE     0: open_ASCII_file: File ./CPU_stats opened WRITEONLY already exists!


WARNING from PE     0: open_ASCII_file: File ./ocean.stats opened WRITEONLY already exists!

MOM Time       0.000      0: En 9.167136E-12, MaxCFL  0.00000, Mass 5.286457540076E+18
    Total Energy: 41871BBB6CBE4AD6  4.8461677592916176E+07
    Total Mass:   5.2864575400760177E+18, Change:   0.0000000000000000E+00 Error:  0.00000E+00 ( 0.0E+00)
MOM Time      50.000     50: En 1.299125E-05, MaxCFL  0.00126, Mass 5.286457540076E+18
    Total Energy: 42CF3B228AE34090  6.8677686118017125E+13
    Total Mass:   5.2864575400760177E+18, Change:   2.3494412522268384E+01 Error:  2.34944E+01 ( 4.4E-18)
MOM Time     100.000    100: En 4.033843E-05, MaxCFL  0.00184, Mass 5.286457540076E+18
    Total Energy: 42E83E50EE1C7174  2.1324739856884363E+14
    Total Mass:   5.2864575400760177E+18, Change:   7.1716054848639743E-02 Error:  7.17161E-02 ( 1.4E-20)
 MOM_in domain decomposition
whalo =    4, ehalo =    4, shalo =    4, nhalo =    4
  X-AXIS =  128 128
  Y-AXIS =  256
 MOM_in domain decomposition
whalo =    2, ehalo =    2, shalo =    2, nhalo =    2
  X-AXIS =   64  64
  Y-AXIS =  128
 MOM_in domain decomposition
whalo =    4, ehalo =    4, shalo =    4, nhalo =    4
  X-AXIS =  128 128
  Y-AXIS =  256
 MOM_in domain decomposition
whalo =    2, ehalo =    2, shalo =    2, nhalo =    2
  X-AXIS =   64  64
  Y-AXIS =  128
MOM Time     150.000    150: En 6.647693E-05, MaxCFL  0.00207, Mass 5.286457540076E+18
    Total Energy: 42F3F9F1600EDE6A  3.5142747822026263E+14
    Total Mass:   5.2864575400760177E+18, Change:   5.3218839134091755E-01 Error:  5.32188E-01 ( 1.0E-19)
 MOM_in domain decomposition
whalo =    4, ehalo =    4, shalo =    4, nhalo =    4
  X-AXIS =  128 128
  Y-AXIS =  256
 MOM_in domain decomposition
whalo =    2, ehalo =    2, shalo =    2, nhalo =    2
  X-AXIS =   64  64
  Y-AXIS =  128

WARNING from PE     0: open_ASCII_file: File RESTART/ocean_solo.res opened WRITEONLY already exists!


WARNING from PE     0: open_ASCII_file: File exitcode opened WRITEONLY already exists!

 MPP_DOMAINS_STACK high water mark=       512800

Tabulating mpp_clock statistics across      2 PEs...

                                      hits          tmin          tmax          tavg          tstd  tfrac grain pemin pemax
Total runtime                            1     34.820004     34.820004     34.820004      0.000000  1.000     0     0     1
Initialization                           1      1.714855      1.715650      1.715253      0.000398  0.049     0     0     1
Main loop                                1     30.927971     30.928528     30.928249      0.000279  0.888     0     0     1
Termination                              1      2.174623      2.174875      2.174749      0.000126  0.062     0     0     1
Ocean Initialization                     2      1.933527      1.936636      1.935082      0.001555  0.056    11     0     1
Ocean                                   75     26.544727     26.545693     26.545210      0.000483  0.762     1     0     1
Ocean dynamics                         300     19.725036     19.748034     19.736535      0.011499  0.567    11     0     1
Ocean thermodynamics and tracers       225      0.665900      0.673653      0.669777      0.003876  0.019    11     0     1
Ocean grid generation and remapp         0      0.000000      0.000000      0.000000      0.000000  0.000    11     0     1
Ocean Other                            450      3.027752      3.051747      3.039749      0.011997  0.087    11     0     1
(Ocean tracer advection)               150      0.558579      0.560307      0.559443      0.000864  0.016    21     0     1
(Ocean adiabatic driver)                75      0.105510      0.114963      0.110236      0.004727  0.003    21     0     1
(Ocean continuity equation *)            0      0.000000      0.000000      0.000000      0.000000  0.000    31     0     1
(Ocean set BBL viscosity)               75      0.219479      0.220811      0.220145      0.000666  0.006    31     0     1
(Ocean message passing *)              150      1.510809      1.519078      1.514944      0.004135  0.044    31     0     1
(Ocean MOM_initialize_state)             2      0.074204      0.079767      0.076986      0.002782  0.002    31     0     1
(Ocean init message passing *)           2      0.017049      0.018240      0.017645      0.000595  0.001    41     0     1
(Ocean mixed layer restrat)              0      0.000000      0.000000      0.000000      0.000000  0.000    31     0     1
(Ocean collective diagnostics)         375      1.206460      1.234001      1.220231      0.013770  0.035    31     0     1
(Ocean Z-space diagnostics)              0      0.000000      0.000000      0.000000      0.000000  0.000    31     0     1
(Ocean ALE)                              0      0.000000      0.000000      0.000000      0.000000  0.000    31     0     1
(Stochastic EOS)                       150      0.000013      0.000013      0.000013      0.000000  0.000    31     0     1
(SGS Temperature Variance)             150      0.000006      0.000006      0.000006      0.000000  0.000    31     0     1
(Ocean diagnostics framework)            0      0.000000      0.000000      0.000000      0.000000  0.000    31     0     1
(Ocean diagnostics remapping)            0      0.000000      0.000000      0.000000      0.000000  0.000    41     0     1
(Ocean diagnostics grid updates)       526      1.364465      1.366513      1.365489      0.001024  0.039    41     0     1
(Ocean init message passing)             4      0.044359      0.056225      0.050292      0.005933  0.001    41     0     1
(Ocean continuity reconstruction       902      0.140358      0.142252      0.141305      0.000947  0.004    41     0     1
(Ocean continuity update)              902      0.037787      0.038091      0.037939      0.000152  0.001    41     0     1
(Ocean continuity correction)          902      1.490717      1.602425      1.546571      0.055854  0.044    41     0     1
(Ocean BT pre-calcs only)             1200      0.323334      0.324613      0.323973      0.000640  0.009    41     0     1
(Ocean BT pre-step halo updates)      1200      0.764317      1.028150      0.896234      0.131917  0.026    41     0     1
(Ocean BT stepping calcs only)         600      0.226855      0.229993      0.228424      0.001569  0.007    41     0     1
(Ocean BT stepping halo updates)       300      0.071572      0.071873      0.071723      0.000150  0.002    41     0     1
(Ocean BT post-calcs only)             900      0.040892      0.041434      0.041163      0.000271  0.001    41     0     1
(Ocean BT post-step halo updates       600      0.134073      0.136894      0.135484      0.001410  0.004    41     0     1
(Ocean BT global synch)                  0      0.000000      0.000000      0.000000      0.000000  0.000    41     0     1
(Ocean Coriolis & mom advection)       300      4.590627      4.839430      4.715029      0.124401  0.135    31     0     1
(Ocean continuity equation)            450      1.713170      1.822423      1.767797      0.054627  0.051    31     0     1
(Ocean pressure force)                 150      0.991143      1.034626      1.012885      0.021741  0.029    31     0     1
(Ocean vertical viscosity)             450      1.892168      1.944503      1.918336      0.026168  0.055    31     0     1
(Ocean horizontal viscosity)           150      4.053559      4.241654      4.147607      0.094048  0.119    31     0     1
(Ocean momentum increments)            300      0.029052      0.029472      0.029262      0.000210  0.001    31     0     1
(Ocean message passing)               1350      0.757644      0.779810      0.768727      0.011083  0.022    31     0     1
(Ocean barotropic mode calc)           300      0.014471      0.014761      0.014616      0.000145  0.000    31     0     1
(Ocean barotropic mode stepping)       300      1.598153      1.886852      1.742503      0.144349  0.050    31     0     1
(Ocean barotropic forcing calc)        300      0.030595      0.030681      0.030638      0.000043  0.001    31     0     1
(Ocean advect tracer)                    0      0.000000      0.000000      0.000000      0.000000  0.000    31     0     1
(Ocean tracer halo updates)              0      0.000000      0.000000      0.000000      0.000000  0.000    41     0     1
(Ocean tracer global synch)              0      0.000000      0.000000      0.000000      0.000000  0.000    41     0     1
(Ocean diffuse tracer)                   0      0.000000      0.000000      0.000000      0.000000  0.000    31     0     1
(Ocean epipycnal diffuse tracer)         0      0.000000      0.000000      0.000000      0.000000  0.000    31     0     1
(Ocean surface forcing)                 76      0.002787      0.003513      0.003150      0.000363  0.000    31     0     1
(Ocean forcing diagnostics)            150      0.000158      0.000286      0.000222      0.000064  0.000    41     0     1
 MPP_STACK high water mark=            0
