NOTE from PE     0: MPP_DOMAINS_SET_STACK_SIZE: stack size set to    32768.
NOTE from PE     0: MPP_DOMAINS_SET_STACK_SIZE: stack size set to  4000000.
NOTE from PE     0: ======== Model being driven by MOM_driver ========
NOTE from PE     0: callTree: o Program MOM_main, MOM_driver.F90
 MOM_domains_mod OMPthreading             1            0            1
NOTE from PE     0: fms_affinity_set: OCEAN affinity assumes hyper-threading hardware disabled
 MOM_domains_mod OMPthreading             0            0            1
NOTE from PE     0: open_param_file: MOM_input has been opened successfully.
NOTE from PE     0: open_param_file: MOM_override has been opened successfully.
 MOM_domains_mod OMPthreading             1            0            1

WARNING from PE     0: MOM_file_parser : DT over-ridden.  Line: 'DT = 300' in file MOM_override.


WARNING from PE     0: MOM_file_parser : DT_THERM over-ridden.  Line: 'DT_THERM = 600' in file MOM_override.

NOTE from PE     0: fms_affinity_set: OCEAN affinity assumes hyper-threading hardware disabled
 MOM_domains_mod OMPthreading             0            0            1

WARNING from PE     0: MOM_file_parser : NIGLOBAL over-ridden.  Line: 'NIGLOBAL = 128' in file MOM_override.


WARNING from PE     0: MOM_file_parser : NJGLOBAL over-ridden.  Line: 'NJGLOBAL = 128' in file MOM_override.

 MOM_in domain decomposition
whalo =    4, ehalo =    4, shalo =    4, nhalo =    4
  X-AXIS =   64  64
  Y-AXIS =  128
 MOM_inc domain decomposition
whalo =    2, ehalo =    2, shalo =    2, nhalo =    2
  X-AXIS =   32  32
  Y-AXIS =   64
NOTE from PE     0: diag_manager_mod::diag_manager_init: prepend_date only supported when diag_manager_init is called with time_init present.
NOTE from PE     0: diag_manager_mod::diag_manager_init: You are using the legacy version of the diag table
 MOM_in domain decomposition
whalo =    4, ehalo =    4, shalo =    4, nhalo =    4
  X-AXIS =   64  64
  Y-AXIS =  128
 MOM_in domain decomposition
whalo =    2, ehalo =    2, shalo =    2, nhalo =    2
  X-AXIS =   32  32
  Y-AXIS =   64

WARNING from PE     0: MOM_file_parser : NK over-ridden.  Line: 'NK = 100' in file MOM_override.

 MOM_in domain decomposition
whalo =    4, ehalo =    4, shalo =    4, nhalo =    4
  X-AXIS =   64  64
  Y-AXIS =  128
 MOM_in domain decomposition
whalo =    2, ehalo =    2, shalo =    2, nhalo =    2
  X-AXIS =   32  32
  Y-AXIS =   64

WARNING from PE     0: Open_file is appending .nc to the filename ./ocean_geometry


WARNING from PE     0: MOM_file_parser : COORD_CONFIG over-ridden.  Line: 'COORD_CONFIG = "linear"' in file MOM_override.

 MOM_in domain decomposition
whalo =    4, ehalo =    4, shalo =    4, nhalo =    4
  X-AXIS =   64  64
  Y-AXIS =  128
 MOM_in domain decomposition
whalo =    2, ehalo =    2, shalo =    2, nhalo =    2
  X-AXIS =   32  32
  Y-AXIS =   64
 MOM_in domain decomposition
whalo =    4, ehalo =    4, shalo =    4, nhalo =    4
  X-AXIS =   64  64
  Y-AXIS =  128
 MOM_in domain decomposition
whalo =    2, ehalo =    2, shalo =    2, nhalo =    2
  X-AXIS =   32  32
  Y-AXIS =   64

WARNING from PE     0: ./Depth_list.nc checksums do not match; updating file.


WARNING from PE     0: MOM_file_parser : DT_FORCING over-ridden.  Line: 'DT_FORCING = 600' in file MOM_override.


WARNING from PE     0: MOM_file_parser : DAYMAX over-ridden.  Line: 'DAYMAX = 150' in file MOM_override.


WARNING from PE     0: Unused line in MOM_input : GINT = 0.0098


WARNING from PE     0: open_ASCII_file: File ./CPU_stats opened WRITEONLY already exists!


WARNING from PE     0: open_ASCII_file: File ./ocean.stats opened WRITEONLY already exists!

MOM Time       0.000      0: En 9.164543E-12, MaxCFL  0.00000, Mass 5.286601636954E+18
    Total Energy: 41871A38398144CF  4.8449287188119523E+07
    Total Mass:   5.2866016369539973E+18, Change:   0.0000000000000000E+00 Error:  0.00000E+00 ( 0.0E+00)
MOM Time      50.000     50: En 4.018195E-05, MaxCFL  0.00184, Mass 5.286601636954E+18
    Total Energy: 42E82668CA5050DD  2.1242596730535091E+14
    Total Mass:   5.2866016369539973E+18, Change:   2.6458583890128665E+01 Error:  2.64586E+01 ( 5.0E-18)
MOM Time     100.000    100: En 8.022032E-05, MaxCFL  0.00256, Mass 5.286601636954E+18
    Total Energy: 42F81B5D0215799F  4.2409285762037794E+14
    Total Mass:   5.2866016369539973E+18, Change:   2.1118856013716432E+00 Error:  2.11189E+00 ( 4.0E-19)
 MOM_in domain decomposition
whalo =    4, ehalo =    4, shalo =    4, nhalo =    4
  X-AXIS =   64  64
  Y-AXIS =  128
 MOM_in domain decomposition
whalo =    2, ehalo =    2, shalo =    2, nhalo =    2
  X-AXIS =   32  32
  Y-AXIS =   64
 MOM_in domain decomposition
whalo =    4, ehalo =    4, shalo =    4, nhalo =    4
  X-AXIS =   64  64
  Y-AXIS =  128
 MOM_in domain decomposition
whalo =    2, ehalo =    2, shalo =    2, nhalo =    2
  X-AXIS =   32  32
  Y-AXIS =   64
MOM Time     150.000    150: En 6.198263E-05, MaxCFL  0.00212, Mass 5.286601636954E+18
    Total Energy: 42F2A055AEF4E490  3.2767746554631300E+14
    Total Mass:   5.2866016369539973E+18, Change:  -3.9504982865571137E-01 Error: -3.95050E-01 (-7.5E-20)
 MOM_in domain decomposition
whalo =    4, ehalo =    4, shalo =    4, nhalo =    4
  X-AXIS =   64  64
  Y-AXIS =  128
 MOM_in domain decomposition
whalo =    2, ehalo =    2, shalo =    2, nhalo =    2
  X-AXIS =   32  32
  Y-AXIS =   64

WARNING from PE     0: open_ASCII_file: File RESTART/ocean_solo.res opened WRITEONLY already exists!


WARNING from PE     0: open_ASCII_file: File exitcode opened WRITEONLY already exists!

 MPP_DOMAINS_STACK high water mark=       256800

Tabulating mpp_clock statistics across      2 PEs...

                                      hits          tmin          tmax          tavg          tstd  tfrac grain pemin pemax
Total runtime                            1     19.243283     19.243283     19.243283      0.000000  1.000     0     0     1
Initialization                           1      0.614442      0.615153      0.614798      0.000355  0.032     0     0     1
Main loop                                1     18.103003     18.103562     18.103283      0.000279  0.941     0     0     1
Termination                              1      0.520790      0.520989      0.520889      0.000100  0.027     0     0     1
Ocean Initialization                     2      0.667423      0.670851      0.669137      0.001714  0.035    11     0     1
Ocean                                   75     17.013677     17.014775     17.014226      0.000549  0.884     1     0     1
Ocean dynamics                         300     14.949800     15.027672     14.988736      0.038936  0.779    11     0     1
Ocean thermodynamics and tracers       225      0.176194      0.178112      0.177153      0.000959  0.009    11     0     1
Ocean grid generation and remapp         0      0.000000      0.000000      0.000000      0.000000  0.000    11     0     1
Ocean Other                            450      0.569881      0.809738      0.689809      0.119928  0.036    11     0     1
(Ocean tracer advection)               150      0.153515      0.155599      0.154557      0.001042  0.008    21     0     1
(Ocean adiabatic driver)                75      0.020537      0.024537      0.022537      0.002000  0.001    21     0     1
(Ocean continuity equation *)            0      0.000000      0.000000      0.000000      0.000000  0.000    31     0     1
(Ocean set BBL viscosity)               75      0.059194      0.059735      0.059465      0.000271  0.003    31     0     1
(Ocean message passing *)              150      0.739754      0.931249      0.835501      0.095747  0.043    31     0     1
(Ocean MOM_initialize_state)             2      0.023833      0.028613      0.026223      0.002390  0.001    31     0     1
(Ocean init message passing *)           2      0.006661      0.006913      0.006787      0.000126  0.000    41     0     1
(Ocean mixed layer restrat)              0      0.000000      0.000000      0.000000      0.000000  0.000    31     0     1
(Ocean collective diagnostics)         375      0.061594      0.325191      0.193392      0.131799  0.010    31     0     1
(Ocean Z-space diagnostics)              0      0.000000      0.000000      0.000000      0.000000  0.000    31     0     1
(Ocean ALE)                              0      0.000000      0.000000      0.000000      0.000000  0.000    31     0     1
(Stochastic EOS)                       150      0.000013      0.000015      0.000014      0.000001  0.000    31     0     1
(SGS Temperature Variance)             150      0.000006      0.000006      0.000006      0.000000  0.000    31     0     1
(Ocean diagnostics framework)            0      0.000000      0.000000      0.000000      0.000000  0.000    31     0     1
(Ocean diagnostics remapping)            0      0.000000      0.000000      0.000000      0.000000  0.000    41     0     1
(Ocean diagnostics grid updates)       526      0.360712      0.361446      0.361079      0.000367  0.019    41     0     1
(Ocean init message passing)             4      0.016119      0.020720      0.018420      0.002300  0.001    41     0     1
(Ocean continuity reconstruction       902      0.062268      0.064104      0.063186      0.000918  0.003    41     0     1
(Ocean continuity update)              902      0.017309      0.017797      0.017553      0.000244  0.001    41     0     1
(Ocean continuity correction)          902      1.063196      1.068847      1.066022      0.002825  0.055    41     0     1
(Ocean BT pre-calcs only)             1200      0.232613      0.245627      0.239120      0.006507  0.012    41     0     1
(Ocean BT pre-step halo updates)      1200      0.696209      1.084170      0.890190      0.193981  0.046    41     0     1
(Ocean BT stepping calcs only)         600      0.205666      0.218820      0.212243      0.006577  0.011    41     0     1
(Ocean BT stepping halo updates)       300      0.069646      0.075211      0.072428      0.002782  0.004    41     0     1
(Ocean BT post-calcs only)             900      0.022983      0.023786      0.023385      0.000401  0.001    41     0     1
(Ocean BT post-step halo updates       600      0.124926      0.133133      0.129030      0.004104  0.007    41     0     1
(Ocean BT global synch)                  0      0.000000      0.000000      0.000000      0.000000  0.000    41     0     1
(Ocean Coriolis & mom advection)       300      4.386454      4.671972      4.529213      0.142759  0.235    31     0     1
(Ocean continuity equation)            450      1.182092      1.183222      1.182657      0.000565  0.061    31     0     1
(Ocean pressure force)                 150      0.913741      0.963158      0.938449      0.024709  0.049    31     0     1
(Ocean vertical viscosity)             450      1.279604      1.322004      1.300804      0.021200  0.068    31     0     1
(Ocean horizontal viscosity)           150      3.883125      4.116819      3.999972      0.116847  0.208    31     0     1
(Ocean momentum increments)            300      0.012542      0.012822      0.012682      0.000140  0.001    31     0     1
(Ocean message passing)               1350      0.315613      0.467729      0.391671      0.076058  0.020    31     0     1
(Ocean barotropic mode calc)           300      0.009447      0.009668      0.009558      0.000111  0.000    31     0     1
(Ocean barotropic mode stepping)       300      1.400360      1.772831      1.586596      0.186235  0.082    31     0     1
(Ocean barotropic forcing calc)        300      0.012862      0.013087      0.012974      0.000112  0.001    31     0     1
(Ocean advect tracer)                    0      0.000000      0.000000      0.000000      0.000000  0.000    31     0     1
(Ocean tracer halo updates)              0      0.000000      0.000000      0.000000      0.000000  0.000    41     0     1
(Ocean tracer global synch)              0      0.000000      0.000000      0.000000      0.000000  0.000    41     0     1
(Ocean diffuse tracer)                   0      0.000000      0.000000      0.000000      0.000000  0.000    31     0     1
(Ocean epipycnal diffuse tracer)         0      0.000000      0.000000      0.000000      0.000000  0.000    31     0     1
(Ocean surface forcing)                 76      0.002214      0.002877      0.002545      0.000331  0.000    31     0     1
(Ocean forcing diagnostics)            150      0.000178      0.000233      0.000205      0.000028  0.000    41     0     1
 MPP_STACK high water mark=            0
