NOTE from PE     0: MPP_DOMAINS_SET_STACK_SIZE: stack size set to    32768.
NOTE from PE     0: MPP_DOMAINS_SET_STACK_SIZE: stack size set to  4000000.
NOTE from PE     0: ======== Model being driven by MOM_driver ========
NOTE from PE     0: callTree: o Program MOM_main, MOM_driver.F90
 MOM_domains_mod OMPthreading             1            0            1
NOTE from PE     0: fms_affinity_set: OCEAN affinity assumes hyper-threading hardware disabled
 MOM_domains_mod OMPthreading             0            0            1
NOTE from PE     0: open_param_file: MOM_input has been opened successfully.
NOTE from PE     0: open_param_file: MOM_override has been opened successfully.
 MOM_domains_mod OMPthreading             1            0            1

WARNING from PE     0: MOM_file_parser : DT over-ridden.  Line: 'DT = 37' in file MOM_override.


WARNING from PE     0: MOM_file_parser : DT_THERM over-ridden.  Line: 'DT_THERM = 75' in file MOM_override.

NOTE from PE     0: fms_affinity_set: OCEAN affinity assumes hyper-threading hardware disabled
 MOM_domains_mod OMPthreading             0            0            1

WARNING from PE     0: MOM_file_parser : NIGLOBAL over-ridden.  Line: 'NIGLOBAL = 1024' in file MOM_override.


WARNING from PE     0: MOM_file_parser : NJGLOBAL over-ridden.  Line: 'NJGLOBAL = 512' in file MOM_override.

 MOM_in domain decomposition
whalo =    4, ehalo =    4, shalo =    4, nhalo =    4
  X-AXIS =  512 512
  Y-AXIS =  512
 MOM_inc domain decomposition
whalo =    2, ehalo =    2, shalo =    2, nhalo =    2
  X-AXIS =  256 256
  Y-AXIS =  256
NOTE from PE     0: diag_manager_mod::diag_manager_init: prepend_date only supported when diag_manager_init is called with time_init present.
NOTE from PE     0: diag_manager_mod::diag_manager_init: You are using the legacy version of the diag table
 MOM_in domain decomposition
whalo =    4, ehalo =    4, shalo =    4, nhalo =    4
  X-AXIS =  512 512
  Y-AXIS =  512
 MOM_in domain decomposition
whalo =    2, ehalo =    2, shalo =    2, nhalo =    2
  X-AXIS =  256 256
  Y-AXIS =  256

WARNING from PE     0: MOM_file_parser : NK over-ridden.  Line: 'NK = 100' in file MOM_override.

 MOM_in domain decomposition
whalo =    4, ehalo =    4, shalo =    4, nhalo =    4
  X-AXIS =  512 512
  Y-AXIS =  512
 MOM_in domain decomposition
whalo =    2, ehalo =    2, shalo =    2, nhalo =    2
  X-AXIS =  256 256
  Y-AXIS =  256

WARNING from PE     0: Open_file is appending .nc to the filename ./ocean_geometry


WARNING from PE     0: MOM_file_parser : COORD_CONFIG over-ridden.  Line: 'COORD_CONFIG = "linear"' in file MOM_override.

 MOM_in domain decomposition
whalo =    4, ehalo =    4, shalo =    4, nhalo =    4
  X-AXIS =  512 512
  Y-AXIS =  512
 MOM_in domain decomposition
whalo =    2, ehalo =    2, shalo =    2, nhalo =    2
  X-AXIS =  256 256
  Y-AXIS =  256
 MOM_in domain decomposition
whalo =    4, ehalo =    4, shalo =    4, nhalo =    4
  X-AXIS =  512 512
  Y-AXIS =  512
 MOM_in domain decomposition
whalo =    2, ehalo =    2, shalo =    2, nhalo =    2
  X-AXIS =  256 256
  Y-AXIS =  256

WARNING from PE     0: ./Depth_list.nc checksums do not match; updating file.


WARNING from PE     0: MOM_file_parser : DT_FORCING over-ridden.  Line: 'DT_FORCING = 75' in file MOM_override.


WARNING from PE     0: MOM_file_parser : DAYMAX over-ridden.  Line: 'DAYMAX = 150' in file MOM_override.


WARNING from PE     0: Unused line in MOM_input : GINT = 0.0098


WARNING from PE     0: open_ASCII_file: File ./CPU_stats opened WRITEONLY already exists!


WARNING from PE     0: open_ASCII_file: File ./ocean.stats opened WRITEONLY already exists!

MOM Time       0.000      0: En 9.167888E-12, MaxCFL  0.00000, Mass 5.286414704261E+18
    Total Energy: 41871C2B47CED3B5  4.8465256975989737E+07
    Total Mass:   5.2864147042613893E+18, Change:   0.0000000000000000E+00 Error:  0.00000E+00 ( 0.0E+00)
MOM Time      50.676     75: En 9.561082E-07, MaxCFL  0.00036, Mass 5.286414704261E+18
    Total Energy: 429263431CDC0BD4  5.0543842567709570E+12
    Total Mass:   5.2864147042613893E+18, Change:   1.8803326967804978E+01 Error:  1.88033E+01 ( 3.6E-18)
MOM Time      99.324    147: En 3.499934E-06, MaxCFL  0.00068, Mass 5.286414704261E+18
    Total Energy: 42B0D3DB4847D81F  1.8502103091160121E+13
    Total Mass:   5.2864147042613893E+18, Change:   1.8635493501689782E+00 Error:  1.86355E+00 ( 3.5E-19)
 MOM_in domain decomposition
whalo =    4, ehalo =    4, shalo =    4, nhalo =    4
  X-AXIS =  512 512
  Y-AXIS =  512
 MOM_in domain decomposition
whalo =    2, ehalo =    2, shalo =    2, nhalo =    2
  X-AXIS =  256 256
  Y-AXIS =  256
 MOM_in domain decomposition
whalo =    4, ehalo =    4, shalo =    4, nhalo =    4
  X-AXIS =  512 512
  Y-AXIS =  512
 MOM_in domain decomposition
whalo =    2, ehalo =    2, shalo =    2, nhalo =    2
  X-AXIS =  256 256
  Y-AXIS =  256
MOM Time     150.000    222: En 7.572478E-06, MaxCFL  0.00098, Mass 5.286414704261E+18
    Total Energy: 42C23440762529B2  4.0031258167891391E+13
    Total Mass:   5.2864147042613893E+18, Change:   5.0541591161998811E-01 Error:  5.05416E-01 ( 9.6E-20)
 MOM_in domain decomposition
whalo =    4, ehalo =    4, shalo =    4, nhalo =    4
  X-AXIS =  512 512
  Y-AXIS =  512
 MOM_in domain decomposition
whalo =    2, ehalo =    2, shalo =    2, nhalo =    2
  X-AXIS =  256 256
  Y-AXIS =  256

WARNING from PE     0: open_ASCII_file: File RESTART/ocean_solo.res opened WRITEONLY already exists!


WARNING from PE     0: open_ASCII_file: File exitcode opened WRITEONLY already exists!

 MPP_DOMAINS_STACK high water mark=      1024800

Tabulating mpp_clock statistics across      2 PEs...

                                      hits          tmin          tmax          tavg          tstd  tfrac grain pemin pemax
Total runtime                            1    227.516847    227.516847    227.516847      0.000000  1.000     0     0     1
Initialization                           1     11.524534     11.525356     11.524945      0.000411  0.051     0     0     1
Main loop                                1    193.182646    193.183477    193.183062      0.000415  0.849     0     0     1
Termination                              1     22.806078     22.807050     22.806564      0.000486  0.100     0     0     1
Ocean Initialization                     2     13.318554     13.334240     13.326397      0.007843  0.059    11     0     1
Ocean                                   74    146.914055    146.914701    146.914378      0.000323  0.646     1     0     1
Ocean dynamics                         444     89.270254     89.315132     89.292693      0.022439  0.392    11     0     1
Ocean thermodynamics and tracers       222     11.841021     11.846295     11.843658      0.002637  0.052    11     0     1
Ocean grid generation and remapp         0      0.000000      0.000000      0.000000      0.000000  0.000    11     0     1
Ocean Other                            518     25.120902     25.398959     25.259930      0.139028  0.111    11     0     1
(Ocean tracer advection)               148      4.157393      4.168786      4.163090      0.005696  0.018    21     0     1
(Ocean adiabatic driver)                74      7.677363      7.683513      7.680438      0.003075  0.034    21     0     1
(Ocean continuity equation *)            0      0.000000      0.000000      0.000000      0.000000  0.000    31     0     1
(Ocean set BBL viscosity)               74      0.331605      0.339589      0.335597      0.003992  0.001    31     0     1
(Ocean message passing *)              148      3.671182      4.056924      3.864053      0.192871  0.017    31     0     1
(Ocean MOM_initialize_state)             2      0.249160      0.252890      0.251025      0.001865  0.001    31     0     1
(Ocean init message passing *)           2      0.039051      0.039599      0.039325      0.000274  0.000    41     0     1
(Ocean mixed layer restrat)              0      0.000000      0.000000      0.000000      0.000000  0.000    31     0     1
(Ocean collective diagnostics)         444      9.371525      9.481696      9.426610      0.055086  0.041    31     0     1
(Ocean Z-space diagnostics)              0      0.000000      0.000000      0.000000      0.000000  0.000    31     0     1
(Ocean ALE)                              0      0.000000      0.000000      0.000000      0.000000  0.000    31     0     1
(Stochastic EOS)                       222      0.000023      0.000025      0.000024      0.000001  0.000    31     0     1
(SGS Temperature Variance)             222      0.000009      0.000009      0.000009      0.000000  0.000    31     0     1
(Ocean diagnostics framework)            0      0.000000      0.000000      0.000000      0.000000  0.000    31     0     1
(Ocean diagnostics remapping)            0      0.000000      0.000000      0.000000      0.000000  0.000    41     0     1
(Ocean diagnostics grid updates)       741     14.801586     14.841406     14.821496      0.019910  0.065    41     0     1
(Ocean init message passing)             4      0.240208      0.249744      0.244976      0.004768  0.001    41     0     1
(Ocean continuity reconstruction      1334      1.220922      1.221704      1.221313      0.000391  0.005    41     0     1
(Ocean continuity update)             1334      0.345993      0.346242      0.346117      0.000124  0.002    41     0     1
(Ocean continuity correction)         1334     10.179433     10.328832     10.254132      0.074700  0.045    41     0     1
(Ocean BT pre-calcs only)             1776      1.486576      1.491549      1.489063      0.002486  0.007    41     0     1
(Ocean BT pre-step halo updates)      1776      1.100616      1.764087      1.432351      0.331736  0.006    41     0     1
(Ocean BT stepping calcs only)         888      0.370507      0.378642      0.374575      0.004068  0.002    41     0     1
(Ocean BT stepping halo updates)       444      0.108389      0.112088      0.110238      0.001850  0.000    41     0     1
(Ocean BT post-calcs only)            1332      0.301585      0.301855      0.301720      0.000135  0.001    41     0     1
(Ocean BT post-step halo updates       888      0.224850      0.230751      0.227800      0.002951  0.001    41     0     1
(Ocean BT global synch)                  0      0.000000      0.000000      0.000000      0.000000  0.000    41     0     1
(Ocean Coriolis & mom advection)       444      8.418100      8.914905      8.666502      0.248403  0.038    31     0     1
(Ocean continuity equation)            666     11.882537     12.040763     11.961650      0.079113  0.053    31     0     1
(Ocean pressure force)                 222      2.170172      2.228479      2.199325      0.029154  0.010    31     0     1
(Ocean vertical viscosity)             666     12.365047     12.491179     12.428113      0.063066  0.055    31     0     1
(Ocean horizontal viscosity)           222      7.701832      8.081107      7.891469      0.189637  0.035    31     0     1
(Ocean momentum increments)            444      0.263770      0.266124      0.264947      0.001177  0.001    31     0     1
(Ocean message passing)               1998      2.710367      3.104723      2.907545      0.197178  0.013    31     0     1
(Ocean barotropic mode calc)           444      0.063103      0.066373      0.064738      0.001635  0.000    31     0     1
(Ocean barotropic mode stepping)       444      3.837907      4.518047      4.177977      0.340070  0.018    31     0     1
(Ocean barotropic forcing calc)        444      0.276027      0.277275      0.276651      0.000624  0.001    31     0     1
(Ocean advect tracer)                    0      0.000000      0.000000      0.000000      0.000000  0.000    31     0     1
(Ocean tracer halo updates)              0      0.000000      0.000000      0.000000      0.000000  0.000    41     0     1
(Ocean tracer global synch)              0      0.000000      0.000000      0.000000      0.000000  0.000    41     0     1
(Ocean diffuse tracer)                   0      0.000000      0.000000      0.000000      0.000000  0.000    31     0     1
(Ocean epipycnal diffuse tracer)         0      0.000000      0.000000      0.000000      0.000000  0.000    31     0     1
(Ocean surface forcing)                 75      0.018936      0.019545      0.019240      0.000305  0.000    31     0     1
(Ocean forcing diagnostics)            148      0.000168      0.000245      0.000206      0.000039  0.000    41     0     1
 MPP_STACK high water mark=            0
