NOTE from PE     0: MPP_DOMAINS_SET_STACK_SIZE: stack size set to    32768.
NOTE from PE     0: MPP_DOMAINS_SET_STACK_SIZE: stack size set to  4000000.
NOTE from PE     0: ======== Model being driven by MOM_driver ========
NOTE from PE     0: callTree: o Program MOM_main, MOM_driver.F90
 MOM_domains_mod OMPthreading             1            0            1
NOTE from PE     0: fms_affinity_set: OCEAN affinity assumes hyper-threading hardware disabled
 MOM_domains_mod OMPthreading             0            0            1
NOTE from PE     0: open_param_file: MOM_input has been opened successfully.
NOTE from PE     0: open_param_file: MOM_override has been opened successfully.
 MOM_domains_mod OMPthreading             1            0            1

WARNING from PE     0: MOM_file_parser : DT over-ridden.  Line: 'DT = 37' in file MOM_override.


WARNING from PE     0: MOM_file_parser : DT_THERM over-ridden.  Line: 'DT_THERM = 75' in file MOM_override.

NOTE from PE     0: fms_affinity_set: OCEAN affinity assumes hyper-threading hardware disabled
 MOM_domains_mod OMPthreading             0            0            1

WARNING from PE     0: MOM_file_parser : NIGLOBAL over-ridden.  Line: 'NIGLOBAL = 1024' in file MOM_override.


WARNING from PE     0: MOM_file_parser : NJGLOBAL over-ridden.  Line: 'NJGLOBAL = 1024' in file MOM_override.

 MOM_in domain decomposition
whalo =    4, ehalo =    4, shalo =    4, nhalo =    4
  X-AXIS =  512 512
  Y-AXIS = 1024
 MOM_inc domain decomposition
whalo =    2, ehalo =    2, shalo =    2, nhalo =    2
  X-AXIS =  256 256
  Y-AXIS =  512
NOTE from PE     0: diag_manager_mod::diag_manager_init: prepend_date only supported when diag_manager_init is called with time_init present.
NOTE from PE     0: diag_manager_mod::diag_manager_init: You are using the legacy version of the diag table
 MOM_in domain decomposition
whalo =    4, ehalo =    4, shalo =    4, nhalo =    4
  X-AXIS =  512 512
  Y-AXIS = 1024
 MOM_in domain decomposition
whalo =    2, ehalo =    2, shalo =    2, nhalo =    2
  X-AXIS =  256 256
  Y-AXIS =  512

WARNING from PE     0: MOM_file_parser : NK over-ridden.  Line: 'NK = 100' in file MOM_override.

 MOM_in domain decomposition
whalo =    4, ehalo =    4, shalo =    4, nhalo =    4
  X-AXIS =  512 512
  Y-AXIS = 1024
 MOM_in domain decomposition
whalo =    2, ehalo =    2, shalo =    2, nhalo =    2
  X-AXIS =  256 256
  Y-AXIS =  512

WARNING from PE     0: Open_file is appending .nc to the filename ./ocean_geometry


WARNING from PE     0: MOM_file_parser : COORD_CONFIG over-ridden.  Line: 'COORD_CONFIG = "linear"' in file MOM_override.

 MOM_in domain decomposition
whalo =    4, ehalo =    4, shalo =    4, nhalo =    4
  X-AXIS =  512 512
  Y-AXIS = 1024
 MOM_in domain decomposition
whalo =    2, ehalo =    2, shalo =    2, nhalo =    2
  X-AXIS =  256 256
  Y-AXIS =  512
 MOM_in domain decomposition
whalo =    4, ehalo =    4, shalo =    4, nhalo =    4
  X-AXIS =  512 512
  Y-AXIS = 1024
 MOM_in domain decomposition
whalo =    2, ehalo =    2, shalo =    2, nhalo =    2
  X-AXIS =  256 256
  Y-AXIS =  512

WARNING from PE     0: ./Depth_list.nc checksums do not match; updating file.


WARNING from PE     0: MOM_file_parser : DT_FORCING over-ridden.  Line: 'DT_FORCING = 75' in file MOM_override.


WARNING from PE     0: MOM_file_parser : DAYMAX over-ridden.  Line: 'DAYMAX = 150' in file MOM_override.


WARNING from PE     0: Unused line in MOM_input : GINT = 0.0098


WARNING from PE     0: open_ASCII_file: File ./CPU_stats opened WRITEONLY already exists!


WARNING from PE     0: open_ASCII_file: File ./ocean.stats opened WRITEONLY already exists!

MOM Time       0.000      0: En 9.167942E-12, MaxCFL  0.00000, Mass 5.286411564124E+18
    Total Energy: 41871C3366D4AF1F  4.8465516853849642E+07
    Total Mass:   5.2864115641239173E+18, Change:   0.0000000000000000E+00 Error:  0.00000E+00 ( 0.0E+00)
MOM Time      50.676     75: En 9.561068E-07, MaxCFL  0.00036, Mass 5.286411564124E+18
    Total Energy: 42926340A037FC93  5.0543738260471436E+12
    Total Mass:   5.2864115641239173E+18, Change:   3.1543457406055950E+01 Error:  3.15435E+01 ( 6.0E-18)
MOM Time      99.324    147: En 3.499944E-06, MaxCFL  0.00068, Mass 5.286411564124E+18
    Total Energy: 42B0D3DDD3E5EC50  1.8502145795564313E+13
    Total Mass:   5.2864115641239173E+18, Change:  -1.6521742499628173E-01 Error: -1.65217E-01 (-3.1E-20)
 MOM_in domain decomposition
whalo =    4, ehalo =    4, shalo =    4, nhalo =    4
  X-AXIS =  512 512
  Y-AXIS = 1024
 MOM_in domain decomposition
whalo =    2, ehalo =    2, shalo =    2, nhalo =    2
  X-AXIS =  256 256
  Y-AXIS =  512
 MOM_in domain decomposition
whalo =    4, ehalo =    4, shalo =    4, nhalo =    4
  X-AXIS =  512 512
  Y-AXIS = 1024
 MOM_in domain decomposition
whalo =    2, ehalo =    2, shalo =    2, nhalo =    2
  X-AXIS =  256 256
  Y-AXIS =  512
 MOM_in domain decomposition
whalo =    4, ehalo =    4, shalo =    4, nhalo =    4
  X-AXIS =  512 512
  Y-AXIS = 1024
 MOM_in domain decomposition
whalo =    2, ehalo =    2, shalo =    2, nhalo =    2
  X-AXIS =  256 256
  Y-AXIS =  512
 MOM_in domain decomposition
whalo =    4, ehalo =    4, shalo =    4, nhalo =    4
  X-AXIS =  512 512
  Y-AXIS = 1024
 MOM_in domain decomposition
whalo =    2, ehalo =    2, shalo =    2, nhalo =    2
  X-AXIS =  256 256
  Y-AXIS =  512
MOM Time     150.000    222: En 7.572530E-06, MaxCFL  0.00098, Mass 5.286411564124E+18
    Total Energy: 42C23447FABD7790  4.0031510428399125E+13
    Total Mass:   5.2864115641239173E+18, Change:   1.8201213284612683E+00 Error:  1.82012E+00 ( 3.4E-19)
 MOM_in domain decomposition
whalo =    4, ehalo =    4, shalo =    4, nhalo =    4
  X-AXIS =  512 512
  Y-AXIS = 1024
 MOM_in domain decomposition
whalo =    2, ehalo =    2, shalo =    2, nhalo =    2
  X-AXIS =  256 256
  Y-AXIS =  512
 MOM_in domain decomposition
whalo =    4, ehalo =    4, shalo =    4, nhalo =    4
  X-AXIS =  512 512
  Y-AXIS = 1024
 MOM_in domain decomposition
whalo =    2, ehalo =    2, shalo =    2, nhalo =    2
  X-AXIS =  256 256
  Y-AXIS =  512

WARNING from PE     0: open_ASCII_file: File RESTART/ocean_solo.res opened WRITEONLY already exists!


WARNING from PE     0: open_ASCII_file: File exitcode opened WRITEONLY already exists!

 MPP_DOMAINS_STACK high water mark=      2048800

Tabulating mpp_clock statistics across      2 PEs...

                                      hits          tmin          tmax          tavg          tstd  tfrac grain pemin pemax
Total runtime                            1    437.808064    437.808064    437.808064      0.000000  1.000     0     0     1
Initialization                           1     22.258648     22.259548     22.259098      0.000450  0.051     0     0     1
Main loop                                1    370.822984    370.823286    370.823135      0.000151  0.847     0     0     1
Termination                              1     44.573071     44.578147     44.575609      0.002538  0.102     0     0     1
Ocean Initialization                     2     25.924338     25.959595     25.941967      0.017629  0.059    11     0     1
Ocean                                   74    277.448385    277.473026    277.460706      0.012321  0.634     1     0     1
Ocean dynamics                         444    162.213969    163.463101    162.838535      0.624566  0.372    11     0     1
Ocean thermodynamics and tracers       222     23.409600     23.541617     23.475608      0.066009  0.054    11     0     1
Ocean grid generation and remapp         0      0.000000      0.000000      0.000000      0.000000  0.000    11     0     1
Ocean Other                            518     47.225416     47.274893     47.250155      0.024738  0.108    11     0     1
(Ocean tracer advection)               148      8.710338      8.848769      8.779554      0.069215  0.020    21     0     1
(Ocean adiabatic driver)                74     14.692735     14.699145     14.695940      0.003205  0.034    21     0     1
(Ocean continuity equation *)            0      0.000000      0.000000      0.000000      0.000000  0.000    31     0     1
(Ocean set BBL viscosity)               74      0.536512      0.537256      0.536884      0.000372  0.001    31     0     1
(Ocean message passing *)              148      9.843800     10.920747     10.382273      0.538474  0.024    31     0     1
(Ocean MOM_initialize_state)             2      0.408386      0.419271      0.413828      0.005442  0.001    31     0     1
(Ocean init message passing *)           2      0.075773      0.080974      0.078374      0.002601  0.000    41     0     1
(Ocean mixed layer restrat)              0      0.000000      0.000000      0.000000      0.000000  0.000    31     0     1
(Ocean collective diagnostics)         444     17.696860     18.839134     18.267997      0.571137  0.042    31     0     1
(Ocean Z-space diagnostics)              0      0.000000      0.000000      0.000000      0.000000  0.000    31     0     1
(Ocean ALE)                              0      0.000000      0.000000      0.000000      0.000000  0.000    31     0     1
(Stochastic EOS)                       222      0.000022      0.000024      0.000023      0.000001  0.000    31     0     1
(SGS Temperature Variance)             222      0.000009      0.000009      0.000009      0.000000  0.000    31     0     1
(Ocean diagnostics framework)            0      0.000000      0.000000      0.000000      0.000000  0.000    31     0     1
(Ocean diagnostics remapping)            0      0.000000      0.000000      0.000000      0.000000  0.000    41     0     1
(Ocean diagnostics grid updates)       741     30.210982     30.322622     30.266802      0.055820  0.069    41     0     1
(Ocean init message passing)             4      0.352662      0.357575      0.355118      0.002456  0.001    41     0     1
(Ocean continuity reconstruction      1334      2.388223      2.397777      2.393000      0.004777  0.005    41     0     1
(Ocean continuity update)             1334      0.694535      0.700399      0.697467      0.002932  0.002    41     0     1
(Ocean continuity correction)         1334     19.053708     19.342649     19.198178      0.144470  0.044    41     0     1
(Ocean BT pre-calcs only)             1776      2.618245      2.625334      2.621789      0.003545  0.006    41     0     1
(Ocean BT pre-step halo updates)      1776      1.263689      1.880467      1.572078      0.308389  0.004    41     0     1
(Ocean BT stepping calcs only)         888      0.592623      0.598923      0.595773      0.003150  0.001    41     0     1
(Ocean BT stepping halo updates)       444      0.108484      0.109282      0.108883      0.000399  0.000    41     0     1
(Ocean BT post-calcs only)            1332      0.627661      0.636461      0.632061      0.004400  0.001    41     0     1
(Ocean BT post-step halo updates       888      0.294640      0.299699      0.297170      0.002530  0.001    41     0     1
(Ocean BT global synch)                  0      0.000000      0.000000      0.000000      0.000000  0.000    41     0     1
(Ocean Coriolis & mom advection)       444     10.172624     10.581237     10.376930      0.204307  0.024    31     0     1
(Ocean continuity equation)            666     22.333950     22.624735     22.479342      0.145392  0.051    31     0     1
(Ocean pressure force)                 222      2.897112      2.963420      2.930266      0.033154  0.007    31     0     1
(Ocean vertical viscosity)             666     23.644057     23.697857     23.670957      0.026900  0.054    31     0     1
(Ocean horizontal viscosity)           222      9.327335      9.624912      9.476124      0.148789  0.022    31     0     1
(Ocean momentum increments)            444      0.547598      0.553869      0.550734      0.003135  0.001    31     0     1
(Ocean message passing)               1998      9.173070      9.437491      9.305281      0.132211  0.021    31     0     1
(Ocean barotropic mode calc)           444      0.113980      0.149522      0.131751      0.017771  0.000    31     0     1
(Ocean barotropic mode stepping)       444      5.796024      6.394095      6.095059      0.299036  0.014    31     0     1
(Ocean barotropic forcing calc)        444      0.559883      0.560128      0.560006      0.000122  0.001    31     0     1
(Ocean advect tracer)                    0      0.000000      0.000000      0.000000      0.000000  0.000    31     0     1
(Ocean tracer halo updates)              0      0.000000      0.000000      0.000000      0.000000  0.000    41     0     1
(Ocean tracer global synch)              0      0.000000      0.000000      0.000000      0.000000  0.000    41     0     1
(Ocean diffuse tracer)                   0      0.000000      0.000000      0.000000      0.000000  0.000    31     0     1
(Ocean epipycnal diffuse tracer)         0      0.000000      0.000000      0.000000      0.000000  0.000    31     0     1
(Ocean surface forcing)                 75      0.037596      0.037899      0.037748      0.000151  0.000    31     0     1
(Ocean forcing diagnostics)            148      0.000279      0.000305      0.000292      0.000013  0.000    41     0     1
 MPP_STACK high water mark=            0
